05-13 19:23:12.215 I/RecentsView( 1885): setOverviewStateEnabled false
05-13 19:23:12.215 I/RecentsOrientedState( 1885): current RecentsOrientedState: [this=RecentsOrientedState@56690613 mOrientationHandler=PortraitPagedViewHandler@195534410 mDisplayRotation=0 mTouchRotation=0 mRecentsActivityRotation=0 mRecentsRotation=0 isRecentsActivityRotationAllowed=false mSystemRotation=false mStateId=45440 mFlags=291]
05-13 19:23:12.215 I/DvfsUtil( 1885): RECENTS_GESTURE_BOOSTER acquire
05-13 19:23:12.215 I/SemDvfsHyPerManager( 1885): acquire hyper - RECENTS_GESTURE_BOOSTER/1885@2, type = -999
05-13 19:23:12.215 I/DvfsUtil( 1885): GPIS_HINT_BOOSTER acquire
05-13 19:23:12.215 I/CustomFrequencyManagerWrapper( 1885): enableGpisHint: true
05-13 19:23:12.216 I/HYPER-HAL(  562): [RequestManager.cpp]acquire(): Acquired ID : 1781330  [1885 / 2]    HINT : RECENTS_GESTURE_BOOSTER    list : 
05-13 19:23:12.223 E/SurfaceFlinger(  590): Attempt to update InputPolicyFlags without permission ACCESS_SURFACE_FLINGER
05-13 19:23:12.239 E/SurfaceFlinger(  590): Attempt to update InputPolicyFlags without permission ACCESS_SURFACE_FLINGER
05-13 19:23:12.240 I/ScrimView( 1885): updateColors mProgress = 0.35173914
05-13 19:23:12.252 I/HYPER-HAL(  562): [RequestManager.cpp]releaseLocked(): Released ID : 1265845
05-13 19:23:12.256 D/Layer   (  590): setBackgroundBlurRadius ## OneUiHome-BlurLayer#0, backgroundBlurRadius=138
05-13 19:23:12.256 E/SurfaceFlinger(  590): Attempt to update InputPolicyFlags without permission ACCESS_SURFACE_FLINGER
05-13 19:23:12.257 D/NativeSemDvfsManager(  590): acquire:: timeout = 2000 mIsAcquired = 1  mTagName : SurfaceFlinger 
05-13 19:23:12.257 I/ScrimView( 1885): updateColors mProgress = 0.40347826
05-13 19:23:12.257 E/NativeCustomFrequencyManager(  590): [NativeCFMS] BpCustomFrequencyManager::acquire()
05-13 19:23:12.259 I/HYPER-HAL(  562): [RequestManager.cpp]acquire(): Acquired ID : 1265845  [590 / 1000]    HINT : SF_GPU_MINLOCK    list : [TIMEOUT / 2000] 
05-13 19:23:12.273 D/Layer   (  590): setBackgroundBlurRadius ## OneUiHome-BlurLayer#0, backgroundBlurRadius=127
05-13 19:23:12.273 E/SurfaceFlinger(  590): Attempt to update InputPolicyFlags without permission ACCESS_SURFACE_FLINGER
05-13 19:23:12.274 I/ScrimView( 1885): updateColors mProgress = 0.45217392
05-13 19:23:12.290 D/Layer   (  590): setBackgroundBlurRadius ## OneUiHome-BlurLayer#0, backgroundBlurRadius=117
05-13 19:23:12.290 E/SurfaceFlinger(  590): Attempt to update InputPolicyFlags without permission ACCESS_SURFACE_FLINGER
05-13 19:23:12.290 I/ScrimView( 1885): updateColors mProgress = 0.50391304
05-13 19:23:12.306 D/Layer   (  590): setBackgroundBlurRadius ## OneUiHome-BlurLayer#0, backgroundBlurRadius=106
05-13 19:23:12.307 E/SurfaceFlinger(  590): Attempt to update InputPolicyFlags without permission ACCESS_SURFACE_FLINGER
05-13 19:23:12.307 I/ScrimView( 1885): updateColors mProgress = 0.55565214
05-13 19:23:12.311 D/ActivityManager(  997): [SD] user menu kill listen remove action name:com.munawwaracare.andriod uid:10358
05-13 19:23:12.313 I/ActivityManager(  997): Killing 5579:com.munawwaracare.andriod/u0a358 (adj 1001): remove task:remove-task
05-13 19:23:12.316 E/TaskPersister(  997): File error accessing recents directory (directory doesn't exist?).
05-13 19:23:12.321 I/libprocessgroup(  997): Successfully killed process cgroup uid 10358 pid 5579 in 5ms
05-13 19:23:12.323 D/Layer   (  590): setBackgroundBlurRadius ## OneUiHome-BlurLayer#0, backgroundBlurRadius=94
05-13 19:23:12.323 E/SurfaceFlinger(  590): Attempt to update InputPolicyFlags without permission ACCESS_SURFACE_FLINGER
05-13 19:23:12.324 I/ScrimView( 1885): updateColors mProgress = 0.6073913
05-13 19:23:12.340 D/Layer   (  590): setBackgroundBlurRadius ## OneUiHome-BlurLayer#0, backgroundBlurRadius=83
05-13 19:23:12.340 E/SurfaceFlinger(  590): Attempt to update InputPolicyFlags without permission ACCESS_SURFACE_FLINGER
05-13 19:23:12.340 I/ScrimView( 1885): updateColors mProgress = 0.656087
05-13 19:23:12.357 D/Layer   (  590): setBackgroundBlurRadius ## OneUiHome-BlurLayer#0, backgroundBlurRadius=73
05-13 19:23:12.357 E/SurfaceFlinger(  590): Attempt to update InputPolicyFlags without permission ACCESS_SURFACE_FLINGER
05-13 19:23:12.357 I/ScrimView( 1885): updateColors mProgress = 0.70782614
05-13 19:23:12.373 D/Layer   (  590): setBackgroundBlurRadius ## OneUiHome-BlurLayer#0, backgroundBlurRadius=62
05-13 19:23:12.373 E/SurfaceFlinger(  590): Attempt to update InputPolicyFlags without permission ACCESS_SURFACE_FLINGER
05-13 19:23:12.374 I/ScrimView( 1885): updateColors mProgress = 0.75956523
05-13 19:23:12.390 D/Layer   (  590): setBackgroundBlurRadius ## OneUiHome-BlurLayer#0, backgroundBlurRadius=50
05-13 19:23:12.390 E/SurfaceFlinger(  590): Attempt to update InputPolicyFlags without permission ACCESS_SURFACE_FLINGER
05-13 19:23:12.391 I/ScrimView( 1885): updateColors mProgress = 0.81130433
05-13 19:23:12.407 D/Layer   (  590): setBackgroundBlurRadius ## OneUiHome-BlurLayer#0, backgroundBlurRadius=40
05-13 19:23:12.407 E/SurfaceFlinger(  590): Attempt to update InputPolicyFlags without permission ACCESS_SURFACE_FLINGER
05-13 19:23:12.407 I/ScrimView( 1885): updateColors mProgress = 0.86
05-13 19:23:12.409 I/RecentModel( 1885): onTaskStackChangedBackground
05-13 19:23:12.410 I/RecentTasksList( 1885): getTaskKeys, numTasks :3 callback : com.android.quickstep.-$$Lambda$RecentsModel$k1Mm-BV64Bc89eJHYugywZmW_Js@d6a97b9
05-13 19:23:12.410 D/ActivityTaskManager(  997): getRecentPairTasks() maxNum :3 from 10138
05-13 19:23:12.410 D/RecentTaskItemController(  997): getRecentPairTasksImpl() maxNum :3 from 10138
05-13 19:23:12.423 D/Layer   (  590): setBackgroundBlurRadius ## OneUiHome-BlurLayer#0, backgroundBlurRadius=29
05-13 19:23:12.423 E/SurfaceFlinger(  590): Attempt to update InputPolicyFlags without permission ACCESS_SURFACE_FLINGER
05-13 19:23:12.424 I/ScrimView( 1885): updateColors mProgress = 0.9117391
05-13 19:23:12.440 D/Layer   (  590): setBackgroundBlurRadius ## OneUiHome-BlurLayer#0, backgroundBlurRadius=18
05-13 19:23:12.440 E/SurfaceFlinger(  590): Attempt to update InputPolicyFlags without permission ACCESS_SURFACE_FLINGER
05-13 19:23:12.441 I/ScrimView( 1885): updateColors mProgress = 0.96347827
05-13 19:23:12.457 D/Layer   (  590): setBackgroundBlurRadius ## OneUiHome-BlurLayer#0, backgroundBlurRadius=7
05-13 19:23:12.457 E/SurfaceFlinger(  590): Attempt to update InputPolicyFlags without permission ACCESS_SURFACE_FLINGER
05-13 19:23:12.457 I/SuggestedAppsAnimationCreator( 1885): exit animator end
05-13 19:23:12.457 I/HandOffButton( 1885): onAnimationEnd: show = false
05-13 19:23:12.457 I/ScrimView( 1885): updateColors mProgress = 1.0
05-13 19:23:12.474 D/Layer   (  590): setBackgroundBlurRadius ## OneUiHome-BlurLayer#0, backgroundBlurRadius=0
05-13 19:23:12.474 E/SurfaceFlinger(  590): Attempt to update InputPolicyFlags without permission ACCESS_SURFACE_FLINGER
05-13 19:23:12.476 D/SurfaceFlinger(  590): Display 0 HWC layers:
05-13 19:23:12.476 D/SurfaceFlinger(  590):      DEVICE | 0x7237afaad0 | 0100 | RGBx_8888    |   51.0    0.0 1131.0 2280.0 |    0    0 1080 2280 | Wallpaper BBQ wrapper#0
05-13 19:23:12.476 D/SurfaceFlinger(  590):      DEVICE | 0x7237af8b50 | 0100 | RGBA_8888    |    0.0    0.0 1080.0 2280.0 |    0    0 1080 2280 | com.sec.android.app.launcher/com.sec[...].activities.LauncherActivity$_1885#0
05-13 19:23:12.476 D/SurfaceFlinger(  590):      DEVICE | 0x7237adf9b0 | 0100 | RGBA_8888    |    0.0    0.0 1080.0  107.0 |    0    0 1080  107 | StatusBar$_1397#0
05-13 19:23:12.476 D/SurfaceFlinger(  590):      DEVICE | 0x7237ace3d0 | 0100 | RGBA_8888    |    0.0    0.0 1080.0  126.0 |    0 2154 1080 2280 | NavigationBar0$_1397#0
05-13 19:23:12.476 D/SurfaceFlinger(  590): 
05-13 19:23:12.491 E/SurfaceFlinger(  590): Attempt to update InputPolicyFlags without permission ACCESS_SURFACE_FLINGER
05-13 19:23:12.492 D/InputMethodManagerService(  997): removeClient
05-13 19:23:12.492 D/InputTransport(  997): Input channel destroyed: 'ClientS', fd=1013
05-13 19:23:12.492 W/AS.RecordingActivityMonitor(  997): client died
05-13 19:23:12.493 I/AudioFlinger(  583): removeDlbCodecCallback pid:5579 type:-1
05-13 19:23:12.493 W/ContextImpl(10305): Calling a method in the system process without a qualified user: android.app.ContextImpl.sendBroadcast:1242 android.content.ContextWrapper.sendBroadcast:488 android.speech.tts.TextToSpeechService$SynthThread.broadcastTtsQueueProcessingCompleted:465 android.speech.tts.TextToSpeechService$SynthThread.queueIdle:457 android.os.MessageQueue.next:404 
05-13 19:23:12.493 D/ConnectivityService(  997): ConnectivityService NetworkRequestInfo binderDied(uid/pid:10358/5579, android.os.BinderProxy@506ffc)
05-13 19:23:12.493 D/TextToSpeechManagerPerUserService(  997): Unbinding TTS engine: com.samsung.SMT. Reason: client process death is reported
05-13 19:23:12.494 V/APM_AudioPolicyManager(  583): releaseOutput() 29, portId 2265
05-13 19:23:12.494 W/TextToSpeechManagerPerUserService(  997): Disconnected from TTS engine
05-13 19:23:12.494 I/TextToSpeechManagerPerUserService(  997): Failed running callback method: android.os.DeadObjectException
05-13 19:23:12.494 I/Zygote  (  535): Process 5579 exited due to signal 9 (Killed)
05-13 19:23:12.495 V/APM_AudioPolicyManager(  583): releaseOutput() 13, portId 2269
05-13 19:23:12.496 W/ActivityManager(  997): setHasOverlayUi called on unknown pid: 5579
05-13 19:23:12.497 I/SamsungTTS(10305): Service unbound.
05-13 19:23:12.498 W/ServiceConnector.Impl(  997): mayInterruptIfRunning not supported - ignoring
05-13 19:23:12.499 I/SamsungTTS(10305): unloadEngine : eng-GBR-f00
05-13 19:23:12.503 I/SamsungTTS:JNI(10305): [closeEngine][ID:109053630] Finalized done.
05-13 19:23:12.503 I/SamsungTTS:JNI(10305): [closeEngine][ID:109053630] Delete done.
05-13 19:23:12.507 E/SurfaceFlinger(  590): Attempt to update InputPolicyFlags without permission ACCESS_SURFACE_FLINGER
05-13 19:23:12.511 I/ActivityManager(  997): Killing 4034:com.samsung.android.app.taskedge/u0a132 (adj 999): empty #31
05-13 19:23:12.517 I/libprocessgroup(  997): Successfully killed process cgroup uid 10132 pid 4034 in 0ms
05-13 19:23:12.524 E/SurfaceFlinger(  590): Attempt to update InputPolicyFlags without permission ACCESS_SURFACE_FLINGER
05-13 19:23:12.540 E/SurfaceFlinger(  590): Attempt to update InputPolicyFlags without permission ACCESS_SURFACE_FLINGER
05-13 19:23:12.551 I/Zygote  (  535): Process 4034 exited due to signal 9 (Killed)
05-13 19:23:12.557 E/SurfaceFlinger(  590): Attempt to update InputPolicyFlags without permission ACCESS_SURFACE_FLINGER
05-13 19:23:12.574 E/SurfaceFlinger(  590): Attempt to update InputPolicyFlags without permission ACCESS_SURFACE_FLINGER
05-13 19:23:12.591 E/SurfaceFlinger(  590): Attempt to update InputPolicyFlags without permission ACCESS_SURFACE_FLINGER
05-13 19:23:12.608 E/SurfaceFlinger(  590): Attempt to update InputPolicyFlags without permission ACCESS_SURFACE_FLINGER
05-13 19:23:12.624 E/SurfaceFlinger(  590): Attempt to update InputPolicyFlags without permission ACCESS_SURFACE_FLINGER
05-13 19:23:12.641 E/SurfaceFlinger(  590): Attempt to update InputPolicyFlags without permission ACCESS_SURFACE_FLINGER
05-13 19:23:12.658 E/SurfaceFlinger(  590): Attempt to update InputPolicyFlags without permission ACCESS_SURFACE_FLINGER
05-13 19:23:12.675 E/SurfaceFlinger(  590): Attempt to update InputPolicyFlags without permission ACCESS_SURFACE_FLINGER
05-13 19:23:12.691 E/SurfaceFlinger(  590): Attempt to update InputPolicyFlags without permission ACCESS_SURFACE_FLINGER
05-13 19:23:12.704 D/SemNscXgbMsL1(  997): Probability - Cloud gaming: [0.03207902]
05-13 19:23:12.704 D/SemNscXgbMsL1(  997): Probability - Real time: [0.11384182]
05-13 19:23:12.704 D/SemNscXgbMsL1(  997): Probability - Non real time: [0.8899178]
05-13 19:23:12.704 D/SemNscXgbMsL1(  997): 1 sample inference time: 0.187 msecs
05-13 19:23:12.705 D/SemNscXgbL2Rt(  997): L2 RT 1 sample inference time: 0.436616 msecs
05-13 19:23:12.705 D/SemNscXgbL2Nrt(  997): L2 NRT 1 sample inference time: 0.366923 msecs
05-13 19:23:12.708 E/SurfaceFlinger(  590): Attempt to update InputPolicyFlags without permission ACCESS_SURFACE_FLINGER
05-13 19:23:12.725 E/SurfaceFlinger(  590): Attempt to update InputPolicyFlags without permission ACCESS_SURFACE_FLINGER
05-13 19:23:12.732 E/Watchdog(  997): !@Sync: 23682 heap: 87 / 100 [2026-05-13 19:23:12.732] sdogWay: softdog FD: 925
05-13 19:23:12.742 E/SurfaceFlinger(  590): Attempt to update InputPolicyFlags without permission ACCESS_SURFACE_FLINGER
05-13 19:23:12.758 E/SurfaceFlinger(  590): Attempt to update InputPolicyFlags without permission ACCESS_SURFACE_FLINGER
05-13 19:23:12.775 E/SurfaceFlinger(  590): Attempt to update InputPolicyFlags without permission ACCESS_SURFACE_FLINGER
05-13 19:23:12.775 I/RecentsView( 1885): resetTaskVisuals
05-13 19:23:12.775 I/RecentsView( 1885): Skip loading task enabled : false  changeId : 2661
05-13 19:23:12.775 W/RecentsUIController( 1885): update suggestedApps visibility -> isVisible ? false, event: ON_EXIT
05-13 19:23:12.775 W/RecentsUIController( 1885): update searchBar visibility -> isVisible ? false
05-13 19:23:12.775 I/HandOffImpl( 1885): updateVisibility: false
05-13 19:23:12.775 I/StateManager( 1885): onAnimationSuccess state : Normal
05-13 19:23:12.775 I/StateManager( 1885): onStateTransitionEnd mState : Normal
05-13 19:23:12.776 I/BaseActivity( 1885): removeActivityFlags, flags : 64
05-13 19:23:12.776 I/LauncherRecentsView( 1885): onStateTransitionComplete Normal
05-13 19:23:12.776 I/RecentsView( 1885): reset
05-13 19:23:12.776 I/RecentsView( 1885): setCurrentTask, runningTaskId : -1
05-13 19:23:12.776 I/RecentsOrientedState( 1885): current RecentsOrientedState: [this=RecentsOrientedState@56690613 mOrientationHandler=PortraitPagedViewHandler@195534410 mDisplayRotation=0 mTouchRotation=0 mRecentsActivityRotation=0 mRecentsRotation=0 isRecentsActivityRotationAllowed=false mSystemRotation=false mStateId=37248 mFlags=291]
05-13 19:23:12.776 I/StateManager( 1885): goToStateAnimated mStateChanged is false
05-13 19:23:12.776 I/StateManager( 1885): End animation. mStateChanged is changed to False
05-13 19:23:12.777 I/RecentsOrientedState( 1885): setGestureActive
05-13 19:23:12.777 I/RecentsOrientedState( 1885): current RecentsOrientedState: [this=RecentsOrientedState@56690613 mOrientationHandler=PortraitPagedViewHandler@195534410 mDisplayRotation=0 mTouchRotation=0 mRecentsActivityRotation=0 mRecentsRotation=0 isRecentsActivityRotationAllowed=false mSystemRotation=false mStateId=37248 mFlags=291]
05-13 19:23:12.778 I/Pageboost(  997): package null
05-13 19:23:12.778 I/SPayUpdater( 1885): updateSpayHandler, show = true, defaultPage = true
05-13 19:23:12.778 E/pageboostd( 2427): Received HALT command code 2
05-13 19:23:12.792 E/SurfaceFlinger(  590): Attempt to update InputPolicyFlags without permission ACCESS_SURFACE_FLINGER
05-13 19:23:12.793 I/wpa_supplicant(15876): Heartbeat 29541
05-13 19:23:13.206 D/SemNscXgbMsL1(  997): Probability - Cloud gaming: [0.041532744]
05-13 19:23:13.206 D/SemNscXgbMsL1(  997): Probability - Real time: [0.15342654]
05-13 19:23:13.206 D/SemNscXgbMsL1(  997): Probability - Non real time: [0.922906]
05-13 19:23:13.206 D/SemNscXgbMsL1(  997): 1 sample inference time: 0.229038 msecs
05-13 19:23:13.207 D/SemNscXgbL2Rt(  997): L2 RT 1 sample inference time: 0.506154 msecs
05-13 19:23:13.207 D/SemNscXgbL2Nrt(  997): L2 NRT 1 sample inference time: 0.444653 msecs
05-13 19:23:13.457 I/DvfsUtil( 1885): RECENTS_GESTURE_BOOSTER release
05-13 19:23:13.467 I/HYPER-HAL(  562): [RequestManager.cpp]releaseLocked(): Released ID : 1781330
05-13 19:23:13.487 I/HYPER-HAL(  562): [RequestManager.cpp]releaseLocked(): Released ID : 3821254
05-13 19:23:13.488 W/adbd    ( 2464): timeout expired while flushing socket, closing
05-13 19:23:13.710 D/SemNscXgbMsL1(  997): Probability - Cloud gaming: [0.03301052]
05-13 19:23:13.711 D/SemNscXgbMsL1(  997): Probability - Real time: [0.14094998]
05-13 19:23:13.711 D/SemNscXgbMsL1(  997): Probability - Non real time: [0.8967584]
05-13 19:23:13.711 D/SemNscXgbMsL1(  997): 1 sample inference time: 0.79773 msecs
05-13 19:23:13.713 D/SemNscXgbL2Rt(  997): L2 RT 1 sample inference time: 1.780807 msecs
05-13 19:23:13.714 D/SemNscXgbL2Nrt(  997): L2 NRT 1 sample inference time: 1.354462 msecs
05-13 19:23:13.736 I/AppOps  (  997): commitUidPendingStateLocked() :: UID - 10138, 200 > 200, 15 > 15
05-13 19:23:14.027 D/io_stats(  457): !@   8,0 r 6197880 243911328 w 5844855 354059796 d 0 0 f 0 0 iot 3988768 0 th 0 0 0 pt 0 inp 0 0 710759.446
05-13 19:23:14.118 I/ekjt    (30389): (REDACTED) HDM. appOpsListener %s %s
05-13 19:23:14.118 I/ekjt    (30389): (REDACTED) HDM. Ignoring irrelevant audio permission changes for package %s
05-13 19:23:14.136 I/ActivityManager(  997): Changes in 10082 3 to 15, 8 to 0
05-13 19:23:14.137 D/NetworkPolicy(  997): onUidStateChanged() uid: 10082, isForeground(false, 15)
05-13 19:23:14.217 D/SemNscXgbMsL1(  997): Probability - Cloud gaming: [0.029346766]
05-13 19:23:14.217 D/SemNscXgbMsL1(  997): Probability - Real time: [0.12322649]
05-13 19:23:14.217 D/SemNscXgbMsL1(  997): Probability - Non real time: [0.8790781]
05-13 19:23:14.217 D/SemNscXgbMsL1(  997): 1 sample inference time: 0.683615 msecs
05-13 19:23:14.219 D/SemNscXgbL2Rt(  997): L2 RT 1 sample inference time: 1.358538 msecs
05-13 19:23:14.220 D/SemNscXgbL2Nrt(  997): L2 NRT 1 sample inference time: 1.079847 msecs
05-13 19:23:14.261 I/HYPER-HAL(  562): [RequestManager.cpp]releaseLocked(): Released ID : 1265845
05-13 19:23:14.344 D/SGM:GameManager(  997): identifyGamePackage. com.sec.android.app.launcher, mCurrentUserId: 0, callerUserId: 0, callingMethodInfo: com.android.server.ssrm.SortingMachine.isGame(SortingMachine.java:162)
05-13 19:23:14.344 D/SGM:PkgDataHelper(  997): getGamePkgData(). com.sec.android.app.launcher
05-13 19:23:14.417 I/HYPER-HAL(  562): [RequestManager.cpp]releaseLocked(): Released ID : 527908
05-13 19:23:14.584 I/SemWifiServiceDetector(  997): Traff. tracking suspended
05-13 19:23:14.981 D/PowerManagerService(  997): UserActivityStateListenerState: 0
05-13 19:23:15.427 D/NetworkController.WifiSignalController( 1397): notifyListener: visible=true, enabled=true, connected=true, inetCondition=1, isDefault=true, receivedCR=true, receivedIC=-1, shouldForceHide=false, emptyConnected=false
05-13 19:23:15.428 D/NetworkController.MobileSignalController(0/2147483647)( 1397): notifyListener: enabled=true, connected=false, dataConnected=false, networkType=UNKNOWN (Unknown), emergencyOnly=false, roaming=false, isDefault=false, fiveGAvailable=false, mmWave=false, showDisabledDataIcon=false, voWifiConnected=false, dataActivity=, simState=ABSENT, cardOperator=OTHERS, simCardActivated=1
05-13 19:23:15.430 D/NetworkController.WifiSignalController( 1397): notifyListener: visible=true, enabled=true, connected=true, inetCondition=1, isDefault=true, receivedCR=true, receivedIC=-1, shouldForceHide=false, emptyConnected=false
05-13 19:23:15.431 D/NetworkController.MobileSignalController(0/2147483647)( 1397): notifyListener: enabled=true, connected=false, dataConnected=false, networkType=UNKNOWN (Unknown), emergencyOnly=false, roaming=false, isDefault=false, fiveGAvailable=false, mmWave=false, showDisabledDataIcon=false, voWifiConnected=false, dataActivity=, simState=ABSENT, cardOperator=OTHERS, simCardActivated=1
05-13 19:23:15.433 D/Tile.BluetoothTile( 1397): onBluetoothStateChange = false
05-13 19:23:15.439 D/Tile.WifiTile( 1397): handleUpdateState isTransient=false transientEnabling =false cb.isTransient=false state.state = 2 mStateBeforeClick.value =false enabled =true
05-13 19:23:15.439 D/Tile.WifiTile( 1397): handleUpdateState isTransient=false transientEnabling =false cb.isTransient=false state.state = 2 mStateBeforeClick.value =false enabled =true
05-13 19:23:15.441 D/Tile.BluetoothTile( 1397):  handleUpdateState enabled = false connected = false connecting = false changedState =false bluetoothState = 10 enabledChanging = false state = BooleanState[spec=Bluetooth,icon=ResourceIcon[resId=0x7f080832],iconSupplier=null,label=Bluetooth,secondaryLabel=null,contentDescription=Bluetooth,Off.,stateDescription=null,dualLabelContentDescription=null,expandedAccessibilityClassName=null,disabledByPolicy=false,dualTarget=true,isTransient=false,state=1,slash="null",sideViewCustomDrawable=null,tileClassName=null,value=false,forceExpandIcon=false]
05-13 19:23:15.441 D/Tile.HotspotTile( 1397):  onDataSaverChanged : false
05-13 19:23:15.442 D/Tile.HotspotTile( 1397):  onHotspotChanged : false devices =0
05-13 19:23:15.442 I/SemWifiApTetheredClientInfo(  997): getWifiApStaListDetail
05-13 19:23:15.443 D/Tile.HotspotTile( 1397): updateItems
05-13 19:23:15.443 D/hot     ( 1397):  hot updateConnectedDeviceList mConnectedDevices = []
05-13 19:23:15.444 D/Tile.RotationLockTile( 1397):  handleUpdateState: false orientation = true
05-13 19:23:15.446 D/Tile.RotationLockTile( 1397):  handleUpdateState: false orientation = true
05-13 19:23:15.448 D/NetworkController.MobileSignalController(0/2147483647)( 1397): IsPowerOffServiceStatemServiceState - {mVoiceRegState=3(POWER_OFF), mDataRegState=3(POWER_OFF), mChannelNumber=-1, duplexMode()=0, mCellBandwidths=[], mOperatorAlphaLong=<MASKED>, mOperatorAlphaShort=<MASKED>, isManualNetworkSelection=false(automatic), getRilVoiceRadioTechnology=0(Unknown), getRilDataRadioTechnology=0(Unknown), mCssIndicator=unsupported, mNetworkId=<MASKED>, mSystemId=<MASKED>, mCdmaRoamingIndicator=-1, mCdmaDefaultRoamingIndicator=-1, VoiceRegType=0, Snap=0, MobileData=OUT_OF_SERVICE, MobileDataRoamingType=home, MobileDataRat=Unknown, OptRadioTech=0, PsOnly=false, FemtocellInd=0, SprDisplayRoam=false, mIsEmergencyOnly=false, isUsingCarrierAggregation=false, mArfcnRsrpBoost=0, mNetworkRegistrationInfos=[NetworkRegistrationInfo{ domain=CS transportType=WWAN registrationState=UNKNOWN roamingType=NOT_ROAMING accessNetworkTechnology=UNKNOWN rejectCause=0 emergencyEnabled=false availableServices=[] cellIdentity=null voiceSpecificInfo=null dataSpecificInfo=null nrState=**** rRplmn= isUsingCarrierAggregation=false}, NetworkRegistrationInfo{ domain=PS transportType=WWAN registrationState=UNKNOWN roamingType=NOT_ROAMING accessNetworkTechnology=UNKNOWN rejectCause=0 emergencyEnabled=false availableServices=[] cellIdentity=null voiceSpecificInfo=null dataSpecificInfo=null nrState=**** rRplmn= isUsingCarrierAggregation=false}], mNrFrequencyRange=0, mOperatorAlphaLongRaw=<MASKED>, mOperatorAlphaShortRaw=<MASKED>, mIsDataRoamingFromRegistration=false, mIsIwlanPreferred=false}mCurrentState.airplaneMode - truemServiceState.getVoiceRegState() - 3!mServiceState.canCellularVoiceService() - false
05-13 19:23:15.448 D/NetworkController( 1397): IsPowerOffServiceState is true
05-13 19:23:15.448 D/Tile.AirplaneModeTile( 1397):  handleUpdateState: airplane mode is enabled : enter mSetting.getValue() == 1mIsWiFiOnlyDevice falseisNoSimState trueisPowerOffServiceState true
05-13 19:23:15.448 D/Tile.AirplaneModeTile( 1397):  handleUpdateState:  value = true, state = 2
05-13 19:23:15.449 D/Tile.BluetoothTile( 1397):  handleUpdateState enabled = false connected = false connecting = false changedState =false bluetoothState = 10 enabledChanging = false state = BooleanState[spec=Bluetooth,icon=ResourceIcon[resId=0x7f080832],iconSupplier=null,label=Bluetooth,secondaryLabel=null,contentDescription=Bluetooth,Off.,stateDescription=null,dualLabelContentDescription=null,expandedAccessibilityClassName=null,disabledByPolicy=false,dualTarget=true,isTransient=false,state=1,slash="null",sideViewCustomDrawable=null,tileClassName=null,value=false,forceExpandIcon=false]
05-13 19:23:15.459 I/DataUsageController( 1397): isSimReady simSlotCount : 2 ready : false
05-13 19:23:15.459 D/Tile.MobileDataTile( 1397): handleUpdateState : state false
05-13 19:23:15.469 D/Tile.DndTile( 1397): handleUpdateState zen 0  state = BooleanState[spec=Dnd,icon=ResourceIcon[resId=0x7f080836],iconSupplier=null,label=Do not
05-13 19:23:15.469 D/Tile.DndTile( 1397): disturb,secondaryLabel=null,contentDescription=null,stateDescription=null,dualLabelContentDescription=null,expandedAccessibilityClassName=null,disabledByPolicy=false,dualTarget=true,isTransient=false,state=1,slash="null",sideViewCustomDrawable=null,tileClassName=null,value=false,forceExpandIcon=false]
05-13 19:23:16.030 D/io_stats(  457): !@   8,0 r 6197880 243911328 w 5844903 354060048 d 0 0 f 0 0 iot 3988772 0 th 0 0 0 pt 0 inp 0 0 710761.448
05-13 19:23:17.583 D/ConnectivityManager(17695): StackLog: [android.net.ConnectivityManager.reportNetworkConnectivity(ConnectivityManager.java:3139)] [cbsb.a(:com.google.android.gms@261861029@26.18.61 (190400-914183794):15)] [cbuh.n(:com.google.android.gms@261861029@26.18.61 (190400-914183794):6)] [cbtv.run(:com.google.android.gms@261861029@26.18.61 (190400-914183794):501)] [cbus.run(:com.google.android.gms@261861029@26.18.61 (190400-914183794):5)] [haww.run(:com.google.android.gms@261861029@26.18.61 (190400-914183794):23)] [bjix.c(:com.google.android.gms@261861029@26.18.61 (190400-914183794):50)] [bjix.run(:com.google.android.gms@261861029@26.18.61 (190400-914183794):66)] [java.util.concurrent.ThreadPoolExecutor.runWorker(ThreadPoolExecutor.java:1167)] [java.util.concurrent.ThreadPoolExecutor$Worker.run(ThreadPoolExecutor.java:641)] [bjoo.run(:com.google.android.gms@261861029@26.18.61 (190400-914183794):8)] [java.lang.Thread.run(Thread.java:920)]
05-13 19:23:17.586 D/SamsungAlarmManager(  997): Cancel Alarm calling from uid:10073 pid :17695 / OP:PendingIntent{71dc318: PendingIntentRecord{d9c9a7b com.google.android.gms/com.google.android.gms.gcm broadcastIntent}}
05-13 19:23:17.587 V/SamsungAlarmManager(  997): setLocked to kernel - W:1505405062 / NW:1505391468, now=1505349054
05-13 19:23:17.589 I/AlarmManager(17695): setExactAndAllowWhileIdle [name: GCM_HB_ALARM type: 2 triggerAtMillis: 1507149056]
05-13 19:23:17.591 D/SamsungAlarmManager(  997): setExact (T:2/F:33/AC:false) 20260513T195317 now=1505349058 - CU:10073/CP:17695/OP:PendingIntent{d0cb7d7: PendingIntentRecord{d9c9a7b com.google.android.gms/com.google.android.gms.gcm broadcastIntent}}
05-13 19:23:17.591 V/SamsungAlarmManager(  997): setLocked to kernel - W:1505405062 / NW:1505391468, now=1505349059
05-13 19:23:17.615 W/ChimeraUtils(17695): Module com.google.android.gms.gcm missing resource null(0)
05-13 19:23:17.626 D/SamsungAlarmManager(  997): Cancel Alarm calling from uid:10073 pid :17695 / OP:PendingIntent{47afa73: PendingIntentRecord{d9c9a7b com.google.android.gms/com.google.android.gms.gcm broadcastIntent}}
05-13 19:23:17.626 V/SamsungAlarmManager(  997): setLocked to kernel - W:1505405062 / NW:1505391468, now=1505349094
05-13 19:23:17.627 I/AlarmManager(17695): setExactAndAllowWhileIdle [name: GCM_HB_ALARM type: 2 triggerAtMillis: 1507149095]
05-13 19:23:17.631 D/SamsungAlarmManager(  997): setExact (T:2/F:33/AC:false) 20260513T195317 now=1505349099 - CU:10073/CP:17695/OP:PendingIntent{c0aaf2e: PendingIntentRecord{d9c9a7b com.google.android.gms/com.google.android.gms.gcm broadcastIntent}}
05-13 19:23:17.631 V/SamsungAlarmManager(  997): setLocked to kernel - W:1505405062 / NW:1505391468, now=1505349099
05-13 19:23:17.631 I/AlarmManager(17695): setExactAndAllowWhileIdle [name: FcmRetry type: 2 triggerAtMillis: 1505469096]
05-13 19:23:17.632 D/SamsungAlarmManager(  997): setExact (T:2/F:33/AC:false) 20260513T192517 now=1505349100 - CU:10073/CP:17695/OP:PendingIntent{d80cacf: PendingIntentRecord{8bb9c5c com.google.android.gms/com.google.android.gms.gcm broadcastIntent}}
05-13 19:23:17.632 V/SamsungAlarmManager(  997): setLocked to kernel - W:1505405062 / NW:1505391468, now=1505349100
05-13 19:23:17.639 D/CompatibilityChangeReporter(  997): Compat change id reported: 135634846; UID 10358; state: DISABLED
05-13 19:23:17.640 D/CompatibilityChangeReporter(  997): Compat change id reported: 177438394; UID 10358; state: DISABLED
05-13 19:23:17.640 D/CompatibilityChangeReporter(  997): Compat change id reported: 135772972; UID 10358; state: DISABLED
05-13 19:23:17.640 D/CompatibilityChangeReporter(  997): Compat change id reported: 135754954; UID 10358; state: ENABLED
05-13 19:23:17.641 D/CompatibilityChangeReporter(  997): Compat change id reported: 143937733; UID 10358; state: ENABLED
05-13 19:23:17.652 D/Zygote  (  535): Forked child process 6541
05-13 19:23:17.653 I/ActivityManager(  997): Start proc 6541:com.munawwaracare.andriod/u0a358 for broadcast {com.munawwaracare.andriod/io.flutter.plugins.firebase.messaging.FlutterFirebaseMessagingReceiver}
05-13 19:23:17.653 D/ActivityManager(  997): [SecIpm] it's a ML_TYPE_EMPTYPROCESS protected process com.munawwaracare.andriod
05-13 19:23:17.665 I/aracare.andrio( 6541): Late-enabling -Xcheck:jni
05-13 19:23:17.692 I/adbd    ( 2464): jdwp connection from 6541
05-13 19:23:17.696 E/USNET   ( 6541): USNET: appName: com.munawwaracare.andriod
05-13 19:23:17.697 D/ProcessState( 6541): Binder ioctl to enable oneway spam detection failed: Invalid argument
05-13 19:23:17.702 D/ActivityThread( 6541): setConscryptValidator
05-13 19:23:17.702 D/ActivityThread( 6541): setConscryptValidator - put
05-13 19:23:17.705 I/ActivityManager(  997): DSS OFF for com.munawwaracare.andriod
05-13 19:23:17.713 D/ActivityManager(  997): attachApplicationLocked() app=ProcessRecord{cadcb65 6541:com.munawwaracare.andriod/u0a358} app.isolatedEntryPoint=null instr2=null
05-13 19:23:17.716 D/NetworkPolicy(  997): onUidStateChanged() uid: 10358, isForeground(false, 11)
05-13 19:23:17.724 D/ActivityThread( 6541): handleBindApplication()++ app=com.munawwaracare.andriod
05-13 19:23:17.727 D/CompatibilityChangeReporter( 6541): Compat change id reported: 171979766; UID 10358; state: ENABLED
05-13 19:23:17.897 I/SurfaceFlinger(  590): [SEC_SF_EFFECTS] [capture x2 ]: captureDisplay(): size 1080 x 2280, raSourceCrop [0 0 1080 2280] 1080 x 2280
05-13 19:23:17.906 D/system_server(  997): mAFPC_Read - w = 1080, h = 2280, s = 8, f = 4, s_size = 9922560, luminance = 115, count = 956, captureOrientation = 0
05-13 19:23:17.991 V/GraphicsEnvironment( 6541): ANGLE Developer option for 'com.munawwaracare.andriod' set to: 'default'
05-13 19:23:17.991 V/GraphicsEnvironment( 6541): App is not on the allowlist for updatable production driver.
05-13 19:23:17.993 D/LoadedApk( 6541): LoadedApk::makeApplication() appContext.mOpPackageName=com.munawwaracare.andriod appContext.mBasePackageName=com.munawwaracare.andriod
05-13 19:23:17.993 D/NetworkSecurityConfig( 6541): No Network Security Config specified, using platform default
05-13 19:23:18.014 D/NetworkSecurityConfig( 6541): No Network Security Config specified, using platform default
05-13 19:23:18.032 D/io_stats(  457): !@   8,0 r 6197880 243911328 w 5844912 354060184 d 0 0 f 0 0 iot 3988776 0 th 0 0 0 pt 0 inp 0 0 710763.450
05-13 19:23:18.043 I/FirebaseApp( 6541): Device unlocked: initializing all Firebase APIs for app [DEFAULT]
05-13 19:23:18.067 I/GenerationRegistry(  997): mBackingStore.isClosed() : false
05-13 19:23:18.071 I/FirebaseInitProvider( 6541): FirebaseApp initialization successful
05-13 19:23:18.082 D/FLTFireContextHolder( 6541): received application context.
05-13 19:23:18.092 D/WM-WrkMgrInitializer( 6541): Initializing WorkManager with default configuration.
05-13 19:23:18.124 D/WM-PackageManagerHelper( 6541): Skipping component enablement for androidx.work.impl.background.systemjob.SystemJobService
05-13 19:23:18.124 D/WM-Schedulers( 6541): Created SystemJobScheduler and enabled SystemJobService
05-13 19:23:18.132 D/ActivityThread( 6541): handleBindApplication() --
05-13 19:23:18.143 D/FlutterJNI( 6541): Beginning load of flutter...
05-13 19:23:18.144 I/CallDecline( 6541): Registered native CallkitEventCallback (accept/decline)
05-13 19:23:18.144 I/ResourceExtractor( 6541): Found extracted resources res_timestamp-1-1778689271282
05-13 19:23:18.145 D/CompatibilityChangeReporter( 6541): Compat change id reported: 160794467; UID 10358; state: ENABLED
05-13 19:23:18.145 D/FLTFireMsgReceiver( 6541): broadcast received for message
05-13 19:23:18.153 D/FlutterJNI( 6541): flutter (null) was loaded normally!
05-13 19:23:18.163 I/FLTFireMsgService( 6541): Service has not yet started, messages will be queued.
05-13 19:23:18.166 W/FlutterJNI( 6541): FlutterJNI.loadLibrary called more than once
05-13 19:23:18.166 D/FlutterJNI( 6541): Beginning load of flutter...
05-13 19:23:18.167 I/ResourceExtractor( 6541): Found extracted resources res_timestamp-1-1778689271282
05-13 19:23:18.167 D/FlutterJNI( 6541): flutter (null) was loaded normally!
05-13 19:23:18.187 I/FLTFireBGExecutor( 6541): Creating background FlutterEngine instance.
05-13 19:23:18.188 W/aracare.andrio( 6541): Accessing hidden method Landroid/os/WorkSource;->add(I)Z (unsupported,test-api, reflection, allowed)
05-13 19:23:18.188 W/aracare.andrio( 6541): Accessing hidden method Landroid/os/WorkSource;->add(ILjava/lang/String;)Z (unsupported,test-api, reflection, allowed)
05-13 19:23:18.188 W/aracare.andrio( 6541): Accessing hidden method Landroid/os/WorkSource;->get(I)I (unsupported, reflection, allowed)
05-13 19:23:18.188 W/aracare.andrio( 6541): Accessing hidden method Landroid/os/WorkSource;->getName(I)Ljava/lang/String; (unsupported, reflection, allowed)
05-13 19:23:18.196 D/SamsungAlarmManager(  997): Cancel Alarm calling from uid:10073 pid :17695 / OP:PendingIntent{3973fde: PendingIntentRecord{8bb9c5c com.google.android.gms/com.google.android.gms.gcm broadcastIntent}}
05-13 19:23:18.197 V/SamsungAlarmManager(  997): setLocked to kernel - W:1505405062 / NW:1505391468, now=1505349665
05-13 19:23:18.234 W/FlutterJNI( 6541): FlutterJNI.init called more than once
05-13 19:23:18.235 W/aracare.andrio( 6541): Accessing hidden method Landroid/view/SurfaceControl$Builder;->setHidden(Z)Landroid/view/SurfaceControl$Builder; (blocked, linking, denied)
05-13 19:23:18.239 E/audit   (  515): type=1400 audit(1778689398.233:80674): avc:  denied  { read } for  pid=6541 comm="aracare.andriod" name="max_map_count" dev="proc" ino=5857848 scontext=u:r:untrusted_app:s0:c102,c257,c512,c768 tcontext=u:object_r:proc_max_map_count:s0 tclass=file permissive=0 SEPF_SM-G975F_12_0001 audit_filtered
05-13 19:23:18.239 E/audit   (  515): type=1300 audit(1778689398.233:80674): arch=c00000b7 syscall=56 success=no exit=-13 a0=ffffff9c a1=763f35e015 a2=0 a3=0 items=0 ppid=535 pid=6541 auid=4294967295 uid=10358 gid=10358 euid=10358 suid=10358 fsuid=10358 egid=10358 sgid=10358 fsgid=10358 tty=(none) ses=4294967295 comm="aracare.andriod" exe="/system/bin/app_process64" subj=u:r:untrusted_app:s0:c102,c257,c512,c768 key=(null)
05-13 19:23:18.239 E/audit   (  515): type=1327 audit(1778689398.233:80674): proctitle="com.munawwaracare.andriod"
05-13 19:23:18.262 I/flutter ( 6541): [IMPORTANT:flutter/shell/platform/android/android_context_gl_impeller.cc(104)] Using the Impeller rendering backend (OpenGLES).
05-13 19:23:18.263 V/APM_AudioPolicyManager(  583): listAudioPorts() role 0 type 0 num_ports 0 ports 0x76d61591b0
05-13 19:23:18.263 V/APM_AudioPolicyManager(  583): listAudioPorts() got 0 ports needed 10
05-13 19:23:18.263 V/APM_AudioPolicyManager(  583): listAudioPorts() role 0 type 0 num_ports 10 ports 0x78e62ec0f0
05-13 19:23:18.263 V/APM_AudioPolicyManager(  583): listAudioPorts() got 10 ports needed 10
05-13 19:23:18.279 I/Telecom:SamsungTelecomServiceImpl(  997): registerPhoneAccount - PhoneAccount : [[ ] PhoneAccount: ComponentInfo{com.munawwaracare.andriod/com.hiennv.flutter_callkit_incoming.CallkitConnectionService}, ***, UserHandle{0} Capabilities: SelfManaged  Audio Routes: BESW Schemes: tel  Extras: null GroupId: ***] / callingPid : 6541 / processName : sts
05-13 19:23:18.279 W/Telecom (  997): : registerPhoneAccount - attempt to set a group from a non-system caller.: TSI.rPA@Gcs
05-13 19:23:18.280 I/Telecom (  997): PhoneAccountRegistrar: Modify account: [ComponentInfo{com.munawwaracare.andriod/com.hiennv.flutter_callkit_incoming.CallkitConnectionService}, ***, UserHandle{0}(lbl: Callkit Incoming In-App Call -> Munawwara Care)]: TSI.rPA@Gcs
05-13 19:23:18.280 I/Telecom (  997): AppLabelProxy: package com.munawwaracare.andriod: name is Munawwara Care: TSI.rPA@Gcs
05-13 19:23:18.281 I/Telecom:SamsungPhoneAccountListener(  997): onAccountsChanged - allPhoneAccountsOfCurrentUser : [[[X] PhoneAccount: ComponentInfo{com.android.phone/com.android.services.telephony.TelephonyConnectionService}, ***, UserHandle{0} Capabilities: CallProvider MultiUser PlaceEmerg SimSub  Audio Routes: BESW Schemes: tel voicemail  Extras: Bundle[{com.samsung.telecom.extra.SUPPORT_VRBT=false, android.telecom.extra.SUPPORTS_VIDEO_CALLING_FALLBACK=true, com.samsung.telecom.extra.SUBSCRIPTION_ID=-1, com.samsung.telecom.extra.CAN_COEXIST_ACCOUNT=true, com.samsung.telecom.extra.PHONE_ID=-1, com.samsung.telecom.extra.NO_CHECK_IF_VIDEO_CAPABLE=true}] GroupId: ***], [[X] PhoneAccount: ComponentInfo{com.discord/com.discord.telecom.service.TelecomConnectionService}, ***, UserHandle{0} Capabilities: SelfManaged  Audio Routes: BESW Schemes: discord  Extras: null GroupId: ***], [[X] PhoneAccount: ComponentInfo{com.munawwaracare.andriod/androidx.core.telecom.internal.JetpackConnectionService}, ***, UserHandle{0} Capabilities: SelfManaged  Audio Routes: BESW Schemes: tel  Extras: Bundle[{isCoreTelecomAccount=true}] GroupId: ***], [[X] PhoneAccount: ComponentInfo{com.munawwaracare.andriod/com.hiennv.flutter_callkit_incoming.CallkitConnectionService}, ***, UserHandle{0} Capabilities: SelfManaged  Audio Routes: BESW Schemes: tel  Extras: null GroupId: ***]]
05-13 19:23:18.281 I/Telecom:SamsungPhoneAccountListener(  997): onAccountsChanged : [[X] PhoneAccount: ComponentInfo{com.android.phone/com.android.services.telephony.TelephonyConnectionService}, ***, UserHandle{0} Capabilities: CallProvider MultiUser PlaceEmerg SimSub  Audio Routes: BESW Schemes: tel voicemail  Extras: Bundle[{com.samsung.telecom.extra.SUPPORT_VRBT=false, android.telecom.extra.SUPPORTS_VIDEO_CALLING_FALLBACK=true, com.samsung.telecom.extra.SUBSCRIPTION_ID=-1, com.samsung.telecom.extra.CAN_COEXIST_ACCOUNT=true, com.samsung.telecom.extra.PHONE_ID=-1, com.samsung.telecom.extra.NO_CHECK_IF_VIDEO_CAPABLE=true}] GroupId: ***]
05-13 19:23:18.281 I/Telecom:SamsungPhoneAccountListener(  997): onAccountsChanged : [[X] PhoneAccount: ComponentInfo{com.discord/com.discord.telecom.service.TelecomConnectionService}, ***, UserHandle{0} Capabilities: SelfManaged  Audio Routes: BESW Schemes: discord  Extras: null GroupId: ***]
05-13 19:23:18.281 I/Telecom:SamsungPhoneAccountListener(  997): onAccountsChanged : [[X] PhoneAccount: ComponentInfo{com.munawwaracare.andriod/androidx.core.telecom.internal.JetpackConnectionService}, ***, UserHandle{0} Capabilities: SelfManaged  Audio Routes: BESW Schemes: tel  Extras: Bundle[{isCoreTelecomAccount=true}] GroupId: ***]
05-13 19:23:18.282 I/Telecom:SamsungPhoneAccountListener(  997): onAccountsChanged : [[X] PhoneAccount: ComponentInfo{com.munawwaracare.andriod/com.hiennv.flutter_callkit_incoming.CallkitConnectionService}, ***, UserHandle{0} Capabilities: SelfManaged  Audio Routes: BESW Schemes: tel  Extras: null GroupId: ***]
05-13 19:23:18.282 I/Telecom:SamsungPhoneAccountRegistrarBroadcaster(  997): AccountsChanged : false / UserHandle{0} / null, no****st -> null, no****st
05-13 19:23:18.282 I/Telecom:SamsungPhoneAccountListener(  997): onPhoneAccountChanged - PhoneAccount : [[X] PhoneAccount: ComponentInfo{com.munawwaracare.andriod/com.hiennv.flutter_callkit_incoming.CallkitConnectionService}, ***, UserHandle{0} Capabilities: SelfManaged  Audio Routes: BESW Schemes: tel  Extras: null GroupId: ***]
05-13 19:23:18.282 I/Telecom (  997): CallsManager: handlePhoneAccountChanged: phoneAccount=[[X] PhoneAccount: ComponentInfo{com.munawwaracare.andriod/com.hiennv.flutter_callkit_incoming.CallkitConnectionService}, ***, UserHandle{0} Capabilities: SelfManaged  Audio Routes: BESW Schemes: tel  Extras: null GroupId: ***]: TSI.rPA@Gcs
05-13 19:23:18.283 D/InAppCallManager( 6541): PhoneAccount registered.
05-13 19:23:18.286 W/ServiceManager(  997): Permission failure: android.permission.HIGH_SAMPLING_RATE_SENSORS from uid=10358 pid=6541
05-13 19:23:18.304 I/GenerationRegistry(  997): mBackingStore.isClosed() : false
05-13 19:23:18.315 I/TextToSpeech( 6541): Sucessfully bound to com.samsung.SMT
05-13 19:23:18.316 D/TextToSpeechManagerPerUserService(  997): Trying to start connection to TTS engine: com.samsung.SMT
05-13 19:23:18.329 I/SamsungTTS(10305): [LoadLanguage] : eng-GBR-[f00]
05-13 19:23:18.351 I/SamsungTTS(10305): [Engine] Preparing the engine v512507041 from SYSTEM.
05-13 19:23:18.351 I/SamsungTTS(10305): [Engine] Loading success. [SmtTTS][V:512507041][com.samsung.SMT][M][ID:109053630]
05-13 19:23:18.351 I/SamsungTTS(10305): [setLanguageFD][ID:109053630][eng-GBR-f00] Loading vData files: [IVC][CFG][LNG][CACHE]
05-13 19:23:18.351 I/SamsungTTS:JNI(10305): [setLanguage][ID:109053630] Force fp16 is false
05-13 19:23:18.365 E/audit   (  515): type=1400 audit(1778689398.349:80675): avc:  denied  { read } for  pid=10305 comm="com.samsung.SMT" name="u:object_r:media_plat_prop:s0" dev="tmpfs" ino=16087 scontext=u:r:system_app:s0 tcontext=u:object_r:media_plat_prop:s0 tclass=file permissive=0 SEPF_SM-G975F_12_0001 audit_filtered
05-13 19:23:18.365 E/libc    (10305): Access denied finding property "ro.mediatek.platform"
05-13 19:23:18.366 I/SamsungTTS(10305): [NATIVE] support fp16
05-13 19:23:18.388 I/flutter ( 6541): The Dart VM service is listening on http://127.0.0.1:33521/W29o1mTkK0c=/
05-13 19:23:18.395 I/SamsungTTS(10305): [NATIVE] force_fp16 = false, is_support_fp16 = true
05-13 19:23:18.395 I/SamsungTTS(10305): [NATIVE] AM model type : FLOAT
05-13 19:23:18.395 I/SamsungTTS(10305): [NATIVE] LPCNet model precision: 4
05-13 19:23:18.396 I/SamsungTTS(10305): [setLanguage][109053630] Loading is succeed. [45]ms
05-13 19:23:18.396 I/SamsungTTS(10305): [LoadLanguage] done.
05-13 19:23:18.397 D/TextToSpeechManagerPerUserService(  997): Connected successfully to TTS engine: com.samsung.SMT
05-13 19:23:18.399 I/TextToSpeech( 6541): Connected to TTS engine
05-13 19:23:18.403 I/SamsungTTS(10305): [IsAvailable] eng-GBR-null is LANG_COUNTRY_AVAILABLE
05-13 19:23:18.404 I/TextToSpeech( 6541): Setting up the connection to TTS engine...
05-13 19:23:18.647 D/BoundBrokerSvc(17695): onRebind: Intent { act=com.google.android.gms.libs.gmscorelogger.service.START dat=chimera-action: cmp=com.google.android.gms/.chimera.PersistentDirectBootAwareApiService }
05-13 19:23:19.213 W/CloudMessagingReceiver( 6541): Message ack failed: java.util.concurrent.TimeoutException: Timed out waiting for Task
05-13 19:23:19.993 D/FlutterGeolocator( 6541): Creating service.
05-13 19:23:19.994 D/FlutterGeolocator( 6541): Binding to location service.
05-13 19:23:20.000 I/SamsungTTS(10305): [IsAvailable] eng-GBR-null is LANG_COUNTRY_AVAILABLE
05-13 19:23:20.001 I/SamsungTTS(10305): [IsAvailable] eng-GBR-null is LANG_COUNTRY_AVAILABLE
05-13 19:23:20.033 D/io_stats(  457): !@   8,0 r 6197880 243911328 w 5844960 354060604 d 0 0 f 0 0 iot 3988784 0 th 0 0 0 pt 0 inp 0 0 710765.452
05-13 19:23:20.035 I/SamsungTTS(10305): [IsAvailable] eng-GBR-default is LANG_COUNTRY_AVAILABLE
05-13 19:23:20.037 I/SamsungTTS(10305): [IsAvailable] eng-GBR-default is LANG_COUNTRY_AVAILABLE
05-13 19:23:20.038 I/SamsungTTS(10305): [IsAvailable] eng-GBR-default is LANG_COUNTRY_AVAILABLE
05-13 19:23:20.041 I/SamsungTTS(10305): [IsAvailable] eng-GBR-default is LANG_COUNTRY_AVAILABLE
05-13 19:23:20.041 W/ContextImpl(10305): Calling a method in the system process without a qualified user: android.app.ContextImpl.sendBroadcast:1242 android.content.ContextWrapper.sendBroadcast:488 android.speech.tts.TextToSpeechService$SynthThread.broadcastTtsQueueProcessingCompleted:465 android.speech.tts.TextToSpeechService$SynthThread.queueIdle:457 android.os.MessageQueue.next:404 
05-13 19:23:20.083 I/FLTFireMsgService( 6541): FlutterFirebaseMessagingBackgroundService started!
05-13 19:23:20.187 D/FlutterGeolocator( 6541): Geolocator foreground service connected
05-13 19:23:20.188 D/FlutterGeolocator( 6541): Initializing Geolocator services
05-13 19:23:20.188 D/FlutterGeolocator( 6541): Flutter engine connected. Connected engine count 1
05-13 19:23:20.318 I/flutter ( 6541): [38;5;12mΈ™ΟΕΟ°Έ™ΟΕΟ΅Έ™ΟΕΟ΅Έ™ΟΕΟ΅Έ™ΟΕΟ΅Έ™ΟΕΟ΅Έ™ΟΕΟ΅Έ™ΟΕΟ΅Έ™ΟΕΟ΅Έ™ΟΕΟ΅Έ™ΟΕΟ΅Έ™ΟΕΟ΅Έ™ΟΕΟ΅Έ™ΟΕΟ΅Έ™ΟΕΟ΅Έ™ΟΕΟ΅Έ™ΟΕΟ΅Έ™ΟΕΟ΅Έ™ΟΕΟ΅Έ™ΟΕΟ΅Έ™ΟΕΟ΅Έ™ΟΕΟ΅Έ™ΟΕΟ΅Έ™ΟΕΟ΅Έ™ΟΕΟ΅Έ™ΟΕΟ΅Έ™ΟΕΟ΅Έ™ΟΕΟ΅Έ™ΟΕΟ΅Έ™ΟΕΟ΅Έ™ΟΕΟ΅Έ™ΟΕΟ΅Έ™ΟΕΟ΅Έ™ΟΕΟ΅Έ™ΟΕΟ΅Έ™ΟΕΟ΅Έ™ΟΕΟ΅Έ™ΟΕΟ΅Έ™ΟΕΟ΅Έ™ΟΕΟ΅Έ™ΟΕΟ΅Έ™ΟΕΟ΅Έ™ΟΕΟ΅Έ™ΟΕΟ΅Έ™ΟΕΟ΅Έ™ΟΕΟ΅Έ™ΟΕΟ΅Έ™ΟΕΟ΅Έ™ΟΕΟ΅Έ™ΟΕΟ΅Έ™ΟΕΟ΅Έ™ΟΕΟ΅Έ™ΟΕΟ΅Έ™ΟΕΟ΅Έ™ΟΕΟ΅Έ™ΟΕΟ΅Έ™ΟΕΟ΅Έ™ΟΕΟ΅Έ™ΟΕΟ΅Έ™ΟΕΟ΅Έ™ΟΕΟ΅Έ™ΟΕΟ΅Έ™ΟΕΟ΅Έ™ΟΕΟ΅Έ™ΟΕΟ΅Έ™ΟΕΟ΅Έ™ΟΕΟ΅Έ™ΟΕΟ΅Έ™ΟΕΟ΅Έ™ΟΕΟ΅Έ™ΟΕΟ΅Έ™ΟΕΟ΅Έ™ΟΕΟ΅Έ™ΟΕΟ΅Έ™ΟΕΟ΅Έ™ΟΕΟ΅Έ™ΟΕΟ΅Έ™ΟΕΟ΅Έ™ΟΕΟ΅Έ™ΟΕΟ΅[0m
05-13 19:23:20.318 I/flutter ( 6541): [38;5;12mΈ™ΟΕΟ© 19:23:20.286 (+0:00:00.014520)[0m
05-13 19:23:20.318 I/flutter ( 6541): [38;5;12mΈ™ΟΕ¬ΘΈ™ΟΕΟΛΈ™ΟΕΟΛΈ™ΟΕΟΛΈ™ΟΕΟΛΈ™ΟΕΟΛΈ™ΟΕΟΛΈ™ΟΕΟΛΈ™ΟΕΟΛΈ™ΟΕΟΛΈ™ΟΕΟΛΈ™ΟΕΟΛΈ™ΟΕΟΛΈ™ΟΕΟΛΈ™ΟΕΟΛΈ™ΟΕΟΛΈ™ΟΕΟΛΈ™ΟΕΟΛΈ™ΟΕΟΛΈ™ΟΕΟΛΈ™ΟΕΟΛΈ™ΟΕΟΛΈ™ΟΕΟΛΈ™ΟΕΟΛΈ™ΟΕΟΛΈ™ΟΕΟΛΈ™ΟΕΟΛΈ™ΟΕΟΛΈ™ΟΕΟΛΈ™ΟΕΟΛΈ™ΟΕΟΛΈ™ΟΕΟΛΈ™ΟΕΟΛΈ™ΟΕΟΛΈ™ΟΕΟΛΈ™ΟΕΟΛΈ™ΟΕΟΛΈ™ΟΕΟΛΈ™ΟΕΟΛΈ™ΟΕΟΛΈ™ΟΕΟΛΈ™ΟΕΟΛΈ™ΟΕΟΛΈ™ΟΕΟΛΈ™ΟΕΟΛΈ™ΟΕΟΛΈ™ΟΕΟΛΈ™ΟΕΟΛΈ™ΟΕΟΛΈ™ΟΕΟΛΈ™ΟΕΟΛΈ™ΟΕΟΛΈ™ΟΕΟΛΈ™ΟΕΟΛΈ™ΟΕΟΛΈ™ΟΕΟΛΈ™ΟΕΟΛΈ™ΟΕΟΛΈ™ΟΕΟΛΈ™ΟΕΟΛΈ™ΟΕΟΛΈ™ΟΕΟΛΈ™ΟΕΟΛΈ™ΟΕΟΛΈ™ΟΕΟΛΈ™ΟΕΟΛΈ™ΟΕΟΛΈ™ΟΕΟΛΈ™ΟΕΟΛΈ™ΟΕΟΛΈ™ΟΕΟΛΈ™ΟΕΟΛΈ™ΟΕΟΛΈ™ΟΕΟΛΈ™ΟΕΟΛΈ™ΟΕΟΛΈ™ΟΕΟΛΈ™ΟΕΟΛΈ™ΟΕΟΛΈ™ΟΕΟΛ[0m
05-13 19:23:20.318 I/flutter ( 6541): [38;5;12mΈ™ΟΕΟ© βâΓΤ£ΟÜΟ≠ βâΓΤ£Ο¥β¨ê Background message received: 0:1778689397404165%b892958ef9fd7ecd[0m
05-13 19:23:20.318 I/flutter ( 6541): [38;5;12mΈ™ΟΕΟΕΈ™ΟΕΟ΅Έ™ΟΕΟ΅Έ™ΟΕΟ΅Έ™ΟΕΟ΅Έ™ΟΕΟ΅Έ™ΟΕΟ΅Έ™ΟΕΟ΅Έ™ΟΕΟ΅Έ™ΟΕΟ΅Έ™ΟΕΟ΅Έ™ΟΕΟ΅Έ™ΟΕΟ΅Έ™ΟΕΟ΅Έ™ΟΕΟ΅Έ™ΟΕΟ΅Έ™ΟΕΟ΅Έ™ΟΕΟ΅Έ™ΟΕΟ΅Έ™ΟΕΟ΅Έ™ΟΕΟ΅Έ™ΟΕΟ΅Έ™ΟΕΟ΅Έ™ΟΕΟ΅Έ™ΟΕΟ΅Έ™ΟΕΟ΅Έ™ΟΕΟ΅Έ™ΟΕΟ΅Έ™ΟΕΟ΅Έ™ΟΕΟ΅Έ™ΟΕΟ΅Έ™ΟΕΟ΅Έ™ΟΕΟ΅Έ™ΟΕΟ΅Έ™ΟΕΟ΅Έ™ΟΕΟ΅Έ™ΟΕΟ΅Έ™ΟΕΟ΅Έ™ΟΕΟ΅Έ™ΟΕΟ΅Έ™ΟΕΟ΅Έ™ΟΕΟ΅Έ™ΟΕΟ΅Έ™ΟΕΟ΅Έ™ΟΕΟ΅Έ™ΟΕΟ΅Έ™ΟΕΟ΅Έ™ΟΕΟ΅Έ™ΟΕΟ΅Έ™ΟΕΟ΅Έ™ΟΕΟ΅Έ™ΟΕΟ΅Έ™ΟΕΟ΅Έ™ΟΕΟ΅Έ™ΟΕΟ΅Έ™ΟΕΟ΅Έ™ΟΕΟ΅Έ™ΟΕΟ΅Έ™ΟΕΟ΅Έ™ΟΕΟ΅Έ™ΟΕΟ΅Έ™ΟΕΟ΅Έ™ΟΕΟ΅Έ™ΟΕΟ΅Έ™ΟΕΟ΅Έ™ΟΕΟ΅Έ™ΟΕΟ΅Έ™ΟΕΟ΅Έ™ΟΕΟ΅Έ™ΟΕΟ΅Έ™ΟΕΟ΅Έ™ΟΕΟ΅Έ™ΟΕΟ΅Έ™ΟΕΟ΅Έ™ΟΕΟ΅Έ™ΟΕΟ΅Έ™ΟΕΟ΅Έ™ΟΕΟ΅Έ™ΟΕΟ΅Έ™ΟΕΟ΅[0m
05-13 19:23:20.319 I/flutter ( 6541): [38;5;12mΈ™ΟΕΟ°Έ™ΟΕΟ΅Έ™ΟΕΟ΅Έ™ΟΕΟ΅Έ™ΟΕΟ΅Έ™ΟΕΟ΅Έ™ΟΕΟ΅Έ™ΟΕΟ΅Έ™ΟΕΟ΅Έ™ΟΕΟ΅Έ™ΟΕΟ΅Έ™ΟΕΟ΅Έ™ΟΕΟ΅Έ™ΟΕΟ΅Έ™ΟΕΟ΅Έ™ΟΕΟ΅Έ™ΟΕΟ΅Έ™ΟΕΟ΅Έ™ΟΕΟ΅Έ™ΟΕΟ΅Έ™ΟΕΟ΅Έ™ΟΕΟ΅Έ™ΟΕΟ΅Έ™ΟΕΟ΅Έ™ΟΕΟ΅Έ™ΟΕΟ΅Έ™ΟΕΟ΅Έ™ΟΕΟ΅Έ™ΟΕΟ΅Έ™ΟΕΟ΅Έ™ΟΕΟ΅Έ™ΟΕΟ΅Έ™ΟΕΟ΅Έ™ΟΕΟ΅Έ™ΟΕΟ΅Έ™ΟΕΟ΅Έ™ΟΕΟ΅Έ™ΟΕΟ΅Έ™ΟΕΟ΅Έ™ΟΕΟ΅Έ™ΟΕΟ΅Έ™ΟΕΟ΅Έ™ΟΕΟ΅Έ™ΟΕΟ΅Έ™ΟΕΟ΅Έ™ΟΕΟ΅Έ™ΟΕΟ΅Έ™ΟΕΟ΅Έ™ΟΕΟ΅Έ™ΟΕΟ΅Έ™ΟΕΟ΅Έ™ΟΕΟ΅Έ™ΟΕΟ΅Έ™ΟΕΟ΅Έ™ΟΕΟ΅Έ™ΟΕΟ΅Έ™ΟΕΟ΅Έ™ΟΕΟ΅Έ™ΟΕΟ΅Έ™ΟΕΟ΅Έ™ΟΕΟ΅Έ™ΟΕΟ΅Έ™ΟΕΟ΅Έ™ΟΕΟ΅Έ™ΟΕΟ΅Έ™ΟΕΟ΅Έ™ΟΕΟ΅Έ™ΟΕΟ΅Έ™ΟΕΟ΅Έ™ΟΕΟ΅Έ™ΟΕΟ΅Έ™ΟΕΟ΅Έ™ΟΕΟ΅Έ™ΟΕΟ΅Έ™ΟΕΟ΅Έ™ΟΕΟ΅Έ™ΟΕΟ΅Έ™ΟΕΟ΅Έ™ΟΕΟ΅Έ™ΟΕΟ΅[0m
05-13 19:23:20.319 I/flutter ( 6541): [38;5;12mΈ™ΟΕΟ© 19:23:20.318 (+0:00:00.046718)[0m
05-13 19:23:20.319 I/flutter ( 6541): [38;5;12mΈ™ΟΕ¬ΘΈ™ΟΕΟΛΈ™ΟΕΟΛΈ™ΟΕΟΛΈ™ΟΕΟΛΈ™ΟΕΟΛΈ™ΟΕΟΛΈ™ΟΕΟΛΈ™ΟΕΟΛΈ™ΟΕΟΛΈ™ΟΕΟΛΈ™ΟΕΟΛΈ™ΟΕΟΛΈ™ΟΕΟΛΈ™ΟΕΟΛΈ™ΟΕΟΛΈ™ΟΕΟΛΈ™ΟΕΟΛΈ™ΟΕΟΛΈ™ΟΕΟΛΈ™ΟΕΟΛΈ™ΟΕΟΛΈ™ΟΕΟΛΈ™ΟΕΟΛΈ™ΟΕΟΛΈ™ΟΕΟΛΈ™ΟΕΟΛΈ™ΟΕΟΛΈ™ΟΕΟΛΈ™ΟΕΟΛΈ™ΟΕΟΛΈ™ΟΕΟΛΈ™ΟΕΟΛΈ™ΟΕΟΛΈ™ΟΕΟΛΈ™ΟΕΟΛΈ™ΟΕΟΛΈ™ΟΕΟΛΈ™ΟΕΟΛΈ™ΟΕΟΛΈ™ΟΕΟΛΈ™ΟΕΟΛΈ™ΟΕΟΛΈ™ΟΕΟΛΈ™ΟΕΟΛΈ™ΟΕΟΛΈ™ΟΕΟΛΈ™ΟΕΟΛΈ™ΟΕΟΛΈ™ΟΕΟΛΈ™ΟΕΟΛΈ™ΟΕΟΛΈ™ΟΕΟΛΈ™ΟΕΟΛΈ™ΟΕΟΛΈ™ΟΕΟΛΈ™ΟΕΟΛΈ™ΟΕΟΛΈ™ΟΕΟΛΈ™ΟΕΟΛΈ™ΟΕΟΛΈ™ΟΕΟΛΈ™ΟΕΟΛΈ™ΟΕΟΛΈ™ΟΕΟΛΈ™ΟΕΟΛΈ™ΟΕΟΛΈ™ΟΕΟΛΈ™ΟΕΟΛΈ™ΟΕΟΛΈ™ΟΕΟΛΈ™ΟΕΟΛΈ™ΟΕΟΛΈ™ΟΕΟΛΈ™ΟΕΟΛΈ™ΟΕΟΛΈ™ΟΕΟΛΈ™ΟΕΟΛΈ™ΟΕΟΛΈ™ΟΕΟΛ[0m
05-13 19:23:20.319 I/flutter ( 6541): [38;5;12mΈ™ΟΕΟ© βâΓΤ£ΟÜΟ≠    Title: null[0m
05-13 19:23:20.319 I/flutter ( 6541): [38;5;12mΈ™ΟΕΟΕΈ™ΟΕΟ΅Έ™ΟΕΟ΅Έ™ΟΕΟ΅Έ™ΟΕΟ΅Έ™ΟΕΟ΅Έ™ΟΕΟ΅Έ™ΟΕΟ΅Έ™ΟΕΟ΅Έ™ΟΕΟ΅Έ™ΟΕΟ΅Έ™ΟΕΟ΅Έ™ΟΕΟ΅Έ™ΟΕΟ΅Έ™ΟΕΟ΅Έ™ΟΕΟ΅Έ™ΟΕΟ΅Έ™ΟΕΟ΅Έ™ΟΕΟ΅Έ™ΟΕΟ΅Έ™ΟΕΟ΅Έ™ΟΕΟ΅Έ™ΟΕΟ΅Έ™ΟΕΟ΅Έ™ΟΕΟ΅Έ™ΟΕΟ΅Έ™ΟΕΟ΅Έ™ΟΕΟ΅Έ™ΟΕΟ΅Έ™ΟΕΟ΅Έ™ΟΕΟ΅Έ™ΟΕΟ΅Έ™ΟΕΟ΅Έ™ΟΕΟ΅Έ™ΟΕΟ΅Έ™ΟΕΟ΅Έ™ΟΕΟ΅Έ™ΟΕΟ΅Έ™ΟΕΟ΅Έ™ΟΕΟ΅Έ™ΟΕΟ΅Έ™ΟΕΟ΅Έ™ΟΕΟ΅Έ™ΟΕΟ΅Έ™ΟΕΟ΅Έ™ΟΕΟ΅Έ™ΟΕΟ΅Έ™ΟΕΟ΅Έ™ΟΕΟ΅Έ™ΟΕΟ΅Έ™ΟΕΟ΅Έ™ΟΕΟ΅Έ™ΟΕΟ΅Έ™ΟΕΟ΅Έ™ΟΕΟ΅Έ™ΟΕΟ΅Έ™ΟΕΟ΅Έ™ΟΕΟ΅Έ™ΟΕΟ΅Έ™ΟΕΟ΅Έ™ΟΕΟ΅Έ™ΟΕΟ΅Έ™ΟΕΟ΅Έ™ΟΕΟ΅Έ™ΟΕΟ΅Έ™ΟΕΟ΅Έ™ΟΕΟ΅Έ™ΟΕΟ΅Έ™ΟΕΟ΅Έ™ΟΕΟ΅Έ™ΟΕΟ΅Έ™ΟΕΟ΅Έ™ΟΕΟ΅Έ™ΟΕΟ΅Έ™ΟΕΟ΅Έ™ΟΕΟ΅Έ™ΟΕΟ΅Έ™ΟΕΟ΅Έ™ΟΕΟ΅Έ™ΟΕΟ΅[0m
05-13 19:23:20.320 I/flutter ( 6541): [38;5;12mΈ™ΟΕΟ°Έ™ΟΕΟ΅Έ™ΟΕΟ΅Έ™ΟΕΟ΅Έ™ΟΕΟ΅Έ™ΟΕΟ΅Έ™ΟΕΟ΅Έ™ΟΕΟ΅Έ™ΟΕΟ΅Έ™ΟΕΟ΅Έ™ΟΕΟ΅Έ™ΟΕΟ΅Έ™ΟΕΟ΅Έ™ΟΕΟ΅Έ™ΟΕΟ΅Έ™ΟΕΟ΅Έ™ΟΕΟ΅Έ™ΟΕΟ΅Έ™ΟΕΟ΅Έ™ΟΕΟ΅Έ™ΟΕΟ΅Έ™ΟΕΟ΅Έ™ΟΕΟ΅Έ™ΟΕΟ΅Έ™ΟΕΟ΅Έ™ΟΕΟ΅Έ™ΟΕΟ΅Έ™ΟΕΟ΅Έ™ΟΕΟ΅Έ™ΟΕΟ΅Έ™ΟΕΟ΅Έ™ΟΕΟ΅Έ™ΟΕΟ΅Έ™ΟΕΟ΅Έ™ΟΕΟ΅Έ™ΟΕΟ΅Έ™ΟΕΟ΅Έ™ΟΕΟ΅Έ™ΟΕΟ΅Έ™ΟΕΟ΅Έ™ΟΕΟ΅Έ™ΟΕΟ΅Έ™ΟΕΟ΅Έ™ΟΕΟ΅Έ™ΟΕΟ΅Έ™ΟΕΟ΅Έ™ΟΕΟ΅Έ™ΟΕΟ΅Έ™ΟΕΟ΅Έ™ΟΕΟ΅Έ™ΟΕΟ΅Έ™ΟΕΟ΅Έ™ΟΕΟ΅Έ™ΟΕΟ΅Έ™ΟΕΟ΅Έ™ΟΕΟ΅Έ™ΟΕΟ΅Έ™ΟΕΟ΅Έ™ΟΕΟ΅Έ™ΟΕΟ΅Έ™ΟΕΟ΅Έ™ΟΕΟ΅Έ™ΟΕΟ΅Έ™ΟΕΟ΅Έ™ΟΕΟ΅Έ™ΟΕΟ΅Έ™ΟΕΟ΅Έ™ΟΕΟ΅Έ™ΟΕΟ΅Έ™ΟΕΟ΅Έ™ΟΕΟ΅Έ™ΟΕΟ΅Έ™ΟΕΟ΅Έ™ΟΕΟ΅Έ™ΟΕΟ΅Έ™ΟΕΟ΅Έ™ΟΕΟ΅Έ™ΟΕΟ΅Έ™ΟΕΟ΅Έ™ΟΕΟ΅[0m
05-13 19:23:20.320 I/flutter ( 6541): [38;5;12mΈ™ΟΕΟ© 19:23:20.319 (+0:00:00.047776)[0m
05-13 19:23:20.320 I/flutter ( 6541): [38;5;12mΈ™ΟΕ¬ΘΈ™ΟΕΟΛΈ™ΟΕΟΛΈ™ΟΕΟΛΈ™ΟΕΟΛΈ™ΟΕΟΛΈ™ΟΕΟΛΈ™ΟΕΟΛΈ™ΟΕΟΛΈ™ΟΕΟΛΈ™ΟΕΟΛΈ™ΟΕΟΛΈ™ΟΕΟΛΈ™ΟΕΟΛΈ™ΟΕΟΛΈ™ΟΕΟΛΈ™ΟΕΟΛΈ™ΟΕΟΛΈ™ΟΕΟΛΈ™ΟΕΟΛΈ™ΟΕΟΛΈ™ΟΕΟΛΈ™ΟΕΟΛΈ™ΟΕΟΛΈ™ΟΕΟΛΈ™ΟΕΟΛΈ™ΟΕΟΛΈ™ΟΕΟΛΈ™ΟΕΟΛΈ™ΟΕΟΛΈ™ΟΕΟΛΈ™ΟΕΟΛΈ™ΟΕΟΛΈ™ΟΕΟΛΈ™ΟΕΟΛΈ™ΟΕΟΛΈ™ΟΕΟΛΈ™ΟΕΟΛΈ™ΟΕΟΛΈ™ΟΕΟΛΈ™ΟΕΟΛΈ™ΟΕΟΛΈ™ΟΕΟΛΈ™ΟΕΟΛΈ™ΟΕΟΛΈ™ΟΕΟΛΈ™ΟΕΟΛΈ™ΟΕΟΛΈ™ΟΕΟΛΈ™ΟΕΟΛΈ™ΟΕΟΛΈ™ΟΕΟΛΈ™ΟΕΟΛΈ™ΟΕΟΛΈ™ΟΕΟΛΈ™ΟΕΟΛΈ™ΟΕΟΛΈ™ΟΕΟΛΈ™ΟΕΟΛΈ™ΟΕΟΛΈ™ΟΕΟΛΈ™ΟΕΟΛΈ™ΟΕΟΛΈ™ΟΕΟΛΈ™ΟΕΟΛΈ™ΟΕΟΛΈ™ΟΕΟΛΈ™ΟΕΟΛΈ™ΟΕΟΛΈ™ΟΕΟΛΈ™ΟΕΟΛΈ™ΟΕΟΛΈ™ΟΕΟΛΈ™ΟΕΟΛΈ™ΟΕΟΛΈ™ΟΕΟΛΈ™ΟΕΟΛΈ™ΟΕΟΛΈ™ΟΕΟΛΈ™ΟΕΟΛ[0m
05-13 19:23:20.320 I/flutter ( 6541): [38;5;12mΈ™ΟΕΟ© βâΓΤ£ΟÜΟ≠    Body: null[0m
05-13 19:23:20.320 I/flutter ( 6541): [38;5;12mΈ™ΟΕΟΕΈ™ΟΕΟ΅Έ™ΟΕΟ΅Έ™ΟΕΟ΅Έ™ΟΕΟ΅Έ™ΟΕΟ΅Έ™ΟΕΟ΅Έ™ΟΕΟ΅Έ™ΟΕΟ΅Έ™ΟΕΟ΅Έ™ΟΕΟ΅Έ™ΟΕΟ΅Έ™ΟΕΟ΅Έ™ΟΕΟ΅Έ™ΟΕΟ΅Έ™ΟΕΟ΅Έ™ΟΕΟ΅Έ™ΟΕΟ΅Έ™ΟΕΟ΅Έ™ΟΕΟ΅Έ™ΟΕΟ΅Έ™ΟΕΟ΅Έ™ΟΕΟ΅Έ™ΟΕΟ΅Έ™ΟΕΟ΅Έ™ΟΕΟ΅Έ™ΟΕΟ΅Έ™ΟΕΟ΅Έ™ΟΕΟ΅Έ™ΟΕΟ΅Έ™ΟΕΟ΅Έ™ΟΕΟ΅Έ™ΟΕΟ΅Έ™ΟΕΟ΅Έ™ΟΕΟ΅Έ™ΟΕΟ΅Έ™ΟΕΟ΅Έ™ΟΕΟ΅Έ™ΟΕΟ΅Έ™ΟΕΟ΅Έ™ΟΕΟ΅Έ™ΟΕΟ΅Έ™ΟΕΟ΅Έ™ΟΕΟ΅Έ™ΟΕΟ΅Έ™ΟΕΟ΅Έ™ΟΕΟ΅Έ™ΟΕΟ΅Έ™ΟΕΟ΅Έ™ΟΕΟ΅Έ™ΟΕΟ΅Έ™ΟΕΟ΅Έ™ΟΕΟ΅Έ™ΟΕΟ΅Έ™ΟΕΟ΅Έ™ΟΕΟ΅Έ™ΟΕΟ΅Έ™ΟΕΟ΅Έ™ΟΕΟ΅Έ™ΟΕΟ΅Έ™ΟΕΟ΅Έ™ΟΕΟ΅Έ™ΟΕΟ΅Έ™ΟΕΟ΅Έ™ΟΕΟ΅Έ™ΟΕΟ΅Έ™ΟΕΟ΅Έ™ΟΕΟ΅Έ™ΟΕΟ΅Έ™ΟΕΟ΅Έ™ΟΕΟ΅Έ™ΟΕΟ΅Έ™ΟΕΟ΅Έ™ΟΕΟ΅Έ™ΟΕΟ΅Έ™ΟΕΟ΅Έ™ΟΕΟ΅Έ™ΟΕΟ΅Έ™ΟΕΟ΅Έ™ΟΕΟ΅[0m
