05-13 19:18:12.304 W/GLSUser ( 5949): 	at amln.a(:com.google.android.gms@261631038@26.16.31 (260800-900800821):3)
05-13 19:18:12.304 W/GLSUser ( 5949): 	at amlp.a(:com.google.android.gms@261631038@26.16.31 (260800-900800821):58)
05-13 19:18:12.304 W/GLSUser ( 5949): 	at amlp.b(:com.google.android.gms@261631038@26.16.31 (260800-900800821):21)
05-13 19:18:12.304 W/GLSUser ( 5949): 	at bjpo.m(:com.google.android.gms@261631038@26.16.31 (260800-900800821):13)
05-13 19:18:12.304 W/GLSUser ( 5949): 	at bjqd.f(:com.google.android.gms@261631038@26.16.31 (260800-900800821):10)
05-13 19:18:12.304 W/GLSUser ( 5949): 	at gsah.a(:com.google.android.gms@261631038@26.16.31 (260800-900800821):45)
05-13 19:18:12.304 W/GLSUser ( 5949): 	at gsab.b(:com.google.android.gms@261631038@26.16.31 (260800-900800821):293)
05-13 19:18:12.304 W/GLSUser ( 5949): 	at gtsu.call(:com.google.android.gms@261631038@26.16.31 (260800-900800821):1001)
05-13 19:18:12.304 W/GLSUser ( 5949): 	at java.util.concurrent.FutureTask.run(FutureTask.java:317)
05-13 19:18:12.304 W/GLSUser ( 5949): 	at bjwq.c(:com.google.android.gms@261631038@26.16.31 (260800-900800821):50)
05-13 19:18:12.304 W/GLSUser ( 5949): 	at bjwq.run(:com.google.android.gms@261631038@26.16.31 (260800-900800821):66)
05-13 19:18:12.304 W/GLSUser ( 5949): 	at java.util.concurrent.ThreadPoolExecutor.runWorker(ThreadPoolExecutor.java:1156)
05-13 19:18:12.304 W/GLSUser ( 5949): 	at java.util.concurrent.ThreadPoolExecutor$Worker.run(ThreadPoolExecutor.java:651)
05-13 19:18:12.304 W/GLSUser ( 5949): 	at bkch.run(:com.google.android.gms@261631038@26.16.31 (260800-900800821):8)
05-13 19:18:12.304 W/GLSUser ( 5949): 	at java.lang.Thread.run(Thread.java:1119)
05-13 19:18:12.304 W/GLSUser ( 5949): Caused by: czle: Parsing Exception
05-13 19:18:12.304 W/GLSUser ( 5949): 	at czmi.a(:com.google.android.gms@261631038@26.16.31 (260800-900800821):15)
05-13 19:18:12.304 W/GLSUser ( 5949): 	at hlbg.run(:com.google.android.gms@261631038@26.16.31 (260800-900800821):56)
05-13 19:18:12.304 W/GLSUser ( 5949): 	... 6 more
05-13 19:18:12.304 W/GLSUser ( 5949): Caused by: ivrd: Protocol message end-group tag did not match expected tag.
05-13 19:18:12.304 W/GLSUser ( 5949): 	at ivta.a(:com.google.android.gms@261631038@26.16.31 (260800-900800821):57)
05-13 19:18:12.304 W/GLSUser ( 5949): 	at ivrx.l(:com.google.android.gms@261631038@26.16.31 (260800-900800821):424)
05-13 19:18:12.304 W/GLSUser ( 5949): 	at ivpz.s(:com.google.android.gms@261631038@26.16.31 (260800-900800821):26)
05-13 19:18:12.304 W/GLSUser ( 5949): 	at ivnu.f(:com.google.android.gms@261631038@26.16.31 (260800-900800821):7)
05-13 19:18:12.304 W/GLSUser ( 5949): 	at ivnu.c(:com.google.android.gms@261631038@26.16.31 (260800-900800821):1)
05-13 19:18:12.304 W/GLSUser ( 5949): 	at ivnu.o(:com.google.android.gms@261631038@26.16.31 (260800-900800821):1)
05-13 19:18:12.304 W/GLSUser ( 5949): 	at czmh.a(:com.google.android.gms@261631038@26.16.31 (260800-900800821):15)
05-13 19:18:12.304 W/GLSUser ( 5949): 	at czmm.call(:com.google.android.gms@261631038@26.16.31 (260800-900800821):8)
05-13 19:18:12.304 W/GLSUser ( 5949): 	at java.util.concurrent.FutureTask.run(FutureTask.java:317)
05-13 19:18:12.304 W/GLSUser ( 5949): 	... 6 more
05-13 19:18:12.309 W/GLSUser ( 5949): [DeviceKeyStore] Cannot load key: Device key file not found.
05-13 19:18:12.437 W/Conscrypt( 5949): Could not set socket write timeout: java.net.SocketException: Socket closed
05-13 19:18:12.448 W/Conscrypt( 5949): 	at com.google.android.gms.org.conscrypt.Platform.setSocketWriteTimeout(:com.google.android.gms@261631038@26.16.31 (260800-900800821):204)
05-13 19:18:12.449 W/Conscrypt( 5949): 	at com.google.android.gms.org.conscrypt.ConscryptFileDescriptorSocket.setSoWriteTimeout(:com.google.android.gms@261631038@26.16.31 (260800-900800821):4)
05-13 19:18:12.598 W/Conscrypt( 5949): Could not set socket write timeout: java.net.SocketException: Socket closed
05-13 19:18:12.599 W/Conscrypt( 5949): 	at com.google.android.gms.org.conscrypt.Platform.setSocketWriteTimeout(:com.google.android.gms@261631038@26.16.31 (260800-900800821):204)
05-13 19:18:12.600 W/Conscrypt( 5949): 	at com.google.android.gms.org.conscrypt.ConscryptFileDescriptorSocket.setSoWriteTimeout(:com.google.android.gms@261631038@26.16.31 (260800-900800821):4)
05-13 19:18:12.798 W/GlsClientGrpc( 5949): Voilatile gRPC failure INVALID_ARGUMENT: Application credential header not valid. Please fix the client to pass a valid application credential header. [CONTEXT service_id=6 ]
05-13 19:18:12.798 W/GlsClientGrpc( 5949): jsoa: INVALID_ARGUMENT: Application credential header not valid. Please fix the client to pass a valid application credential header.
05-13 19:18:12.798 W/GlsClientGrpc( 5949): 	at bjqd.r(:com.google.android.gms@261631038@26.16.31 (260800-900800821):31)
05-13 19:18:12.798 W/GlsClientGrpc( 5949): 	at bjqd.f(:com.google.android.gms@261631038@26.16.31 (260800-900800821):90)
05-13 19:18:12.798 W/GlsClientGrpc( 5949): 	at gsah.a(:com.google.android.gms@261631038@26.16.31 (260800-900800821):45)
05-13 19:18:12.798 W/GlsClientGrpc( 5949): 	at gsab.b(:com.google.android.gms@261631038@26.16.31 (260800-900800821):293)
05-13 19:18:12.798 W/GlsClientGrpc( 5949): 	at gtsu.call(:com.google.android.gms@261631038@26.16.31 (260800-900800821):1001)
05-13 19:18:12.798 W/GlsClientGrpc( 5949): 	at java.util.concurrent.FutureTask.run(FutureTask.java:317)
05-13 19:18:12.798 W/GlsClientGrpc( 5949): 	at bjwq.c(:com.google.android.gms@261631038@26.16.31 (260800-900800821):50)
05-13 19:18:12.798 W/GlsClientGrpc( 5949): 	at bjwq.run(:com.google.android.gms@261631038@26.16.31 (260800-900800821):66)
05-13 19:18:12.798 W/GlsClientGrpc( 5949): 	at java.util.concurrent.ThreadPoolExecutor.runWorker(ThreadPoolExecutor.java:1156)
05-13 19:18:12.798 W/GlsClientGrpc( 5949): 	at java.util.concurrent.ThreadPoolExecutor$Worker.run(ThreadPoolExecutor.java:651)
05-13 19:18:12.798 W/GlsClientGrpc( 5949): 	at bkch.run(:com.google.android.gms@261631038@26.16.31 (260800-900800821):8)
05-13 19:18:12.798 W/GlsClientGrpc( 5949): 	at java.lang.Thread.run(Thread.java:1119)
05-13 19:18:12.861 I/FrewleTileCacheManagerV( 5949): (REDACTED) Fetched %d AP models from cache
05-13 19:18:12.874 I/ActivityScheduler( 5949): nextTriggerTime: 20391282, in 80026ms, detectorType: 39, FULL_TYPE alarmWindowMillis: 80000
05-13 19:18:13.837 D/BoundBrokerSvc( 5949): onRebind: Intent { act=com.google.android.gms.libs.gmscorelogger.service.START dat=chimera-action:/... xflg=0x4 cmp=com.google.android.gms/.chimera.PersistentDirectBootAwareApiService }
05-13 19:18:13.879 D/NetworkStatsCollection(  701): Augmented network usage by 199999998 bytes
05-13 19:18:13.882 D/NetworkStatsCollection(  701): Augmented network usage by 199999998 bytes
05-13 19:18:13.884 D/NetworkStatsCollection(  701): Augmented network usage by 199999998 bytes
05-13 19:18:13.886 D/NetworkStatsCollection(  701): Augmented network usage by 199999998 bytes
05-13 19:18:13.889 D/NetworkStatsCollection(  701): Augmented network usage by 199999998 bytes
05-13 19:18:14.900 I/spdlog  (19015): [2026-05-13 19:18:14.900][19015][I][iris_rtc_rendering_impl.cc:49] register video frame renderer observer 0
05-13 19:18:14.972 W/Settings( 5949): Setting airplane_mode_on has moved from android.provider.Settings.System to android.provider.Settings.Global, returning read-only value.
05-13 19:18:14.978 W/SystemServiceRegistry( 5949): No service published for: wifirtt
05-13 19:18:18.824 D/WifiNl80211Manager(  701): Scan result ready event
05-13 19:18:18.824 D/WifiNative(  701): Scan result ready event
05-13 19:18:18.826 I/WifiScanner( 5949): onFullResults
05-13 19:18:18.826 I/WifiScanner( 5949): onFullResults
05-13 19:18:18.826 I/WifiScanner( 5949): onFullResults
05-13 19:18:18.830 I/HalDevMgr(  701): bestIfaceCreationProposal is null, requestIface=STA, existingIface=[name=wlan0 type=STA]
05-13 19:18:18.837 I/FrewleTileCacheManagerV( 5949): (REDACTED) Fetched %d AP models from cache
05-13 19:18:18.847 I/ActivityScheduler( 5949): nextTriggerTime: 20391282, in 74054ms, detectorType: 39, FULL_TYPE alarmWindowMillis: 80000
05-13 19:18:18.996 I/flutter (19015): ΓöîΓöÇΓöÇΓöÇΓöÇΓöÇΓöÇΓöÇΓöÇΓöÇΓöÇΓöÇΓöÇΓöÇΓöÇΓöÇΓöÇΓöÇΓöÇΓöÇΓöÇΓöÇΓöÇΓöÇΓöÇΓöÇΓöÇΓöÇΓöÇΓöÇΓöÇΓöÇΓöÇΓöÇΓöÇΓöÇΓöÇΓöÇΓöÇΓöÇΓöÇΓöÇΓöÇΓöÇΓöÇΓöÇΓöÇΓöÇΓöÇΓöÇΓöÇΓöÇΓöÇΓöÇΓöÇΓöÇΓöÇΓöÇΓöÇΓöÇΓöÇΓöÇΓöÇΓöÇΓöÇΓöÇΓöÇΓöÇΓöÇΓöÇΓöÇΓöÇΓöÇΓöÇΓöÇΓöÇΓöÇΓöÇΓöÇΓöÇ
05-13 19:18:18.996 I/flutter (19015): Γöé 19:18:18.981 (+0:00:00.007375)
05-13 19:18:18.996 I/flutter (19015): Γö£ΓöäΓöäΓöäΓöäΓöäΓöäΓöäΓöäΓöäΓöäΓöäΓöäΓöäΓöäΓöäΓöäΓöäΓöäΓöäΓöäΓöäΓöäΓöäΓöäΓöäΓöäΓöäΓöäΓöäΓöäΓöäΓöäΓöäΓöäΓöäΓöäΓöäΓöäΓöäΓöäΓöäΓöäΓöäΓöäΓöäΓöäΓöäΓöäΓöäΓöäΓöäΓöäΓöäΓöäΓöäΓöäΓöäΓöäΓöäΓöäΓöäΓöäΓöäΓöäΓöäΓöäΓöäΓöäΓöäΓöäΓöäΓöäΓöäΓöäΓöäΓöäΓöäΓöäΓöä
05-13 19:18:18.996 I/flutter (19015): Γöé ≡ƒÉ¢ main: after ensureInitialized
05-13 19:18:18.996 I/flutter (19015): ΓööΓöÇΓöÇΓöÇΓöÇΓöÇΓöÇΓöÇΓöÇΓöÇΓöÇΓöÇΓöÇΓöÇΓöÇΓöÇΓöÇΓöÇΓöÇΓöÇΓöÇΓöÇΓöÇΓöÇΓöÇΓöÇΓöÇΓöÇΓöÇΓöÇΓöÇΓöÇΓöÇΓöÇΓöÇΓöÇΓöÇΓöÇΓöÇΓöÇΓöÇΓöÇΓöÇΓöÇΓöÇΓöÇΓöÇΓöÇΓöÇΓöÇΓöÇΓöÇΓöÇΓöÇΓöÇΓöÇΓöÇΓöÇΓöÇΓöÇΓöÇΓöÇΓöÇΓöÇΓöÇΓöÇΓöÇΓöÇΓöÇΓöÇΓöÇΓöÇΓöÇΓöÇΓöÇΓöÇΓöÇΓöÇΓöÇΓöÇ
05-13 19:18:19.031 I/FLTFireMsgService(19015): FlutterFirebaseMessagingBackgroundService started!
05-13 19:18:19.086 I/flutter (19015): [38;5;12mΓöîΓöÇΓöÇΓöÇΓöÇΓöÇΓöÇΓöÇΓöÇΓöÇΓöÇΓöÇΓöÇΓöÇΓöÇΓöÇΓöÇΓöÇΓöÇΓöÇΓöÇΓöÇΓöÇΓöÇΓöÇΓöÇΓöÇΓöÇΓöÇΓöÇΓöÇΓöÇΓöÇΓöÇΓöÇΓöÇΓöÇΓöÇΓöÇΓöÇΓöÇΓöÇΓöÇΓöÇΓöÇΓöÇΓöÇΓöÇΓöÇΓöÇΓöÇΓöÇΓöÇΓöÇΓöÇΓöÇΓöÇΓöÇΓöÇΓöÇΓöÇΓöÇΓöÇΓöÇΓöÇΓöÇΓöÇΓöÇΓöÇΓöÇΓöÇΓöÇΓöÇΓöÇΓöÇΓöÇΓöÇΓöÇΓöÇΓöÇ[0m
05-13 19:18:19.086 I/flutter (19015): [38;5;12mΓöé 19:18:19.085 (+0:00:00.111902)[0m
05-13 19:18:19.086 I/flutter (19015): [38;5;12mΓö£ΓöäΓöäΓöäΓöäΓöäΓöäΓöäΓöäΓöäΓöäΓöäΓöäΓöäΓöäΓöäΓöäΓöäΓöäΓöäΓöäΓöäΓöäΓöäΓöäΓöäΓöäΓöäΓöäΓöäΓöäΓöäΓöäΓöäΓöäΓöäΓöäΓöäΓöäΓöäΓöäΓöäΓöäΓöäΓöäΓöäΓöäΓöäΓöäΓöäΓöäΓöäΓöäΓöäΓöäΓöäΓöäΓöäΓöäΓöäΓöäΓöäΓöäΓöäΓöäΓöäΓöäΓöäΓöäΓöäΓöäΓöäΓöäΓöäΓöäΓöäΓöäΓöäΓöäΓöä[0m
05-13 19:18:19.087 I/flutter (19015): [38;5;12mΓöé ≡ƒÆí Firebase initialized[0m
05-13 19:18:19.087 I/flutter (19015): [38;5;12mΓööΓöÇΓöÇΓöÇΓöÇΓöÇΓöÇΓöÇΓöÇΓöÇΓöÇΓöÇΓöÇΓöÇΓöÇΓöÇΓöÇΓöÇΓöÇΓöÇΓöÇΓöÇΓöÇΓöÇΓöÇΓöÇΓöÇΓöÇΓöÇΓöÇΓöÇΓöÇΓöÇΓöÇΓöÇΓöÇΓöÇΓöÇΓöÇΓöÇΓöÇΓöÇΓöÇΓöÇΓöÇΓöÇΓöÇΓöÇΓöÇΓöÇΓöÇΓöÇΓöÇΓöÇΓöÇΓöÇΓöÇΓöÇΓöÇΓöÇΓöÇΓöÇΓöÇΓöÇΓöÇΓöÇΓöÇΓöÇΓöÇΓöÇΓöÇΓöÇΓöÇΓöÇΓöÇΓöÇΓöÇΓöÇΓöÇΓöÇ[0m
05-13 19:18:19.201 I/flutter (19015): [38;5;12mΓöîΓöÇΓöÇΓöÇΓöÇΓöÇΓöÇΓöÇΓöÇΓöÇΓöÇΓöÇΓöÇΓöÇΓöÇΓöÇΓöÇΓöÇΓöÇΓöÇΓöÇΓöÇΓöÇΓöÇΓöÇΓöÇΓöÇΓöÇΓöÇΓöÇΓöÇΓöÇΓöÇΓöÇΓöÇΓöÇΓöÇΓöÇΓöÇΓöÇΓöÇΓöÇΓöÇΓöÇΓöÇΓöÇΓöÇΓöÇΓöÇΓöÇΓöÇΓöÇΓöÇΓöÇΓöÇΓöÇΓöÇΓöÇΓöÇΓöÇΓöÇΓöÇΓöÇΓöÇΓöÇΓöÇΓöÇΓöÇΓöÇΓöÇΓöÇΓöÇΓöÇΓöÇΓöÇΓöÇΓöÇΓöÇΓöÇΓöÇ[0m
05-13 19:18:19.201 I/flutter (19015): [38;5;12mΓöé 19:18:19.199 (+0:00:00.225977)[0m
05-13 19:18:19.202 I/flutter (19015): [38;5;12mΓö£ΓöäΓöäΓöäΓöäΓöäΓöäΓöäΓöäΓöäΓöäΓöäΓöäΓöäΓöäΓöäΓöäΓöäΓöäΓöäΓöäΓöäΓöäΓöäΓöäΓöäΓöäΓöäΓöäΓöäΓöäΓöäΓöäΓöäΓöäΓöäΓöäΓöäΓöäΓöäΓöäΓöäΓöäΓöäΓöäΓöäΓöäΓöäΓöäΓöäΓöäΓöäΓöäΓöäΓöäΓöäΓöäΓöäΓöäΓöäΓöäΓöäΓöäΓöäΓöäΓöäΓöäΓöäΓöäΓöäΓöäΓöäΓöäΓöäΓöäΓöäΓöäΓöäΓöäΓöä[0m
05-13 19:18:19.202 I/flutter (19015): [38;5;12mΓöé ≡ƒÆí Γ£à Notification channels created (v2)[0m
05-13 19:18:19.202 I/flutter (19015): [38;5;12mΓööΓöÇΓöÇΓöÇΓöÇΓöÇΓöÇΓöÇΓöÇΓöÇΓöÇΓöÇΓöÇΓöÇΓöÇΓöÇΓöÇΓöÇΓöÇΓöÇΓöÇΓöÇΓöÇΓöÇΓöÇΓöÇΓöÇΓöÇΓöÇΓöÇΓöÇΓöÇΓöÇΓöÇΓöÇΓöÇΓöÇΓöÇΓöÇΓöÇΓöÇΓöÇΓöÇΓöÇΓöÇΓöÇΓöÇΓöÇΓöÇΓöÇΓöÇΓöÇΓöÇΓöÇΓöÇΓöÇΓöÇΓöÇΓöÇΓöÇΓöÇΓöÇΓöÇΓöÇΓöÇΓöÇΓöÇΓöÇΓöÇΓöÇΓöÇΓöÇΓöÇΓöÇΓöÇΓöÇΓöÇΓöÇΓöÇΓöÇ[0m
05-13 19:18:19.202 I/flutter (19015): [38;5;12mΓöîΓöÇΓöÇΓöÇΓöÇΓöÇΓöÇΓöÇΓöÇΓöÇΓöÇΓöÇΓöÇΓöÇΓöÇΓöÇΓöÇΓöÇΓöÇΓöÇΓöÇΓöÇΓöÇΓöÇΓöÇΓöÇΓöÇΓöÇΓöÇΓöÇΓöÇΓöÇΓöÇΓöÇΓöÇΓöÇΓöÇΓöÇΓöÇΓöÇΓöÇΓöÇΓöÇΓöÇΓöÇΓöÇΓöÇΓöÇΓöÇΓöÇΓöÇΓöÇΓöÇΓöÇΓöÇΓöÇΓöÇΓöÇΓöÇΓöÇΓöÇΓöÇΓöÇΓöÇΓöÇΓöÇΓöÇΓöÇΓöÇΓöÇΓöÇΓöÇΓöÇΓöÇΓöÇΓöÇΓöÇΓöÇΓöÇΓöÇ[0m
05-13 19:18:19.202 I/flutter (19015): [38;5;12mΓöé 19:18:19.202 (+0:00:00.229083)[0m
05-13 19:18:19.203 I/flutter (19015): [38;5;12mΓö£ΓöäΓöäΓöäΓöäΓöäΓöäΓöäΓöäΓöäΓöäΓöäΓöäΓöäΓöäΓöäΓöäΓöäΓöäΓöäΓöäΓöäΓöäΓöäΓöäΓöäΓöäΓöäΓöäΓöäΓöäΓöäΓöäΓöäΓöäΓöäΓöäΓöäΓöäΓöäΓöäΓöäΓöäΓöäΓöäΓöäΓöäΓöäΓöäΓöäΓöäΓöäΓöäΓöäΓöäΓöäΓöäΓöäΓöäΓöäΓöäΓöäΓöäΓöäΓöäΓöäΓöäΓöäΓöäΓöäΓöäΓöäΓöäΓöäΓöäΓöäΓöäΓöäΓöäΓöä[0m
05-13 19:18:19.203 I/flutter (19015): [38;5;12mΓöé ≡ƒÆí Γ£à NotificationService initialized[0m
05-13 19:18:19.203 I/flutter (19015): [38;5;12mΓööΓöÇΓöÇΓöÇΓöÇΓöÇΓöÇΓöÇΓöÇΓöÇΓöÇΓöÇΓöÇΓöÇΓöÇΓöÇΓöÇΓöÇΓöÇΓöÇΓöÇΓöÇΓöÇΓöÇΓöÇΓöÇΓöÇΓöÇΓöÇΓöÇΓöÇΓöÇΓöÇΓöÇΓöÇΓöÇΓöÇΓöÇΓöÇΓöÇΓöÇΓöÇΓöÇΓöÇΓöÇΓöÇΓöÇΓöÇΓöÇΓöÇΓöÇΓöÇΓöÇΓöÇΓöÇΓöÇΓöÇΓöÇΓöÇΓöÇΓöÇΓöÇΓöÇΓöÇΓöÇΓöÇΓöÇΓöÇΓöÇΓöÇΓöÇΓöÇΓöÇΓöÇΓöÇΓöÇΓöÇΓöÇΓöÇΓöÇ[0m
05-13 19:18:19.203 I/flutter (19015): [38;5;12mΓöîΓöÇΓöÇΓöÇΓöÇΓöÇΓöÇΓöÇΓöÇΓöÇΓöÇΓöÇΓöÇΓöÇΓöÇΓöÇΓöÇΓöÇΓöÇΓöÇΓöÇΓöÇΓöÇΓöÇΓöÇΓöÇΓöÇΓöÇΓöÇΓöÇΓöÇΓöÇΓöÇΓöÇΓöÇΓöÇΓöÇΓöÇΓöÇΓöÇΓöÇΓöÇΓöÇΓöÇΓöÇΓöÇΓöÇΓöÇΓöÇΓöÇΓöÇΓöÇΓöÇΓöÇΓöÇΓöÇΓöÇΓöÇΓöÇΓöÇΓöÇΓöÇΓöÇΓöÇΓöÇΓöÇΓöÇΓöÇΓöÇΓöÇΓöÇΓöÇΓöÇΓöÇΓöÇΓöÇΓöÇΓöÇΓöÇΓöÇ[0m
05-13 19:18:19.203 I/flutter (19015): [38;5;12mΓöé 19:18:19.203 (+0:00:00.229742)[0m
05-13 19:18:19.203 I/flutter (19015): [38;5;12mΓö£ΓöäΓöäΓöäΓöäΓöäΓöäΓöäΓöäΓöäΓöäΓöäΓöäΓöäΓöäΓöäΓöäΓöäΓöäΓöäΓöäΓöäΓöäΓöäΓöäΓöäΓöäΓöäΓöäΓöäΓöäΓöäΓöäΓöäΓöäΓöäΓöäΓöäΓöäΓöäΓöäΓöäΓöäΓöäΓöäΓöäΓöäΓöäΓöäΓöäΓöäΓöäΓöäΓöäΓöäΓöäΓöäΓöäΓöäΓöäΓöäΓöäΓöäΓöäΓöäΓöäΓöäΓöäΓöäΓöäΓöäΓöäΓöäΓöäΓöäΓöäΓöäΓöäΓöäΓöä[0m
05-13 19:18:19.204 I/flutter (19015): [38;5;12mΓöé ≡ƒÆí Notification service initialized[0m
05-13 19:18:19.204 I/flutter (19015): [38;5;12mΓööΓöÇΓöÇΓöÇΓöÇΓöÇΓöÇΓöÇΓöÇΓöÇΓöÇΓöÇΓöÇΓöÇΓöÇΓöÇΓöÇΓöÇΓöÇΓöÇΓöÇΓöÇΓöÇΓöÇΓöÇΓöÇΓöÇΓöÇΓöÇΓöÇΓöÇΓöÇΓöÇΓöÇΓöÇΓöÇΓöÇΓöÇΓöÇΓöÇΓöÇΓöÇΓöÇΓöÇΓöÇΓöÇΓöÇΓöÇΓöÇΓöÇΓöÇΓöÇΓöÇΓöÇΓöÇΓöÇΓöÇΓöÇΓöÇΓöÇΓöÇΓöÇΓöÇΓöÇΓöÇΓöÇΓöÇΓöÇΓöÇΓöÇΓöÇΓöÇΓöÇΓöÇΓöÇΓöÇΓöÇΓöÇΓöÇΓöÇ[0m
05-13 19:18:19.209 I/flutter (19015): [38;5;12mΓöîΓöÇΓöÇΓöÇΓöÇΓöÇΓöÇΓöÇΓöÇΓöÇΓöÇΓöÇΓöÇΓöÇΓöÇΓöÇΓöÇΓöÇΓöÇΓöÇΓöÇΓöÇΓöÇΓöÇΓöÇΓöÇΓöÇΓöÇΓöÇΓöÇΓöÇΓöÇΓöÇΓöÇΓöÇΓöÇΓöÇΓöÇΓöÇΓöÇΓöÇΓöÇΓöÇΓöÇΓöÇΓöÇΓöÇΓöÇΓöÇΓöÇΓöÇΓöÇΓöÇΓöÇΓöÇΓöÇΓöÇΓöÇΓöÇΓöÇΓöÇΓöÇΓöÇΓöÇΓöÇΓöÇΓöÇΓöÇΓöÇΓöÇΓöÇΓöÇΓöÇΓöÇΓöÇΓöÇΓöÇΓöÇΓöÇΓöÇ[0m
05-13 19:18:19.209 I/flutter (19015): [38;5;12mΓöé 19:18:19.209 (+0:00:00.235601)[0m
05-13 19:18:19.209 I/flutter (19015): [38;5;12mΓö£ΓöäΓöäΓöäΓöäΓöäΓöäΓöäΓöäΓöäΓöäΓöäΓöäΓöäΓöäΓöäΓöäΓöäΓöäΓöäΓöäΓöäΓöäΓöäΓöäΓöäΓöäΓöäΓöäΓöäΓöäΓöäΓöäΓöäΓöäΓöäΓöäΓöäΓöäΓöäΓöäΓöäΓöäΓöäΓöäΓöäΓöäΓöäΓöäΓöäΓöäΓöäΓöäΓöäΓöäΓöäΓöäΓöäΓöäΓöäΓöäΓöäΓöäΓöäΓöäΓöäΓöäΓöäΓöäΓöäΓöäΓöäΓöäΓöäΓöäΓöäΓöäΓöäΓöäΓöä[0m
05-13 19:18:19.209 I/flutter (19015): [38;5;12mΓöé ≡ƒÆí Background message handler registered[0m
05-13 19:18:19.210 I/flutter (19015): [38;5;12mΓööΓöÇΓöÇΓöÇΓöÇΓöÇΓöÇΓöÇΓöÇΓöÇΓöÇΓöÇΓöÇΓöÇΓöÇΓöÇΓöÇΓöÇΓöÇΓöÇΓöÇΓöÇΓöÇΓöÇΓöÇΓöÇΓöÇΓöÇΓöÇΓöÇΓöÇΓöÇΓöÇΓöÇΓöÇΓöÇΓöÇΓöÇΓöÇΓöÇΓöÇΓöÇΓöÇΓöÇΓöÇΓöÇΓöÇΓöÇΓöÇΓöÇΓöÇΓöÇΓöÇΓöÇΓöÇΓöÇΓöÇΓöÇΓöÇΓöÇΓöÇΓöÇΓöÇΓöÇΓöÇΓöÇΓöÇΓöÇΓöÇΓöÇΓöÇΓöÇΓöÇΓöÇΓöÇΓöÇΓöÇΓöÇΓöÇΓöÇ[0m
05-13 19:18:19.218 W/FLTFireMsgService(19015): Attempted to start a duplicate background isolate. Returning...
05-13 19:18:19.238 I/flutter (19015): [38;5;12mΓöîΓöÇΓöÇΓöÇΓöÇΓöÇΓöÇΓöÇΓöÇΓöÇΓöÇΓöÇΓöÇΓöÇΓöÇΓöÇΓöÇΓöÇΓöÇΓöÇΓöÇΓöÇΓöÇΓöÇΓöÇΓöÇΓöÇΓöÇΓöÇΓöÇΓöÇΓöÇΓöÇΓöÇΓöÇΓöÇΓöÇΓöÇΓöÇΓöÇΓöÇΓöÇΓöÇΓöÇΓöÇΓöÇΓöÇΓöÇΓöÇΓöÇΓöÇΓöÇΓöÇΓöÇΓöÇΓöÇΓöÇΓöÇΓöÇΓöÇΓöÇΓöÇΓöÇΓöÇΓöÇΓöÇΓöÇΓöÇΓöÇΓöÇΓöÇΓöÇΓöÇΓöÇΓöÇΓöÇΓöÇΓöÇΓöÇΓöÇ[0m
05-13 19:18:19.239 I/flutter (19015): [38;5;12mΓöé 19:18:19.238 (+0:00:00.264374)[0m
05-13 19:18:19.239 I/flutter (19015): [38;5;12mΓö£ΓöäΓöäΓöäΓöäΓöäΓöäΓöäΓöäΓöäΓöäΓöäΓöäΓöäΓöäΓöäΓöäΓöäΓöäΓöäΓöäΓöäΓöäΓöäΓöäΓöäΓöäΓöäΓöäΓöäΓöäΓöäΓöäΓöäΓöäΓöäΓöäΓöäΓöäΓöäΓöäΓöäΓöäΓöäΓöäΓöäΓöäΓöäΓöäΓöäΓöäΓöäΓöäΓöäΓöäΓöäΓöäΓöäΓöäΓöäΓöäΓöäΓöäΓöäΓöäΓöäΓöäΓöäΓöäΓöäΓöäΓöäΓöäΓöäΓöäΓöäΓöäΓöäΓöäΓöä[0m
05-13 19:18:19.239 I/flutter (19015): [38;5;12mΓöé ≡ƒÆí FCM token: eYCjBSI6SdKIM-wqpu7fMW:APA91bGLbji3C0yB5-O4HI5vFHlmKmIdFDnoRVd2awBcy6NiPrxI4j72fp1_2x52yZkdRWi3EbZ2rnhjolXDBWzXxQb0PImUBZXtO1U5a3ti8GGH-4ztdms[0m
05-13 19:18:19.239 I/flutter (19015): [38;5;12mΓööΓöÇΓöÇΓöÇΓöÇΓöÇΓöÇΓöÇΓöÇΓöÇΓöÇΓöÇΓöÇΓöÇΓöÇΓöÇΓöÇΓöÇΓöÇΓöÇΓöÇΓöÇΓöÇΓöÇΓöÇΓöÇΓöÇΓöÇΓöÇΓöÇΓöÇΓöÇΓöÇΓöÇΓöÇΓöÇΓöÇΓöÇΓöÇΓöÇΓöÇΓöÇΓöÇΓöÇΓöÇΓöÇΓöÇΓöÇΓöÇΓöÇΓöÇΓöÇΓöÇΓöÇΓöÇΓöÇΓöÇΓöÇΓöÇΓöÇΓöÇΓöÇΓöÇΓöÇΓöÇΓöÇΓöÇΓöÇΓöÇΓöÇΓöÇΓöÇΓöÇΓöÇΓöÇΓöÇΓöÇΓöÇΓöÇΓöÇ[0m
05-13 19:18:19.250 I/flutter (19015): ΓöîΓöÇΓöÇΓöÇΓöÇΓöÇΓöÇΓöÇΓöÇΓöÇΓöÇΓöÇΓöÇΓöÇΓöÇΓöÇΓöÇΓöÇΓöÇΓöÇΓöÇΓöÇΓöÇΓöÇΓöÇΓöÇΓöÇΓöÇΓöÇΓöÇΓöÇΓöÇΓöÇΓöÇΓöÇΓöÇΓöÇΓöÇΓöÇΓöÇΓöÇΓöÇΓöÇΓöÇΓöÇΓöÇΓöÇΓöÇΓöÇΓöÇΓöÇΓöÇΓöÇΓöÇΓöÇΓöÇΓöÇΓöÇΓöÇΓöÇΓöÇΓöÇΓöÇΓöÇΓöÇΓöÇΓöÇΓöÇΓöÇΓöÇΓöÇΓöÇΓöÇΓöÇΓöÇΓöÇΓöÇΓöÇΓöÇΓöÇ
05-13 19:18:19.250 I/flutter (19015): Γöé 19:18:19.249 (+0:00:00.276301)
05-13 19:18:19.251 I/flutter (19015): Γö£ΓöäΓöäΓöäΓöäΓöäΓöäΓöäΓöäΓöäΓöäΓöäΓöäΓöäΓöäΓöäΓöäΓöäΓöäΓöäΓöäΓöäΓöäΓöäΓöäΓöäΓöäΓöäΓöäΓöäΓöäΓöäΓöäΓöäΓöäΓöäΓöäΓöäΓöäΓöäΓöäΓöäΓöäΓöäΓöäΓöäΓöäΓöäΓöäΓöäΓöäΓöäΓöäΓöäΓöäΓöäΓöäΓöäΓöäΓöäΓöäΓöäΓöäΓöäΓöäΓöäΓöäΓöäΓöäΓöäΓöäΓöäΓöäΓöäΓöäΓöäΓöäΓöäΓöäΓöä
05-13 19:18:19.251 I/flutter (19015): Γöé ≡ƒÉ¢ main: initializing EasyLocalization
05-13 19:18:19.251 I/flutter (19015): ΓööΓöÇΓöÇΓöÇΓöÇΓöÇΓöÇΓöÇΓöÇΓöÇΓöÇΓöÇΓöÇΓöÇΓöÇΓöÇΓöÇΓöÇΓöÇΓöÇΓöÇΓöÇΓöÇΓöÇΓöÇΓöÇΓöÇΓöÇΓöÇΓöÇΓöÇΓöÇΓöÇΓöÇΓöÇΓöÇΓöÇΓöÇΓöÇΓöÇΓöÇΓöÇΓöÇΓöÇΓöÇΓöÇΓöÇΓöÇΓöÇΓöÇΓöÇΓöÇΓöÇΓöÇΓöÇΓöÇΓöÇΓöÇΓöÇΓöÇΓöÇΓöÇΓöÇΓöÇΓöÇΓöÇΓöÇΓöÇΓöÇΓöÇΓöÇΓöÇΓöÇΓöÇΓöÇΓöÇΓöÇΓöÇΓöÇΓöÇ
05-13 19:18:19.273 I/flutter (19015): [90m[≡ƒîÄ Easy Localization] [DEBUG] Localization initialized[0m
05-13 19:18:19.278 I/flutter (19015): [34m[≡ƒîÄ Easy Localization] [WARNING] Localization key [call_support_display_name] not found[0m
05-13 19:18:19.285 I/flutter (19015): ΓöîΓöÇΓöÇΓöÇΓöÇΓöÇΓöÇΓöÇΓöÇΓöÇΓöÇΓöÇΓöÇΓöÇΓöÇΓöÇΓöÇΓöÇΓöÇΓöÇΓöÇΓöÇΓöÇΓöÇΓöÇΓöÇΓöÇΓöÇΓöÇΓöÇΓöÇΓöÇΓöÇΓöÇΓöÇΓöÇΓöÇΓöÇΓöÇΓöÇΓöÇΓöÇΓöÇΓöÇΓöÇΓöÇΓöÇΓöÇΓöÇΓöÇΓöÇΓöÇΓöÇΓöÇΓöÇΓöÇΓöÇΓöÇΓöÇΓöÇΓöÇΓöÇΓöÇΓöÇΓöÇΓöÇΓöÇΓöÇΓöÇΓöÇΓöÇΓöÇΓöÇΓöÇΓöÇΓöÇΓöÇΓöÇΓöÇΓöÇ
05-13 19:18:19.285 I/flutter (19015): Γöé 19:18:19.284 (+0:00:00.311357)
05-13 19:18:19.285 I/flutter (19015): Γö£ΓöäΓöäΓöäΓöäΓöäΓöäΓöäΓöäΓöäΓöäΓöäΓöäΓöäΓöäΓöäΓöäΓöäΓöäΓöäΓöäΓöäΓöäΓöäΓöäΓöäΓöäΓöäΓöäΓöäΓöäΓöäΓöäΓöäΓöäΓöäΓöäΓöäΓöäΓöäΓöäΓöäΓöäΓöäΓöäΓöäΓöäΓöäΓöäΓöäΓöäΓöäΓöäΓöäΓöäΓöäΓöäΓöäΓöäΓöäΓöäΓöäΓöäΓöäΓöäΓöäΓöäΓöäΓöäΓöäΓöäΓöäΓöäΓöäΓöäΓöäΓöäΓöäΓöäΓöä
05-13 19:18:19.286 I/flutter (19015): Γöé ≡ƒÉ¢ main: loading dotenv
05-13 19:18:19.286 I/flutter (19015): ΓööΓöÇΓöÇΓöÇΓöÇΓöÇΓöÇΓöÇΓöÇΓöÇΓöÇΓöÇΓöÇΓöÇΓöÇΓöÇΓöÇΓöÇΓöÇΓöÇΓöÇΓöÇΓöÇΓöÇΓöÇΓöÇΓöÇΓöÇΓöÇΓöÇΓöÇΓöÇΓöÇΓöÇΓöÇΓöÇΓöÇΓöÇΓöÇΓöÇΓöÇΓöÇΓöÇΓöÇΓöÇΓöÇΓöÇΓöÇΓöÇΓöÇΓöÇΓöÇΓöÇΓöÇΓöÇΓöÇΓöÇΓöÇΓöÇΓöÇΓöÇΓöÇΓöÇΓöÇΓöÇΓöÇΓöÇΓöÇΓöÇΓöÇΓöÇΓöÇΓöÇΓöÇΓöÇΓöÇΓöÇΓöÇΓöÇΓöÇ
05-13 19:18:19.326 I/flutter (19015): ΓöîΓöÇΓöÇΓöÇΓöÇΓöÇΓöÇΓöÇΓöÇΓöÇΓöÇΓöÇΓöÇΓöÇΓöÇΓöÇΓöÇΓöÇΓöÇΓöÇΓöÇΓöÇΓöÇΓöÇΓöÇΓöÇΓöÇΓöÇΓöÇΓöÇΓöÇΓöÇΓöÇΓöÇΓöÇΓöÇΓöÇΓöÇΓöÇΓöÇΓöÇΓöÇΓöÇΓöÇΓöÇΓöÇΓöÇΓöÇΓöÇΓöÇΓöÇΓöÇΓöÇΓöÇΓöÇΓöÇΓöÇΓöÇΓöÇΓöÇΓöÇΓöÇΓöÇΓöÇΓöÇΓöÇΓöÇΓöÇΓöÇΓöÇΓöÇΓöÇΓöÇΓöÇΓöÇΓöÇΓöÇΓöÇΓöÇΓöÇ
05-13 19:18:19.327 I/flutter (19015): Γöé 19:18:19.326 (+0:00:00.352637)
05-13 19:18:19.327 I/flutter (19015): Γö£ΓöäΓöäΓöäΓöäΓöäΓöäΓöäΓöäΓöäΓöäΓöäΓöäΓöäΓöäΓöäΓöäΓöäΓöäΓöäΓöäΓöäΓöäΓöäΓöäΓöäΓöäΓöäΓöäΓöäΓöäΓöäΓöäΓöäΓöäΓöäΓöäΓöäΓöäΓöäΓöäΓöäΓöäΓöäΓöäΓöäΓöäΓöäΓöäΓöäΓöäΓöäΓöäΓöäΓöäΓöäΓöäΓöäΓöäΓöäΓöäΓöäΓöäΓöäΓöäΓöäΓöäΓöäΓöäΓöäΓöäΓöäΓöäΓöäΓöäΓöäΓöäΓöäΓöäΓöä
05-13 19:18:19.328 I/flutter (19015): Γöé ≡ƒÉ¢ main: verifying env
05-13 19:18:19.328 I/flutter (19015): ΓööΓöÇΓöÇΓöÇΓöÇΓöÇΓöÇΓöÇΓöÇΓöÇΓöÇΓöÇΓöÇΓöÇΓöÇΓöÇΓöÇΓöÇΓöÇΓöÇΓöÇΓöÇΓöÇΓöÇΓöÇΓöÇΓöÇΓöÇΓöÇΓöÇΓöÇΓöÇΓöÇΓöÇΓöÇΓöÇΓöÇΓöÇΓöÇΓöÇΓöÇΓöÇΓöÇΓöÇΓöÇΓöÇΓöÇΓöÇΓöÇΓöÇΓöÇΓöÇΓöÇΓöÇΓöÇΓöÇΓöÇΓöÇΓöÇΓöÇΓöÇΓöÇΓöÇΓöÇΓöÇΓöÇΓöÇΓöÇΓöÇΓöÇΓöÇΓöÇΓöÇΓöÇΓöÇΓöÇΓöÇΓöÇΓöÇΓöÇ
05-13 19:18:19.363 I/flutter (19015): ΓöîΓöÇΓöÇΓöÇΓöÇΓöÇΓöÇΓöÇΓöÇΓöÇΓöÇΓöÇΓöÇΓöÇΓöÇΓöÇΓöÇΓöÇΓöÇΓöÇΓöÇΓöÇΓöÇΓöÇΓöÇΓöÇΓöÇΓöÇΓöÇΓöÇΓöÇΓöÇΓöÇΓöÇΓöÇΓöÇΓöÇΓöÇΓöÇΓöÇΓöÇΓöÇΓöÇΓöÇΓöÇΓöÇΓöÇΓöÇΓöÇΓöÇΓöÇΓöÇΓöÇΓöÇΓöÇΓöÇΓöÇΓöÇΓöÇΓöÇΓöÇΓöÇΓöÇΓöÇΓöÇΓöÇΓöÇΓöÇΓöÇΓöÇΓöÇΓöÇΓöÇΓöÇΓöÇΓöÇΓöÇΓöÇΓöÇΓöÇ
05-13 19:18:19.364 I/flutter (19015): Γöé 19:18:19.363 (+0:00:00.389427)
05-13 19:18:19.364 I/flutter (19015): Γö£ΓöäΓöäΓöäΓöäΓöäΓöäΓöäΓöäΓöäΓöäΓöäΓöäΓöäΓöäΓöäΓöäΓöäΓöäΓöäΓöäΓöäΓöäΓöäΓöäΓöäΓöäΓöäΓöäΓöäΓöäΓöäΓöäΓöäΓöäΓöäΓöäΓöäΓöäΓöäΓöäΓöäΓöäΓöäΓöäΓöäΓöäΓöäΓöäΓöäΓöäΓöäΓöäΓöäΓöäΓöäΓöäΓöäΓöäΓöäΓöäΓöäΓöäΓöäΓöäΓöäΓöäΓöäΓöäΓöäΓöäΓöäΓöäΓöäΓöäΓöäΓöäΓöäΓöäΓöä
05-13 19:18:19.364 I/flutter (19015): Γöé ≡ƒÉ¢ main: screenutil ensureScreenSize
05-13 19:18:19.365 I/flutter (19015): ΓööΓöÇΓöÇΓöÇΓöÇΓöÇΓöÇΓöÇΓöÇΓöÇΓöÇΓöÇΓöÇΓöÇΓöÇΓöÇΓöÇΓöÇΓöÇΓöÇΓöÇΓöÇΓöÇΓöÇΓöÇΓöÇΓöÇΓöÇΓöÇΓöÇΓöÇΓöÇΓöÇΓöÇΓöÇΓöÇΓöÇΓöÇΓöÇΓöÇΓöÇΓöÇΓöÇΓöÇΓöÇΓöÇΓöÇΓöÇΓöÇΓöÇΓöÇΓöÇΓöÇΓöÇΓöÇΓöÇΓöÇΓöÇΓöÇΓöÇΓöÇΓöÇΓöÇΓöÇΓöÇΓöÇΓöÇΓöÇΓöÇΓöÇΓöÇΓöÇΓöÇΓöÇΓöÇΓöÇΓöÇΓöÇΓöÇΓöÇ
05-13 19:18:19.408 I/aracare.andriod(19015): Background concurrent mark compact GC freed 3484KB AllocSpace bytes, 21(868KB) LOS objects, 49% free, 4972KB/9945KB, paused 1.048ms,10.532ms total 186.286ms
05-13 19:18:19.446 I/flutter (19015): [90m[≡ƒîÄ Easy Localization] [DEBUG] Start[0m
05-13 19:18:19.531 I/flutter (19015): [90m[≡ƒîÄ Easy Localization] [DEBUG] Init state[0m
05-13 19:18:19.535 I/flutter (19015): [90m[≡ƒîÄ Easy Localization] [DEBUG] Build[0m
05-13 19:18:19.536 I/flutter (19015): [90m[≡ƒîÄ Easy Localization] [DEBUG] Init Localization Delegate[0m
05-13 19:18:19.537 I/flutter (19015): [90m[≡ƒîÄ Easy Localization] [DEBUG] Init provider[0m
05-13 19:18:19.581 I/flutter (19015): ΓöîΓöÇΓöÇΓöÇΓöÇΓöÇΓöÇΓöÇΓöÇΓöÇΓöÇΓöÇΓöÇΓöÇΓöÇΓöÇΓöÇΓöÇΓöÇΓöÇΓöÇΓöÇΓöÇΓöÇΓöÇΓöÇΓöÇΓöÇΓöÇΓöÇΓöÇΓöÇΓöÇΓöÇΓöÇΓöÇΓöÇΓöÇΓöÇΓöÇΓöÇΓöÇΓöÇΓöÇΓöÇΓöÇΓöÇΓöÇΓöÇΓöÇΓöÇΓöÇΓöÇΓöÇΓöÇΓöÇΓöÇΓöÇΓöÇΓöÇΓöÇΓöÇΓöÇΓöÇΓöÇΓöÇΓöÇΓöÇΓöÇΓöÇΓöÇΓöÇΓöÇΓöÇΓöÇΓöÇΓöÇΓöÇΓöÇΓöÇ
05-13 19:18:19.581 I/flutter (19015): Γöé 19:18:19.581 (+0:00:00.607659)
05-13 19:18:19.581 I/flutter (19015): Γö£ΓöäΓöäΓöäΓöäΓöäΓöäΓöäΓöäΓöäΓöäΓöäΓöäΓöäΓöäΓöäΓöäΓöäΓöäΓöäΓöäΓöäΓöäΓöäΓöäΓöäΓöäΓöäΓöäΓöäΓöäΓöäΓöäΓöäΓöäΓöäΓöäΓöäΓöäΓöäΓöäΓöäΓöäΓöäΓöäΓöäΓöäΓöäΓöäΓöäΓöäΓöäΓöäΓöäΓöäΓöäΓöäΓöäΓöäΓöäΓöäΓöäΓöäΓöäΓöäΓöäΓöäΓöäΓöäΓöäΓöäΓöäΓöäΓöäΓöäΓöäΓöäΓöäΓöäΓöä
05-13 19:18:19.581 I/flutter (19015): Γöé ≡ƒÉ¢ AuthNotifier: restoring session
05-13 19:18:19.581 I/flutter (19015): ΓööΓöÇΓöÇΓöÇΓöÇΓöÇΓöÇΓöÇΓöÇΓöÇΓöÇΓöÇΓöÇΓöÇΓöÇΓöÇΓöÇΓöÇΓöÇΓöÇΓöÇΓöÇΓöÇΓöÇΓöÇΓöÇΓöÇΓöÇΓöÇΓöÇΓöÇΓöÇΓöÇΓöÇΓöÇΓöÇΓöÇΓöÇΓöÇΓöÇΓöÇΓöÇΓöÇΓöÇΓöÇΓöÇΓöÇΓöÇΓöÇΓöÇΓöÇΓöÇΓöÇΓöÇΓöÇΓöÇΓöÇΓöÇΓöÇΓöÇΓöÇΓöÇΓöÇΓöÇΓöÇΓöÇΓöÇΓöÇΓöÇΓöÇΓöÇΓöÇΓöÇΓöÇΓöÇΓöÇΓöÇΓöÇΓöÇΓöÇ
05-13 19:18:19.971 I/flutter (19015): [90m[≡ƒîÄ Easy Localization] [DEBUG] Load Localization Delegate[0m
05-13 19:18:19.973 I/flutter (19015): [90m[≡ƒîÄ Easy Localization] [DEBUG] Load asset from assets/translations[0m
05-13 19:18:20.031 D/NetworkStatsCollection(  701): Augmented network usage by 199999998 bytes
05-13 19:18:20.033 D/NetworkStatsCollection(  701): Augmented network usage by 199999998 bytes
05-13 19:18:20.034 D/NetworkStatsCollection(  701): Augmented network usage by 199999998 bytes
05-13 19:18:20.036 D/NetworkStatsCollection(  701): Augmented network usage by 199999998 bytes
05-13 19:18:20.037 D/NetworkStatsCollection(  701): Augmented network usage by 199999998 bytes
05-13 19:18:20.284 I/flutter (19015): [90m[≡ƒîÄ Easy Localization] [DEBUG] Build[0m
05-13 19:18:20.284 I/flutter (19015): [90m[≡ƒîÄ Easy Localization] [DEBUG] Init Localization Delegate[0m
05-13 19:18:20.284 I/flutter (19015): [90m[≡ƒîÄ Easy Localization] [DEBUG] Init provider[0m
05-13 19:18:20.587 I/flutter (19015): ΓöîΓöÇΓöÇΓöÇΓöÇΓöÇΓöÇΓöÇΓöÇΓöÇΓöÇΓöÇΓöÇΓöÇΓöÇΓöÇΓöÇΓöÇΓöÇΓöÇΓöÇΓöÇΓöÇΓöÇΓöÇΓöÇΓöÇΓöÇΓöÇΓöÇΓöÇΓöÇΓöÇΓöÇΓöÇΓöÇΓöÇΓöÇΓöÇΓöÇΓöÇΓöÇΓöÇΓöÇΓöÇΓöÇΓöÇΓöÇΓöÇΓöÇΓöÇΓöÇΓöÇΓöÇΓöÇΓöÇΓöÇΓöÇΓöÇΓöÇΓöÇΓöÇΓöÇΓöÇΓöÇΓöÇΓöÇΓöÇΓöÇΓöÇΓöÇΓöÇΓöÇΓöÇΓöÇΓöÇΓöÇΓöÇΓöÇΓöÇ
05-13 19:18:20.588 I/flutter (19015): Γöé 19:18:20.587 (+0:00:01.613908)
05-13 19:18:20.588 I/flutter (19015): Γö£ΓöäΓöäΓöäΓöäΓöäΓöäΓöäΓöäΓöäΓöäΓöäΓöäΓöäΓöäΓöäΓöäΓöäΓöäΓöäΓöäΓöäΓöäΓöäΓöäΓöäΓöäΓöäΓöäΓöäΓöäΓöäΓöäΓöäΓöäΓöäΓöäΓöäΓöäΓöäΓöäΓöäΓöäΓöäΓöäΓöäΓöäΓöäΓöäΓöäΓöäΓöäΓöäΓöäΓöäΓöäΓöäΓöäΓöäΓöäΓöäΓöäΓöäΓöäΓöäΓöäΓöäΓöäΓöäΓöäΓöäΓöäΓöäΓöäΓöäΓöäΓöäΓöäΓöäΓöä
05-13 19:18:20.588 I/flutter (19015): Γöé ≡ƒÉ¢ SplashScreen initState
05-13 19:18:20.588 I/flutter (19015): ΓööΓöÇΓöÇΓöÇΓöÇΓöÇΓöÇΓöÇΓöÇΓöÇΓöÇΓöÇΓöÇΓöÇΓöÇΓöÇΓöÇΓöÇΓöÇΓöÇΓöÇΓöÇΓöÇΓöÇΓöÇΓöÇΓöÇΓöÇΓöÇΓöÇΓöÇΓöÇΓöÇΓöÇΓöÇΓöÇΓöÇΓöÇΓöÇΓöÇΓöÇΓöÇΓöÇΓöÇΓöÇΓöÇΓöÇΓöÇΓöÇΓöÇΓöÇΓöÇΓöÇΓöÇΓöÇΓöÇΓöÇΓöÇΓöÇΓöÇΓöÇΓöÇΓöÇΓöÇΓöÇΓöÇΓöÇΓöÇΓöÇΓöÇΓöÇΓöÇΓöÇΓöÇΓöÇΓöÇΓöÇΓöÇΓöÇΓöÇ
05-13 19:18:20.588 I/flutter (19015): ΓöîΓöÇΓöÇΓöÇΓöÇΓöÇΓöÇΓöÇΓöÇΓöÇΓöÇΓöÇΓöÇΓöÇΓöÇΓöÇΓöÇΓöÇΓöÇΓöÇΓöÇΓöÇΓöÇΓöÇΓöÇΓöÇΓöÇΓöÇΓöÇΓöÇΓöÇΓöÇΓöÇΓöÇΓöÇΓöÇΓöÇΓöÇΓöÇΓöÇΓöÇΓöÇΓöÇΓöÇΓöÇΓöÇΓöÇΓöÇΓöÇΓöÇΓöÇΓöÇΓöÇΓöÇΓöÇΓöÇΓöÇΓöÇΓöÇΓöÇΓöÇΓöÇΓöÇΓöÇΓöÇΓöÇΓöÇΓöÇΓöÇΓöÇΓöÇΓöÇΓöÇΓöÇΓöÇΓöÇΓöÇΓöÇΓöÇΓöÇ
05-13 19:18:20.589 I/flutter (19015): Γöé 19:18:20.588 (+0:00:01.615220)
05-13 19:18:20.589 I/flutter (19015): Γö£ΓöäΓöäΓöäΓöäΓöäΓöäΓöäΓöäΓöäΓöäΓöäΓöäΓöäΓöäΓöäΓöäΓöäΓöäΓöäΓöäΓöäΓöäΓöäΓöäΓöäΓöäΓöäΓöäΓöäΓöäΓöäΓöäΓöäΓöäΓöäΓöäΓöäΓöäΓöäΓöäΓöäΓöäΓöäΓöäΓöäΓöäΓöäΓöäΓöäΓöäΓöäΓöäΓöäΓöäΓöäΓöäΓöäΓöäΓöäΓöäΓöäΓöäΓöäΓöäΓöäΓöäΓöäΓöäΓöäΓöäΓöäΓöäΓöäΓöäΓöäΓöäΓöäΓöäΓöä
05-13 19:18:20.589 I/flutter (19015): Γöé ≡ƒÉ¢ SplashScreen waiting for auth restore
05-13 19:18:20.589 I/flutter (19015): ΓööΓöÇΓöÇΓöÇΓöÇΓöÇΓöÇΓöÇΓöÇΓöÇΓöÇΓöÇΓöÇΓöÇΓöÇΓöÇΓöÇΓöÇΓöÇΓöÇΓöÇΓöÇΓöÇΓöÇΓöÇΓöÇΓöÇΓöÇΓöÇΓöÇΓöÇΓöÇΓöÇΓöÇΓöÇΓöÇΓöÇΓöÇΓöÇΓöÇΓöÇΓöÇΓöÇΓöÇΓöÇΓöÇΓöÇΓöÇΓöÇΓöÇΓöÇΓöÇΓöÇΓöÇΓöÇΓöÇΓöÇΓöÇΓöÇΓöÇΓöÇΓöÇΓöÇΓöÇΓöÇΓöÇΓöÇΓöÇΓöÇΓöÇΓöÇΓöÇΓöÇΓöÇΓöÇΓöÇΓöÇΓöÇΓöÇΓöÇ
05-13 19:18:20.595 I/flutter (19015): ΓöîΓöÇΓöÇΓöÇΓöÇΓöÇΓöÇΓöÇΓöÇΓöÇΓöÇΓöÇΓöÇΓöÇΓöÇΓöÇΓöÇΓöÇΓöÇΓöÇΓöÇΓöÇΓöÇΓöÇΓöÇΓöÇΓöÇΓöÇΓöÇΓöÇΓöÇΓöÇΓöÇΓöÇΓöÇΓöÇΓöÇΓöÇΓöÇΓöÇΓöÇΓöÇΓöÇΓöÇΓöÇΓöÇΓöÇΓöÇΓöÇΓöÇΓöÇΓöÇΓöÇΓöÇΓöÇΓöÇΓöÇΓöÇΓöÇΓöÇΓöÇΓöÇΓöÇΓöÇΓöÇΓöÇΓöÇΓöÇΓöÇΓöÇΓöÇΓöÇΓöÇΓöÇΓöÇΓöÇΓöÇΓöÇΓöÇΓöÇ
05-13 19:18:20.595 I/flutter (19015): Γöé 19:18:20.595 (+0:00:01.621774)
05-13 19:18:20.596 I/flutter (19015): Γö£ΓöäΓöäΓöäΓöäΓöäΓöäΓöäΓöäΓöäΓöäΓöäΓöäΓöäΓöäΓöäΓöäΓöäΓöäΓöäΓöäΓöäΓöäΓöäΓöäΓöäΓöäΓöäΓöäΓöäΓöäΓöäΓöäΓöäΓöäΓöäΓöäΓöäΓöäΓöäΓöäΓöäΓöäΓöäΓöäΓöäΓöäΓöäΓöäΓöäΓöäΓöäΓöäΓöäΓöäΓöäΓöäΓöäΓöäΓöäΓöäΓöäΓöäΓöäΓöäΓöäΓöäΓöäΓöäΓöäΓöäΓöäΓöäΓöäΓöäΓöäΓöäΓöäΓöäΓöä
05-13 19:18:20.596 I/flutter (19015): Γöé ≡ƒÉ¢ SplashScreen build
05-13 19:18:20.596 I/flutter (19015): ΓööΓöÇΓöÇΓöÇΓöÇΓöÇΓöÇΓöÇΓöÇΓöÇΓöÇΓöÇΓöÇΓöÇΓöÇΓöÇΓöÇΓöÇΓöÇΓöÇΓöÇΓöÇΓöÇΓöÇΓöÇΓöÇΓöÇΓöÇΓöÇΓöÇΓöÇΓöÇΓöÇΓöÇΓöÇΓöÇΓöÇΓöÇΓöÇΓöÇΓöÇΓöÇΓöÇΓöÇΓöÇΓöÇΓöÇΓöÇΓöÇΓöÇΓöÇΓöÇΓöÇΓöÇΓöÇΓöÇΓöÇΓöÇΓöÇΓöÇΓöÇΓöÇΓöÇΓöÇΓöÇΓöÇΓöÇΓöÇΓöÇΓöÇΓöÇΓöÇΓöÇΓöÇΓöÇΓöÇΓöÇΓöÇΓöÇΓöÇ
05-13 19:18:20.835 D/SatelliteController( 1289): iisInCarrierRoamingNbIotNtn: satellite is disabled
05-13 19:18:21.047 I/flutter (19015): ΓöîΓöÇΓöÇΓöÇΓöÇΓöÇΓöÇΓöÇΓöÇΓöÇΓöÇΓöÇΓöÇΓöÇΓöÇΓöÇΓöÇΓöÇΓöÇΓöÇΓöÇΓöÇΓöÇΓöÇΓöÇΓöÇΓöÇΓöÇΓöÇΓöÇΓöÇΓöÇΓöÇΓöÇΓöÇΓöÇΓöÇΓöÇΓöÇΓöÇΓöÇΓöÇΓöÇΓöÇΓöÇΓöÇΓöÇΓöÇΓöÇΓöÇΓöÇΓöÇΓöÇΓöÇΓöÇΓöÇΓöÇΓöÇΓöÇΓöÇΓöÇΓöÇΓöÇΓöÇΓöÇΓöÇΓöÇΓöÇΓöÇΓöÇΓöÇΓöÇΓöÇΓöÇΓöÇΓöÇΓöÇΓöÇΓöÇΓöÇ
05-13 19:18:21.047 I/flutter (19015): Γöé 19:18:21.047 (+0:00:02.073650)
05-13 19:18:21.047 I/flutter (19015): Γö£ΓöäΓöäΓöäΓöäΓöäΓöäΓöäΓöäΓöäΓöäΓöäΓöäΓöäΓöäΓöäΓöäΓöäΓöäΓöäΓöäΓöäΓöäΓöäΓöäΓöäΓöäΓöäΓöäΓöäΓöäΓöäΓöäΓöäΓöäΓöäΓöäΓöäΓöäΓöäΓöäΓöäΓöäΓöäΓöäΓöäΓöäΓöäΓöäΓöäΓöäΓöäΓöäΓöäΓöäΓöäΓöäΓöäΓöäΓöäΓöäΓöäΓöäΓöäΓöäΓöäΓöäΓöäΓöäΓöäΓöäΓöäΓöäΓöäΓöäΓöäΓöäΓöäΓöäΓöä
05-13 19:18:21.047 I/flutter (19015): Γöé ≡ƒÉ¢ Attempting to register FCM token with backend: eYCjBSI6SdKIM-wqpu7f...
05-13 19:18:21.047 I/flutter (19015): ΓööΓöÇΓöÇΓöÇΓöÇΓöÇΓöÇΓöÇΓöÇΓöÇΓöÇΓöÇΓöÇΓöÇΓöÇΓöÇΓöÇΓöÇΓöÇΓöÇΓöÇΓöÇΓöÇΓöÇΓöÇΓöÇΓöÇΓöÇΓöÇΓöÇΓöÇΓöÇΓöÇΓöÇΓöÇΓöÇΓöÇΓöÇΓöÇΓöÇΓöÇΓöÇΓöÇΓöÇΓöÇΓöÇΓöÇΓöÇΓöÇΓöÇΓöÇΓöÇΓöÇΓöÇΓöÇΓöÇΓöÇΓöÇΓöÇΓöÇΓöÇΓöÇΓöÇΓöÇΓöÇΓöÇΓöÇΓöÇΓöÇΓöÇΓöÇΓöÇΓöÇΓöÇΓöÇΓöÇΓöÇΓöÇΓöÇΓöÇ
05-13 19:18:21.052 W/WindowOnBackDispatcher(19015): sendCancelIfRunning: isInProgress=false callback=io.flutter.embedding.android.FlutterActivity$1@5a448c9
05-13 19:18:21.072 D/CoreBackPreview(  701): Window{6f311f7 u0 com.munawwaracare.andriod/com.munawwaracare.andriod.MainActivity}: Setting back callback OnBackInvokedCallbackInfo{mCallback=android.window.IOnBackInvokedCallback$Stub$Proxy@bcbd87, mPriority=-1, mIsAnimationCallback=false, mOverrideBehavior=0}
05-13 19:18:21.183 I/flutter (19015): ΓöîΓöÇΓöÇΓöÇΓöÇΓöÇΓöÇΓöÇΓöÇΓöÇΓöÇΓöÇΓöÇΓöÇΓöÇΓöÇΓöÇΓöÇΓöÇΓöÇΓöÇΓöÇΓöÇΓöÇΓöÇΓöÇΓöÇΓöÇΓöÇΓöÇΓöÇΓöÇΓöÇΓöÇΓöÇΓöÇΓöÇΓöÇΓöÇΓöÇΓöÇΓöÇΓöÇΓöÇΓöÇΓöÇΓöÇΓöÇΓöÇΓöÇΓöÇΓöÇΓöÇΓöÇΓöÇΓöÇΓöÇΓöÇΓöÇΓöÇΓöÇΓöÇΓöÇΓöÇΓöÇΓöÇΓöÇΓöÇΓöÇΓöÇΓöÇΓöÇΓöÇΓöÇΓöÇΓöÇΓöÇΓöÇΓöÇΓöÇ
05-13 19:18:21.183 I/flutter (19015): Γöé 19:18:21.183 (+0:00:02.209677)
05-13 19:18:21.183 I/flutter (19015): Γö£ΓöäΓöäΓöäΓöäΓöäΓöäΓöäΓöäΓöäΓöäΓöäΓöäΓöäΓöäΓöäΓöäΓöäΓöäΓöäΓöäΓöäΓöäΓöäΓöäΓöäΓöäΓöäΓöäΓöäΓöäΓöäΓöäΓöäΓöäΓöäΓöäΓöäΓöäΓöäΓöäΓöäΓöäΓöäΓöäΓöäΓöäΓöäΓöäΓöäΓöäΓöäΓöäΓöäΓöäΓöäΓöäΓöäΓöäΓöäΓöäΓöäΓöäΓöäΓöäΓöäΓöäΓöäΓöäΓöäΓöäΓöäΓöäΓöäΓöäΓöäΓöäΓöäΓöäΓöä
05-13 19:18:21.184 I/flutter (19015): Γöé ≡ƒÉ¢ AuthNotifier: requesting notification permissions
05-13 19:18:21.184 I/flutter (19015): ΓööΓöÇΓöÇΓöÇΓöÇΓöÇΓöÇΓöÇΓöÇΓöÇΓöÇΓöÇΓöÇΓöÇΓöÇΓöÇΓöÇΓöÇΓöÇΓöÇΓöÇΓöÇΓöÇΓöÇΓöÇΓöÇΓöÇΓöÇΓöÇΓöÇΓöÇΓöÇΓöÇΓöÇΓöÇΓöÇΓöÇΓöÇΓöÇΓöÇΓöÇΓöÇΓöÇΓöÇΓöÇΓöÇΓöÇΓöÇΓöÇΓöÇΓöÇΓöÇΓöÇΓöÇΓöÇΓöÇΓöÇΓöÇΓöÇΓöÇΓöÇΓöÇΓöÇΓöÇΓöÇΓöÇΓöÇΓöÇΓöÇΓöÇΓöÇΓöÇΓöÇΓöÇΓöÇΓöÇΓöÇΓöÇΓöÇΓöÇ
05-13 19:18:21.196 I/flutter (19015): [38;5;12mΓöîΓöÇΓöÇΓöÇΓöÇΓöÇΓöÇΓöÇΓöÇΓöÇΓöÇΓöÇΓöÇΓöÇΓöÇΓöÇΓöÇΓöÇΓöÇΓöÇΓöÇΓöÇΓöÇΓöÇΓöÇΓöÇΓöÇΓöÇΓöÇΓöÇΓöÇΓöÇΓöÇΓöÇΓöÇΓöÇΓöÇΓöÇΓöÇΓöÇΓöÇΓöÇΓöÇΓöÇΓöÇΓöÇΓöÇΓöÇΓöÇΓöÇΓöÇΓöÇΓöÇΓöÇΓöÇΓöÇΓöÇΓöÇΓöÇΓöÇΓöÇΓöÇΓöÇΓöÇΓöÇΓöÇΓöÇΓöÇΓöÇΓöÇΓöÇΓöÇΓöÇΓöÇΓöÇΓöÇΓöÇΓöÇΓöÇΓöÇ[0m
05-13 19:18:21.197 I/flutter (19015): [38;5;12mΓöé 19:18:21.196 (+0:00:02.222602)[0m
05-13 19:18:21.197 I/flutter (19015): [38;5;12mΓö£ΓöäΓöäΓöäΓöäΓöäΓöäΓöäΓöäΓöäΓöäΓöäΓöäΓöäΓöäΓöäΓöäΓöäΓöäΓöäΓöäΓöäΓöäΓöäΓöäΓöäΓöäΓöäΓöäΓöäΓöäΓöäΓöäΓöäΓöäΓöäΓöäΓöäΓöäΓöäΓöäΓöäΓöäΓöäΓöäΓöäΓöäΓöäΓöäΓöäΓöäΓöäΓöäΓöäΓöäΓöäΓöäΓöäΓöäΓöäΓöäΓöäΓöäΓöäΓöäΓöäΓöäΓöäΓöäΓöäΓöäΓöäΓöäΓöäΓöäΓöäΓöäΓöäΓöäΓöä[0m
05-13 19:18:21.197 I/flutter (19015): [38;5;12mΓöé ≡ƒÆí ≡ƒô▒ Notification permission: true[0m
05-13 19:18:21.197 I/flutter (19015): [38;5;12mΓööΓöÇΓöÇΓöÇΓöÇΓöÇΓöÇΓöÇΓöÇΓöÇΓöÇΓöÇΓöÇΓöÇΓöÇΓöÇΓöÇΓöÇΓöÇΓöÇΓöÇΓöÇΓöÇΓöÇΓöÇΓöÇΓöÇΓöÇΓöÇΓöÇΓöÇΓöÇΓöÇΓöÇΓöÇΓöÇΓöÇΓöÇΓöÇΓöÇΓöÇΓöÇΓöÇΓöÇΓöÇΓöÇΓöÇΓöÇΓöÇΓöÇΓöÇΓöÇΓöÇΓöÇΓöÇΓöÇΓöÇΓöÇΓöÇΓöÇΓöÇΓöÇΓöÇΓöÇΓöÇΓöÇΓöÇΓöÇΓöÇΓöÇΓöÇΓöÇΓöÇΓöÇΓöÇΓöÇΓöÇΓöÇΓöÇΓöÇ[0m
05-13 19:18:21.216 I/flutter (19015): [38;5;12mΓöîΓöÇΓöÇΓöÇΓöÇΓöÇΓöÇΓöÇΓöÇΓöÇΓöÇΓöÇΓöÇΓöÇΓöÇΓöÇΓöÇΓöÇΓöÇΓöÇΓöÇΓöÇΓöÇΓöÇΓöÇΓöÇΓöÇΓöÇΓöÇΓöÇΓöÇΓöÇΓöÇΓöÇΓöÇΓöÇΓöÇΓöÇΓöÇΓöÇΓöÇΓöÇΓöÇΓöÇΓöÇΓöÇΓöÇΓöÇΓöÇΓöÇΓöÇΓöÇΓöÇΓöÇΓöÇΓöÇΓöÇΓöÇΓöÇΓöÇΓöÇΓöÇΓöÇΓöÇΓöÇΓöÇΓöÇΓöÇΓöÇΓöÇΓöÇΓöÇΓöÇΓöÇΓöÇΓöÇΓöÇΓöÇΓöÇΓöÇ[0m
05-13 19:18:21.217 I/flutter (19015): [38;5;12mΓöé 19:18:21.216 (+0:00:02.243073)[0m
05-13 19:18:21.217 I/flutter (19015): [38;5;12mΓö£ΓöäΓöäΓöäΓöäΓöäΓöäΓöäΓöäΓöäΓöäΓöäΓöäΓöäΓöäΓöäΓöäΓöäΓöäΓöäΓöäΓöäΓöäΓöäΓöäΓöäΓöäΓöäΓöäΓöäΓöäΓöäΓöäΓöäΓöäΓöäΓöäΓöäΓöäΓöäΓöäΓöäΓöäΓöäΓöäΓöäΓöäΓöäΓöäΓöäΓöäΓöäΓöäΓöäΓöäΓöäΓöäΓöäΓöäΓöäΓöäΓöäΓöäΓöäΓöäΓöäΓöäΓöäΓöäΓöäΓöäΓöäΓöäΓöäΓöäΓöäΓöäΓöäΓöäΓöä[0m
05-13 19:18:21.217 I/flutter (19015): [38;5;12mΓöé ≡ƒÆí ≡ƒô▒ Full-screen intent permission: true[0m
05-13 19:18:21.218 I/flutter (19015): [38;5;12mΓööΓöÇΓöÇΓöÇΓöÇΓöÇΓöÇΓöÇΓöÇΓöÇΓöÇΓöÇΓöÇΓöÇΓöÇΓöÇΓöÇΓöÇΓöÇΓöÇΓöÇΓöÇΓöÇΓöÇΓöÇΓöÇΓöÇΓöÇΓöÇΓöÇΓöÇΓöÇΓöÇΓöÇΓöÇΓöÇΓöÇΓöÇΓöÇΓöÇΓöÇΓöÇΓöÇΓöÇΓöÇΓöÇΓöÇΓöÇΓöÇΓöÇΓöÇΓöÇΓöÇΓöÇΓöÇΓöÇΓöÇΓöÇΓöÇΓöÇΓöÇΓöÇΓöÇΓöÇΓöÇΓöÇΓöÇΓöÇΓöÇΓöÇΓöÇΓöÇΓöÇΓöÇΓöÇΓöÇΓöÇΓöÇΓöÇΓöÇ[0m
05-13 19:18:21.228 I/flutter (19015): ΓöîΓöÇΓöÇΓöÇΓöÇΓöÇΓöÇΓöÇΓöÇΓöÇΓöÇΓöÇΓöÇΓöÇΓöÇΓöÇΓöÇΓöÇΓöÇΓöÇΓöÇΓöÇΓöÇΓöÇΓöÇΓöÇΓöÇΓöÇΓöÇΓöÇΓöÇΓöÇΓöÇΓöÇΓöÇΓöÇΓöÇΓöÇΓöÇΓöÇΓöÇΓöÇΓöÇΓöÇΓöÇΓöÇΓöÇΓöÇΓöÇΓöÇΓöÇΓöÇΓöÇΓöÇΓöÇΓöÇΓöÇΓöÇΓöÇΓöÇΓöÇΓöÇΓöÇΓöÇΓöÇΓöÇΓöÇΓöÇΓöÇΓöÇΓöÇΓöÇΓöÇΓöÇΓöÇΓöÇΓöÇΓöÇΓöÇΓöÇ
05-13 19:18:21.229 I/flutter (19015): Γöé 19:18:21.228 (+0:00:02.254918)
05-13 19:18:21.229 I/flutter (19015): Γö£ΓöäΓöäΓöäΓöäΓöäΓöäΓöäΓöäΓöäΓöäΓöäΓöäΓöäΓöäΓöäΓöäΓöäΓöäΓöäΓöäΓöäΓöäΓöäΓöäΓöäΓöäΓöäΓöäΓöäΓöäΓöäΓöäΓöäΓöäΓöäΓöäΓöäΓöäΓöäΓöäΓöäΓöäΓöäΓöäΓöäΓöäΓöäΓöäΓöäΓöäΓöäΓöäΓöäΓöäΓöäΓöäΓöäΓöäΓöäΓöäΓöäΓöäΓöäΓöäΓöäΓöäΓöäΓöäΓöäΓöäΓöäΓöäΓöäΓöäΓöäΓöäΓöäΓöäΓöä
05-13 19:18:21.230 I/flutter (19015): Γöé ≡ƒÉ¢ Attempting to register FCM token with backend: eYCjBSI6SdKIM-wqpu7f...
05-13 19:18:21.230 I/flutter (19015): ΓööΓöÇΓöÇΓöÇΓöÇΓöÇΓöÇΓöÇΓöÇΓöÇΓöÇΓöÇΓöÇΓöÇΓöÇΓöÇΓöÇΓöÇΓöÇΓöÇΓöÇΓöÇΓöÇΓöÇΓöÇΓöÇΓöÇΓöÇΓöÇΓöÇΓöÇΓöÇΓöÇΓöÇΓöÇΓöÇΓöÇΓöÇΓöÇΓöÇΓöÇΓöÇΓöÇΓöÇΓöÇΓöÇΓöÇΓöÇΓöÇΓöÇΓöÇΓöÇΓöÇΓöÇΓöÇΓöÇΓöÇΓöÇΓöÇΓöÇΓöÇΓöÇΓöÇΓöÇΓöÇΓöÇΓöÇΓöÇΓöÇΓöÇΓöÇΓöÇΓöÇΓöÇΓöÇΓöÇΓöÇΓöÇΓöÇΓöÇ
05-13 19:18:21.631 I/flutter (19015): [38;5;12mΓöîΓöÇΓöÇΓöÇΓöÇΓöÇΓöÇΓöÇΓöÇΓöÇΓöÇΓöÇΓöÇΓöÇΓöÇΓöÇΓöÇΓöÇΓöÇΓöÇΓöÇΓöÇΓöÇΓöÇΓöÇΓöÇΓöÇΓöÇΓöÇΓöÇΓöÇΓöÇΓöÇΓöÇΓöÇΓöÇΓöÇΓöÇΓöÇΓöÇΓöÇΓöÇΓöÇΓöÇΓöÇΓöÇΓöÇΓöÇΓöÇΓöÇΓöÇΓöÇΓöÇΓöÇΓöÇΓöÇΓöÇΓöÇΓöÇΓöÇΓöÇΓöÇΓöÇΓöÇΓöÇΓöÇΓöÇΓöÇΓöÇΓöÇΓöÇΓöÇΓöÇΓöÇΓöÇΓöÇΓöÇΓöÇΓöÇΓöÇ[0m
05-13 19:18:21.631 I/flutter (19015): [38;5;12mΓöé 19:18:21.631 (+0:00:02.657887)[0m
05-13 19:18:21.631 I/flutter (19015): [38;5;12mΓö£ΓöäΓöäΓöäΓöäΓöäΓöäΓöäΓöäΓöäΓöäΓöäΓöäΓöäΓöäΓöäΓöäΓöäΓöäΓöäΓöäΓöäΓöäΓöäΓöäΓöäΓöäΓöäΓöäΓöäΓöäΓöäΓöäΓöäΓöäΓöäΓöäΓöäΓöäΓöäΓöäΓöäΓöäΓöäΓöäΓöäΓöäΓöäΓöäΓöäΓöäΓöäΓöäΓöäΓöäΓöäΓöäΓöäΓöäΓöäΓöäΓöäΓöäΓöäΓöäΓöäΓöäΓöäΓöäΓöäΓöäΓöäΓöäΓöäΓöäΓöäΓöäΓöäΓöäΓöä[0m
05-13 19:18:21.631 I/flutter (19015): [38;5;12mΓöé ≡ƒÆí Γ£à FCM token registered with backend successfully. Status: 200[0m
05-13 19:18:21.632 I/flutter (19015): [38;5;12mΓööΓöÇΓöÇΓöÇΓöÇΓöÇΓöÇΓöÇΓöÇΓöÇΓöÇΓöÇΓöÇΓöÇΓöÇΓöÇΓöÇΓöÇΓöÇΓöÇΓöÇΓöÇΓöÇΓöÇΓöÇΓöÇΓöÇΓöÇΓöÇΓöÇΓöÇΓöÇΓöÇΓöÇΓöÇΓöÇΓöÇΓöÇΓöÇΓöÇΓöÇΓöÇΓöÇΓöÇΓöÇΓöÇΓöÇΓöÇΓöÇΓöÇΓöÇΓöÇΓöÇΓöÇΓöÇΓöÇΓöÇΓöÇΓöÇΓöÇΓöÇΓöÇΓöÇΓöÇΓöÇΓöÇΓöÇΓöÇΓöÇΓöÇΓöÇΓöÇΓöÇΓöÇΓöÇΓöÇΓöÇΓöÇΓöÇΓöÇ[0m
05-13 19:18:21.766 I/flutter (19015): [38;5;12mΓöîΓöÇΓöÇΓöÇΓöÇΓöÇΓöÇΓöÇΓöÇΓöÇΓöÇΓöÇΓöÇΓöÇΓöÇΓöÇΓöÇΓöÇΓöÇΓöÇΓöÇΓöÇΓöÇΓöÇΓöÇΓöÇΓöÇΓöÇΓöÇΓöÇΓöÇΓöÇΓöÇΓöÇΓöÇΓöÇΓöÇΓöÇΓöÇΓöÇΓöÇΓöÇΓöÇΓöÇΓöÇΓöÇΓöÇΓöÇΓöÇΓöÇΓöÇΓöÇΓöÇΓöÇΓöÇΓöÇΓöÇΓöÇΓöÇΓöÇΓöÇΓöÇΓöÇΓöÇΓöÇΓöÇΓöÇΓöÇΓöÇΓöÇΓöÇΓöÇΓöÇΓöÇΓöÇΓöÇΓöÇΓöÇΓöÇΓöÇ[0m
05-13 19:18:21.766 I/flutter (19015): [38;5;12mΓöé 19:18:21.766 (+0:00:02.792581)[0m
05-13 19:18:21.766 I/flutter (19015): [38;5;12mΓö£ΓöäΓöäΓöäΓöäΓöäΓöäΓöäΓöäΓöäΓöäΓöäΓöäΓöäΓöäΓöäΓöäΓöäΓöäΓöäΓöäΓöäΓöäΓöäΓöäΓöäΓöäΓöäΓöäΓöäΓöäΓöäΓöäΓöäΓöäΓöäΓöäΓöäΓöäΓöäΓöäΓöäΓöäΓöäΓöäΓöäΓöäΓöäΓöäΓöäΓöäΓöäΓöäΓöäΓöäΓöäΓöäΓöäΓöäΓöäΓöäΓöäΓöäΓöäΓöäΓöäΓöäΓöäΓöäΓöäΓöäΓöäΓöäΓöäΓöäΓöäΓöäΓöäΓöäΓöä[0m
05-13 19:18:21.766 I/flutter (19015): [38;5;12mΓöé ≡ƒÆí Γ£à FCM token registered with backend successfully. Status: 200[0m
05-13 19:18:21.766 I/flutter (19015): [38;5;12mΓööΓöÇΓöÇΓöÇΓöÇΓöÇΓöÇΓöÇΓöÇΓöÇΓöÇΓöÇΓöÇΓöÇΓöÇΓöÇΓöÇΓöÇΓöÇΓöÇΓöÇΓöÇΓöÇΓöÇΓöÇΓöÇΓöÇΓöÇΓöÇΓöÇΓöÇΓöÇΓöÇΓöÇΓöÇΓöÇΓöÇΓöÇΓöÇΓöÇΓöÇΓöÇΓöÇΓöÇΓöÇΓöÇΓöÇΓöÇΓöÇΓöÇΓöÇΓöÇΓöÇΓöÇΓöÇΓöÇΓöÇΓöÇΓöÇΓöÇΓöÇΓöÇΓöÇΓöÇΓöÇΓöÇΓöÇΓöÇΓöÇΓöÇΓöÇΓöÇΓöÇΓöÇΓöÇΓöÇΓöÇΓöÇΓöÇΓöÇ[0m
05-13 19:18:21.767 I/flutter (19015): ΓöîΓöÇΓöÇΓöÇΓöÇΓöÇΓöÇΓöÇΓöÇΓöÇΓöÇΓöÇΓöÇΓöÇΓöÇΓöÇΓöÇΓöÇΓöÇΓöÇΓöÇΓöÇΓöÇΓöÇΓöÇΓöÇΓöÇΓöÇΓöÇΓöÇΓöÇΓöÇΓöÇΓöÇΓöÇΓöÇΓöÇΓöÇΓöÇΓöÇΓöÇΓöÇΓöÇΓöÇΓöÇΓöÇΓöÇΓöÇΓöÇΓöÇΓöÇΓöÇΓöÇΓöÇΓöÇΓöÇΓöÇΓöÇΓöÇΓöÇΓöÇΓöÇΓöÇΓöÇΓöÇΓöÇΓöÇΓöÇΓöÇΓöÇΓöÇΓöÇΓöÇΓöÇΓöÇΓöÇΓöÇΓöÇΓöÇΓöÇ
05-13 19:18:21.767 I/flutter (19015): Γöé 19:18:21.766 (+0:00:02.793178)
05-13 19:18:21.767 I/flutter (19015): Γö£ΓöäΓöäΓöäΓöäΓöäΓöäΓöäΓöäΓöäΓöäΓöäΓöäΓöäΓöäΓöäΓöäΓöäΓöäΓöäΓöäΓöäΓöäΓöäΓöäΓöäΓöäΓöäΓöäΓöäΓöäΓöäΓöäΓöäΓöäΓöäΓöäΓöäΓöäΓöäΓöäΓöäΓöäΓöäΓöäΓöäΓöäΓöäΓöäΓöäΓöäΓöäΓöäΓöäΓöäΓöäΓöäΓöäΓöäΓöäΓöäΓöäΓöäΓöäΓöäΓöäΓöäΓöäΓöäΓöäΓöäΓöäΓöäΓöäΓöäΓöäΓöäΓöäΓöäΓöä
05-13 19:18:21.768 I/flutter (19015): Γöé ≡ƒÉ¢ AuthNotifier: restore complete
05-13 19:18:21.768 I/flutter (19015): ΓööΓöÇΓöÇΓöÇΓöÇΓöÇΓöÇΓöÇΓöÇΓöÇΓöÇΓöÇΓöÇΓöÇΓöÇΓöÇΓöÇΓöÇΓöÇΓöÇΓöÇΓöÇΓöÇΓöÇΓöÇΓöÇΓöÇΓöÇΓöÇΓöÇΓöÇΓöÇΓöÇΓöÇΓöÇΓöÇΓöÇΓöÇΓöÇΓöÇΓöÇΓöÇΓöÇΓöÇΓöÇΓöÇΓöÇΓöÇΓöÇΓöÇΓöÇΓöÇΓöÇΓöÇΓöÇΓöÇΓöÇΓöÇΓöÇΓöÇΓöÇΓöÇΓöÇΓöÇΓöÇΓöÇΓöÇΓöÇΓöÇΓöÇΓöÇΓöÇΓöÇΓöÇΓöÇΓöÇΓöÇΓöÇΓöÇΓöÇ
05-13 19:18:22.100 I/flutter (19015): [38;5;12mΓöîΓöÇΓöÇΓöÇΓöÇΓöÇΓöÇΓöÇΓöÇΓöÇΓöÇΓöÇΓöÇΓöÇΓöÇΓöÇΓöÇΓöÇΓöÇΓöÇΓöÇΓöÇΓöÇΓöÇΓöÇΓöÇΓöÇΓöÇΓöÇΓöÇΓöÇΓöÇΓöÇΓöÇΓöÇΓöÇΓöÇΓöÇΓöÇΓöÇΓöÇΓöÇΓöÇΓöÇΓöÇΓöÇΓöÇΓöÇΓöÇΓöÇΓöÇΓöÇΓöÇΓöÇΓöÇΓöÇΓöÇΓöÇΓöÇΓöÇΓöÇΓöÇΓöÇΓöÇΓöÇΓöÇΓöÇΓöÇΓöÇΓöÇΓöÇΓöÇΓöÇΓöÇΓöÇΓöÇΓöÇΓöÇΓöÇΓöÇ[0m
05-13 19:18:22.100 I/flutter (19015): [38;5;12mΓöé 19:18:22.100 (+0:00:03.126712)[0m
05-13 19:18:22.100 I/flutter (19015): [38;5;12mΓö£ΓöäΓöäΓöäΓöäΓöäΓöäΓöäΓöäΓöäΓöäΓöäΓöäΓöäΓöäΓöäΓöäΓöäΓöäΓöäΓöäΓöäΓöäΓöäΓöäΓöäΓöäΓöäΓöäΓöäΓöäΓöäΓöäΓöäΓöäΓöäΓöäΓöäΓöäΓöäΓöäΓöäΓöäΓöäΓöäΓöäΓöäΓöäΓöäΓöäΓöäΓöäΓöäΓöäΓöäΓöäΓöäΓöäΓöäΓöäΓöäΓöäΓöäΓöäΓöäΓöäΓöäΓöäΓöäΓöäΓöäΓöäΓöäΓöäΓöäΓöäΓöäΓöäΓöäΓöä[0m
05-13 19:18:22.100 I/flutter (19015): [38;5;12mΓöé ≡ƒÆí SplashScreen nav to authenticated /moderator-dashboard[0m
05-13 19:18:22.100 I/flutter (19015): [38;5;12mΓööΓöÇΓöÇΓöÇΓöÇΓöÇΓöÇΓöÇΓöÇΓöÇΓöÇΓöÇΓöÇΓöÇΓöÇΓöÇΓöÇΓöÇΓöÇΓöÇΓöÇΓöÇΓöÇΓöÇΓöÇΓöÇΓöÇΓöÇΓöÇΓöÇΓöÇΓöÇΓöÇΓöÇΓöÇΓöÇΓöÇΓöÇΓöÇΓöÇΓöÇΓöÇΓöÇΓöÇΓöÇΓöÇΓöÇΓöÇΓöÇΓöÇΓöÇΓöÇΓöÇΓöÇΓöÇΓöÇΓöÇΓöÇΓöÇΓöÇΓöÇΓöÇΓöÇΓöÇΓöÇΓöÇΓöÇΓöÇΓöÇΓöÇΓöÇΓöÇΓöÇΓöÇΓöÇΓöÇΓöÇΓöÇΓöÇΓöÇ[0m
05-13 19:18:22.204 D/CoreBackPreview(  701): Window{6f311f7 u0 com.munawwaracare.andriod/com.munawwaracare.andriod.MainActivity}: Setting back callback OnBackInvokedCallbackInfo{mCallback=android.window.IOnBackInvokedCallback$Stub$Proxy@2904c52, mPriority=0, mIsAnimationCallback=true, mOverrideBehavior=0}
05-13 19:18:22.629 W/WindowOnBackDispatcher(19015): sendCancelIfRunning: isInProgress=false callback=io.flutter.embedding.android.FlutterActivity$1@5a448c9
05-13 19:18:22.630 D/CoreBackPreview(  701): Window{6f311f7 u0 com.munawwaracare.andriod/com.munawwaracare.andriod.MainActivity}: Setting back callback OnBackInvokedCallbackInfo{mCallback=android.window.IOnBackInvokedCallback$Stub$Proxy@81dab23, mPriority=-1, mIsAnimationCallback=false, mOverrideBehavior=0}
05-13 19:18:23.165 W/Settings( 5949): Setting airplane_mode_on has moved from android.provider.Settings.System to android.provider.Settings.Global, returning read-only value.
05-13 19:18:23.170 W/SystemServiceRegistry( 5949): No service published for: wifirtt
05-13 19:18:23.546 I/flutter (19015): ΓöîΓöÇΓöÇΓöÇΓöÇΓöÇΓöÇΓöÇΓöÇΓöÇΓöÇΓöÇΓöÇΓöÇΓöÇΓöÇΓöÇΓöÇΓöÇΓöÇΓöÇΓöÇΓöÇΓöÇΓöÇΓöÇΓöÇΓöÇΓöÇΓöÇΓöÇΓöÇΓöÇΓöÇΓöÇΓöÇΓöÇΓöÇΓöÇΓöÇΓöÇΓöÇΓöÇΓöÇΓöÇΓöÇΓöÇΓöÇΓöÇΓöÇΓöÇΓöÇΓöÇΓöÇΓöÇΓöÇΓöÇΓöÇΓöÇΓöÇΓöÇΓöÇΓöÇΓöÇΓöÇΓöÇΓöÇΓöÇΓöÇΓöÇΓöÇΓöÇΓöÇΓöÇΓöÇΓöÇΓöÇΓöÇΓöÇΓöÇ
05-13 19:18:23.546 I/flutter (19015): Γöé 19:18:23.546 (+0:00:04.572893)
05-13 19:18:23.547 I/flutter (19015): Γö£ΓöäΓöäΓöäΓöäΓöäΓöäΓöäΓöäΓöäΓöäΓöäΓöäΓöäΓöäΓöäΓöäΓöäΓöäΓöäΓöäΓöäΓöäΓöäΓöäΓöäΓöäΓöäΓöäΓöäΓöäΓöäΓöäΓöäΓöäΓöäΓöäΓöäΓöäΓöäΓöäΓöäΓöäΓöäΓöäΓöäΓöäΓöäΓöäΓöäΓöäΓöäΓöäΓöäΓöäΓöäΓöäΓöäΓöäΓöäΓöäΓöäΓöäΓöäΓöäΓöäΓöäΓöäΓöäΓöäΓöäΓöäΓöäΓöäΓöäΓöäΓöäΓöäΓöäΓöä
05-13 19:18:23.548 I/flutter (19015): Γöé ≡ƒÉ¢ [SocketService] Connecting to http://192.168.1.7:5000 as 69ebcda546ce4908368bdac5 (moderator)
05-13 19:18:23.548 I/flutter (19015): ΓööΓöÇΓöÇΓöÇΓöÇΓöÇΓöÇΓöÇΓöÇΓöÇΓöÇΓöÇΓöÇΓöÇΓöÇΓöÇΓöÇΓöÇΓöÇΓöÇΓöÇΓöÇΓöÇΓöÇΓöÇΓöÇΓöÇΓöÇΓöÇΓöÇΓöÇΓöÇΓöÇΓöÇΓöÇΓöÇΓöÇΓöÇΓöÇΓöÇΓöÇΓöÇΓöÇΓöÇΓöÇΓöÇΓöÇΓöÇΓöÇΓöÇΓöÇΓöÇΓöÇΓöÇΓöÇΓöÇΓöÇΓöÇΓöÇΓöÇΓöÇΓöÇΓöÇΓöÇΓöÇΓöÇΓöÇΓöÇΓöÇΓöÇΓöÇΓöÇΓöÇΓöÇΓöÇΓöÇΓöÇΓöÇΓöÇΓöÇ
05-13 19:18:23.579 I/flutter (19015): ΓöîΓöÇΓöÇΓöÇΓöÇΓöÇΓöÇΓöÇΓöÇΓöÇΓöÇΓöÇΓöÇΓöÇΓöÇΓöÇΓöÇΓöÇΓöÇΓöÇΓöÇΓöÇΓöÇΓöÇΓöÇΓöÇΓöÇΓöÇΓöÇΓöÇΓöÇΓöÇΓöÇΓöÇΓöÇΓöÇΓöÇΓöÇΓöÇΓöÇΓöÇΓöÇΓöÇΓöÇΓöÇΓöÇΓöÇΓöÇΓöÇΓöÇΓöÇΓöÇΓöÇΓöÇΓöÇΓöÇΓöÇΓöÇΓöÇΓöÇΓöÇΓöÇΓöÇΓöÇΓöÇΓöÇΓöÇΓöÇΓöÇΓöÇΓöÇΓöÇΓöÇΓöÇΓöÇΓöÇΓöÇΓöÇΓöÇΓöÇ
05-13 19:18:23.579 I/flutter (19015): Γöé 19:18:23.578 (+0:00:04.605156)
05-13 19:18:23.579 I/flutter (19015): Γö£ΓöäΓöäΓöäΓöäΓöäΓöäΓöäΓöäΓöäΓöäΓöäΓöäΓöäΓöäΓöäΓöäΓöäΓöäΓöäΓöäΓöäΓöäΓöäΓöäΓöäΓöäΓöäΓöäΓöäΓöäΓöäΓöäΓöäΓöäΓöäΓöäΓöäΓöäΓöäΓöäΓöäΓöäΓöäΓöäΓöäΓöäΓöäΓöäΓöäΓöäΓöäΓöäΓöäΓöäΓöäΓöäΓöäΓöäΓöäΓöäΓöäΓöäΓöäΓöäΓöäΓöäΓöäΓöäΓöäΓöäΓöäΓöäΓöäΓöäΓöäΓöäΓöäΓöäΓöä
05-13 19:18:23.579 I/flutter (19015): Γöé ≡ƒÉ¢ [SocketService] Listener registered: sos-alert-received
05-13 19:18:23.579 I/flutter (19015): ΓööΓöÇΓöÇΓöÇΓöÇΓöÇΓöÇΓöÇΓöÇΓöÇΓöÇΓöÇΓöÇΓöÇΓöÇΓöÇΓöÇΓöÇΓöÇΓöÇΓöÇΓöÇΓöÇΓöÇΓöÇΓöÇΓöÇΓöÇΓöÇΓöÇΓöÇΓöÇΓöÇΓöÇΓöÇΓöÇΓöÇΓöÇΓöÇΓöÇΓöÇΓöÇΓöÇΓöÇΓöÇΓöÇΓöÇΓöÇΓöÇΓöÇΓöÇΓöÇΓöÇΓöÇΓöÇΓöÇΓöÇΓöÇΓöÇΓöÇΓöÇΓöÇΓöÇΓöÇΓöÇΓöÇΓöÇΓöÇΓöÇΓöÇΓöÇΓöÇΓöÇΓöÇΓöÇΓöÇΓöÇΓöÇΓöÇΓöÇ
05-13 19:18:23.580 I/flutter (19015): ΓöîΓöÇΓöÇΓöÇΓöÇΓöÇΓöÇΓöÇΓöÇΓöÇΓöÇΓöÇΓöÇΓöÇΓöÇΓöÇΓöÇΓöÇΓöÇΓöÇΓöÇΓöÇΓöÇΓöÇΓöÇΓöÇΓöÇΓöÇΓöÇΓöÇΓöÇΓöÇΓöÇΓöÇΓöÇΓöÇΓöÇΓöÇΓöÇΓöÇΓöÇΓöÇΓöÇΓöÇΓöÇΓöÇΓöÇΓöÇΓöÇΓöÇΓöÇΓöÇΓöÇΓöÇΓöÇΓöÇΓöÇΓöÇΓöÇΓöÇΓöÇΓöÇΓöÇΓöÇΓöÇΓöÇΓöÇΓöÇΓöÇΓöÇΓöÇΓöÇΓöÇΓöÇΓöÇΓöÇΓöÇΓöÇΓöÇΓöÇ
05-13 19:18:23.580 I/flutter (19015): Γöé 19:18:23.580 (+0:00:04.606572)
05-13 19:18:23.580 I/flutter (19015): Γö£ΓöäΓöäΓöäΓöäΓöäΓöäΓöäΓöäΓöäΓöäΓöäΓöäΓöäΓöäΓöäΓöäΓöäΓöäΓöäΓöäΓöäΓöäΓöäΓöäΓöäΓöäΓöäΓöäΓöäΓöäΓöäΓöäΓöäΓöäΓöäΓöäΓöäΓöäΓöäΓöäΓöäΓöäΓöäΓöäΓöäΓöäΓöäΓöäΓöäΓöäΓöäΓöäΓöäΓöäΓöäΓöäΓöäΓöäΓöäΓöäΓöäΓöäΓöäΓöäΓöäΓöäΓöäΓöäΓöäΓöäΓöäΓöäΓöäΓöäΓöäΓöäΓöäΓöäΓöä
05-13 19:18:23.580 I/flutter (19015): Γöé ≡ƒÉ¢ [SocketService] Listener registered: sos-alert-cancelled
05-13 19:18:23.580 I/flutter (19015): ΓööΓöÇΓöÇΓöÇΓöÇΓöÇΓöÇΓöÇΓöÇΓöÇΓöÇΓöÇΓöÇΓöÇΓöÇΓöÇΓöÇΓöÇΓöÇΓöÇΓöÇΓöÇΓöÇΓöÇΓöÇΓöÇΓöÇΓöÇΓöÇΓöÇΓöÇΓöÇΓöÇΓöÇΓöÇΓöÇΓöÇΓöÇΓöÇΓöÇΓöÇΓöÇΓöÇΓöÇΓöÇΓöÇΓöÇΓöÇΓöÇΓöÇΓöÇΓöÇΓöÇΓöÇΓöÇΓöÇΓöÇΓöÇΓöÇΓöÇΓöÇΓöÇΓöÇΓöÇΓöÇΓöÇΓöÇΓöÇΓöÇΓöÇΓöÇΓöÇΓöÇΓöÇΓöÇΓöÇΓöÇΓöÇΓöÇΓöÇ
05-13 19:18:23.580 I/flutter (19015): ΓöîΓöÇΓöÇΓöÇΓöÇΓöÇΓöÇΓöÇΓöÇΓöÇΓöÇΓöÇΓöÇΓöÇΓöÇΓöÇΓöÇΓöÇΓöÇΓöÇΓöÇΓöÇΓöÇΓöÇΓöÇΓöÇΓöÇΓöÇΓöÇΓöÇΓöÇΓöÇΓöÇΓöÇΓöÇΓöÇΓöÇΓöÇΓöÇΓöÇΓöÇΓöÇΓöÇΓöÇΓöÇΓöÇΓöÇΓöÇΓöÇΓöÇΓöÇΓöÇΓöÇΓöÇΓöÇΓöÇΓöÇΓöÇΓöÇΓöÇΓöÇΓöÇΓöÇΓöÇΓöÇΓöÇΓöÇΓöÇΓöÇΓöÇΓöÇΓöÇΓöÇΓöÇΓöÇΓöÇΓöÇΓöÇΓöÇΓöÇ
05-13 19:18:23.580 I/flutter (19015): Γöé 19:18:23.580 (+0:00:04.606978)
05-13 19:18:23.582 I/flutter (19015): Γö£ΓöäΓöäΓöäΓöäΓöäΓöäΓöäΓöäΓöäΓöäΓöäΓöäΓöäΓöäΓöäΓöäΓöäΓöäΓöäΓöäΓöäΓöäΓöäΓöäΓöäΓöäΓöäΓöäΓöäΓöäΓöäΓöäΓöäΓöäΓöäΓöäΓöäΓöäΓöäΓöäΓöäΓöäΓöäΓöäΓöäΓöäΓöäΓöäΓöäΓöäΓöäΓöäΓöäΓöäΓöäΓöäΓöäΓöäΓöäΓöäΓöäΓöäΓöäΓöäΓöäΓöäΓöäΓöäΓöäΓöäΓöäΓöäΓöäΓöäΓöäΓöäΓöäΓöäΓöä
05-13 19:18:23.583 I/flutter (19015): Γöé ≡ƒÉ¢ [SocketService] Listener registered: sos_cancel
05-13 19:18:23.583 I/flutter (19015): ΓööΓöÇΓöÇΓöÇΓöÇΓöÇΓöÇΓöÇΓöÇΓöÇΓöÇΓöÇΓöÇΓöÇΓöÇΓöÇΓöÇΓöÇΓöÇΓöÇΓöÇΓöÇΓöÇΓöÇΓöÇΓöÇΓöÇΓöÇΓöÇΓöÇΓöÇΓöÇΓöÇΓöÇΓöÇΓöÇΓöÇΓöÇΓöÇΓöÇΓöÇΓöÇΓöÇΓöÇΓöÇΓöÇΓöÇΓöÇΓöÇΓöÇΓöÇΓöÇΓöÇΓöÇΓöÇΓöÇΓöÇΓöÇΓöÇΓöÇΓöÇΓöÇΓöÇΓöÇΓöÇΓöÇΓöÇΓöÇΓöÇΓöÇΓöÇΓöÇΓöÇΓöÇΓöÇΓöÇΓöÇΓöÇΓöÇΓöÇ
05-13 19:18:23.583 I/flutter (19015): ΓöîΓöÇΓöÇΓöÇΓöÇΓöÇΓöÇΓöÇΓöÇΓöÇΓöÇΓöÇΓöÇΓöÇΓöÇΓöÇΓöÇΓöÇΓöÇΓöÇΓöÇΓöÇΓöÇΓöÇΓöÇΓöÇΓöÇΓöÇΓöÇΓöÇΓöÇΓöÇΓöÇΓöÇΓöÇΓöÇΓöÇΓöÇΓöÇΓöÇΓöÇΓöÇΓöÇΓöÇΓöÇΓöÇΓöÇΓöÇΓöÇΓöÇΓöÇΓöÇΓöÇΓöÇΓöÇΓöÇΓöÇΓöÇΓöÇΓöÇΓöÇΓöÇΓöÇΓöÇΓöÇΓöÇΓöÇΓöÇΓöÇΓöÇΓöÇΓöÇΓöÇΓöÇΓöÇΓöÇΓöÇΓöÇΓöÇΓöÇ
05-13 19:18:23.583 I/flutter (19015): Γöé 19:18:23.583 (+0:00:04.609876)
05-13 19:18:23.584 I/flutter (19015): Γö£ΓöäΓöäΓöäΓöäΓöäΓöäΓöäΓöäΓöäΓöäΓöäΓöäΓöäΓöäΓöäΓöäΓöäΓöäΓöäΓöäΓöäΓöäΓöäΓöäΓöäΓöäΓöäΓöäΓöäΓöäΓöäΓöäΓöäΓöäΓöäΓöäΓöäΓöäΓöäΓöäΓöäΓöäΓöäΓöäΓöäΓöäΓöäΓöäΓöäΓöäΓöäΓöäΓöäΓöäΓöäΓöäΓöäΓöäΓöäΓöäΓöäΓöäΓöäΓöäΓöäΓöäΓöäΓöäΓöäΓöäΓöäΓöäΓöäΓöäΓöäΓöäΓöäΓöäΓöä
05-13 19:18:23.584 I/flutter (19015): Γöé ≡ƒÉ¢ [SocketService] Listener registered: sos-moderator-responding
05-13 19:18:23.584 I/flutter (19015): ΓööΓöÇΓöÇΓöÇΓöÇΓöÇΓöÇΓöÇΓöÇΓöÇΓöÇΓöÇΓöÇΓöÇΓöÇΓöÇΓöÇΓöÇΓöÇΓöÇΓöÇΓöÇΓöÇΓöÇΓöÇΓöÇΓöÇΓöÇΓöÇΓöÇΓöÇΓöÇΓöÇΓöÇΓöÇΓöÇΓöÇΓöÇΓöÇΓöÇΓöÇΓöÇΓöÇΓöÇΓöÇΓöÇΓöÇΓöÇΓöÇΓöÇΓöÇΓöÇΓöÇΓöÇΓöÇΓöÇΓöÇΓöÇΓöÇΓöÇΓöÇΓöÇΓöÇΓöÇΓöÇΓöÇΓöÇΓöÇΓöÇΓöÇΓöÇΓöÇΓöÇΓöÇΓöÇΓöÇΓöÇΓöÇΓöÇΓöÇ
05-13 19:18:23.584 I/flutter (19015): ΓöîΓöÇΓöÇΓöÇΓöÇΓöÇΓöÇΓöÇΓöÇΓöÇΓöÇΓöÇΓöÇΓöÇΓöÇΓöÇΓöÇΓöÇΓöÇΓöÇΓöÇΓöÇΓöÇΓöÇΓöÇΓöÇΓöÇΓöÇΓöÇΓöÇΓöÇΓöÇΓöÇΓöÇΓöÇΓöÇΓöÇΓöÇΓöÇΓöÇΓöÇΓöÇΓöÇΓöÇΓöÇΓöÇΓöÇΓöÇΓöÇΓöÇΓöÇΓöÇΓöÇΓöÇΓöÇΓöÇΓöÇΓöÇΓöÇΓöÇΓöÇΓöÇΓöÇΓöÇΓöÇΓöÇΓöÇΓöÇΓöÇΓöÇΓöÇΓöÇΓöÇΓöÇΓöÇΓöÇΓöÇΓöÇΓöÇΓöÇ
05-13 19:18:23.585 I/flutter (19015): Γöé 19:18:23.584 (+0:00:04.611052)
05-13 19:18:23.585 I/flutter (19015): Γö£ΓöäΓöäΓöäΓöäΓöäΓöäΓöäΓöäΓöäΓöäΓöäΓöäΓöäΓöäΓöäΓöäΓöäΓöäΓöäΓöäΓöäΓöäΓöäΓöäΓöäΓöäΓöäΓöäΓöäΓöäΓöäΓöäΓöäΓöäΓöäΓöäΓöäΓöäΓöäΓöäΓöäΓöäΓöäΓöäΓöäΓöäΓöäΓöäΓöäΓöäΓöäΓöäΓöäΓöäΓöäΓöäΓöäΓöäΓöäΓöäΓöäΓöäΓöäΓöäΓöäΓöäΓöäΓöäΓöäΓöäΓöäΓöäΓöäΓöäΓöäΓöäΓöäΓöäΓöä
05-13 19:18:23.585 I/flutter (19015): Γöé ≡ƒÉ¢ [SocketService] Listener registered: sos-moderator-in-call
05-13 19:18:23.585 I/flutter (19015): ΓööΓöÇΓöÇΓöÇΓöÇΓöÇΓöÇΓöÇΓöÇΓöÇΓöÇΓöÇΓöÇΓöÇΓöÇΓöÇΓöÇΓöÇΓöÇΓöÇΓöÇΓöÇΓöÇΓöÇΓöÇΓöÇΓöÇΓöÇΓöÇΓöÇΓöÇΓöÇΓöÇΓöÇΓöÇΓöÇΓöÇΓöÇΓöÇΓöÇΓöÇΓöÇΓöÇΓöÇΓöÇΓöÇΓöÇΓöÇΓöÇΓöÇΓöÇΓöÇΓöÇΓöÇΓöÇΓöÇΓöÇΓöÇΓöÇΓöÇΓöÇΓöÇΓöÇΓöÇΓöÇΓöÇΓöÇΓöÇΓöÇΓöÇΓöÇΓöÇΓöÇΓöÇΓöÇΓöÇΓöÇΓöÇΓöÇΓöÇ
05-13 19:18:23.585 I/flutter (19015): ΓöîΓöÇΓöÇΓöÇΓöÇΓöÇΓöÇΓöÇΓöÇΓöÇΓöÇΓöÇΓöÇΓöÇΓöÇΓöÇΓöÇΓöÇΓöÇΓöÇΓöÇΓöÇΓöÇΓöÇΓöÇΓöÇΓöÇΓöÇΓöÇΓöÇΓöÇΓöÇΓöÇΓöÇΓöÇΓöÇΓöÇΓöÇΓöÇΓöÇΓöÇΓöÇΓöÇΓöÇΓöÇΓöÇΓöÇΓöÇΓöÇΓöÇΓöÇΓöÇΓöÇΓöÇΓöÇΓöÇΓöÇΓöÇΓöÇΓöÇΓöÇΓöÇΓöÇΓöÇΓöÇΓöÇΓöÇΓöÇΓöÇΓöÇΓöÇΓöÇΓöÇΓöÇΓöÇΓöÇΓöÇΓöÇΓöÇΓöÇ
05-13 19:18:23.586 I/flutter (19015): Γöé 19:18:23.585 (+0:00:04.612245)
05-13 19:18:23.586 I/flutter (19015): Γö£ΓöäΓöäΓöäΓöäΓöäΓöäΓöäΓöäΓöäΓöäΓöäΓöäΓöäΓöäΓöäΓöäΓöäΓöäΓöäΓöäΓöäΓöäΓöäΓöäΓöäΓöäΓöäΓöäΓöäΓöäΓöäΓöäΓöäΓöäΓöäΓöäΓöäΓöäΓöäΓöäΓöäΓöäΓöäΓöäΓöäΓöäΓöäΓöäΓöäΓöäΓöäΓöäΓöäΓöäΓöäΓöäΓöäΓöäΓöäΓöäΓöäΓöäΓöäΓöäΓöäΓöäΓöäΓöäΓöäΓöäΓöäΓöäΓöäΓöäΓöäΓöäΓöäΓöäΓöä
05-13 19:18:23.586 I/flutter (19015): Γöé ≡ƒÉ¢ [SocketService] Listener registered: missed-call-received
05-13 19:18:23.586 I/flutter (19015): ΓööΓöÇΓöÇΓöÇΓöÇΓöÇΓöÇΓöÇΓöÇΓöÇΓöÇΓöÇΓöÇΓöÇΓöÇΓöÇΓöÇΓöÇΓöÇΓöÇΓöÇΓöÇΓöÇΓöÇΓöÇΓöÇΓöÇΓöÇΓöÇΓöÇΓöÇΓöÇΓöÇΓöÇΓöÇΓöÇΓöÇΓöÇΓöÇΓöÇΓöÇΓöÇΓöÇΓöÇΓöÇΓöÇΓöÇΓöÇΓöÇΓöÇΓöÇΓöÇΓöÇΓöÇΓöÇΓöÇΓöÇΓöÇΓöÇΓöÇΓöÇΓöÇΓöÇΓöÇΓöÇΓöÇΓöÇΓöÇΓöÇΓöÇΓöÇΓöÇΓöÇΓöÇΓöÇΓöÇΓöÇΓöÇΓöÇΓöÇ
05-13 19:18:23.586 I/flutter (19015): ΓöîΓöÇΓöÇΓöÇΓöÇΓöÇΓöÇΓöÇΓöÇΓöÇΓöÇΓöÇΓöÇΓöÇΓöÇΓöÇΓöÇΓöÇΓöÇΓöÇΓöÇΓöÇΓöÇΓöÇΓöÇΓöÇΓöÇΓöÇΓöÇΓöÇΓöÇΓöÇΓöÇΓöÇΓöÇΓöÇΓöÇΓöÇΓöÇΓöÇΓöÇΓöÇΓöÇΓöÇΓöÇΓöÇΓöÇΓöÇΓöÇΓöÇΓöÇΓöÇΓöÇΓöÇΓöÇΓöÇΓöÇΓöÇΓöÇΓöÇΓöÇΓöÇΓöÇΓöÇΓöÇΓöÇΓöÇΓöÇΓöÇΓöÇΓöÇΓöÇΓöÇΓöÇΓöÇΓöÇΓöÇΓöÇΓöÇΓöÇ
05-13 19:18:23.586 I/flutter (19015): Γöé 19:18:23.586 (+0:00:04.612857)
05-13 19:18:23.587 I/flutter (19015): Γö£ΓöäΓöäΓöäΓöäΓöäΓöäΓöäΓöäΓöäΓöäΓöäΓöäΓöäΓöäΓöäΓöäΓöäΓöäΓöäΓöäΓöäΓöäΓöäΓöäΓöäΓöäΓöäΓöäΓöäΓöäΓöäΓöäΓöäΓöäΓöäΓöäΓöäΓöäΓöäΓöäΓöäΓöäΓöäΓöäΓöäΓöäΓöäΓöäΓöäΓöäΓöäΓöäΓöäΓöäΓöäΓöäΓöäΓöäΓöäΓöäΓöäΓöäΓöäΓöäΓöäΓöäΓöäΓöäΓöäΓöäΓöäΓöäΓöäΓöäΓöäΓöäΓöäΓöäΓöä
05-13 19:18:23.587 I/flutter (19015): Γöé ≡ƒÉ¢ [SocketService] Listener registered: notification_refresh
05-13 19:18:23.587 I/flutter (19015): ΓööΓöÇΓöÇΓöÇΓöÇΓöÇΓöÇΓöÇΓöÇΓöÇΓöÇΓöÇΓöÇΓöÇΓöÇΓöÇΓöÇΓöÇΓöÇΓöÇΓöÇΓöÇΓöÇΓöÇΓöÇΓöÇΓöÇΓöÇΓöÇΓöÇΓöÇΓöÇΓöÇΓöÇΓöÇΓöÇΓöÇΓöÇΓöÇΓöÇΓöÇΓöÇΓöÇΓöÇΓöÇΓöÇΓöÇΓöÇΓöÇΓöÇΓöÇΓöÇΓöÇΓöÇΓöÇΓöÇΓöÇΓöÇΓöÇΓöÇΓöÇΓöÇΓöÇΓöÇΓöÇΓöÇΓöÇΓöÇΓöÇΓöÇΓöÇΓöÇΓöÇΓöÇΓöÇΓöÇΓöÇΓöÇΓöÇΓöÇ
05-13 19:18:23.588 I/flutter (19015): ΓöîΓöÇΓöÇΓöÇΓöÇΓöÇΓöÇΓöÇΓöÇΓöÇΓöÇΓöÇΓöÇΓöÇΓöÇΓöÇΓöÇΓöÇΓöÇΓöÇΓöÇΓöÇΓöÇΓöÇΓöÇΓöÇΓöÇΓöÇΓöÇΓöÇΓöÇΓöÇΓöÇΓöÇΓöÇΓöÇΓöÇΓöÇΓöÇΓöÇΓöÇΓöÇΓöÇΓöÇΓöÇΓöÇΓöÇΓöÇΓöÇΓöÇΓöÇΓöÇΓöÇΓöÇΓöÇΓöÇΓöÇΓöÇΓöÇΓöÇΓöÇΓöÇΓöÇΓöÇΓöÇΓöÇΓöÇΓöÇΓöÇΓöÇΓöÇΓöÇΓöÇΓöÇΓöÇΓöÇΓöÇΓöÇΓöÇΓöÇ
05-13 19:18:23.588 I/flutter (19015): Γöé 19:18:23.588 (+0:00:04.614405)
05-13 19:18:23.588 I/flutter (19015): Γö£ΓöäΓöäΓöäΓöäΓöäΓöäΓöäΓöäΓöäΓöäΓöäΓöäΓöäΓöäΓöäΓöäΓöäΓöäΓöäΓöäΓöäΓöäΓöäΓöäΓöäΓöäΓöäΓöäΓöäΓöäΓöäΓöäΓöäΓöäΓöäΓöäΓöäΓöäΓöäΓöäΓöäΓöäΓöäΓöäΓöäΓöäΓöäΓöäΓöäΓöäΓöäΓöäΓöäΓöäΓöäΓöäΓöäΓöäΓöäΓöäΓöäΓöäΓöäΓöäΓöäΓöäΓöäΓöäΓöäΓöäΓöäΓöäΓöäΓöäΓöäΓöäΓöäΓöäΓöä
05-13 19:18:23.588 I/flutter (19015): Γöé ≡ƒÉ¢ [SocketService] Listener registered: group_updated
05-13 19:18:23.588 I/flutter (19015): ΓööΓöÇΓöÇΓöÇΓöÇΓöÇΓöÇΓöÇΓöÇΓöÇΓöÇΓöÇΓöÇΓöÇΓöÇΓöÇΓöÇΓöÇΓöÇΓöÇΓöÇΓöÇΓöÇΓöÇΓöÇΓöÇΓöÇΓöÇΓöÇΓöÇΓöÇΓöÇΓöÇΓöÇΓöÇΓöÇΓöÇΓöÇΓöÇΓöÇΓöÇΓöÇΓöÇΓöÇΓöÇΓöÇΓöÇΓöÇΓöÇΓöÇΓöÇΓöÇΓöÇΓöÇΓöÇΓöÇΓöÇΓöÇΓöÇΓöÇΓöÇΓöÇΓöÇΓöÇΓöÇΓöÇΓöÇΓöÇΓöÇΓöÇΓöÇΓöÇΓöÇΓöÇΓöÇΓöÇΓöÇΓöÇΓöÇΓöÇ
05-13 19:18:23.589 I/flutter (19015): ΓöîΓöÇΓöÇΓöÇΓöÇΓöÇΓöÇΓöÇΓöÇΓöÇΓöÇΓöÇΓöÇΓöÇΓöÇΓöÇΓöÇΓöÇΓöÇΓöÇΓöÇΓöÇΓöÇΓöÇΓöÇΓöÇΓöÇΓöÇΓöÇΓöÇΓöÇΓöÇΓöÇΓöÇΓöÇΓöÇΓöÇΓöÇΓöÇΓöÇΓöÇΓöÇΓöÇΓöÇΓöÇΓöÇΓöÇΓöÇΓöÇΓöÇΓöÇΓöÇΓöÇΓöÇΓöÇΓöÇΓöÇΓöÇΓöÇΓöÇΓöÇΓöÇΓöÇΓöÇΓöÇΓöÇΓöÇΓöÇΓöÇΓöÇΓöÇΓöÇΓöÇΓöÇΓöÇΓöÇΓöÇΓöÇΓöÇΓöÇ
05-13 19:18:23.589 I/flutter (19015): Γöé 19:18:23.588 (+0:00:04.615231)
05-13 19:18:23.589 I/flutter (19015): Γö£ΓöäΓöäΓöäΓöäΓöäΓöäΓöäΓöäΓöäΓöäΓöäΓöäΓöäΓöäΓöäΓöäΓöäΓöäΓöäΓöäΓöäΓöäΓöäΓöäΓöäΓöäΓöäΓöäΓöäΓöäΓöäΓöäΓöäΓöäΓöäΓöäΓöäΓöäΓöäΓöäΓöäΓöäΓöäΓöäΓöäΓöäΓöäΓöäΓöäΓöäΓöäΓöäΓöäΓöäΓöäΓöäΓöäΓöäΓöäΓöäΓöäΓöäΓöäΓöäΓöäΓöäΓöäΓöäΓöäΓöäΓöäΓöäΓöäΓöäΓöäΓöäΓöäΓöäΓöä
05-13 19:18:23.589 I/flutter (19015): Γöé ≡ƒÉ¢ [SocketService] Listener registered: group_deleted
05-13 19:18:23.589 I/flutter (19015): ΓööΓöÇΓöÇΓöÇΓöÇΓöÇΓöÇΓöÇΓöÇΓöÇΓöÇΓöÇΓöÇΓöÇΓöÇΓöÇΓöÇΓöÇΓöÇΓöÇΓöÇΓöÇΓöÇΓöÇΓöÇΓöÇΓöÇΓöÇΓöÇΓöÇΓöÇΓöÇΓöÇΓöÇΓöÇΓöÇΓöÇΓöÇΓöÇΓöÇΓöÇΓöÇΓöÇΓöÇΓöÇΓöÇΓöÇΓöÇΓöÇΓöÇΓöÇΓöÇΓöÇΓöÇΓöÇΓöÇΓöÇΓöÇΓöÇΓöÇΓöÇΓöÇΓöÇΓöÇΓöÇΓöÇΓöÇΓöÇΓöÇΓöÇΓöÇΓöÇΓöÇΓöÇΓöÇΓöÇΓöÇΓöÇΓöÇΓöÇ
05-13 19:18:23.590 I/flutter (19015): ΓöîΓöÇΓöÇΓöÇΓöÇΓöÇΓöÇΓöÇΓöÇΓöÇΓöÇΓöÇΓöÇΓöÇΓöÇΓöÇΓöÇΓöÇΓöÇΓöÇΓöÇΓöÇΓöÇΓöÇΓöÇΓöÇΓöÇΓöÇΓöÇΓöÇΓöÇΓöÇΓöÇΓöÇΓöÇΓöÇΓöÇΓöÇΓöÇΓöÇΓöÇΓöÇΓöÇΓöÇΓöÇΓöÇΓöÇΓöÇΓöÇΓöÇΓöÇΓöÇΓöÇΓöÇΓöÇΓöÇΓöÇΓöÇΓöÇΓöÇΓöÇΓöÇΓöÇΓöÇΓöÇΓöÇΓöÇΓöÇΓöÇΓöÇΓöÇΓöÇΓöÇΓöÇΓöÇΓöÇΓöÇΓöÇΓöÇΓöÇ
05-13 19:18:23.590 I/flutter (19015): Γöé 19:18:23.589 (+0:00:04.616361)
05-13 19:18:23.590 I/flutter (19015): Γö£ΓöäΓöäΓöäΓöäΓöäΓöäΓöäΓöäΓöäΓöäΓöäΓöäΓöäΓöäΓöäΓöäΓöäΓöäΓöäΓöäΓöäΓöäΓöäΓöäΓöäΓöäΓöäΓöäΓöäΓöäΓöäΓöäΓöäΓöäΓöäΓöäΓöäΓöäΓöäΓöäΓöäΓöäΓöäΓöäΓöäΓöäΓöäΓöäΓöäΓöäΓöäΓöäΓöäΓöäΓöäΓöäΓöäΓöäΓöäΓöäΓöäΓöäΓöäΓöäΓöäΓöäΓöäΓöäΓöäΓöäΓöäΓöäΓöäΓöäΓöäΓöäΓöäΓöäΓöä
05-13 19:18:23.590 I/flutter (19015): Γöé ≡ƒÉ¢ [SocketService] Listener registered: added-to-group
05-13 19:18:23.591 I/flutter (19015): ΓööΓöÇΓöÇΓöÇΓöÇΓöÇΓöÇΓöÇΓöÇΓöÇΓöÇΓöÇΓöÇΓöÇΓöÇΓöÇΓöÇΓöÇΓöÇΓöÇΓöÇΓöÇΓöÇΓöÇΓöÇΓöÇΓöÇΓöÇΓöÇΓöÇΓöÇΓöÇΓöÇΓöÇΓöÇΓöÇΓöÇΓöÇΓöÇΓöÇΓöÇΓöÇΓöÇΓöÇΓöÇΓöÇΓöÇΓöÇΓöÇΓöÇΓöÇΓöÇΓöÇΓöÇΓöÇΓöÇΓöÇΓöÇΓöÇΓöÇΓöÇΓöÇΓöÇΓöÇΓöÇΓöÇΓöÇΓöÇΓöÇΓöÇΓöÇΓöÇΓöÇΓöÇΓöÇΓöÇΓöÇΓöÇΓöÇΓöÇ
05-13 19:18:23.591 I/flutter (19015): ΓöîΓöÇΓöÇΓöÇΓöÇΓöÇΓöÇΓöÇΓöÇΓöÇΓöÇΓöÇΓöÇΓöÇΓöÇΓöÇΓöÇΓöÇΓöÇΓöÇΓöÇΓöÇΓöÇΓöÇΓöÇΓöÇΓöÇΓöÇΓöÇΓöÇΓöÇΓöÇΓöÇΓöÇΓöÇΓöÇΓöÇΓöÇΓöÇΓöÇΓöÇΓöÇΓöÇΓöÇΓöÇΓöÇΓöÇΓöÇΓöÇΓöÇΓöÇΓöÇΓöÇΓöÇΓöÇΓöÇΓöÇΓöÇΓöÇΓöÇΓöÇΓöÇΓöÇΓöÇΓöÇΓöÇΓöÇΓöÇΓöÇΓöÇΓöÇΓöÇΓöÇΓöÇΓöÇΓöÇΓöÇΓöÇΓöÇΓöÇ
05-13 19:18:23.591 I/flutter (19015): Γöé 19:18:23.591 (+0:00:04.617692)
05-13 19:18:23.591 I/flutter (19015): Γö£ΓöäΓöäΓöäΓöäΓöäΓöäΓöäΓöäΓöäΓöäΓöäΓöäΓöäΓöäΓöäΓöäΓöäΓöäΓöäΓöäΓöäΓöäΓöäΓöäΓöäΓöäΓöäΓöäΓöäΓöäΓöäΓöäΓöäΓöäΓöäΓöäΓöäΓöäΓöäΓöäΓöäΓöäΓöäΓöäΓöäΓöäΓöäΓöäΓöäΓöäΓöäΓöäΓöäΓöäΓöäΓöäΓöäΓöäΓöäΓöäΓöäΓöäΓöäΓöäΓöäΓöäΓöäΓöäΓöäΓöäΓöäΓöäΓöäΓöäΓöäΓöäΓöäΓöäΓöä
05-13 19:18:23.592 I/flutter (19015): Γöé ≡ƒÉ¢ [SocketService] Listener registered: removed-from-group
05-13 19:18:23.592 I/flutter (19015): ΓööΓöÇΓöÇΓöÇΓöÇΓöÇΓöÇΓöÇΓöÇΓöÇΓöÇΓöÇΓöÇΓöÇΓöÇΓöÇΓöÇΓöÇΓöÇΓöÇΓöÇΓöÇΓöÇΓöÇΓöÇΓöÇΓöÇΓöÇΓöÇΓöÇΓöÇΓöÇΓöÇΓöÇΓöÇΓöÇΓöÇΓöÇΓöÇΓöÇΓöÇΓöÇΓöÇΓöÇΓöÇΓöÇΓöÇΓöÇΓöÇΓöÇΓöÇΓöÇΓöÇΓöÇΓöÇΓöÇΓöÇΓöÇΓöÇΓöÇΓöÇΓöÇΓöÇΓöÇΓöÇΓöÇΓöÇΓöÇΓöÇΓöÇΓöÇΓöÇΓöÇΓöÇΓöÇΓöÇΓöÇΓöÇΓöÇΓöÇ
05-13 19:18:23.592 I/flutter (19015): ΓöîΓöÇΓöÇΓöÇΓöÇΓöÇΓöÇΓöÇΓöÇΓöÇΓöÇΓöÇΓöÇΓöÇΓöÇΓöÇΓöÇΓöÇΓöÇΓöÇΓöÇΓöÇΓöÇΓöÇΓöÇΓöÇΓöÇΓöÇΓöÇΓöÇΓöÇΓöÇΓöÇΓöÇΓöÇΓöÇΓöÇΓöÇΓöÇΓöÇΓöÇΓöÇΓöÇΓöÇΓöÇΓöÇΓöÇΓöÇΓöÇΓöÇΓöÇΓöÇΓöÇΓöÇΓöÇΓöÇΓöÇΓöÇΓöÇΓöÇΓöÇΓöÇΓöÇΓöÇΓöÇΓöÇΓöÇΓöÇΓöÇΓöÇΓöÇΓöÇΓöÇΓöÇΓöÇΓöÇΓöÇΓöÇΓöÇΓöÇ
05-13 19:18:23.593 I/flutter (19015): Γöé 19:18:23.592 (+0:00:04.619025)
05-13 19:18:23.593 I/flutter (19015): Γö£ΓöäΓöäΓöäΓöäΓöäΓöäΓöäΓöäΓöäΓöäΓöäΓöäΓöäΓöäΓöäΓöäΓöäΓöäΓöäΓöäΓöäΓöäΓöäΓöäΓöäΓöäΓöäΓöäΓöäΓöäΓöäΓöäΓöäΓöäΓöäΓöäΓöäΓöäΓöäΓöäΓöäΓöäΓöäΓöäΓöäΓöäΓöäΓöäΓöäΓöäΓöäΓöäΓöäΓöäΓöäΓöäΓöäΓöäΓöäΓöäΓöäΓöäΓöäΓöäΓöäΓöäΓöäΓöäΓöäΓöäΓöäΓöäΓöäΓöäΓöäΓöäΓöäΓöäΓöä
05-13 19:18:23.593 I/flutter (19015): Γöé ≡ƒÉ¢ [SocketService] Listener registered: new_message
05-13 19:18:23.593 I/flutter (19015): ΓööΓöÇΓöÇΓöÇΓöÇΓöÇΓöÇΓöÇΓöÇΓöÇΓöÇΓöÇΓöÇΓöÇΓöÇΓöÇΓöÇΓöÇΓöÇΓöÇΓöÇΓöÇΓöÇΓöÇΓöÇΓöÇΓöÇΓöÇΓöÇΓöÇΓöÇΓöÇΓöÇΓöÇΓöÇΓöÇΓöÇΓöÇΓöÇΓöÇΓöÇΓöÇΓöÇΓöÇΓöÇΓöÇΓöÇΓöÇΓöÇΓöÇΓöÇΓöÇΓöÇΓöÇΓöÇΓöÇΓöÇΓöÇΓöÇΓöÇΓöÇΓöÇΓöÇΓöÇΓöÇΓöÇΓöÇΓöÇΓöÇΓöÇΓöÇΓöÇΓöÇΓöÇΓöÇΓöÇΓöÇΓöÇΓöÇΓöÇ
