05-13 19:23:24.716 I/RegiMgr-Handler( 1744): handleMessage: EVENT_TELEPHONY_CALL_STATUS_CHANGED
05-13 19:23:24.716 I/RegiMgr-Handler<0>( 1744): onTelephonyCallStatusChanged: 0
05-13 19:23:24.716 I/SimManager( 1744): getRilSimOperator: ETC
05-13 19:23:24.716 I/SimManager<0>( 1744): hasIsim: [false]
05-13 19:23:24.717 I/SimManager( 1744): mSimState:ABSENT, mIsimLoaded:false, hasIsim():false
05-13 19:23:24.717 I/ConfigModule<0>( 1744): handleMessage: msg: 14
05-13 19:23:24.717 I/ConfigModule<0>( 1744): rcsNetworkType:  rcsAs:  isRemoteConfigNeeded: false
05-13 19:23:24.717 I/ConfigModule<0>( 1744): onTelephonyCallStatusChanged: 0
05-13 19:23:24.717 I/VolteServiceModule( 1744): onCallStateChanged: state 0
05-13 19:23:24.717 I/RegiMgr ( 1744): updateTelephonyCallStatus: 0
05-13 19:23:24.717 I/ConfigModule<1>( 1744): updateTelephonyCallStatus: 0
05-13 19:23:24.717 D/NetworkController.MobileSignalController(0/2147483647)( 1397): notifyListener: enabled=true, connected=false, dataConnected=false, networkType=UNKNOWN (Unknown), emergencyOnly=false, roaming=false, isDefault=false, fiveGAvailable=false, mmWave=false, showDisabledDataIcon=false, voWifiConnected=false, dataActivity=, simState=ABSENT, cardOperator=OTHERS, simCardActivated=1
05-13 19:23:24.717 I/EntitlementConfigService( 1744): updateTelephonyCallStatus : 0 for 1
05-13 19:23:24.717 E/EntitlementConfigService<0>( 1744): configModule is null
05-13 19:23:24.717 E/EntitlementConfigService<1>( 1744): configModule is null
05-13 19:23:24.717 I/CallEndpointUuidTracker( 6541): endSession: sessionId=[0]
05-13 19:23:24.717 I/Telecom (  997): PhoneStateBroadcaster: Broadcasted state change: 0: CSW.sDc(cma)@Gdc
05-13 19:23:24.717 I/Telecom:SamsungAutoRedialCallsManagerListener(  997): onCallStateChanged - oldState: 4, newState: 7
05-13 19:23:24.717 I/Telecom:SamsungAutoRedialDEEmergency(  997): shouldMakeAutoECallRedialForDE, call is not emergencyCall
05-13 19:23:24.717 I/Telecom:SamsungCallSettingsRepositoryImpl(  997): isCallAutoRetryMode : false
05-13 19:23:24.717 I/Telecom:SamsungAutoRedial(  997): isAutoRedialMode : false
05-13 19:23:24.717 I/Telecom:SamsungAutoRedial(  997): shouldMakeAutoRedial, autoRedialMode is false
05-13 19:23:24.717 I/Telecom:SamsungAutoRedialCallsManagerListener(  997): processAutoRedial, initialize redial count
05-13 19:23:24.718 I/Telecom:SamsungAnsweringMachineCallLog(  997): isAutoAnsweringModeOn: false
05-13 19:23:24.718 I/Telecom (  997): Event: RecordEntry TC@32: LOG_DISCONNECTED_CAUSE, DISCONNECTED, 6, override=0, false: CSW.sDc(cma)@Gdc
05-13 19:23:24.718 I/HBD     (18988): a HBD onCallStateChanged : 0
05-13 19:23:24.718 I/Telecom (  997): Event: RecordEntry TC@32: LOG_DISCONNECTED_CALL, [Call id=TC@32, state=DISCONNECTED, tpac=ComponentInfo{com.munawwaracare.andriod/androidx.core.telecom.internal.JetpackConnectionService}, ***, UserHandle{0}, cmgr=ComponentInfo{com.munawwaracare.andriod/androidx.core.telecom.internal.JetpackConnectionService}, ***, UserHandle{0}, handle=munawwara:***, vidst=A, childs(0), has_parent(false), cap=[ hld sup_hld VTlrx VTltx VTlbi VTrrx VTrtx VTrbi paus_VT], prop=[ self_mng], caps=[Capabilities: CAPABILITY_HOLD CAPABILITY_SUPPORT_HOLD CAPABILITY_SUPPORTS_VT_LOCAL_RX CAPABILITY_SUPPORTS_VT_LOCAL_TX CAPABILITY_SUPPORTS_VT_LOCAL_BIDIRECTIONAL CAPABILITY_SUPPORTS_VT_REMOTE_RX CAPABILITY_SUPPORTS_VT_REMOTE_TX CAPABILITY_SUPPORTS_VT_REMOTE_BIDIRECTIONAL CAPABILITY_CAN_PAUSE_VIDEO], props=[Properties: PROPERTY_SELF_MANAGED], conf(false), had_child(false)], RINGING, false, null, true, false, false, 1, false, true, SamsungCallLog.Loggable { state : UNKNOWN / okayToLog : false: CSW.sDc(cma)@Gdc
05-13 19:23:24.718 I/Telecom (  997): IncomingCallNotifier: updateIncomingCall: foundIncomingcall = null: CSW.sDc(cma)@Gdc
05-13 19:23:24.718 V/BluetoothEventManager( 1397): onReceive :: android.intent.action.PHONE_STATE
05-13 19:23:24.718 D/StatusBarOneClickJumpCallScreenManager_NotificationPanelView( 1397): onReceive(ACTION_PHONE_STATE_CHANGED) GED(true->true), SEC(true->true)
05-13 19:23:24.718 D/KeyguardUpdateMonitor( 1397): received broadcast android.intent.action.PHONE_STATE
05-13 19:23:24.719 D/MultiSIMController( 1397): onReceive() - action = android.intent.action.PHONE_STATE
05-13 19:23:24.719 D/KeyguardUpdateMonitor( 1397): handlePhoneStateChanged(IDLE)
05-13 19:23:24.719 D/KeyguardFingerPrint( 1397): updateFingerprintListeningState#mFingerprintRunningState=0 shouldListenForFingerprint=false isUdfpsEnrolled=false bioType : 0
05-13 19:23:24.720 D/KeyguardViewMediator( 1397): onPhoneStateChanged RINGING => IDLE
05-13 19:23:24.720 V/BluetoothEventManager( 1397): onReceive :: android.intent.action.PHONE_STATE
05-13 19:23:24.720 D/StatusBarOneClickJumpCallScreenManager_NotificationPanelView( 1397): onReceive(ACTION_PHONE_STATE_CHANGED) GED(true->true), SEC(true->true)
05-13 19:23:24.720 D/KeyguardUpdateMonitor( 1397): received broadcast android.intent.action.PHONE_STATE
05-13 19:23:24.720 D/MultiSIMController( 1397): onReceive() - action = android.intent.action.PHONE_STATE
05-13 19:23:24.720 D/KeyguardUpdateMonitor( 1397): handlePhoneStateChanged(IDLE)
05-13 19:23:24.720 I/RegiMgr-Handler( 1744): handleMessage: EVENT_DO_PENDING_UPDATE_REGISTRATION
05-13 19:23:24.720 V/BluetoothEventManager(24702): onReceive :: android.intent.action.PHONE_STATE
05-13 19:23:24.720 I/RegiMgr-Handler( 1744): handleMessage: EVENT_TRY_REGISTER
05-13 19:23:24.720 I/RegiMgr<0>( 1744): tryRegister:
05-13 19:23:24.720 I/RegiMgr-Handler( 1744): handleMessage: EVENT_TRY_REGISTER
05-13 19:23:24.720 I/RegiMgr<1>( 1744): tryRegister:
05-13 19:23:24.721 I/RegiMgr-Handler( 1744): handleMessage: EVENT_TELEPHONY_CALL_STATUS_CHANGED
05-13 19:23:24.721 D/KeyguardFingerPrint( 1397): updateFingerprintListeningState#mFingerprintRunningState=0 shouldListenForFingerprint=false isUdfpsEnrolled=false bioType : 0
05-13 19:23:24.721 I/RegiMgr-Handler<1>( 1744): onTelephonyCallStatusChanged: 0
05-13 19:23:24.721 D/KeyguardViewMediator( 1397): onPhoneStateChanged IDLE => IDLE
05-13 19:23:24.721 I/SimManager( 1744): getRilSimOperator: ETC
05-13 19:23:24.721 I/SimManager<1>( 1744): hasIsim: [false]
05-13 19:23:24.721 I/SimManager( 1744): mSimState:ABSENT, mIsimLoaded:false, hasIsim():false
05-13 19:23:24.721 V/BluetoothEventManager(24702): onReceive :: android.intent.action.PHONE_STATE
05-13 19:23:24.721 I/ConfigModule<1>( 1744): handleMessage: msg: 14
05-13 19:23:24.721 I/ConfigModule<1>( 1744): rcsNetworkType:  rcsAs:  isRemoteConfigNeeded: false
05-13 19:23:24.721 I/ConfigModule<1>( 1744): onTelephonyCallStatusChanged: 0
05-13 19:23:24.722 D/StatusBarOneClickJumpCallScreenManager_NotificationPanelView( 1397): onReceive(ACTION_PHONE_STATE_CHANGED) GED(true->true), SEC(true->true)
05-13 19:23:24.722 D/KeyguardUpdateMonitor( 1397): received broadcast android.intent.action.PHONE_STATE
05-13 19:23:24.723 D/MultiSIMController( 1397): onReceive() - action = android.intent.action.PHONE_STATE
05-13 19:23:24.723 D/KeyguardUpdateMonitor( 1397): handlePhoneStateChanged(IDLE)
05-13 19:23:24.723 V/BluetoothEventManager( 1397): onReceive :: android.intent.action.PHONE_STATE
05-13 19:23:24.723 D/KeyguardFingerPrint( 1397): updateFingerprintListeningState#mFingerprintRunningState=0 shouldListenForFingerprint=false isUdfpsEnrolled=false bioType : 0
05-13 19:23:24.723 D/KeyguardViewMediator( 1397): onPhoneStateChanged IDLE => IDLE
05-13 19:23:24.724 V/BluetoothEventManager(24702): onReceive :: android.intent.action.PHONE_STATE
05-13 19:23:24.725 I/Telecom:SamsungPhoneStateIntentBroadcaster(  997): Broadcasted state change: 0 - IDLE
05-13 19:23:24.725 I/Telecom (  997): CallAudioRouteStateMachine: setSystemAudioState: changing from [AudioState isMuted: false, route: EARPIECE, supportedRouteMask: EARPIECE, SPEAKER, activeBluetoothDevice: [null], supportedBluetoothDevices: []] to [AudioState isMuted: false, route: EARPIECE, supportedRouteMask: EARPIECE, SPEAKER, activeBluetoothDevice: [null], supportedBluetoothDevices: []]: CSW.sDc->CARSM.pM_UPDATE_SYSTEM_AUDIO_ROUTE(cma)@Gdc
05-13 19:23:24.725 I/RegiMgr-Handler( 1744): handleMessage: EVENT_DO_PENDING_UPDATE_REGISTRATION
05-13 19:23:24.725 I/RegiMgr-Handler( 1744): handleMessage: EVENT_TRY_REGISTER
05-13 19:23:24.725 I/RegiMgr<1>( 1744): tryRegister:
05-13 19:23:24.725 I/RegiMgr-Handler( 1744): handleMessage: EVENT_TRY_REGISTER
05-13 19:23:24.725 I/RegiMgr<0>( 1744): tryRegister:
05-13 19:23:24.725 I/Telecom (  997): CallAudioModeStateMachine: enter: now UNFOCUSED: CSW.sDc->CAMSM.pM_1002(cma)@Gdc
05-13 19:23:24.725 I/Telecom (  997): BluetoothRouteManager: setCallEndTonePlayStatus: no headset service available.: CSW.sDc->CAMSM.pM_1002(cma)@Gdc
05-13 19:23:24.725 I/Telecom:SamsungCallMultiSimAudioParam(  997): setNone : mState = -1
05-13 19:23:24.725 I/Telecom:SamsungCallAudioParam(  997): CallAudioModeStateMachine : no offParam for CALL_STATUS_CS_VOICE_CP_VIDEO_CALL_OFF
05-13 19:23:24.725 I/Telecom:SamsungCallAudioParam(  997): CallAudioModeStateMachine : setAudioParam CALL_STATUS_CS_VOICE_CP_VIDEO_CALL_OFF
05-13 19:23:24.725 I/AudioManager(  997): setParameters keyValuePairs = g_call_state=1
05-13 19:23:24.726 I/Telecom:SamsungAsyncRingtonePlayer(  997): Posting stop.
05-13 19:23:24.726 I/Telecom:SamsungAsyncRingtonePlayer(  997): Message skipped because there is no handler : 2
05-13 19:23:24.726 I/AccessibilityManagerService(  997): semStopFlashNotification() pkgName=com.android.server.telecom
05-13 19:23:24.726 I/Telecom:SamsungMotionGroup(  997): stop
05-13 19:23:24.726 I/Telecom:SamsungMotionPalm(  997): stop
05-13 19:23:24.726 I/Telecom:SamsungMotionPalm(  997): checkRun : false true
05-13 19:23:24.726 V/APM_AudioPolicyManager(  583): setAudioPolicyConfig: g_call_state=1
05-13 19:23:24.726 I/Telecom:SamsungMotionPalm(  997): checkRunStop - isRegistered: false
05-13 19:23:24.726 D/StatusBarOneClickJumpCallScreenManager_NotificationPanelView( 1397): onReceive(samsung.intent.action.PHONE_STATE) GED(true->false), SEC(true->false)
05-13 19:23:24.726 I/Telecom:SamsungMotionTurnOver(  997): stop
05-13 19:23:24.726 I/Telecom:SamsungMotionTurnOver(  997): checkRun : false true
05-13 19:23:24.726 I/MotionRecognitionManager(  997):   .unregisterListener : / listener count = 0->0, name :com.samsung.server.telecom.model.motion.SamsungMotionRecognitionManagerAdapterImpl@9812032
05-13 19:23:24.726 I/Telecom (  997): ConnectionServiceWrapper: CS -> TC[cma]: removeCall TC@32_1: CSW.rC(cma)@Gdo
05-13 19:23:24.726 I/Telecom (  997): CallsManager: markCallAsRemoved; callid=TC@32, immediate.: CSW.rC(cma)@Gdo
05-13 19:23:24.726 I/IncomingCallService( 6541): βâΓΤ£Ο¥β²ß Core-Telecom addCall completed
05-13 19:23:24.726 I/IncomingCallService( 6541): βâΓΤ£Ο¥β²ß Resetting call state (service stays alive)
05-13 19:23:24.726 V/sec_audio_hw(  542): sec_dev_set_parameters : g_call_state=1
05-13 19:23:24.726 D/audio_hw_primary(  542): device-adev_set_parameters: enter with key(g_call_state=1)
05-13 19:23:24.726 D/voice_manager(  542): CallState val=0x1 
05-13 19:23:24.726 V/AS.AudioService(  997): setMode(mode=0, pid=997, uid=1000, caller=com.android.server.telecom)
05-13 19:23:24.727 V/AS.AudioService(  997): setMode(0) removing hldr for pid: 997
05-13 19:23:24.727 I/AS.AudioService(  997): setModeCallingPackage=NORMAL
05-13 19:23:24.727 V/AS.AudioService(  997): onUpdateAudioMode() new mode: 0, current mode: 1 requested mode: 0
05-13 19:23:24.727 I/Telecom:SamsungCallAudioModeStateMachine(  997): unMarkShouldControlEngine
05-13 19:23:24.727 D/audio_hw_primary(  542): device-adev_set_mode: enter
05-13 19:23:24.727 I/Telecom (  997): CallAudioRouteStateMachine: Message received: SWITCH_FOCUS=4001, arg1=1: CSW.sDc->CAMSM.pM_1002->CARSM.pM_SWITCH_FOCUS(cma)@Gdc
05-13 19:23:24.727 D/audio_hw_primary(  542): device-adev_set_mode: changed audio mode from (ringtone mode) to (normal mode)
05-13 19:23:24.727 D/SemWifiBackOff.Sar(  997): received ACTION_PHONE_STATE_CHANGED, phoneState=IDLE
05-13 19:23:24.727 I/Telecom (  997): ActiveEarpieceRoute: Processing message SWITCH_FOCUS: CSW.sDc->CAMSM.pM_1002->CARSM.pM_SWITCH_FOCUS(cma)@Gdc
05-13 19:23:24.727 I/AudioRil(  542): ### Audio Mode Setting!! modeType = [0]
05-13 19:23:24.727 I/AudioRil(  542): ### Send OEM IPC command : cmd(0xf), ipcData(0x0)
05-13 19:23:24.727 D/SemWifiBackOff.Sar(  997): ReceiverHeadSarManager : checkAndSetBackoff false
05-13 19:23:24.727 I/Telecom:SamsungBluetoothManager(  997): isBluetoothWatchSingleConnected false
05-13 19:23:24.727 I/soundtrigger_hw_primary(  542): sound_trigger_voicecall_status: VoiceCall STOP notification received
05-13 19:23:24.727 D/audio_hw_proxy_9820(  542): proxy-proxy_call_status: Call notification to STHAL [STOPPED]
05-13 19:23:24.727 I/Telecom (  997): CallAudioRouteStateMachine: turning speaker phone false: CSW.sDc->CAMSM.pM_1002->CARSM.pM_SWITCH_FOCUS(cma)@Gdc
05-13 19:23:24.728 V/AS.AudioDeviceBroker(  997): setSpeakerphoneOn, on: false pid: 997
05-13 19:23:24.728 D/SemWifiBackOff.Sar(  997): received ACTION_PHONE_STATE_CHANGED, phoneState=IDLE
05-13 19:23:24.728 D/SemWifiBackOff.Sar(  997): ReceiverHeadSarManager : checkAndSetBackoff false
05-13 19:23:24.728 V/APM_AudioPolicyManager(  583): checkAndSetCaptureStateOff: no active inputs. change capture state off
05-13 19:23:24.728 D/SemWifiBackOff.Sar(  997): received ACTION_PHONE_STATE_CHANGED, phoneState=IDLE
05-13 19:23:24.728 D/SemWifiBackOff.Sar(  997): ReceiverHeadSarManager : checkAndSetBackoff false
05-13 19:23:24.728 E/power   (  542): ISystemSuspend::getService() failed.
05-13 19:23:24.728 I/SoundTriggerMiddlewareLogging(  997): setCaptureState[this=com.android.server.soundtrigger_middleware.SoundTriggerMiddlewareImpl@b4e3787, client=null](false)
05-13 19:23:24.728 V/APM_AudioPolicyManager(  583): setPhoneState() state 0
05-13 19:23:24.728 I/APM_AudioPolicyManager(  583): setPhoneState() teardownOffload for state 0
05-13 19:23:24.729 D/QSMumButton( 1397): MumAndDexHelper.needToBeVisible() result:false, hasMultiUsers?false, DeviceState.isDesktopMode?false, DesktopManager.isDesktopMode?false, IsDexEnablingOrEnabled:false, mExpanded:false, QUICK_STYLE_MUM_TEST_TRIGGER:false, isUserSwitcherSettingOn:false, isRepairMode:false
05-13 19:23:24.730 V/APM_AudioPolicyManager(  583): getNewOutputDevices selected devices {type:0x2,@:}
05-13 19:23:24.730 V/APM_AudioPolicyManager(  583): setOutputDevices device {type:0x2,@:} delayMs 0
05-13 19:23:24.730 V/APM_AudioPolicyManager(  583): setOutputDevices() prevDevice {type:0x2,@:}
05-13 19:23:24.730 V/APM_AudioPolicyManager(  583): setOutputDevices setting same device {type:0x2,@:} or null device, force=0, patch handle=4
05-13 19:23:24.730 V/APM_AudioPolicyManager(  583): getNewOutputDevices selected devices {type:0x2,@:}
05-13 19:23:24.730 V/APM_AudioPolicyManager(  583): setOutputDevices device {type:0x2,@:} delayMs 0
05-13 19:23:24.730 V/APM_AudioPolicyManager(  583): setOutputDevices() prevDevice {type:0x2,@:}
05-13 19:23:24.730 V/APM_AudioPolicyManager(  583): setOutputDevices changing device to {type:0x2,@:}
05-13 19:23:24.732 E/power   (  542): ISystemSuspend::getService() failed.
05-13 19:23:24.735 I/Telecom (  997): ConnectionServiceWrapper: Service unbound ComponentInfo{com.munawwaracare.andriod/androidx.core.telecom.internal.JetpackConnectionService}, from unbind.: CSW.rC->CM.pR(cma)@Gdo
05-13 19:23:24.736 I/ActivityManager(  997): Changes in 10358 5 to 10, 8 to 0
05-13 19:23:24.736 I/Telecom (  997): ConnectionServiceWrapper: TC -> CS[cma]: removeConnectionServiceAdapter com.android.server.telecom.ConnectionServiceWrapper$Adapter@62f417c: CSW.rC->CM.pR(cma)@Gdo
05-13 19:23:24.736 D/NetworkPolicy(  997): onUidStateChanged() uid: 10358, isForeground(false, 10)
05-13 19:23:24.736 I/Telecom (  997): CallsManager: handleConnectionServiceDeath: service [ConnectionServiceWrapper componentName=ComponentInfo{com.munawwaracare.andriod/androidx.core.telecom.internal.JetpackConnectionService}] died: CSW.rC->CM.pR(cma)@Gdo
05-13 19:23:24.736 I/Telecom (  997): Event: RecordEntry TC@32: DESTROYED, null: CSW.rC->CM.pR(cma)@Gdo
05-13 19:23:24.736 I/Telecom:SamsungGearCommandManager(  997): sendSecBluetoothATCommand : DISC,69e******************ac5
05-13 19:23:24.736 I/Telecom (  997): CallDiagnosticServiceController: onCallRemoved: skipping call TC@32 as non-sim or external.: CSW.rC->CM.pR(cma)@Gdo
05-13 19:23:24.736 I/Telecom (  997): InCallController: onCallRemoved: [Call id=TC@32, state=DISCONNECTED, tpac=ComponentInfo{com.munawwaracare.andriod/androidx.core.telecom.internal.JetpackConnectionService}, ***, UserHandle{0}, cmgr=ComponentInfo{com.munawwaracare.andriod/androidx.core.telecom.internal.JetpackConnectionService}, ***, UserHandle{0}, handle=munawwara:***, vidst=A, childs(0), has_parent(false), cap=[ hld sup_hld VTlrx VTltx VTlbi VTrrx VTrtx VTrbi paus_VT], prop=[ self_mng], caps=[Capabilities: CAPABILITY_HOLD CAPABILITY_SUPPORT_HOLD CAPABILITY_SUPPORTS_VT_LOCAL_RX CAPABILITY_SUPPORTS_VT_LOCAL_TX CAPABILITY_SUPPORTS_VT_LOCAL_BIDIRECTIONAL CAPABILITY_SUPPORTS_VT_REMOTE_RX CAPABILITY_SUPPORTS_VT_REMOTE_TX CAPABILITY_SUPPORTS_VT_REMOTE_BIDIRECTIONAL CAPABILITY_CAN_PAUSE_VIDEO], props=[Properties: PROPERTY_SELF_MANAGED], conf(false), had_child(false)]: CSW.rC->CM.pR(cma)@Gdo
05-13 19:23:24.736 I/Telecom (  997): Event: RecordEntry TC@32: ICS_CALL_REMOVED, null: CSW.rC->CM.pR(cma)@Gdo
05-13 19:23:24.737 I/Telecom (  997): InCallController: onSetCamera callId=TC@32, cameraId=null: CSW.rC->CM.pR(cma)@Gdo
05-13 19:23:24.737 I/Telecom (  997): ProximitySensorManager: All calls removed, resetting proximity sensor to default state: CSW.rC->CM.pR(cma)@Gdo
05-13 19:23:24.737 I/Telecom (  997): TelecomWakeLock: WakeLock already released with id: 32: CSW.rC->CM.pR(cma)@Gdo
05-13 19:23:24.737 I/Telecom (  997): TelecomWakeLock: WakeLock already released with id: 26: CSW.rC->CM.pR(cma)@Gdo
05-13 19:23:24.737 I/Telecom (  997): InCallWakeLockController: Releasing full wake lock: CSW.rC->CM.pR(cma)@Gdo
05-13 19:23:24.737 I/Telecom (  997): IncomingCallNotifier: updateIncomingCall: foundIncomingcall = null: CSW.rC->CM.pR(cma)@Gdo
05-13 19:23:24.737 D/EdgeLightingManager(  997): isCallingUserSupported : callingUserId=0, mUserId=0, isDualAppId=false, isKnoxId=false
05-13 19:23:24.737 D/EdgeLightingManager(  997): hideForNotification : packageName = com.munawwaracare.andriod
05-13 19:23:24.737 D/EdgeLightingPolicyManager:NotificationGroup(  997): remove : sbn : StatusBarNotification(pkg=com.munawwaracare.andriod user=UserHandle{0} id=9999 tag=null key=0|com.munawwaracare.andriod|9999|null|10358: Notification(channel=incoming_call_service shortcut=null contentView=null vibrate=null sound=null defaults=0x0 flags=0x62 color=0x00000000 groupKey=silent vis=PRIVATE semFlags=0x0 semPriority=0 semMissedCount=0))
05-13 19:23:24.737 D/EdgeLightingManager(  997): hideForNotification : isInteractive is true
05-13 19:23:24.737 D/MediaSessionService(  997): Global priority session is updated, active=false
05-13 19:23:24.737 D/RefOnMediaKeyEventSessionChangedListenerProxy( 1397): invoke() onMediaKeyEventSessionChanged
05-13 19:23:24.738 D/RefOnMediaKeyEventSessionChangedListenerProxy( 1397): invoke() onMediaKeyEventSessionChanged
05-13 19:23:24.738 D/MediaSessionRecord(  997): unregistering callback android.media.session.MediaController$CallbackStub@bfd9c47
05-13 19:23:24.739 I/RequestManager_FLP( 2359): Notification for foreground service from com.munawwaracare.andriodis Removed
05-13 19:23:24.740 D/MediaSessionRecord(  997): unregistering callback android.os.BinderProxy@eb7a741
05-13 19:23:24.740 D/FaceWidgetNotificationManager( 1397): removeFaceWidgetMusicNotification() key : 0|com.munawwaracare.andriod|9999|null|10358
05-13 19:23:24.740 W/BroadcastQueue(  997): Permission Denial: receiving Intent { act=android.intent.action.PHONE_STATE flg=0x1000010 (has extras) } to com.sec.hearingadjust/.Receiver requires android.permission.READ_CALL_LOG due to sender android (uid 1000)
05-13 19:23:24.742 D/PeopleSpaceWidgetMgr( 1397): Sbn doesn't contain valid PeopleTileKey: null/0/com.munawwaracare.andriod
05-13 19:23:24.743 D/QS      ( 1397): setQSExpansion 0.0 -120.225
05-13 19:23:24.743 D/QS      ( 1397): setQSExpansion 0.0 -120.225
05-13 19:23:24.744 D/IndicatorGardenInputProperty( 1397): updateRotation() prv:-1 >> new:0
05-13 19:23:24.744 D/DeviceState( 1397): getDeviceResolutionPixelSize - currentDensity = 420 deviceDensity = 420 initialDisplaySizeFactor = 1440 currentDisplaySizeFactor = 1080 initialDisplayDensity = 560 proportionalDensity = 420 proportionalPixel = 56
05-13 19:23:24.744 D/DeviceState( 1397): getDeviceResolutionPixelSize - currentDensity = 420 deviceDensity = 420 initialDisplaySizeFactor = 1440 currentDisplaySizeFactor = 1080 initialDisplayDensity = 560 proportionalDensity = 420 proportionalPixel = 25
05-13 19:23:24.744 D/DeviceState( 1397): getDeviceResolutionPixelSize - currentDensity = 420 deviceDensity = 420 initialDisplaySizeFactor = 1440 currentDisplaySizeFactor = 1080 initialDisplayDensity = 560 proportionalDensity = 420 proportionalPixel = 24
05-13 19:23:24.747 I/IncomingCallService( 6541): βâΓΤ£Ο¥β²ß Decline HTTP response: 401 (attempt 0)
05-13 19:23:24.749 D/SamsungAnalytics605042(  997): SendLog Result = 0
05-13 19:23:24.763 I/GestureDetector(  997): handleMessage TAP
05-13 19:23:24.763 I/GestureDetector( 1397): handleMessage TAP
05-13 19:23:24.764 I/GestureDetector(  997): handleMessage TAP
05-13 19:23:24.776 D/IndicatorGardenInputProperty( 1397): updateRotation() prv:-1 >> new:0
05-13 19:23:24.776 D/DeviceState( 1397): getDeviceResolutionPixelSize - currentDensity = 420 deviceDensity = 420 initialDisplaySizeFactor = 1440 currentDisplaySizeFactor = 1080 initialDisplayDensity = 560 proportionalDensity = 420 proportionalPixel = 56
05-13 19:23:24.776 D/DeviceState( 1397): getDeviceResolutionPixelSize - currentDensity = 420 deviceDensity = 420 initialDisplaySizeFactor = 1440 currentDisplaySizeFactor = 1080 initialDisplayDensity = 560 proportionalDensity = 420 proportionalPixel = 25
05-13 19:23:24.776 D/DeviceState( 1397): getDeviceResolutionPixelSize - currentDensity = 420 deviceDensity = 420 initialDisplaySizeFactor = 1440 currentDisplaySizeFactor = 1080 initialDisplayDensity = 560 proportionalDensity = 420 proportionalPixel = 24
05-13 19:23:24.778 I/MySound (  583): setDevice 2, 2
05-13 19:23:24.779 D/DlbDlbEffect(  542): handle_EFFECT_CMD_SET_DEVICE(device=0x00000002)
05-13 19:23:24.779 D/DlbEffectContext(  542): setDevice(00000002)
05-13 19:23:24.779 D/DlbEndpointParamCache(  542): setDevice(device=0x00000002)
05-13 19:23:24.779 I/MySound (  542): setDevice 2, 2
05-13 19:23:24.780 I/IncomingCallService( 6541): βâΓΤ£Ο¥β²ß Decline HTTP response: 401 (attempt 1)
05-13 19:23:24.780 I/MySpace (  542): MySpace setDevice 2, 2
05-13 19:23:24.780 D/audio_hw_primary(  542): primary_out-out_set_parameters: enter with param = routing=2
05-13 19:23:24.780 I/audio_hw_primary(  542): primary_out-out_set_parameters: requested to change route from speaker to speaker
05-13 19:23:24.780 D/audio_hw_primary(  542): primary_out-check_and_set_backend_mixer: no need to update backend 2 -> 2, out->backend_mode:2 
05-13 19:23:24.780 I/audio_hw_primary(  542): primary_out-adev_set_route-1: skip re-route as same device(speaker) and same usage(media) 
05-13 19:23:24.780 D/AudioFlinger(  583): setCurDevice() 0x2
05-13 19:23:24.782 D/audio_hw_primary(  542): primary_out-out_update_source_metadata: called, but not implemented yet
05-13 19:23:24.782 V/APM_AudioPolicyManager(  583): setOutputDevices() AF::createAudioPatch returned 0 patchHandle 14412 num_sources 1 num_sinks 1
05-13 19:23:24.782 V/APM_AudioPolicyManager(  583): computeVolume: stream 10, index 7, volume 0.070795, deviceTypes 0x2
05-13 19:23:24.783 V/APM_AudioPolicyManager(  583): computeVolume: stream 4, index 11, volume 0.281838, deviceTypes 0x2
05-13 19:23:24.783 V/APM_AudioPolicyManager(  583): checkAndSetVolume cannot set volume group 3 volume when isn ot requested for comm
05-13 19:23:24.783 V/APM_AudioPolicyManager(  583): computeVolume: stream 8, index 15, volume 1.000000, deviceTypes 0x2
05-13 19:23:24.783 I/SoundAlive_SRC384 arch64(  583): ~SoundAlive_SRC384(): instance 1406
05-13 19:23:24.784 V/APM_AudioPolicyManager(  583): computeVolume: camera shutter sound volume 1.000000
05-13 19:23:24.784 V/APM_AudioPolicyManager(  583): computeVolume: stream 3, index 6, volume 0.056234, deviceTypes 0x2
05-13 19:23:24.784 V/APM_AudioPolicyManager(  583): computeVolume: stream 3, index 7, volume 0.070795, deviceTypes 0x2
05-13 19:23:24.784 V/APM_AudioPolicyManager(  583): computeVolume: stream 5, index 8, volume 0.141254, deviceTypes 0x2
05-13 19:23:24.784 V/APM_AudioPolicyManager(  583): computeVolume: stream 2, index 15, volume 1.000000, deviceTypes 0x2
05-13 19:23:24.784 V/APM_AudioPolicyManager(  583): computeVolume: stream 1, index 8, volume 0.158489, deviceTypes 0x2
05-13 19:23:24.785 V/APM_AudioPolicyManager(  583): computeVolume: stream 9, index 6, volume 0.177828, deviceTypes 0x2
05-13 19:23:24.786 V/APM_AudioPolicyManager(  583): computeVolume: stream 0, index 8, volume 1.000000, deviceTypes 0x2
05-13 19:23:24.786 V/APM_AudioPolicyManager(  583): computeVolume use music stream 11, stream=AUDIO_STREAM_ASSISTANT
05-13 19:23:24.786 V/APM_AudioPolicyManager(  583): computeVolume: stream 3, index 9, volume 0.100000, deviceTypes 0x2
05-13 19:23:24.786 V/APM_AudioPolicyManager(  583): getNewOutputDevices selected devices {type:0x2,@:}
05-13 19:23:24.786 V/APM_AudioPolicyManager(  583): setOutputDevices device {type:0x2,@:} delayMs 0
05-13 19:23:24.786 V/APM_AudioPolicyManager(  583): setOutputDevices() prevDevice {type:0x2,@:}
05-13 19:23:24.786 V/APM_AudioPolicyManager(  583): setOutputDevices changing device to {type:0x2,@:}
05-13 19:23:24.804 I/IncomingCallService( 6541): βâΓΤ£Ο¥β²ß Decline HTTP response: 401 (attempt 2)
05-13 19:23:24.804 E/IncomingCallService( 6541): βâΓΤ£Ο¥β²ß All decline HTTP attempts failed
05-13 19:23:24.828 I/MySound (  583): setDevice 2, 2
05-13 19:23:24.828 I/MySound (  583): setDevice 2, 2
05-13 19:23:24.830 D/audio_hw_primary(  542): deep_out-out_set_parameters: enter with param = routing=2
05-13 19:23:24.830 I/audio_hw_primary(  542): deep_out-out_set_parameters: requested to change route from speaker to speaker
05-13 19:23:24.830 D/audio_hw_primary(  542): deep_out-check_and_set_backend_mixer: no need to update backend 2 -> 2, out->backend_mode:2 
05-13 19:23:24.830 I/audio_hw_primary(  542): deep_out-adev_set_route-1: skip re-route as same device(speaker) and same usage(media) 
05-13 19:23:24.830 D/AudioFlinger(  583): setCurDevice() 0x2
05-13 19:23:24.831 V/APM_AudioPolicyManager(  583): setOutputDevices() AF::createAudioPatch returned 0 patchHandle 14420 num_sources 1 num_sinks 1
05-13 19:23:24.831 V/APM_AudioPolicyManager(  583): computeVolume: stream 10, index 7, volume 0.070795, deviceTypes 0x2
05-13 19:23:24.831 V/APM_AudioPolicyManager(  583): computeVolume: stream 4, index 11, volume 0.281838, deviceTypes 0x2
05-13 19:23:24.831 V/APM_AudioPolicyManager(  583): checkAndSetVolume cannot set volume group 3 volume when isn ot requested for comm
05-13 19:23:24.831 V/APM_AudioPolicyManager(  583): computeVolume: stream 8, index 15, volume 1.000000, deviceTypes 0x2
05-13 19:23:24.832 V/APM_AudioPolicyManager(  583): computeVolume: camera shutter sound volume 1.000000
05-13 19:23:24.833 V/APM_AudioPolicyManager(  583): computeVolume: stream 3, index 6, volume 0.056234, deviceTypes 0x2
05-13 19:23:24.833 V/APM_AudioPolicyManager(  583): computeVolume: stream 3, index 7, volume 0.070795, deviceTypes 0x2
05-13 19:23:24.833 V/APM_AudioPolicyManager(  583): computeVolume: stream 5, index 8, volume 0.141254, deviceTypes 0x2
05-13 19:23:24.833 V/APM_AudioPolicyManager(  583): computeVolume: stream 2, index 15, volume 1.000000, deviceTypes 0x2
05-13 19:23:24.833 V/APM_AudioPolicyManager(  583): computeVolume: stream 1, index 8, volume 0.158489, deviceTypes 0x2
05-13 19:23:24.834 V/APM_AudioPolicyManager(  583): computeVolume: stream 9, index 6, volume 0.177828, deviceTypes 0x2
05-13 19:23:24.834 V/APM_AudioPolicyManager(  583): computeVolume: stream 0, index 8, volume 1.000000, deviceTypes 0x2
05-13 19:23:24.835 V/APM_AudioPolicyManager(  583): computeVolume use music stream 11, stream=AUDIO_STREAM_ASSISTANT
05-13 19:23:24.835 V/APM_AudioPolicyManager(  583): computeVolume: stream 3, index 9, volume 0.100000, deviceTypes 0x2
05-13 19:23:24.836 V/APM_AudioPolicyManager(  583): getNewOutputDevices selected devices {type:0x2,@:}
05-13 19:23:24.836 V/APM_AudioPolicyManager(  583): setOutputDevices device {type:0x2,@:} delayMs 0
05-13 19:23:24.836 V/APM_AudioPolicyManager(  583): setOutputDevices() prevDevice {type:0x2,@:}
05-13 19:23:24.836 V/APM_AudioPolicyManager(  583): setOutputDevices changing device to {type:0x2,@:}
05-13 19:23:24.864 W/id.diagmonagen( 2723): Reducing the number of considered missed Gc histogram windows from 137 to 100
05-13 19:23:24.869 I/MySound (  583): setDevice 2, 2
05-13 19:23:24.869 D/audio_hw_primary(  542): fast_out-out_set_parameters: enter with param = routing=2
05-13 19:23:24.872 I/audio_hw_primary(  542): fast_out-out_set_parameters: requested to change route from speaker to speaker
05-13 19:23:24.872 D/audio_hw_primary(  542): fast_out-check_and_set_backend_mixer: no need to update backend 2 -> 2, out->backend_mode:2 
05-13 19:23:24.872 I/audio_hw_primary(  542): fast_out-adev_set_route-1: skip re-route as same device(speaker) and same usage(media) 
05-13 19:23:24.872 D/AudioFlinger(  583): setCurDevice() 0x2
05-13 19:23:24.873 V/APM_AudioPolicyManager(  583): setOutputDevices() AF::createAudioPatch returned 0 patchHandle 14428 num_sources 1 num_sinks 1
05-13 19:23:24.873 V/APM_AudioPolicyManager(  583): computeVolume: stream 10, index 7, volume 0.070795, deviceTypes 0x2
05-13 19:23:24.874 V/APM_AudioPolicyManager(  583): computeVolume: stream 4, index 11, volume 0.281838, deviceTypes 0x2
05-13 19:23:24.874 V/APM_AudioPolicyManager(  583): checkAndSetVolume cannot set volume group 3 volume when isn ot requested for comm
05-13 19:23:24.874 V/APM_AudioPolicyManager(  583): computeVolume: stream 8, index 15, volume 1.000000, deviceTypes 0x2
05-13 19:23:24.874 V/APM_AudioPolicyManager(  583): computeVolume: camera shutter sound volume 1.000000
05-13 19:23:24.874 V/APM_AudioPolicyManager(  583): computeVolume: stream 3, index 6, volume 0.056234, deviceTypes 0x2
05-13 19:23:24.874 V/APM_AudioPolicyManager(  583): computeVolume: stream 3, index 7, volume 0.070795, deviceTypes 0x2
05-13 19:23:24.874 V/APM_AudioPolicyManager(  583): computeVolume: stream 5, index 8, volume 0.141254, deviceTypes 0x2
05-13 19:23:24.874 V/APM_AudioPolicyManager(  583): computeVolume: stream 2, index 15, volume 1.000000, deviceTypes 0x2
05-13 19:23:24.874 V/APM_AudioPolicyManager(  583): computeVolume: stream 1, index 8, volume 0.158489, deviceTypes 0x2
05-13 19:23:24.875 V/APM_AudioPolicyManager(  583): computeVolume: stream 9, index 6, volume 0.177828, deviceTypes 0x2
05-13 19:23:24.875 V/APM_AudioPolicyManager(  583): computeVolume: stream 0, index 8, volume 1.000000, deviceTypes 0x2
05-13 19:23:24.875 V/APM_AudioPolicyManager(  583): computeVolume use music stream 11, stream=AUDIO_STREAM_ASSISTANT
05-13 19:23:24.876 V/APM_AudioPolicyManager(  583): computeVolume: stream 3, index 9, volume 0.100000, deviceTypes 0x2
05-13 19:23:24.876 V/AS.AudioService(  997): onUpdateAudioMode: mode successfully set to 0
05-13 19:23:24.876 I/AudioPolicyEffectException(  583): clearEffectReference_l after clear size 0
05-13 19:23:24.877 I/AS.DvfsHelper(  997): release() cpu min lock
05-13 19:23:24.877 I/Telecom:SamsungTelecomServiceImpl(  997): isInCall - callingPackage : android
05-13 19:23:24.877 W/MySpaceEffect(  542): MySpaceEffect_setEnabled() MySpace is already disabled
05-13 19:23:24.877 D/MySpaceEffect(  542): EffectRelease : All effects are no longer instantiated
05-13 19:23:24.877 D/MySpace (  542): MySpace::Close 
05-13 19:23:24.877 D/MySpaceEffect(  542): MySpaceEffect::~MySpaceEffect 
05-13 19:23:24.877 D/MySpace (  542): MySpace::~MySpace() -
05-13 19:23:24.877 D/AudioSAEffectOffload(  542): EffectRelease effect_type:5
05-13 19:23:24.877 V/APM_AudioPolicyManager(  583): stopOutput() output 13, stream 2, session 19865, portId 2275
05-13 19:23:24.877 V/APM_AudioPolicyManager(  583): getNewOutputDevices selected devices AUDIO_DEVICE_NONE
05-13 19:23:24.877 V/APM_AudioPolicyManager(  583): setOutputDevices device AUDIO_DEVICE_NONE delayMs 160
05-13 19:23:24.877 V/APM_AudioPolicyManager(  583): setOutputDevices() prevDevice {type:0x2,@:}
05-13 19:23:24.878 I/Telecom:SamsungTelecomServiceImpl(  997): isInCall - callingPackage : android
05-13 19:23:24.878 V/APM_AudioPolicyManager(  583): setOutputDevices setting same device AUDIO_DEVICE_NONE or null device, force=0, patch handle=4
05-13 19:23:24.878 V/APM_AudioPolicyManager(  583): releaseOutput() 13, portId 2275
05-13 19:23:24.879 W/NetlinkSocket(  997): maximum read
05-13 19:23:24.879 W/NetlinkSocket(  997): maximum read
05-13 19:23:24.879 W/NetlinkSocket(  997): maximum read
05-13 19:23:24.879 D/BatteryService(  997): audio_mode : 0
05-13 19:23:24.879 V/APM_AudioPolicyManager(  583): listAudioPorts() role 0 type 0 num_ports 0 ports 0x76d6155a30
05-13 19:23:24.879 V/APM_AudioPolicyManager(  583): listAudioPorts() got 0 ports needed 10
05-13 19:23:24.880 V/APM_AudioPolicyManager(  583): listAudioPorts() role 0 type 0 num_ports 0 ports 0x76d6157210
05-13 19:23:24.880 V/APM_AudioPolicyManager(  583): listAudioPorts() got 0 ports needed 10
05-13 19:23:24.880 V/APM_AudioPolicyManager(  583): listAudioPorts() role 0 type 0 num_ports 10 ports 0x78e62ec0f0
05-13 19:23:24.880 V/APM_AudioPolicyManager(  583): listAudioPorts() got 10 ports needed 10
05-13 19:23:24.880 I/Telecom:SamsungTelecomServiceImpl(  997): isInCall - callingPackage : android
05-13 19:23:24.880 V/APM_AudioPolicyManager(  583): listAudioPorts() role 0 type 0 num_ports 10 ports 0x78e626c0b0
05-13 19:23:24.880 V/APM_AudioPolicyManager(  583): listAudioPorts() got 10 ports needed 10
05-13 19:23:24.880 V/APM_AudioPolicyManager(  583): getAudioPolicyConfig: audioParam;l_stream_active
05-13 19:23:24.881 V/APM_AudioPolicyManager(  583): listAudioPorts() role 0 type 0 num_ports 0 ports 0x76d61502b0
05-13 19:23:24.881 V/APM_AudioPolicyManager(  583): listAudioPorts() got 0 ports needed 10
05-13 19:23:24.881 V/APM_AudioPolicyManager(  583): listAudioPorts() role 0 type 0 num_ports 0 ports 0x76d61502b0
05-13 19:23:24.881 V/APM_AudioPolicyManager(  583): listAudioPorts() got 0 ports needed 10
05-13 19:23:24.881 V/APM_AudioPolicyManager(  583): listAudioPorts() role 0 type 0 num_ports 10 ports 0x78e630c100
05-13 19:23:24.882 V/APM_AudioPolicyManager(  583): listAudioPorts() got 10 ports needed 10
05-13 19:23:24.882 V/APM_AudioPolicyManager(  583): listAudioPorts() role 0 type 0 num_ports 10 ports 0x78e62ec0f0
05-13 19:23:24.882 V/APM_AudioPolicyManager(  583): listAudioPorts() got 10 ports needed 10
05-13 19:23:24.882 V/APM_AudioPolicyManager(  583): listAudioPorts() role 0 type 0 num_ports 0 ports 0x76d6155a30
05-13 19:23:24.882 V/APM_AudioPolicyManager(  583): listAudioPorts() got 0 ports needed 10
05-13 19:23:24.883 V/APM_AudioPolicyManager(  583): listAudioPorts() role 0 type 0 num_ports 0 ports 0x76d6158e10
05-13 19:23:24.883 V/APM_AudioPolicyManager(  583): listAudioPorts() got 0 ports needed 10
05-13 19:23:24.883 V/APM_AudioPolicyManager(  583): listAudioPorts() role 0 type 0 num_ports 0 ports 0x76d6158d70
05-13 19:23:24.883 V/APM_AudioPolicyManager(  583): listAudioPorts() got 0 ports needed 10
05-13 19:23:24.883 V/APM_AudioPolicyManager(  583): listAudioPorts() role 0 type 0 num_ports 10 ports 0x78e62ec0f0
05-13 19:23:24.883 V/APM_AudioPolicyManager(  583): listAudioPorts() got 10 ports needed 10
05-13 19:23:24.883 V/APM_AudioPolicyManager(  583): listAudioPorts() role 0 type 0 num_ports 10 ports 0x78e630c100
05-13 19:23:24.883 V/APM_AudioPolicyManager(  583): listAudioPorts() got 10 ports needed 10
05-13 19:23:24.883 V/APM_AudioPolicyManager(  583): listAudioPorts() role 0 type 0 num_ports 10 ports 0x78e626c0b0
05-13 19:23:24.883 V/APM_AudioPolicyManager(  583): listAudioPorts() got 10 ports needed 10
05-13 19:23:24.884 V/AS.AudioHelper(  997): getActiveStreamTypeInternal: only adjust media volume
05-13 19:23:24.885 I/Telecom:SamsungTelecomServiceImpl(  997): isInCall - callingPackage : android
05-13 19:23:24.888 V/AS.AudioDeviceBroker(  997): requestedCommunicationDevice, device: null mode owner pid: 0
05-13 19:23:24.888 V/AS.AudioDeviceBroker(  997): onUpdateCommunicationRoute, preferredCommunicationDevice: null eventSource: setNewModeOwner
05-13 19:23:24.888 D/SensorService(  997): Calling activate off 1600479601
05-13 19:23:24.888 I/SensorService(  997): [PALMSENSE] activateEar 0
05-13 19:23:24.888 I/SensorService(  997): [PALMSENSE] Enabled Ear List 0 
05-13 19:23:24.888 I/SensorService(  997): [PALMSENSE] updateEarProximityStatus 0 : 0 , 0 , 0
05-13 19:23:24.888 D/SensorService(  997): [EARPROXIMITY] no more clients, pausing earsense
05-13 19:23:24.888 D/audio_hw_primary(  542): device-adev_set_parameters: enter with key(BT_SCO=off)
05-13 19:23:24.889 I/AS.AudioDeviceInventory(  997): removePreferredDevicesForStrategySync, strategy: 14
05-13 19:23:24.889 D/SemWifiSwitchForIndividualAppsService(  997): SEM_ACTION_AUDIO_MODE_CHANGED - false
05-13 19:23:24.889 I/Sensors (  556): flush call_gesture
05-13 19:23:24.889 I/Sensors (  556): MetaEvent:: reportMetaEvent
05-13 19:23:24.889 V/APM_AudioPolicyManager(  583): removeDevicesRoleForStrategy() strategy=14 role=1
05-13 19:23:24.889 D/BatteryService(  997): call end, isVideoCall: false
05-13 19:23:24.889 I/Sensors (  556): wakeMessage
05-13 19:23:24.889 V/APM_AudioPolicyManager(  583): Engine could not remove preferred device for strategy 14 status -2
05-13 19:23:24.889 I/BatteryService(  997): setWirelessPowerSharingExternelEventInternal packageNum: 4 value: 0
05-13 19:23:24.889 I/Telecom (  997): Logging.Events: Non-call EVENT: UNMUTE, null: CSW.sDc->CAMSM.pM_1002->CARSM.pM_SWITCH_FOCUS(cma)@Gdc
05-13 19:23:24.889 V/AS.AudioDeviceBroker(  997): requestedCommunicationDevice, device: null mode owner pid: 0
05-13 19:23:24.889 E/Sensors (  556): MetaEvent:: 39
05-13 19:23:24.889 E/Sensors (  556): MetaEvent: hasPendingEvent+++(1)
05-13 19:23:24.889 I/Telecom (  997): Logging.Events: Non-call EVENT: AUDIO_ROUTE, Leaving state ActiveEarpieceRoute: CSW.sDc->CAMSM.pM_1002->CARSM.pM_SWITCH_FOCUS(cma)@Gdc
05-13 19:23:24.889 I/Telecom (  997): CallAudioModeStateMachine: Message received: AUDIO_OPERATIONS_COMPLETE.: CSW.sDc->CAMSM.pM_1002->CARSM.pM_SWITCH_FOCUS->CAMSM.pM_6001(cma)@Gdc
05-13 19:23:24.889 I/Telecom (  997): Logging.Events: Non-call EVENT: AUDIO_ROUTE, Entering state QuiescentEarpieceRoute: CSW.sDc->CAMSM.pM_1002->CARSM.pM_SWITCH_FOCUS(cma)@Gdc
05-13 19:23:24.889 I/Telecom (  997): BluetoothRouteManager: getBluetoothAudioConnectedDevice: no service available.: CSW.sDc->CAMSM.pM_1002->CARSM.pM_SWITCH_FOCUS(cma)@Gdc
05-13 19:23:24.889 I/Telecom (  997): CallAudioModeStateMachine: Abandoning audio focus: now UNFOCUSED: CSW.sDc->CAMSM.pM_1002->CARSM.pM_SWITCH_FOCUS->CAMSM.pM_6001(cma)@Gdc
05-13 19:23:24.890 I/Sensors (  556): CallGesture old sensor_state 16897, new sensor_state : 284794986447361 en : 0
05-13 19:23:24.890 I/MediaFocusControl(  997): abandonAudioFocus() from uid/pid 1000/997 clientId=AudioFocus_For_Phone_Ring_And_Calls
05-13 19:23:24.890 D/MediaFocusControl(  997): abandonAudioFocus, clientId = AudioFocus_For_Phone_Ring_And_Calls
05-13 19:23:24.890 D/MediaFocusControl(  997): selectFocusStack, uid = 1000, appDevice = 0, device = 2
05-13 19:23:24.890 I/Sensors (  556): disable:: call_gesture(22)
05-13 19:23:24.891 I/SensorService(  997): [EARPROXIMITY] Disable Call-Gesture ~
05-13 19:23:24.891 I/SensorService(  997): [EARPROXIMITY] TILT Detector already was enabled or disabled 0 
05-13 19:23:24.891 I/Sensors (  556): batch(0) - accelerometer_sensor try to batching with 180000000
05-13 19:23:24.893 I/Sensors (  556): UncalLightSensor old sensor_state 16897, new sensor_state : 283695474819585 en : 0
05-13 19:23:24.895 I/Sensors (  556): disable:: uncal_light_sensor(6)
05-13 19:23:24.896 I/SensorService(  997): [EARPROXIMITY] Disable motion sensors
05-13 19:23:24.896 I/SensorService(  997): [EARPROXIMITY] Disable Ear ~
05-13 19:23:24.896 I/Sensors (  556): TouchProximitySensor::enable: 0 1
05-13 19:23:24.896 I/Sensors (  556): disable:: sec_touchproximity(24)
05-13 19:23:24.896 I/Sensors (  556): HallIC_Sensor cover status 0
05-13 19:23:24.896 I/Sensors (  556): HallIC_Sensor::enable: 0 1
05-13 19:23:24.897 I/Sensors (  556): enable -- first 33
05-13 19:23:24.897 I/Sensors (  556): disable:: hall(25)
05-13 19:23:24.897 I/SensorService(  997): [EARPROXIMITY] Disable touchProximity Sensor ~
05-13 19:23:24.897 I/SensorService(  997): [EARPROXIMITY] ear_detect_enable set 0
05-13 19:23:24.897 I/SensorService(  997): [PALMSENSE] Enabled Ir ProximitySensor false
05-13 19:23:24.897 I/SensorService(  997): [EARPROXIMITY] activateIrProximity off
05-13 19:23:24.897 I/SensorService(  997): [EARPROXIMITY] Proximity Sensor already was enabled or disabled 0 
05-13 19:23:24.897 D/SensorService(  997): [PALMSENSE] No error deactivateEar
05-13 19:23:24.897 W/SensorService(  997): Failed to write wake lock handled
05-13 19:23:24.897 D/SensorService(  997): [EARPROXY_STATUS] off
05-13 19:23:24.898 D/SensorManager(  997): unregisterListener :: 1600479601, Palm Proximity Sensor, Thread[SensorHandleThread,5,main]
05-13 19:23:24.898 D/SemContextService(  997): lock : unregisterCallback
05-13 19:23:24.898 D/SemContextService(  997): Service.removeListenerLocked() : listener = com.samsung.android.hardware.context.SemContextService$Listener@66e34e6, service = Device Position, used = 0
05-13 19:23:24.899 W/CAE     (  997): unregisterCallback(ContextAwareService.java:234) - [unregi 01] Mutex is locked for TEST_FLAT_MOTION
05-13 19:23:24.899 W/CAE     (  997): getListener(ListenerListManager.java:127) - [getListener1]  com.samsung.android.contextaware.ContextAwareManager$CaListenerDelegate@dd333c
05-13 19:23:24.899 W/CAE     (  997): getListener(ListenerListManager.java:128) - [getListener2]  com.samsung.android.contextaware.manager.ContextAwareService$Listener@20f12f
05-13 19:23:24.899 V/CAE     (  997): stop(ContextProvider.java:155)
05-13 19:23:24.899 V/CAE     (  997): clear(TestFlatMotionRunner.java:126)
05-13 19:23:24.899 V/CAE     (  997): disable(TestFlatMotionRunner.java:115)
05-13 19:23:24.899 I/CAE     (  997): sendCmdToSensorHub(SensorHubCommManager.java:156) - -78, 23, 0, 0,
05-13 19:23:24.900 D/SensorService(  997): setSContextDataLocked ints length 2 , byte length 4
05-13 19:23:24.900 D/SensorService(  997): setSContextDataLocked 17b2
05-13 19:23:24.900 D/Sensors (  556): b2 17 00 00  
05-13 19:23:24.900 E/Sensors (  556): inject_scontext_data: New ssp_data_injection_fd(39)
05-13 19:23:24.903 D/Sensors (  556): SContext Data Injection return 4
05-13 19:23:24.903 D/CAE     (  997): getFaultDetectionResult(TestFlatMotionRunner.java:139) - true
05-13 19:23:24.903 I/CAE     (  997): notifyCmdProcessResultObserver(ContextProvider.java:627) - CheckResult = 0, Cause = Success
05-13 19:23:24.904 D/CAE     (  997): doCommendProcess(ContextAwareService.java:400) - complete notify the operation result.
05-13 19:23:24.904 I/CAE     (  997): displayUsedCountForService(ContextAwareService.java:464) - totalCnt = 0, serviceCount = 0, subCollectionCount = 0
05-13 19:23:24.904 D/CAE     (  997): showListenerList(ContextAwareService.java:329) - ===== Context Aware Service List =====
05-13 19:23:24.904 I/CAE     (  997): showListenerList(ContextAwareService.java:338) - Listener : com.samsung.android.contextaware.manager.ContextAwareService$Listener@20f12f, Service : FREE_FALL_DETECTION(1)
05-13 19:23:24.904 I/CAE     (  997): showListenerList(ContextAwareService.java:338) - Listener : com.samsung.android.contextaware.manager.ContextAwareService$Listener@20f12f, Service : ACTIVITY_TRACKER(1)
05-13 19:23:24.904 W/CAE     (  997): unregisterCallback(ContextAwareService.java:255) - [unregi 02] Mutex is unlocked for TEST_FLAT_MOTION
05-13 19:23:24.904 D/SemContextService(  997): 	.unregisterCallback : 2, client=Thread[SensorHandleThread,5,main]
05-13 19:23:24.904 D/SemContextService(  997): unlock : unregisterCallback
05-13 19:23:24.904 D/SemContextManager(  997):   .unregisterListener : listener = Thread[SensorHandleThread,5,main], service=Device Position
05-13 19:23:24.905 I/SoundBooster_Interface a64(  583): SetMotion( 1 )
05-13 19:23:24.905 I/SoundBooster_Base(  583): SetMotion( 1 )
05-13 19:23:24.905 I/SoundBooster:SoundBooster_Legacy(  583): SetMotion( 1 ) , mSetMotion_OnOff : 1
05-13 19:23:24.905 I/SoundBooster_plus(  583): [GOF] setFlatMotion : flat 1
05-13 19:23:24.905 I/SoundBooster_plus(  583): [GOF] setFlatMotion : flat 1
05-13 19:23:24.905 I/SoundBooster_Interface a64(  583): SetMotion( 1 )
05-13 19:23:24.905 I/SoundBooster_Base(  583): SetMotion( 1 )
05-13 19:23:24.905 I/SoundBooster:SoundBooster_Legacy(  583): SetMotion( 1 ) , mSetMotion_OnOff : 1
05-13 19:23:24.905 I/SoundBooster_plus(  583): [GOF] setFlatMotion : flat 1
05-13 19:23:24.905 I/SoundBooster_plus(  583): [GOF] setFlatMotion : flat 1
05-13 19:23:24.905 I/SoundBooster_plus(  583): [GOF] setFlatMotion : flat 1
05-13 19:23:24.905 V/sec_audio_hw(  542): sec_dev_set_parameters : l_hw_flat_motion_state=1
05-13 19:23:24.905 D/audio_hw_primary(  542): device-adev_set_parameters: enter with key(l_hw_flat_motion_state=1)
05-13 19:23:24.906 V/APM_AudioPolicyManager(  583): setStreamVolumeIndex: stream AUDIO_STREAM_ACCESSIBILITY attributes={ Content type: AUDIO_CONTENT_TYPE_UNKNOWN Usage: AUDIO_USAGE_ASSISTANCE_ACCESSIBILITY Source: AUDIO_SOURCE_DEFAULT Flags: 0x0 Tags:  }
05-13 19:23:24.906 V/APM_AudioPolicyManager(  583): setVolumeIndexForAttributes: group 1 matching with { Content type: AUDIO_CONTENT_TYPE_UNKNOWN Usage: AUDIO_USAGE_ASSISTANCE_ACCESSIBILITY Source: AUDIO_SOURCE_DEFAULT Flags: 0x0 Tags:  }
05-13 19:23:24.906 V/APM_AudioPolicyManager(  583): setVolumeCurveIndex device 00000001, index 6
05-13 19:23:24.907 V/APM_AudioPolicyManager(  583): setStreamVolumeIndex: stream AUDIO_STREAM_ACCESSIBILITY attributes={ Content type: AUDIO_CONTENT_TYPE_UNKNOWN Usage: AUDIO_USAGE_ASSISTANCE_ACCESSIBILITY Source: AUDIO_SOURCE_DEFAULT Flags: 0x0 Tags:  }
05-13 19:23:24.907 V/APM_AudioPolicyManager(  583): setVolumeIndexForAttributes: group 1 matching with { Content type: AUDIO_CONTENT_TYPE_UNKNOWN Usage: AUDIO_USAGE_ASSISTANCE_ACCESSIBILITY Source: AUDIO_SOURCE_DEFAULT Flags: 0x0 Tags:  }
05-13 19:23:24.907 V/APM_AudioPolicyManager(  583): setVolumeCurveIndex device 00000002, index 6
05-13 19:23:24.908 V/APM_AudioPolicyManager(  583): setStreamVolumeIndex: stream AUDIO_STREAM_TTS attributes={ Content type: AUDIO_CONTENT_TYPE_UNKNOWN Usage: AUDIO_USAGE_UNKNOWN Source: AUDIO_SOURCE_DEFAULT Flags: 0x8 Tags:  }
05-13 19:23:24.908 V/APM_AudioPolicyManager(  583): setVolumeIndexForAttributes: group 12 matching with { Content type: AUDIO_CONTENT_TYPE_UNKNOWN Usage: AUDIO_USAGE_UNKNOWN Source: AUDIO_SOURCE_DEFAULT Flags: 0x8 Tags:  }
05-13 19:23:24.908 V/APM_AudioPolicyManager(  583): setVolumeCurveIndex device 00000001, index 6
05-13 19:23:24.908 V/APM_AudioPolicyManager(  583): setStreamVolumeIndex: stream AUDIO_STREAM_TTS attributes={ Content type: AUDIO_CONTENT_TYPE_UNKNOWN Usage: AUDIO_USAGE_UNKNOWN Source: AUDIO_SOURCE_DEFAULT Flags: 0x8 Tags:  }
05-13 19:23:24.908 V/APM_AudioPolicyManager(  583): setVolumeIndexForAttributes: group 12 matching with { Content type: AUDIO_CONTENT_TYPE_UNKNOWN Usage: AUDIO_USAGE_UNKNOWN Source: AUDIO_SOURCE_DEFAULT Flags: 0x8 Tags:  }
05-13 19:23:24.908 V/APM_AudioPolicyManager(  583): setVolumeCurveIndex device 00000002, index 6
05-13 19:23:24.909 V/APM_AudioPolicyManager(  583): setForceUse() usage 7, config 0, mPhoneState 0
05-13 19:23:24.909 W/APM_AudioPolicyManager(  583): setForceUse() usage 7, config 0 is already set
05-13 19:23:24.919 V/APM_AudioPolicyManager(  583): setStreamVolumeIndex: stream AUDIO_STREAM_DTMF attributes={ Content type: AUDIO_CONTENT_TYPE_UNKNOWN Usage: AUDIO_USAGE_VOICE_COMMUNICATION_SIGNALLING Source: AUDIO_SOURCE_DEFAULT Flags: 0x0 Tags:  }
05-13 19:23:24.919 V/APM_AudioPolicyManager(  583): setVolumeIndexForAttributes: group 4 matching with { Content type: AUDIO_CONTENT_TYPE_UNKNOWN Usage: AUDIO_USAGE_VOICE_COMMUNICATION_SIGNALLING Source: AUDIO_SOURCE_DEFAULT Flags: 0x0 Tags:  }
05-13 19:23:24.919 V/APM_AudioPolicyManager(  583): setVolumeCurveIndex device 00000001, index 15
05-13 19:23:24.920 V/APM_AudioPolicyManager(  583): setStreamVolumeIndex: stream AUDIO_STREAM_DTMF attributes={ Content type: AUDIO_CONTENT_TYPE_UNKNOWN Usage: AUDIO_USAGE_VOICE_COMMUNICATION_SIGNALLING Source: AUDIO_SOURCE_DEFAULT Flags: 0x0 Tags:  }
05-13 19:23:24.920 V/APM_AudioPolicyManager(  583): setVolumeIndexForAttributes: group 4 matching with { Content type: AUDIO_CONTENT_TYPE_UNKNOWN Usage: AUDIO_USAGE_VOICE_COMMUNICATION_SIGNALLING Source: AUDIO_SOURCE_DEFAULT Flags: 0x0 Tags:  }
05-13 19:23:24.920 V/APM_AudioPolicyManager(  583): setVolumeCurveIndex device 00000002, index 15
05-13 19:23:24.920 V/APM_AudioPolicyManager(  583): setStreamVolumeIndex: stream AUDIO_STREAM_DTMF attributes={ Content type: AUDIO_CONTENT_TYPE_UNKNOWN Usage: AUDIO_USAGE_VOICE_COMMUNICATION_SIGNALLING Source: AUDIO_SOURCE_DEFAULT Flags: 0x0 Tags:  }
05-13 19:23:24.920 V/APM_AudioPolicyManager(  583): setVolumeIndexForAttributes: group 4 matching with { Content type: AUDIO_CONTENT_TYPE_UNKNOWN Usage: AUDIO_USAGE_VOICE_COMMUNICATION_SIGNALLING Source: AUDIO_SOURCE_DEFAULT Flags: 0x0 Tags:  }
05-13 19:23:24.920 V/APM_AudioPolicyManager(  583): setVolumeCurveIndex device 40000000, index 11
