--------- beginning of main
05-13 19:11:02.102 W/IPCThreadState(  701): Sending oneway calls to frozen process.
05-13 19:11:02.102 W/IPCThreadState(  701): Sending oneway calls to frozen process.
05-13 19:11:02.103 W/IPCThreadState(  701): Sending oneway calls to frozen process.
05-13 19:11:02.109 W/IPCThreadState(  701): Sending oneway calls to frozen process.
05-13 19:11:02.109 W/IPCThreadState(  701): Sending oneway calls to frozen process.
--------- beginning of system
05-13 19:11:02.115 W/ProcessStats(  701): Tracking association SourceState{ee185ea system/1000 BFgs #15843} whose proc state 4 is better than process ProcessState{a88be22 com.google.android.tts/10152 pkg=com.google.android.tts} proc state 15 (4 skipped)
05-13 19:11:02.116 I/ImeTracker(  701): system_server:aae6757e: onCancelled at PHASE_SERVER_SHOULD_HIDE
05-13 19:11:02.127 D/BackgroundInstallControlService(  701): Package event received: 0
05-13 19:11:02.165 I/GoogleInputMethodService( 6314): GoogleInputMethodService.onFinishInput():2043 
05-13 19:11:02.225 I/Module  ( 6314): DeviceLockedStatusModuleProvider$Module.updateDeviceLockedStatus():100 repeatCheckTimes = 0, locked = false
05-13 19:11:02.230 W/NotificationCenter( 6314): NotificationCenter$NotificationQueue.notifyPendingNotificationsOnExecutor():877 Heavy notify work detected on UI thread: [kig->jnx, kig->jvb, kig->ilu, kig->ilu, kig->khg, kig->ilu, kig->ilu, kig->ilu, kig->lux, kig->ilu, kig->ilu, kig->ilu, kig->fcb, kig->ilu, kig->ijm, kig->ilu, kig->fro, kig->ilu, kig->khc, kig->ilu, kig->gkl, kig->ilu, kig->ilu, kig->imt, kig->fef] takes 31ms
05-13 19:11:02.243 W/IPCThreadState(  615): Sending oneway calls to frozen process.
05-13 19:11:02.243 W/IPCThreadState(  615): Sending oneway calls to frozen process.
05-13 19:11:02.260 I/GoogleInputMethodService( 6314): GoogleInputMethodService.onStartInput():1293 onStartInput(EditorInfo{EditorInfo{packageName=com.munawwaracare.andriod, inputType=0, inputTypeString=NULL, enableLearning=false, autoCorrection=false, autoComplete=false, imeOptions=0, privateImeOptions=null, actionName=UNSPECIFIED, actionLabel=null, initialSelStart=-1, initialSelEnd=-1, initialCapsMode=0, label=null, fieldId=0, fieldName=null, extras=null, hintText=null, hintLocales=[]}}, false)
05-13 19:11:02.279 I/Module  ( 6314): DeviceLockedStatusModuleProvider$Module.updateDeviceLockedStatus():100 repeatCheckTimes = 1, locked = false
05-13 19:11:02.295 W/PackageConfigPersister(  701): App-specific configuration not found for packageName: com.munawwaracare.andriod and userId: 0
05-13 19:11:02.327 W/System  (11223): A resource failed to call release. 
05-13 19:11:02.327 W/System  (11223): A resource failed to call release. 
05-13 19:11:02.327 W/System  (11223): A resource failed to call release. 
05-13 19:11:02.903 I/flutter (19015): [38;5;12mΓöîΓöÇΓöÇΓöÇΓöÇΓöÇΓöÇΓöÇΓöÇΓöÇΓöÇΓöÇΓöÇΓöÇΓöÇΓöÇΓöÇΓöÇΓöÇΓöÇΓöÇΓöÇΓöÇΓöÇΓöÇΓöÇΓöÇΓöÇΓöÇΓöÇΓöÇΓöÇΓöÇΓöÇΓöÇΓöÇΓöÇΓöÇΓöÇΓöÇΓöÇΓöÇΓöÇΓöÇΓöÇΓöÇΓöÇΓöÇΓöÇΓöÇΓöÇΓöÇΓöÇΓöÇΓöÇΓöÇΓöÇΓöÇΓöÇΓöÇΓöÇΓöÇΓöÇΓöÇΓöÇΓöÇΓöÇΓöÇΓöÇΓöÇΓöÇΓöÇΓöÇΓöÇΓöÇΓöÇΓöÇΓöÇΓöÇΓöÇ[0m
05-13 19:11:02.903 I/flutter (19015): [38;5;12mΓöé 19:11:02.903 (+0:00:04.198796)[0m
05-13 19:11:02.903 I/flutter (19015): [38;5;12mΓö£ΓöäΓöäΓöäΓöäΓöäΓöäΓöäΓöäΓöäΓöäΓöäΓöäΓöäΓöäΓöäΓöäΓöäΓöäΓöäΓöäΓöäΓöäΓöäΓöäΓöäΓöäΓöäΓöäΓöäΓöäΓöäΓöäΓöäΓöäΓöäΓöäΓöäΓöäΓöäΓöäΓöäΓöäΓöäΓöäΓöäΓöäΓöäΓöäΓöäΓöäΓöäΓöäΓöäΓöäΓöäΓöäΓöäΓöäΓöäΓöäΓöäΓöäΓöäΓöäΓöäΓöäΓöäΓöäΓöäΓöäΓöäΓöäΓöäΓöäΓöäΓöäΓöäΓöäΓöä[0m
05-13 19:11:02.904 I/flutter (19015): [38;5;12mΓöé ≡ƒÆí SplashScreen nav to login[0m
05-13 19:11:02.904 I/flutter (19015): [38;5;12mΓööΓöÇΓöÇΓöÇΓöÇΓöÇΓöÇΓöÇΓöÇΓöÇΓöÇΓöÇΓöÇΓöÇΓöÇΓöÇΓöÇΓöÇΓöÇΓöÇΓöÇΓöÇΓöÇΓöÇΓöÇΓöÇΓöÇΓöÇΓöÇΓöÇΓöÇΓöÇΓöÇΓöÇΓöÇΓöÇΓöÇΓöÇΓöÇΓöÇΓöÇΓöÇΓöÇΓöÇΓöÇΓöÇΓöÇΓöÇΓöÇΓöÇΓöÇΓöÇΓöÇΓöÇΓöÇΓöÇΓöÇΓöÇΓöÇΓöÇΓöÇΓöÇΓöÇΓöÇΓöÇΓöÇΓöÇΓöÇΓöÇΓöÇΓöÇΓöÇΓöÇΓöÇΓöÇΓöÇΓöÇΓöÇΓöÇΓöÇ[0m
05-13 19:11:03.500 I/aracare.andriod(19015): AssetManager2(0x7c14608b8e78) locale list changing from [] to [en-US]
05-13 19:11:03.511 D/CoreBackPreview(  701): Window{6f311f7 u0 com.munawwaracare.andriod/com.munawwaracare.andriod.MainActivity}: Setting back callback OnBackInvokedCallbackInfo{mCallback=android.window.IOnBackInvokedCallback$Stub$Proxy@2ee3e42, mPriority=0, mIsAnimationCallback=true, mOverrideBehavior=0}
05-13 19:11:03.647 W/WindowOnBackDispatcher(19015): sendCancelIfRunning: isInProgress=false callback=io.flutter.embedding.android.FlutterActivity$1@5a448c9
05-13 19:11:03.649 D/CoreBackPreview(  701): Window{6f311f7 u0 com.munawwaracare.andriod/com.munawwaracare.andriod.MainActivity}: Setting back callback OnBackInvokedCallbackInfo{mCallback=android.window.IOnBackInvokedCallback$Stub$Proxy@f74ce53, mPriority=-1, mIsAnimationCallback=false, mOverrideBehavior=0}
05-13 19:11:04.186 W/ssioncontroller( 1115): Reducing the number of considered missed Gc histogram windows from 821 to 100
05-13 19:11:04.398 W/IPCThreadState(  701): Sending oneway calls to frozen process.
05-13 19:11:05.258 D/BoundBrokerSvc( 6926): onUnbind: Intent { act=com.google.android.gms.feedback.internal.IFeedbackService dat=chimera-action:/... xflg=0x4 cmp=com.google.android.gms/.chimera.GmsBoundBrokerService }
05-13 19:11:10.823 D/SatelliteController( 1289): iisInCarrierRoamingNbIotNtn: satellite is disabled
05-13 19:11:13.859 D/ActivityManager(  701): freezing 1115 com.google.android.permissioncontroller
05-13 19:11:13.866 D/InetDiagMessage(  701): Destroyed 0 sockets, proto=IPPROTO_TCP, family=AF_INET, states=14
05-13 19:11:13.866 D/InetDiagMessage(  701): Destroyed 0 sockets, proto=IPPROTO_TCP, family=AF_INET6, states=14
05-13 19:11:13.866 D/InetDiagMessage(  701): Destroyed live tcp sockets for uids={10198} in 2ms
05-13 19:11:15.469 D/ActivityManager(  701): freezing 6926 com.google.android.gms
05-13 19:11:20.823 D/SatelliteController( 1289): iisInCarrierRoamingNbIotNtn: satellite is disabled
05-13 19:11:30.823 D/SatelliteController( 1289): iisInCarrierRoamingNbIotNtn: satellite is disabled
05-13 19:11:33.529 W/AppOps  (  701): Noting op not finished: uid 10148 pkg com.google.android.gms code 113 startTime of in progress event=1778538980218
05-13 19:11:33.540 W/AppOps  (  701): Noting op not finished: uid 10148 pkg com.google.android.gms code 79 startTime of in progress event=1778627136742
05-13 19:11:33.553 I/ActivityScheduler( 5949): nextTriggerTime: 20150033, in 238100ms, detectorType: 39, FULL_TYPE alarmWindowMillis: 80000
05-13 19:11:34.531 W/AppOps  (  701): Noting op not finished: uid 10148 pkg com.google.android.gms code 113 startTime of in progress event=1778538980218
05-13 19:11:39.815 D/KernelCpuUidUserSysTimeReader(  701): Removing uids 90000-90000
05-13 19:11:39.816 D/KernelCpuUidUserSysTimeReader(  701): Removing uids 10217-10217
05-13 19:11:39.845 E/BluetoothPowerStatsCollector(  701): Cannot acquire BluetoothActivityEnergyInfo
05-13 19:11:39.845 E/BluetoothPowerStatsCollector(  701): java.util.concurrent.ExecutionException: java.lang.RuntimeException: error: 11
05-13 19:11:39.845 E/BluetoothPowerStatsCollector(  701): 	at java.util.concurrent.CompletableFuture.reportGet(CompletableFuture.java:372)
05-13 19:11:39.845 E/BluetoothPowerStatsCollector(  701): 	at java.util.concurrent.CompletableFuture.get(CompletableFuture.java:2072)
05-13 19:11:39.845 E/BluetoothPowerStatsCollector(  701): 	at com.android.server.power.stats.BluetoothPowerStatsCollector.collectBluetoothActivityInfo(BluetoothPowerStatsCollector.java:192)
05-13 19:11:39.845 E/BluetoothPowerStatsCollector(  701): 	at com.android.server.power.stats.BluetoothPowerStatsCollector.collectStats(BluetoothPowerStatsCollector.java:155)
05-13 19:11:39.845 E/BluetoothPowerStatsCollector(  701): 	at com.android.server.power.stats.PowerStatsCollector.collectAndDeliverStats(PowerStatsCollector.java:176)
05-13 19:11:39.845 E/BluetoothPowerStatsCollector(  701): 	at com.android.server.power.stats.PowerStatsCollector$$ExternalSyntheticLambda0.run(R8$$SyntheticClass:0)
05-13 19:11:39.845 E/BluetoothPowerStatsCollector(  701): 	at android.os.Handler.handleCallback(Handler.java:995)
05-13 19:11:39.845 E/BluetoothPowerStatsCollector(  701): 	at android.os.Handler.dispatchMessage(Handler.java:103)
05-13 19:11:39.845 E/BluetoothPowerStatsCollector(  701): 	at android.os.Looper.loopOnce(Looper.java:248)
05-13 19:11:39.845 E/BluetoothPowerStatsCollector(  701): 	at android.os.Looper.loop(Looper.java:338)
05-13 19:11:39.845 E/BluetoothPowerStatsCollector(  701): 	at android.os.HandlerThread.run(HandlerThread.java:85)
05-13 19:11:39.845 E/BluetoothPowerStatsCollector(  701): Caused by: java.lang.RuntimeException: error: 11
05-13 19:11:39.845 E/BluetoothPowerStatsCollector(  701): 	at com.android.server.power.stats.BluetoothPowerStatsCollector$1.onBluetoothActivityEnergyInfoError(BluetoothPowerStatsCollector.java:181)
05-13 19:11:39.845 E/BluetoothPowerStatsCollector(  701): 	at android.bluetooth.BluetoothAdapter$OnBluetoothActivityEnergyInfoProxy.lambda$onBluetoothActivityEnergyInfoAvailable$0(BluetoothAdapter.java:1037)
05-13 19:11:39.845 E/BluetoothPowerStatsCollector(  701): 	at android.bluetooth.BluetoothAdapter$OnBluetoothActivityEnergyInfoProxy$$ExternalSyntheticLambda1.run(D8$$SyntheticClass:0)
05-13 19:11:39.845 E/BluetoothPowerStatsCollector(  701): 	at android.bluetooth.BluetoothUtils.lambda$executeFromBinder$0(BluetoothUtils.java:343)
05-13 19:11:39.845 E/BluetoothPowerStatsCollector(  701): 	at android.bluetooth.BluetoothUtils$$ExternalSyntheticLambda1.run(D8$$SyntheticClass:0)
05-13 19:11:39.845 E/BluetoothPowerStatsCollector(  701): 	at com.android.server.SystemServerInitThreadPool$$ExternalSyntheticLambda0.execute(R8$$SyntheticClass:0)
05-13 19:11:39.845 E/BluetoothPowerStatsCollector(  701): 	at android.bluetooth.BluetoothUtils.executeFromBinder(BluetoothUtils.java:343)
05-13 19:11:39.845 E/BluetoothPowerStatsCollector(  701): 	at android.bluetooth.BluetoothAdapter$OnBluetoothActivityEnergyInfoProxy.onBluetoothActivityEnergyInfoAvailable(BluetoothAdapter.java:1035)
05-13 19:11:39.845 E/BluetoothPowerStatsCollector(  701): 	at android.bluetooth.IBluetoothActivityEnergyInfoListener$Stub.onTransact(IBluetoothActivityEnergyInfoListener.java:98)
05-13 19:11:39.845 E/BluetoothPowerStatsCollector(  701): 	at android.os.Binder.execTransactInternal(Binder.java:1426)
05-13 19:11:39.845 E/BluetoothPowerStatsCollector(  701): 	at android.os.Binder.execTransact(Binder.java:1365)
05-13 19:11:40.823 D/SatelliteController( 1289): iisInCarrierRoamingNbIotNtn: satellite is disabled
05-13 19:11:50.823 D/SatelliteController( 1289): iisInCarrierRoamingNbIotNtn: satellite is disabled
05-13 19:11:53.674 I/bbax    ( 1727): (REDACTED) getHotwordActive::active query: %s, watch: %s, devices connected: %s
05-13 19:11:58.402 E/ClipboardService(  701): Denying clipboard access to com.android.chrome, application is not in focus nor is it a system service for user 0
05-13 19:11:58.409 D/androidtc(  701): Initializing SystemTextClassifier, type = System
05-13 19:11:58.418 E/ClipboardService(  701): Denying clipboard access to com.android.chrome, application is not in focus nor is it a system service for user 0
05-13 19:11:58.426 I/ClipboardListener( 1114): Clipboard overlay suppressed.
05-13 19:11:58.430 I/ClipboardListener( 1114): Clipboard overlay suppressed.
05-13 19:11:58.432 I/AiAiTextClassifier( 1695): onCreateTextClassificationSession = TextClassificationSessionId {829002de-ea27-40b5-b30b-a5c8a8b03ed6}
05-13 19:11:58.433 I/AiAiTranslate( 1695): C2T - not in a conversation
05-13 19:11:58.586 E/ClipboardService(  701): Denying clipboard access to com.android.chrome, application is not in focus nor is it a system service for user 0
05-13 19:11:58.588 W/AiAiClearcutLogger( 1695): Trying to use Clearcut counters (disabled via policy). [CONTEXT ratelimit_period="1 HOURS" skipped=3 ]
05-13 19:11:58.590 I/ClipboardListener( 1114): Clipboard overlay suppressed.
05-13 19:11:59.285 I/ImeTracker(19015): com.munawwaracare.andriod:1d542763: onRequestShow at ORIGIN_CLIENT reason SHOW_SOFT_INPUT fromUser false
05-13 19:11:59.319 D/InsetsController(19015): show(ime(), fromIme=false)
05-13 19:11:59.322 D/InsetsController(19015): Setting requestedVisibleTypes to -1 (was -9)
05-13 19:11:59.327 I/GoogleInputMethodService( 6314): GoogleInputMethodService.onFinishInput():2043 
05-13 19:11:59.328 I/Module  ( 6314): DeviceLockedStatusModuleProvider$Module.updateDeviceLockedStatus():100 repeatCheckTimes = 0, locked = false
05-13 19:11:59.336 I/GoogleInputMethodService( 6314): GoogleInputMethodService.onStartInput():1293 onStartInput(EditorInfo{EditorInfo{packageName=com.munawwaracare.andriod, inputType=8001, inputTypeString=Normal[AutoCorrect], enableLearning=true, autoCorrection=true, autoComplete=true, imeOptions=2000006, privateImeOptions=null, actionName=DONE, actionLabel=null, initialSelStart=0, initialSelEnd=0, initialCapsMode=0, label=null, fieldId=1, fieldName=null, extras=Bundle[mParcelledData.dataSize=168], hintText=null, hintLocales=[]}}, false)
05-13 19:11:59.347 D/BackgroundInstallControlService(  701): Package event received: 0
05-13 19:11:59.350 V/AutofillSession(  701): Primary service component name: ComponentInfo{com.google.android.gms/com.google.android.gms.autofill.service.AutofillService}, secondary service component name: ComponentInfo{com.android.credentialmanager/com.android.credentialmanager.autofill.CredentialAutofillService}
05-13 19:11:59.351 V/SecondaryProviderHandler(  701): Creating a secondary provider handler with component name, ComponentInfo{com.android.credentialmanager/com.android.credentialmanager.autofill.CredentialAutofillService}
05-13 19:11:59.372 D/PresentationStatsEventLogger(  701): Started new PresentationStatsEvent
05-13 19:11:59.373 D/BackgroundInstallControlService(  701): Package event received: 0
05-13 19:11:59.374 I/AppsFilter(  701): interaction: PackageSetting{a28c17d com.munawwaracare.andriod/10218} -> PackageSetting{d7fe7d8 com.google.android.inputmethod.latin/10159} BLOCKED
05-13 19:11:59.378 W/FillRequestEventLogger(  701): Couldn't find packageName: com.google.android.inputmethod.latin
05-13 19:11:59.411 D/InputConnectionAdaptor(19015): The input method toggled cursor monitoring on
05-13 19:11:59.415 I/Module  ( 6314): DeviceLockedStatusModuleProvider$Module.updateDeviceLockedStatus():100 repeatCheckTimes = 1, locked = false
05-13 19:11:59.417 W/PackageConfigPersister(  701): App-specific configuration not found for packageName: com.munawwaracare.andriod and userId: 0
05-13 19:11:59.421 I/StylusModule( 6314): StylusModule.onUpdateToolType():801 Update tool type = 2
05-13 19:11:59.446 I/AssistStructure(19015): Flattened final assist data: 488 bytes, containing 1 windows, 3 views
05-13 19:11:59.449 I/GoogleInputMethodService( 6314): GoogleInputMethodService.onStartInputView():1392 onStartInputView(EditorInfo{EditorInfo{packageName=com.munawwaracare.andriod, inputType=8001, inputTypeString=Normal[AutoCorrect], enableLearning=true, autoCorrection=true, autoComplete=true, imeOptions=2000006, privateImeOptions=null, actionName=DONE, actionLabel=null, initialSelStart=0, initialSelEnd=0, initialCapsMode=0, label=null, fieldId=1, fieldName=null, extras=Bundle[{androidx.core.view.inputmethod.EditorInfoCompat.STYLUS_HANDWRITING_ENABLED=true}], hintText=null, hintLocales=[]}}, false)
05-13 19:11:59.452 D/AutofillSession(  701): createPendingIntent for request 858
05-13 19:11:59.453 D/ContentCapturePerUserService(  701): Notified activity assist data for activity: Token{a02f86f ActivityRecord{17387895 u0 com.munawwaracare.andriod/.MainActivity t19}} without a session Id
05-13 19:11:59.500 I/KeyboardHeightUtil( 6314): KeyboardHeightUtil.getOemKeyboardHeightRatio():161 systemKeyboardHeightRatio:1.000000.
05-13 19:11:59.557 I/AndroidIME( 6314): InputBundleManager.loadActiveInputBundleId():483 loadActiveInputBundleId: en-US, ime_english_united_states
05-13 19:11:59.569 I/AndroidIME( 6314): AbstractIme.onActivate():90 LatinIme.onActivate() : EditorInfo = EditorInfo{packageName=com.munawwaracare.andriod, inputType=8001, inputTypeString=Normal[AutoCorrect], enableLearning=true, autoCorrection=true, autoComplete=true, imeOptions=2000006, privateImeOptions=null, actionName=DONE, actionLabel=null, initialSelStart=0, initialSelEnd=0, initialCapsMode=0, label=null, fieldId=1, fieldName=null, extras=Bundle[{androidx.core.view.inputmethod.EditorInfoCompat.STYLUS_HANDWRITING_ENABLED=true}], hintText=null, hintLocales=[]}, IncognitoMode = false, DeviceLocked = false
05-13 19:11:59.584 I/InputBundle( 6314): InputBundle.consumeEvent():949 Skip consuming an event as keyboard status is 0
05-13 19:11:59.598 I/Delight5Facilitator( 6314): Delight5Facilitator.initializeForIme():729 initializeForIme() : Locale = [en_US], layout = qwerty
05-13 19:12:00.056 I/LatinIme( 6314): LatinIme.updateEnableInlineSuggestionsOnDecoderSideFlags():1256 inline flag updated to:false
05-13 19:12:00.064 I/LatinIme( 6314): LatinIme.updateEnableInlineSuggestionsOnDecoderSideFlags():1256 inline flag updated to:false
05-13 19:12:00.086 I/InputBundle( 6314): InputBundle.consumeEvent():949 Skip consuming an event as keyboard status is 0
05-13 19:12:00.087 I/InputBundle( 6314): InputBundle.consumeEvent():949 Skip consuming an event as keyboard status is 0
05-13 19:12:00.104 I/KeyboardWrapper( 6314): KeyboardWrapper.activateKeyboard():562 activateKeyboard(): type=prime, status=0, imeDef=kyj{stringId=ime_english_united_states, language=en-US, languageTag=en-US, processedConditions={enable_number_row=false, device=phone}, className=com.google.android.libraries.inputmethod.ime.experiment.ExperimentImeWrapper, label=0, keyEventInterpreter=null, inlineComposing=true, autoCapital=true, announceAutoSelectedCandidate=true, statusIcon=0, primeKeyboardType=SOFT, indicatorIcon=0, indicatorLabel=US, displayAppCompletions=true, extraValues=kyb{#0x7f0b021c=TypedValue{t=0x3/d=0x0 "writing_helper_enable_by_word_revert=false"}, #0x7f0b0222=TypedValue{t=0x3/d=0x0 "com.google.android.apps.inputmethod.libs.latin5.LatinIme"}, #0x7f0b0223=TypedValue{t=0x3/d=0x0 "com.google.android.apps.inputmethod.libs.edittracker.EditTrackingImeWrapper"}, #0x7f0b0224=TypedValue{t=0x3/d=0x0 "com.google.android.apps.inputmethod.libs.latin5.LatinIme"}}, processors=lac@80d9e5e, unacceptableMetaKeys=4098, languageSpecificSettings=0, asciiCapable=true, alwaysShowSuggestions=false, useAsciiPasswordKeyboard=false, secondaryIme=null, keyboardGroupDef=kzl@77b6670, phenotypeFlagId=0, localizationLanguageTag=null, supportsInlineSuggestion=true}
05-13 19:12:00.105 I/KeyboardManager( 6314): KeyboardManager.requestKeyboard():248 Creating keyboard prime, imeId=ime_english_united_states, cacheKey=theme_!gsf_!pgsans_!pgsf_!use_system_font_BORDER=true_FLAVOR_DPI=XXHDPI_KEYBOARD_MODE=3_KEYBOARD_WIDTH_CATEGORY=NORMAL_LIGHT_THEME=true_PHYSICAL_DIAGONAL=5.1148095_SCREEN_SHORTEST_WIDTH=411_SCREEN_SHORTEST_WIDTH_NO_SCALE=411_enable_google_fonts_icons=true_enable_popup_on_keypress=true_keyboard_redesign_google_sans=true_noshadow_overlay_builtin_dynamic_color_light_base.binarypb:gm3-light-fffaf8ff-ff495d92-82b625f90d810779661adb8ce93b5ac5_silkpopup_unify_function_key_color=true
05-13 19:12:00.116 W/native  ( 6314): W0000 00:00:1778688720.114627    6458 user_feature_cache_jni.cc:125] Timeout happens, usually it indicates a task run too long, consider to run it asynchronously: GetSerializedDataTask
05-13 19:12:00.121 I/KeyboardWrapper( 6314): KeyboardWrapper.onKeyboardReady():212 onKeyboardReady(): type=prime(prime), kb=com.google.android.apps.inputmethod.latin.keyboard.LatinPrimeKeyboard@2dbf997
05-13 19:12:00.121 I/KeyboardWrapper( 6314): KeyboardWrapper.doActivateKeyboard():589 doActivateKeyboard(): prime
05-13 19:12:00.128 E/KeyboardViewController( 6314): KeyboardViewController$CurrentKeyboardStatus.setViewStatus():1637 Setting the SoftKeyboardView status for different keyboard type, current: accessory, new: prime
05-13 19:12:00.173 I/PopupKeyboardViewHolderProvider( 6314): PopupKeyboardViewHolderProvider.show():76 showing popup floating keyboard 943f0cf
05-13 19:12:00.175 E/KeyboardViewController( 6314): KeyboardViewController$CurrentKeyboardStatus.setViewStatus():1637 Setting the SoftKeyboardView status for different keyboard type, current: accessory, new: prime
05-13 19:12:00.175 I/PopupKeyboardViewHolderProvider( 6314): PopupKeyboardViewHolderProvider.show():76 showing popup floating keyboard 943f0cf
05-13 19:12:00.177 I/GlobeKeyExtension( 6314): GlobeKeyExtension.getKeyboardInitialStates():131 
05-13 19:12:00.186 I/PopupKeyboardViewHolderProvider( 6314): PopupKeyboardViewHolderProvider.show():76 showing popup floating keyboard 943f0cf
05-13 19:12:00.186 I/PopupKeyboardViewHolderProvider( 6314): PopupKeyboardViewHolderProvider.show():76 showing popup floating keyboard 943f0cf
05-13 19:12:00.186 I/PopupKeyboardViewHolderProvider( 6314): PopupKeyboardViewHolderProvider.show():76 showing popup floating keyboard 943f0cf
05-13 19:12:00.187 W/Keyboard( 6314): Keyboard.getKeyboardViewHelper():597 null helper is returned: keyboardDef=kze{processedConditions={enable_more_candidates_view_for_multilingual=false, layout_9key_split=false, enable_secondary_symbols=false, language=en-US, deprecate_long_press_space_for_ime_picker=false, expressions=normal, enable_flick_symbols=true, variant=qwerty, device=phone, keyboard_mode=floating, show_secondary_digits=true, enable_preemptive_decode=true, rtl_layout=false}, globalConditions={global_theme_key=theme_!gsf_!pgsans_!pgsf_!use_system_font_BORDER=true_FLAVOR_DPI=XXHDPI_KEYBOARD_MODE=3_KEYBOARD_WIDTH_CATEGORY=NORMAL_LIGHT_THEME=true_PHYSICAL_DIAGONAL=5.1148095_SCREEN_SHORTEST_WIDTH=411_SCREEN_SHORTEST_WIDTH_NO_SCALE=411_enable_google_fonts_icons=true_enable_popup_on_keypress=true_keyboard_redesign_google_sans=true_noshadow_overlay_builtin_dynamic_color_light_base.binarypb:gm3-light-fffaf8ff-ff495d92-82b625f90d810779661adb8ce93b5ac5_silkpopup_unify_function_key_color=true, global_locale=en_US, global_density_dpi=420, global_orientation=1}, className=.latin.keyboard.LatinPrimeKeyboard, resourceIds=[#0x7f17065e, #0x7f1708dc], initialStates=0, keyboardViewDefs=[kzt{direction=null, id=#0x7f0b0166, isScalable=true, layoutId=#0x7f0e0346, type=BODY, touchable=true, defaultShow=true}, kzt{direction=null, id=#0x7f0b0166, isScalable=false, layoutId=#0x7f0e01db, type=FLOATING_CANDIDATES, touchable=false, defaultShow=false}, kzt{direction=LOCALE, id=#0x7f0b0166, isScalable=false, layoutId=#0x7f0e04da, type=HEADER, touchable=true, defaultShow=true}], persistentStates=0, persistentStatesPrefKey=null, popupBubbleLayoutId=#0x7f0e05ce, recentKeyLayoutId=0, recentKeyPopupLayoutId=0, recentKeyType=null, rememberRecentKey=NONE, sessionStates=17592186044419}, type=WIDGET, helpersCreated=[kkl@47e47cd, kkl@9333882, kkl@c92db93, null], context.getResources().getConfiguration(): {1.0 310mcc260mnc [en_US] ldltr sw411dp w411dp h731dp 420dpi nrml long port finger qwerty/v/v -nav/h winConfig={ mBounds=Rect(0, 0 - 1080, 1920) mAppBounds=Rect(0, 0 - 1080, 1920) mMaxBounds=Rect(0, 0 - 1080, 1920) mDisplayRotation=ROTATION_0 mWindowingMode=fullscreen mActivityType=undefined mAlwaysOnTop=undefined mRotation=ROTATION_0} as.2 s.22 fontWeightAdjustment=0}
05-13 19:12:00.188 I/PopupKeyboardViewHolderProvider( 6314): PopupKeyboardViewHolderProvider.show():76 showing popup floating keyboard 943f0cf
05-13 19:12:00.225 I/AndroidIME( 6314): InputBundleManager.startInput():361 startInput() with kzp[keyboardType=prime, payload=null]
05-13 19:12:00.295 I/GlobeKeyExtension( 6314): GlobeKeyExtension.onActivate():70 
05-13 19:12:00.354 I/Delight5Decoder( 6314): Delight5DecoderWrapper.setKeyboardLayout():521 setKeyboardLayout()
05-13 19:12:00.358 W/HWUI    ( 6314): Image decoding logging dropped!
05-13 19:12:00.361 W/AutoPasteSuggestionHelper( 6314): AutoPasteSuggestionHelper.setMaxWidthOfChipTextView():1004 Failed to get the width of the proactive suggestion view holder in HEADER.
05-13 19:12:00.364 W/AutoPasteSuggestionHelper( 6314): AutoPasteSuggestionHelper.setMaxWidthOfChipTextView():1004 Failed to get the width of the proactive suggestion view holder in HEADER.
05-13 19:12:00.370 W/AutoPasteSuggestionHelper( 6314): AutoPasteSuggestionHelper.setMaxWidthOfChipTextView():1004 Failed to get the width of the proactive suggestion view holder in WIDGET.
05-13 19:12:00.371 I/ProactiveSuggestionsHolderManager( 6314): ProactiveSuggestionsHolderManager$2.display():216 Requesting to show proactive suggestions: CLIPBOARD PREEMPTIVE_WITH_SUPPRESSION in HEADER
05-13 19:12:00.378 I/ProactiveSuggestionsHolderManager( 6314): ProactiveSuggestionsHolderManager$2.display():216 Requesting to show proactive suggestions: CLIPBOARD PREEMPTIVE_WITH_SUPPRESSION in FLOATING_CANDIDATES
05-13 19:12:00.378 I/ProactiveSuggestionsHolderManager( 6314): ProactiveSuggestionsHolderManager$2.display():216 Requesting to show proactive suggestions: CLIPBOARD PREEMPTIVE_WITH_SUPPRESSION in WIDGET
05-13 19:12:00.385 I/CrowdsourceExtension( 6314): CrowdsourceExtension.checkIfDefaultBrowserIsAllowed():109 Failed to get default browser. The default browser may be deactivated.
05-13 19:12:00.390 I/VoiceInputManagerWrapper( 6314): VoiceInputManagerWrapper.cancelShutdown():100 cancelShutdown()
05-13 19:12:00.390 I/VoiceInputManagerWrapper( 6314): VoiceInputManagerWrapper.syncLanguagePacks():112 syncLanguagePacks()
05-13 19:12:00.396 I/VoiceInputManager( 6314): VoiceInputManager.onKeyboardActivated():1023 onKeyboardActivated() [UD]
05-13 19:12:00.397 I/SpeechFactory( 6314): SpeechRecognitionFactory.maybeScheduleAutoPackDownloadForFallback():161 maybeScheduleAutoPackDownloadForFallback()
05-13 19:12:00.398 I/FallbackOnDeviceRecognitionProvider( 6314): FallbackOnDeviceRecognitionProvider.maybeScheduleAutoPackDownload():198 maybeScheduleAutoPackDownload() for language tag en-US
05-13 19:12:00.399 I/AccessoryInputModeManager( 6314): AccessoryInputModeManager.onModeStarted():322 Accessory input mode started: STYLUS
05-13 19:12:00.408 W/ExtensionWrapper( 6314): ExtensionWrapper.setAllowUpdateNavigationBarStyle():810 class iio is not activate
05-13 19:12:00.409 I/WidgetViewShowingController( 6314): WidgetViewShowingController.showWidgetKeyboardInternal():524 Show companion widget
05-13 19:12:00.434 I/ImeTracker(19015): com.munawwaracare.andriod:c57ad294: onRequestShow at ORIGIN_CLIENT reason SHOW_SOFT_INPUT fromUser false
05-13 19:12:00.434 D/InsetsController(19015): show(ime(), fromIme=false)
05-13 19:12:00.434 I/ImeTracker(19015): com.munawwaracare.andriod:c57ad294: onCancelled at PHASE_CLIENT_REPORT_REQUESTED_VISIBLE_TYPES
05-13 19:12:00.441 W/ExtensionWrapper( 6314): ExtensionWrapper.setAllowUpdateNavigationBarStyle():810 class iio is not activate
05-13 19:12:00.442 I/WidgetViewShowingPositionHandler( 6314): WidgetViewShowingPositionHandler.updateAvailableArea():194 update available area Rect(21, 84 - 1059, 1853)
05-13 19:12:00.444 I/HardKeyTracker( 6314): HardKeyTracker.unregisterKeySequence():182 Unregister key sequence lsr{labelResId=2132018681, callback=cbb@1b67ab5, lastModifier=2, keyCodes=[39], actions=[0]}
05-13 19:12:00.444 I/HardKeyTracker( 6314): HardKeyTracker.registerKeySequence():138 Register key sequence lsr{labelResId=2132018682, callback=cbb@f7e28bd, lastModifier=2, keyCodes=[39], actions=[0]}
05-13 19:12:00.445 I/ProactiveUndoTriggerExtension( 6314): ProactiveUndoTriggerExtension.eventConsumer$lambda$0():125 kyp{intention=null, keyCode=-10004, SWITCH_KEYBOARD, data=accessory}
05-13 19:12:00.445 I/KeyboardWrapper( 6314): KeyboardWrapper.switchToKeyboard():649 switchToKeyboard(): type=accessory, status=1
05-13 19:12:00.446 I/KeyboardManager( 6314): KeyboardManager.requestKeyboard():248 Creating keyboard accessory, imeId=ime_english_united_states, cacheKey=theme_!gsf_!pgsans_!pgsf_!use_system_font_BORDER=true_FLAVOR_DPI=XXHDPI_KEYBOARD_MODE=3_KEYBOARD_WIDTH_CATEGORY=NORMAL_LIGHT_THEME=true_PHYSICAL_DIAGONAL=5.1148095_SCREEN_SHORTEST_WIDTH=411_SCREEN_SHORTEST_WIDTH_NO_SCALE=411_enable_google_fonts_icons=true_enable_popup_on_keypress=true_keyboard_redesign_google_sans=true_noshadow_overlay_builtin_dynamic_color_light_base.binarypb:gm3-light-fffaf8ff-ff495d92-82b625f90d810779661adb8ce93b5ac5_silkpopup_unify_function_key_color=true
05-13 19:12:00.446 I/KeyboardWrapper( 6314): KeyboardWrapper.onKeyboardReady():212 onKeyboardReady(): type=prime(accessory), kb=com.google.android.libraries.inputmethod.keyboard.impl.Keyboard@48b4ded
05-13 19:12:00.449 I/VoiceInputManager( 6314): VoiceInputManager.onKeyboardActivated():1023 onKeyboardActivated() [UD]
05-13 19:12:00.450 I/KeyboardWrapper( 6314): KeyboardWrapper.doActivateKeyboard():589 doActivateKeyboard(): accessory
05-13 19:12:00.451 W/Keyboard( 6314): Keyboard.getKeyboardViewHelper():597 null helper is returned: keyboardDef=kze{processedConditions={}, globalConditions={}, className=com.google.android.libraries.inputmethod.keyboard.impl.Keyboard, resourceIds=[#0x7f170045], initialStates=0, keyboardViewDefs=[], persistentStates=0, persistentStatesPrefKey=null, popupBubbleLayoutId=0, recentKeyLayoutId=0, recentKeyPopupLayoutId=0, recentKeyType=null, rememberRecentKey=NONE, sessionStates=0}, type=HEADER, helpersCreated=[null, null, null, null], context.getResources().getConfiguration(): {1.0 310mcc260mnc [en_US] ldltr sw411dp w411dp h731dp 420dpi nrml long port finger qwerty/v/v -nav/h winConfig={ mBounds=Rect(0, 0 - 1080, 1920) mAppBounds=Rect(0, 0 - 1080, 1920) mMaxBounds=Rect(0, 0 - 1080, 1920) mDisplayRotation=ROTATION_0 mWindowingMode=fullscreen mActivityType=undefined mAlwaysOnTop=undefined mRotation=ROTATION_0} as.2 s.22 fontWeightAdjustment=0}
05-13 19:12:00.456 I/PopupKeyboardViewHolderProvider( 6314): PopupKeyboardViewHolderProvider.show():76 showing popup floating keyboard 943f0cf
05-13 19:12:00.459 W/Keyboard( 6314): Keyboard.getKeyboardViewHelper():597 null helper is returned: keyboardDef=kze{processedConditions={}, globalConditions={}, className=com.google.android.libraries.inputmethod.keyboard.impl.Keyboard, resourceIds=[#0x7f170045], initialStates=0, keyboardViewDefs=[], persistentStates=0, persistentStatesPrefKey=null, popupBubbleLayoutId=0, recentKeyLayoutId=0, recentKeyPopupLayoutId=0, recentKeyType=null, rememberRecentKey=NONE, sessionStates=0}, type=BODY, helpersCreated=[null, null, null, null], context.getResources().getConfiguration(): {1.0 310mcc260mnc [en_US] ldltr sw411dp w411dp h731dp 420dpi nrml long port finger qwerty/v/v -nav/h winConfig={ mBounds=Rect(0, 0 - 1080, 1920) mAppBounds=Rect(0, 0 - 1080, 1920) mMaxBounds=Rect(0, 0 - 1080, 1920) mDisplayRotation=ROTATION_0 mWindowingMode=fullscreen mActivityType=undefined mAlwaysOnTop=undefined mRotation=ROTATION_0} as.2 s.22 fontWeightAdjustment=0}
05-13 19:12:00.461 W/TooltipLifecycleManager( 6314): TooltipLifecycleManager.dismissTooltips():154 Tooltip with id undo_access_point_promotion_banner not found in tooltipManager.
05-13 19:12:00.462 I/PopupKeyboardViewHolderProvider( 6314): PopupKeyboardViewHolderProvider.hide():102 hiding popup floating keyboard 943f0cf
05-13 19:12:00.468 I/GlobeKeyExtension( 6314): GlobeKeyExtension.getKeyboardInitialStates():131 
05-13 19:12:00.469 W/Keyboard( 6314): Keyboard.getKeyboardViewHelper():597 null helper is returned: keyboardDef=kze{processedConditions={}, globalConditions={}, className=com.google.android.libraries.inputmethod.keyboard.impl.Keyboard, resourceIds=[#0x7f170045], initialStates=0, keyboardViewDefs=[], persistentStates=0, persistentStatesPrefKey=null, popupBubbleLayoutId=0, recentKeyLayoutId=0, recentKeyPopupLayoutId=0, recentKeyType=null, rememberRecentKey=NONE, sessionStates=0}, type=HEADER, helpersCreated=[null, null, null, null], context.getResources().getConfiguration(): {1.0 310mcc260mnc [en_US] ldltr sw411dp w411dp h731dp 420dpi nrml long port finger qwerty/v/v -nav/h winConfig={ mBounds=Rect(0, 0 - 1080, 1920) mAppBounds=Rect(0, 0 - 1080, 1920) mMaxBounds=Rect(0, 0 - 1080, 1920) mDisplayRotation=ROTATION_0 mWindowingMode=fullscreen mActivityType=undefined mAlwaysOnTop=undefined mRotation=ROTATION_0} as.2 s.22 fontWeightAdjustment=0}
05-13 19:12:00.471 I/PopupKeyboardViewHolderProvider( 6314): PopupKeyboardViewHolderProvider.hide():102 hiding popup floating keyboard 943f0cf
05-13 19:12:00.471 W/Keyboard( 6314): Keyboard.getKeyboardViewHelper():597 null helper is returned: keyboardDef=kze{processedConditions={}, globalConditions={}, className=com.google.android.libraries.inputmethod.keyboard.impl.Keyboard, resourceIds=[#0x7f170045], initialStates=0, keyboardViewDefs=[], persistentStates=0, persistentStatesPrefKey=null, popupBubbleLayoutId=0, recentKeyLayoutId=0, recentKeyPopupLayoutId=0, recentKeyType=null, rememberRecentKey=NONE, sessionStates=0}, type=BODY, helpersCreated=[null, null, null, null], context.getResources().getConfiguration(): {1.0 310mcc260mnc [en_US] ldltr sw411dp w411dp h731dp 420dpi nrml long port finger qwerty/v/v -nav/h winConfig={ mBounds=Rect(0, 0 - 1080, 1920) mAppBounds=Rect(0, 0 - 1080, 1920) mMaxBounds=Rect(0, 0 - 1080, 1920) mDisplayRotation=ROTATION_0 mWindowingMode=fullscreen mActivityType=undefined mAlwaysOnTop=undefined mRotation=ROTATION_0} as.2 s.22 fontWeightAdjustment=0}
05-13 19:12:00.471 I/PopupKeyboardViewHolderProvider( 6314): PopupKeyboardViewHolderProvider.hide():102 hiding popup floating keyboard 943f0cf
05-13 19:12:00.472 W/Keyboard( 6314): Keyboard.getKeyboardViewHelper():597 null helper is returned: keyboardDef=kze{processedConditions={}, globalConditions={}, className=com.google.android.libraries.inputmethod.keyboard.impl.Keyboard, resourceIds=[#0x7f170045], initialStates=0, keyboardViewDefs=[], persistentStates=0, persistentStatesPrefKey=null, popupBubbleLayoutId=0, recentKeyLayoutId=0, recentKeyPopupLayoutId=0, recentKeyType=null, rememberRecentKey=NONE, sessionStates=0}, type=FLOATING_CANDIDATES, helpersCreated=[null, null, null, null], context.getResources().getConfiguration(): {1.0 310mcc260mnc [en_US] ldltr sw411dp w411dp h731dp 420dpi nrml long port finger qwerty/v/v -nav/h winConfig={ mBounds=Rect(0, 0 - 1080, 1920) mAppBounds=Rect(0, 0 - 1080, 1920) mMaxBounds=Rect(0, 0 - 1080, 1920) mDisplayRotation=ROTATION_0 mWindowingMode=fullscreen mActivityType=undefined mAlwaysOnTop=undefined mRotation=ROTATION_0} as.2 s.22 fontWeightAdjustment=0}
05-13 19:12:00.472 I/PopupKeyboardViewHolderProvider( 6314): PopupKeyboardViewHolderProvider.hide():102 hiding popup floating keyboard 943f0cf
05-13 19:12:00.472 W/Keyboard( 6314): Keyboard.getKeyboardViewHelper():597 null helper is returned: keyboardDef=kze{processedConditions={}, globalConditions={}, className=com.google.android.libraries.inputmethod.keyboard.impl.Keyboard, resourceIds=[#0x7f170045], initialStates=0, keyboardViewDefs=[], persistentStates=0, persistentStatesPrefKey=null, popupBubbleLayoutId=0, recentKeyLayoutId=0, recentKeyPopupLayoutId=0, recentKeyType=null, rememberRecentKey=NONE, sessionStates=0}, type=WIDGET, helpersCreated=[null, null, null, null], context.getResources().getConfiguration(): {1.0 310mcc260mnc [en_US] ldltr sw411dp w411dp h731dp 420dpi nrml long port finger qwerty/v/v -nav/h winConfig={ mBounds=Rect(0, 0 - 1080, 1920) mAppBounds=Rect(0, 0 - 1080, 1920) mMaxBounds=Rect(0, 0 - 1080, 1920) mDisplayRotation=ROTATION_0 mWindowingMode=fullscreen mActivityType=undefined mAlwaysOnTop=undefined mRotation=ROTATION_0} as.2 s.22 fontWeightAdjustment=0}
05-13 19:12:00.472 I/PopupKeyboardViewHolderProvider( 6314): PopupKeyboardViewHolderProvider.hide():102 hiding popup floating keyboard 943f0cf
05-13 19:12:00.473 I/ProactiveUndoTriggerExtension( 6314): ProactiveUndoTriggerExtension.eventConsumer$lambda$0():125 kyp{intention=null, keyCode=-10121, SET_KEY_CORRECTION_CALLBACK, data=jfb@cf17f46}
05-13 19:12:00.473 I/ProactiveUndoTriggerExtension( 6314): ProactiveUndoTriggerExtension.eventConsumer$lambda$0():125 kyp{intention=null, keyCode=-20001, ENABLE_GESTURE_TYPING, data=null}
05-13 19:12:00.475 I/ProactiveUndoTriggerExtension( 6314): ProactiveUndoTriggerExtension.eventConsumer$lambda$0():125 kyp{intention=null, keyCode=-10159, ACTIVATE_SUPPLEMENTARY_KEYBOARD, data=accessory_candidates_consumer}
05-13 19:12:00.475 I/KeyboardManager( 6314): KeyboardManager.requestKeyboard():248 Creating keyboard accessory_candidates_consumer, imeId=ime_english_united_states, cacheKey=theme_!gsf_!pgsans_!pgsf_!use_system_font_BORDER=true_FLAVOR_DPI=XXHDPI_KEYBOARD_MODE=3_KEYBOARD_WIDTH_CATEGORY=NORMAL_LIGHT_THEME=true_PHYSICAL_DIAGONAL=5.1148095_SCREEN_SHORTEST_WIDTH=411_SCREEN_SHORTEST_WIDTH_NO_SCALE=411_enable_google_fonts_icons=true_enable_popup_on_keypress=true_keyboard_redesign_google_sans=true_noshadow_overlay_builtin_dynamic_color_light_base.binarypb:gm3-light-fffaf8ff-ff495d92-82b625f90d810779661adb8ce93b5ac5_silkpopup_unify_function_key_color=true
05-13 19:12:00.477 I/GlobeKeyExtension( 6314): GlobeKeyExtension.getKeyboardInitialStates():131 
05-13 19:12:00.478 W/Keyboard( 6314): Keyboard.getKeyboardViewHelper():597 null helper is returned: keyboardDef=kze{processedConditions={}, globalConditions={global_theme_key=theme_!gsf_!pgsans_!pgsf_!use_system_font_BORDER=true_FLAVOR_DPI=XXHDPI_KEYBOARD_MODE=3_KEYBOARD_WIDTH_CATEGORY=NORMAL_LIGHT_THEME=true_PHYSICAL_DIAGONAL=5.1148095_SCREEN_SHORTEST_WIDTH=411_SCREEN_SHORTEST_WIDTH_NO_SCALE=411_enable_google_fonts_icons=true_enable_popup_on_keypress=true_keyboard_redesign_google_sans=true_noshadow_overlay_builtin_dynamic_color_light_base.binarypb:gm3-light-fffaf8ff-ff495d92-82b625f90d810779661adb8ce93b5ac5_silkpopup_unify_function_key_color=true, global_locale=en_US, global_density_dpi=420, global_orientation=1}, className=.latin.keyboard.AccessoryKeyboard, resourceIds=[#0x7f170044], initialStates=0, keyboardViewDefs=[kzt{direction=null, id=#0x7f0b0166, isScalable=false, layoutId=#0x7f0e002d, type=FLOATING_CANDIDATES, touchable=true, defaultShow=false}], persistentStates=0, persistentStatesPrefKey=null, popupBubbleLayoutId=#0x7f0e05ce, recentKeyLayoutId=0, recentKeyPopupLayoutId=0, recentKeyType=null, rememberRecentKey=NONE, sessionStates=0}, type=HEADER, helpersCreated=[null, null, kkl@56ac180, null], context.getResources().getConfiguration(): {1.0 310mcc260mnc [en_US] ldltr sw411dp w411dp h731dp 420dpi nrml long port finger qwerty/v/v -nav/h winConfig={ mBounds=Rect(0, 0 - 1080, 1920) mAppBounds=Rect(0, 0 - 1080, 1920) mMaxBounds=Rect(0, 0 - 1080, 1920) mDisplayRotation=ROTATION_0 mWindowingMode=fullscreen mActivityType=undefined mAlwaysOnTop=undefined mRotation=ROTATION_0} as.2 s.22 fontWeightAdjustment=0}
05-13 19:12:00.479 W/Keyboard( 6314): Keyboard.getKeyboardViewHelper():597 null helper is returned: keyboardDef=kze{processedConditions={}, globalConditions={global_theme_key=theme_!gsf_!pgsans_!pgsf_!use_system_font_BORDER=true_FLAVOR_DPI=XXHDPI_KEYBOARD_MODE=3_KEYBOARD_WIDTH_CATEGORY=NORMAL_LIGHT_THEME=true_PHYSICAL_DIAGONAL=5.1148095_SCREEN_SHORTEST_WIDTH=411_SCREEN_SHORTEST_WIDTH_NO_SCALE=411_enable_google_fonts_icons=true_enable_popup_on_keypress=true_keyboard_redesign_google_sans=true_noshadow_overlay_builtin_dynamic_color_light_base.binarypb:gm3-light-fffaf8ff-ff495d92-82b625f90d810779661adb8ce93b5ac5_silkpopup_unify_function_key_color=true, global_locale=en_US, global_density_dpi=420, global_orientation=1}, className=.latin.keyboard.AccessoryKeyboard, resourceIds=[#0x7f170044], initialStates=0, keyboardViewDefs=[kzt{direction=null, id=#0x7f0b0166, isScalable=false, layoutId=#0x7f0e002d, type=FLOATING_CANDIDATES, touchable=true, defaultShow=false}], persistentStates=0, persistentStatesPrefKey=null, popupBubbleLayoutId=#0x7f0e05ce, recentKeyLayoutId=0, recentKeyPopupLayoutId=0, recentKeyType=null, rememberRecentKey=NONE, sessionStates=0}, type=BODY, helpersCreated=[null, null, kkl@56ac180, null], context.getResources().getConfiguration(): {1.0 310mcc260mnc [en_US] ldltr sw411dp w411dp h731dp 420dpi nrml long port finger qwerty/v/v -nav/h winConfig={ mBounds=Rect(0, 0 - 1080, 1920) mAppBounds=Rect(0, 0 - 1080, 1920) mMaxBounds=Rect(0, 0 - 1080, 1920) mDisplayRotation=ROTATION_0 mWindowingMode=fullscreen mActivityType=undefined mAlwaysOnTop=undefined mRotation=ROTATION_0} as.2 s.22 fontWeightAdjustment=0}
05-13 19:12:00.481 I/ProactiveUndoTriggerExtension( 6314): ProactiveUndoTriggerExtension.eventConsumer$lambda$0():125 kyp{intention=null, keyCode=-10127, SHOW_KEYBOARD_VIEW, data=FLOATING_CANDIDATES}
05-13 19:12:00.485 W/NotificationCenter( 6314): NotificationCenter$NotificationQueue.notifyPendingNotificationsOnExecutor():877 Heavy notify work detected on UI thread: [ikh->iik] takes 85ms
05-13 19:12:00.488 I/KeyboardModeManager( 6314): KeyboardModeManager.setKeyboardMode():1152 setKeyboardMode() newKeyboardMode=3, updatePreferences=false
05-13 19:12:00.489 I/AccessoryInputModeManager( 6314): AccessoryInputModeManager$5.provideKeyboardPosition():488 showing popup panel at 190, 1023
05-13 19:12:00.491 E/AndroidIME( 6314): AbstractPopupViewManager.movePopupView():340 popup view android.widget.FrameLayout{943f0cf G.E...... ......ID 0,0-894,777 #7f0b0273 app:id/0_resource_name_obfuscated aid=2650} is not shown!
05-13 19:12:00.492 E/AndroidIME( 6314): AbstractPopupViewManager.movePopupView():340 popup view android.widget.FrameLayout{943f0cf G.E...... ......ID 0,0-894,777 #7f0b0273 app:id/0_resource_name_obfuscated aid=2650} is not shown!
05-13 19:12:00.493 E/AndroidIME( 6314): AbstractPopupViewManager.movePopupView():340 popup view android.widget.FrameLayout{943f0cf G.E...... ......ID 0,0-894,777 #7f0b0273 app:id/0_resource_name_obfuscated aid=2650} is not shown!
05-13 19:12:00.493 W/ExtensionWrapper( 6314): ExtensionWrapper.setExtensionViewVisibility():801 interface koa is not activate
05-13 19:12:00.500 I/Module  ( 6314): DeviceLockedStatusModuleProvider$Module.updateDeviceLockedStatus():100 repeatCheckTimes = 1, locked = false
05-13 19:12:00.505 I/VoiceImeExtension( 6314): VoiceImeExtension.shouldStartVoiceInputAutomaticallyInCurrentInputBox():469 No private IME option set to start voice input.
05-13 19:12:00.512 I/DeviceIntelligenceExtension( 6314): DeviceIntelligenceExtension.getInlineSuggestionsRequest():281 Inline suggestions disabled in stylus mode or vertical PK/Voice toolbar
05-13 19:12:00.515 I/Choreographer( 6314): Skipped 63 frames!  The application may be doing too much work on its main thread.
05-13 19:12:00.524 D/BackgroundInstallControlService(  701): Package event received: 0
05-13 19:12:00.532 D/CoreBackPreview(  701): Window{6f311f7 u0 com.munawwaracare.andriod/com.munawwaracare.andriod.MainActivity}: Setting back callback OnBackInvokedCallbackInfo{mCallback=android.window.IOnBackInvokedCallback$Stub$Proxy@cefb3dd, mPriority=0, mIsAnimationCallback=true, mOverrideBehavior=0}
05-13 19:12:00.534 D/WindowManagerShell( 1114): onKeepClearAreasChanged: restricted={}, unrestricted={Rect(0, 1857 - 1080, 1920)}
05-13 19:12:00.541 I/WindowMetricsNotification( 6314): WindowMetricsNotification.notifyWithWindow():166 
05-13 19:12:00.541 I/WindowMetricsNotification( 6314): WindowMetricsNotification.notify():159 mub[bounds=Rect(0, 63 - 1080, 1920), insets=Rect(0, 0 - 0, 63), densityDpi=420, smallestScreenWidthDp=411, displayWidth=1080, displayHeight=1920, xdpi=420.0, ydpi=420.0, isTrustable=true, displayId=0]; DisplayMetrics{density=2.625, width=1080, height=1920, scaledDensity=2.625, xdpi=420.0, ydpi=420.0}
05-13 19:12:00.550 D/ActivityManager(  701): sync unfroze 6926 com.google.android.gms for 6
05-13 19:12:00.554 D/WindowManagerShell( 1114): onKeepClearAreasChanged: restricted={}, unrestricted={Rect(0, 1857 - 1080, 1920)}
05-13 19:12:00.558 D/BackgroundInstallControlService(  701): Package event received: 0
05-13 19:12:00.569 D/BackgroundInstallControlService(  701): Package event received: 0
05-13 19:12:00.598 D/BoundBrokerSvc( 6926): onBind: Intent { act=com.google.firebase.dynamiclinks.service.START xflg=0x4 pkg=com.google.android.gms }
05-13 19:12:00.598 D/BoundBrokerSvc( 6926): Loading bound service for intent: Intent { act=com.google.firebase.dynamiclinks.service.START xflg=0x4 pkg=com.google.android.gms }
05-13 19:12:00.652 W/ProcessStats(  701): Tracking association SourceState{e50e859 com.google.android.inputmethod.latin/10159 BFgs #15874} whose proc state 4 is better than process ProcessState{1a52c7 com.google.android.gms/10148 pkg=com.google.android.gms} proc state 14 (1 skipped)
05-13 19:12:00.652 D/BoundBrokerSvc( 6926): onUnbind: Intent { act=com.google.android.gms.common.BIND_SHARED_PREFS xflg=0x4 pkg=com.google.android.gms }
05-13 19:12:00.831 D/SatelliteController( 1289): iisInCarrierRoamingNbIotNtn: satellite is disabled
05-13 19:12:00.897 D/BoundBrokerSvc( 6926): onBind: Intent { act=com.google.android.mdd.service.START dat=chimera-action:/... xflg=0x4 cmp=com.google.android.gms/.chimera.GmsApiService }
05-13 19:12:00.897 D/BoundBrokerSvc( 6926): Loading bound service for intent: Intent { act=com.google.android.mdd.service.START dat=chimera-action:/... xflg=0x4 cmp=com.google.android.gms/.chimera.GmsApiService }
05-13 19:12:00.925 I/HWUI    ( 6314): Davey! duration=1460ms; Flags=1, FrameTimelineVsyncId=610543, IntendedVsync=19937833617656, Vsync=19938883617614, InputEventId=0, HandleInputStart=19938897748800, AnimationStart=19938897841000, PerformTraversalsStart=19938898233800, DrawStart=19939197810100, FrameDeadline=19937850284322, FrameStartTime=19938897026200, FrameInterval=16666666, WorkloadTarget=16666666, SyncQueued=19939243733700, SyncStart=19939251279500, IssueDrawCommandsStart=19939258443500, SwapBuffers=19939288377700, FrameCompleted=19939301164400, DequeueBufferDuration=300700, QueueBufferDuration=559000, GpuCompleted=19939301164400, SwapBuffersCompleted=19939294815400, DisplayPresentTime=0, CommandSubmissionCompleted=19939288377700, 
05-13 19:12:00.938 I/ProactiveUndoTriggerExtension( 6314): ProactiveUndoTriggerExtension.eventConsumer$lambda$0():125 kyp{intention=null, keyCode=-10188, SET_KEYBOARD_LAYOUT, data=# qsn@e6cdb659}
05-13 19:12:00.945 I/ProactiveUndoTriggerExtension( 6314): ProactiveUndoTriggerExtension.eventConsumer$lambda$0():125 kyp{intention=null, keyCode=-10044, UPDATE_KEYBOARD_LAYOUT, data=# qsn@2ba1ce17}
05-13 19:12:00.948 I/Delight5Decoder( 6314): Delight5DecoderWrapper.setKeyboardLayout():521 setKeyboardLayout()
05-13 19:12:00.948 I/ProactiveUndoTriggerExtension( 6314): ProactiveUndoTriggerExtension.eventConsumer$lambda$0():125 kyp{intention=null, keyCode=-10188, SET_KEYBOARD_LAYOUT, data=# qsn@f064e1bc}
05-13 19:12:00.950 W/TooltipLifecycleManager( 6314): TooltipLifecycleManager.dismissTooltips():154 Tooltip with id spell_check_add_to_dictionary not found in tooltipManager.
05-13 19:12:00.964 I/GoogleInputMethodService( 6314): GoogleInputMethodService$1.onKeyboardViewShown():312 onKeyboardViewShown: keyboardType=accessory, keyboardViewType=HEADER keyboardView=null
05-13 19:12:00.964 I/GoogleInputMethodService( 6314): GoogleInputMethodService$1.onKeyboardViewShown():312 onKeyboardViewShown: keyboardType=accessory, keyboardViewType=BODY keyboardView=null
05-13 19:12:00.990 W/FillRequestEventLogger(  701): Shouldn't be logging AutofillFillRequestReported again for same event
05-13 19:12:00.990 W/FillResponseEventLogger(  701): Shouldn't be logging AutofillFillRequestReported again for same event
05-13 19:12:00.990 W/PresentationStatsEventLogger(  701): Empty dataset. Autofill ignoring log
05-13 19:12:00.993 D/AutofillSession(  701): clearPendingIntentLocked
05-13 19:12:00.998 V/InlineSuggestionRenderService( 4481): handleDestroySuggestionViews called for 0:1062600889
05-13 19:12:01.001 W/InteractionJankMonitor(19015): Initializing without READ_DEVICE_CONFIG permission. enabled=false, interval=1, missedFrameThreshold=3, frameTimeThreshold=64, package=com.munawwaracare.andriod
05-13 19:12:01.010 D/FlutterJNI(19015): Sending viewport metrics to the engine.
05-13 19:12:01.037 D/BackgroundInstallControlService(  701): Package event received: 0
05-13 19:12:01.040 D/FlutterJNI(19015): Sending viewport metrics to the engine.
05-13 19:12:01.054 D/FlutterJNI(19015): Sending viewport metrics to the engine.
05-13 19:12:01.071 D/FlutterJNI(19015): Sending viewport metrics to the engine.
05-13 19:12:01.087 D/FlutterJNI(19015): Sending viewport metrics to the engine.
05-13 19:12:01.100 D/BoundBrokerSvc( 6926): onBind: Intent { act=com.google.android.gms.common.BIND_SHARED_PREFS xflg=0x4 pkg=com.google.android.gms }
05-13 19:12:01.100 D/BoundBrokerSvc( 6926): Loading bound service for intent: Intent { act=com.google.android.gms.common.BIND_SHARED_PREFS xflg=0x4 pkg=com.google.android.gms }
05-13 19:12:01.103 D/FlutterJNI(19015): Sending viewport metrics to the engine.
05-13 19:12:01.121 D/FlutterJNI(19015): Sending viewport metrics to the engine.
05-13 19:12:01.137 D/FlutterJNI(19015): Sending viewport metrics to the engine.
05-13 19:12:01.154 D/FlutterJNI(19015): Sending viewport metrics to the engine.
05-13 19:12:01.170 D/FlutterJNI(19015): Sending viewport metrics to the engine.
05-13 19:12:01.189 D/FlutterJNI(19015): Sending viewport metrics to the engine.
05-13 19:12:01.204 D/FlutterJNI(19015): Sending viewport metrics to the engine.
05-13 19:12:01.222 D/FlutterJNI(19015): Sending viewport metrics to the engine.
05-13 19:12:01.244 I/ImeTracker(19015): com.munawwaracare.andriod:1d542763: onShown
05-13 19:12:01.245 D/FlutterJNI(19015): Sending viewport metrics to the engine.
05-13 19:12:01.252 D/FlutterJNI(19015): Sending viewport metrics to the engine.
05-13 19:12:01.293 I/AccessoryInputModeManager( 6314): AccessoryInputModeManager$5.provideKeyboardPosition():488 showing popup panel at 190, 1023
05-13 19:12:01.294 E/AndroidIME( 6314): AbstractPopupViewManager.movePopupView():340 popup view android.widget.FrameLayout{943f0cf G.E...... ......ID 0,0-894,777 #7f0b0273 app:id/0_resource_name_obfuscated aid=2650} is not shown!
05-13 19:12:01.579 W/putmethod.latin( 6314): Reducing the number of considered missed Gc histogram windows from 549 to 100
