05-13 19:23:21.931 I/Telephony: SamsungPhoneAccountHandle( 1374): getPhoneFromMultiSim, simState1=1 simstate2=1, SimCardStatusOn1=false SimCardStatusOn2=false
05-13 19:23:21.931 I/Telephony: SamsungPhoneAccountHandle( 1374): getPhoneFromMultiSim, sim1IsReady=false sim2IsReady=false
05-13 19:23:21.931 I/Telephony: SamsungPhoneAccountHandle( 1374): simState1 is not ready / simState2 is not ready too
05-13 19:23:21.931 I/Telephony: SamsungPhoneAccountHandle( 1374): non-qcom models => ordinary condition, call via slot1
05-13 19:23:21.931 I/PhoneUtils( 1374): getPhoneFromIccId, phoneId: 0
05-13 19:23:21.932 I/Telecom (  997): PhoneAccountRegistrar: getSimCallManager: SimCallManager for subId -1 queried, returning: null: (...->CS.aCSA->H.CS.aCSA)->CSW.qRCS(cma)@E-E-Gc4
05-13 19:23:21.934 D/SurfaceFlinger(  590): Display 0 HWC layers:
05-13 19:23:21.934 D/SurfaceFlinger(  590):      DEVICE | 0x7237afaad0 | 0100 | RGBx_8888    |   51.0    0.0 1131.0 2280.0 |    0    0 1080 2280 | Wallpaper BBQ wrapper#0
05-13 19:23:21.934 D/SurfaceFlinger(  590):      DEVICE | 0x7237ae6910 | 0100 | RGBA_8888    |    0.0    0.0 1080.0 2280.0 |    0    0 1080 2280 | com.sec.android.app.launcher/com.sec[...].activities.LauncherActivity$_1885#0
05-13 19:23:21.934 D/SurfaceFlinger(  590):      DEVICE | 0x7237aca290 | 0100 | RGBA_8888    |    0.0    0.0 1080.0  107.0 |    0    0 1080  107 | StatusBar$_1397#0
05-13 19:23:21.934 D/SurfaceFlinger(  590):      DEVICE | 0x7237af90f0 | 0100 | RGBA_8888    |    0.0    0.0 1080.0 2280.0 |    0    0 1080 2280 | NotificationShade$_1397#0
05-13 19:23:21.934 D/SurfaceFlinger(  590):      DEVICE | 0x7237ace3d0 | 0100 | RGBA_8888    |    0.0    0.0 1080.0  126.0 |    0 2154 1080 2280 | NavigationBar0$_1397#0
05-13 19:23:21.934 D/SurfaceFlinger(  590): 
05-13 19:23:21.935 I/TelecomFramework( 6541): JetpackConnectionService: createConnection, callManagerAccount: ComponentInfo{com.munawwaracare.andriod/androidx.core.telecom.internal.JetpackConnectionService}, ***, UserHandle{0}, callId: TC@32_1, request: ConnectionRequest xxxxxxxxxxxxxxxxxxxxxxxxxxxxxxxxxx <MASKED> isAdhocConf: N, isIncoming: true, isUnknown: false, isLegacyHandover: false, isHandover: false,  addSelfManaged: true: (SBC.oSC)->CS.crCo->H.CS.crCo->H.CS.crCo.pICR(cma/cast)@E-Gc4
05-13 19:23:21.936 I/JetpackConnectionService( 6541): onCreateIncomingConnection: connectionManagerPhoneAccount=[ComponentInfo{com.munawwaracare.andriod/androidx.core.telecom.internal.JetpackConnectionService}, ***, UserHandle{0}], request=[ConnectionRequest xxxxxxxxxxxxxxxxxxxxxxxxxxxxxxxxxx <MASKED> isAdhocConf: N]
05-13 19:23:21.937 I/JetpackConnectionService( 6541): targId=4d5f0300-a872-4247-b3dc-5d154dd1c405, currId=4d5f0300-a872-4247-b3dc-5d154dd1c405
05-13 19:23:21.940 I/CallEndpointUuidTracker( 6541): startSession: sessionId=[0]
05-13 19:23:21.942 D/CallSessionLegacy( 6541): onStateChanged: state=RINGING
05-13 19:23:21.943 I/CallsManager( 6541): addCall: creating call session and running the clients scope
05-13 19:23:21.943 I/Telecom:SamsungPhoneAccountInfo(  997): setTargetPhoneAccount : ComponentInfo{com.munawwaracare.andriod/androidx.core.telecom.internal.JetpackConnectionService}, ***, UserHandle{0}, Je***ck
05-13 19:23:21.944 I/Telecom:Telecom_Timing(  997): handleCreateConnectionComplete for GANGA
05-13 19:23:21.944 I/Telecom (  997): ConnectionServiceWrapper: CS -> TC[cma]: handleCreateConnectionComplete TC@32_1: (...->CS.crCo->H.CS.crCo->H.CS.crCo.pICR)->CSW.hCCC(cma/cast)@E-E-Gc4
05-13 19:23:21.944 I/Telecom:SamsungPhoneAccountInfo(  997): setTargetPhoneAccount : ComponentInfo{com.munawwaracare.andriod/androidx.core.telecom.internal.JetpackConnectionService}, ***, UserHandle{0}, Je***ck
05-13 19:23:21.944 I/Telecom (  997): Event: RecordEntry TC@32: CAPABILITY_CHANGE, Current: [[ hld sup_hld VTlrx VTltx VTlbi VTrrx VTrtx VTrbi paus_VT]], Removed [[]], Added [[ hld sup_hld VTlrx VTltx VTlbi VTrrx VTrtx VTrbi paus_VT]]: (...->CS.crCo->H.CS.crCo->H.CS.crCo.pICR)->CSW.hCCC(cma/cast)@E-E-Gc4
05-13 19:23:21.944 I/Telecom:SamsungCallNotifier(  997): prevcap=[Capabilities:]cap=[Capabilities: CAPABILITY_HOLD CAPABILITY_SUPPORT_HOLD CAPABILITY_SUPPORTS_VT_LOCAL_RX CAPABILITY_SUPPORTS_VT_LOCAL_TX CAPABILITY_SUPPORTS_VT_LOCAL_BIDIRECTIONAL CAPABILITY_SUPPORTS_VT_REMOTE_RX CAPABILITY_SUPPORTS_VT_REMOTE_TX CAPABILITY_SUPPORTS_VT_REMOTE_BIDIRECTIONAL CAPABILITY_CAN_PAUSE_VIDEO]callcap=[Capabilities: CAPABILITY_HOLD CAPABILITY_SUPPORT_HOLD CAPABILITY_SUPPORTS_VT_LOCAL_RX CAPABILITY_SUPPORTS_VT_LOCAL_TX CAPABILITY_SUPPORTS_VT_LOCAL_BIDIRECTIONAL CAPABILITY_SUPPORTS_VT_REMOTE_RX CAPABILITY_SUPPORTS_VT_REMOTE_TX CAPABILITY_SUPPORTS_VT_REMOTE_BIDIRECTIONAL CAPABILITY_CAN_PAUSE_VIDEO]xorcaps=[Capabilities: CAPABILITY_HOLD CAPABILITY_SUPPORT_HOLD CAPABILITY_SUPPORTS_VT_LOCAL_RX CAPABILITY_SUPPORTS_VT_LOCAL_TX CAPABILITY_SUPPORTS_VT_LOCAL_BIDIRECTIONAL CAPABILITY_SUPPORTS_VT_REMOTE_RX CAPABILITY_SUPPORTS_VT_REMOTE_TX CAPABILITY_SUPPORTS_VT_REMOTE_BIDIRECTIONAL CAPABILITY_CAN_PAUSE_VIDEO]forceUpdate=false
05-13 19:23:21.944 I/Telecom (  997): Event: RecordEntry TC@32: AUDIO_INFO, setRingbackRequested=false: (...->CS.crCo->H.CS.crCo->H.CS.crCo.pICR)->CSW.hCCC(cma/cast)@E-E-Gc4
05-13 19:23:21.944 I/Telecom (  997): Call: setIsVoipAudioMode : true: (...->CS.crCo->H.CS.crCo->H.CS.crCo.pICR)->CSW.hCCC(cma/cast)@E-E-Gc4
05-13 19:23:21.944 I/Telecom (  997): CallsManager: Skipping call filtering for TC@32 (ecm=false, selfMgd=true, skipExtra=false): (...->CS.crCo->H.CS.crCo->H.CS.crCo.pICR)->CSW.hCCC(cma/cast)@E-E-Gc4
05-13 19:23:21.944 I/Telecom (  997): CallsManager: onCallFilteringComplete: (...->CS.crCo->H.CS.crCo->H.CS.crCo.pICR)->CSW.hCCC(cma/cast)@E-E-Gc4
05-13 19:23:21.944 I/Telecom (  997): CallsManager: setCallState NEW -> RINGING, call: [Call id=TC@32, state=NEW, tpac=ComponentInfo{com.munawwaracare.andriod/androidx.core.telecom.internal.JetpackConnectionService}, ***, UserHandle{0}, cmgr=ComponentInfo{com.munawwaracare.andriod/androidx.core.telecom.internal.JetpackConnectionService}, ***, UserHandle{0}, handle=munawwara:***, vidst=A, childs(0), has_parent(false), cap=[ hld sup_hld VTlrx VTltx VTlbi VTrrx VTrtx VTrbi paus_VT], prop=[ self_mng], caps=[Capabilities: CAPABILITY_HOLD CAPABILITY_SUPPORT_HOLD CAPABILITY_SUPPORTS_VT_LOCAL_RX CAPABILITY_SUPPORTS_VT_LOCAL_TX CAPABILITY_SUPPORTS_VT_LOCAL_BIDIRECTIONAL CAPABILITY_SUPPORTS_VT_REMOTE_RX CAPABILITY_SUPPORTS_VT_REMOTE_TX CAPABILITY_SUPPORTS_VT_REMOTE_BIDIRECTIONAL CAPABILITY_CAN_PAUSE_VIDEO], props=[Properties: PROPERTY_SELF_MANAGED], conf(false), had_child(false)]: (...->CS.crCo->H.CS.crCo->H.CS.crCo.pICR)->CSW.hCCC(cma/cast)@E-E-Gc4
05-13 19:23:21.944 D/SemCarrierFeature(  997): [get] phoneId should be 0 or 1
05-13 19:23:21.945 I/IncomingCallService( 6541): βâΓΤ£Ο¥β²ß Core-Telecom call registered successfully
05-13 19:23:21.946 W/Telecom (  997): CallerInfo: getGeoDescription: NumberParseException for incoming number '***'
05-13 19:23:21.946 I/Telecom:SamsungCallerInfoQueryCompleteListener(  997): onQueryComplete - start : CallerInfo - name : null / contactRingtoneUri : null / number : 69e******************ac5 / cnapName : null
05-13 19:23:21.946 I/Telecom:SamsungCallerInfoQueryCompleteListener(  997): onQueryComplete - end
05-13 19:23:21.946 I/Telecom:SamsungCallerInfoQueryCompleteListener(  997): updateCallerInfo : android.telecom.CallerInfo@fda3e0a { name null, phoneNumber non-null }
05-13 19:23:21.946 I/Telecom:SamsungEcidContactModel(  997): generateDisplayName length : 0
05-13 19:23:21.946 I/Telecom:SamsungEcidContactModel(  997): generateDisplayName is null
05-13 19:23:21.946 I/Telecom:SamsungCallerInfoQueryCompleteListener(  997): SamsungCallerInfoQueryCompleteListener [doOnSuccess] - CallerInfo - name : null / contactRingtoneUri : null / number : 69e******************ac5 / cnapName : null
05-13 19:23:21.946 I/Telecom:SamsungCallerInfoQueryCompleteListener(  997): onQueryComplete : CallerInfo - name : null / contactRingtoneUri : null / number : 69e******************ac5 / cnapName : null
05-13 19:23:21.948 I/Telecom:SamsungRespondViaSmsRepositoryImpl(  997): isRespondViaSmsCapable - phoneNumber : 69e******************ac5 / presentation : 1 / hasRespondViaSmsCapable : false / isRespondViaSmsCapable : false
05-13 19:23:21.948 I/Telecom:SamsungRespondViaSmsRepositoryImpl(  997): Not BCD number
05-13 19:23:21.948 I/Telecom (  997): Event: RecordEntry TC@32: SET_RINGING, successful incoming call: (...->CS.crCo->H.CS.crCo->H.CS.crCo.pICR)->CSW.hCCC(cma/cast)@E-E-Gc4
05-13 19:23:21.948 I/Telecom (  997): CallsManager: onCallFilteringComplete: allow call.: (...->CS.crCo->H.CS.crCo->H.CS.crCo.pICR)->CSW.hCCC(cma/cast)@E-E-Gc4
05-13 19:23:21.948 I/Telecom (  997): CallsManager: addCall([Call id=TC@32, state=RINGING, tpac=ComponentInfo{com.munawwaracare.andriod/androidx.core.telecom.internal.JetpackConnectionService}, ***, UserHandle{0}, cmgr=ComponentInfo{com.munawwaracare.andriod/androidx.core.telecom.internal.JetpackConnectionService}, ***, UserHandle{0}, handle=munawwara:***, vidst=A, childs(0), has_parent(false), cap=[ hld sup_hld VTlrx VTltx VTlbi VTrrx VTrtx VTrbi paus_VT], prop=[ self_mng], caps=[Capabilities: CAPABILITY_HOLD CAPABILITY_SUPPORT_HOLD CAPABILITY_SUPPORTS_VT_LOCAL_RX CAPABILITY_SUPPORTS_VT_LOCAL_TX CAPABILITY_SUPPORTS_VT_LOCAL_BIDIRECTIONAL CAPABILITY_SUPPORTS_VT_REMOTE_RX CAPABILITY_SUPPORTS_VT_REMOTE_TX CAPABILITY_SUPPORTS_VT_REMOTE_BIDIRECTIONAL CAPABILITY_CAN_PAUSE_VIDEO], props=[Properties: PROPERTY_SELF_MANAGED], conf(false), had_child(false)]): (...->CS.crCo->H.CS.crCo->H.CS.crCo.pICR)->CSW.hCCC(cma/cast)@E-E-Gc4
05-13 19:23:21.948 I/Telecom:SamsungCallsManager(  997): call : [Call id=TC@32, state=RINGING, tpac=ComponentInfo{com.munawwaracare.andriod/androidx.core.telecom.internal.JetpackConnectionService}, ***, UserHandle{0}, cmgr=ComponentInfo{com.munawwaracare.andriod/androidx.core.telecom.internal.JetpackConnectionService}, ***, UserHandle{0}, handle=munawwara:***, vidst=A, childs(0), has_parent(false), cap=[ hld sup_hld VTlrx VTltx VTlbi VTrrx VTrtx VTrbi paus_VT], prop=[ self_mng], caps=[Capabilities: CAPABILITY_HOLD CAPABILITY_SUPPORT_HOLD CAPABILITY_SUPPORTS_VT_LOCAL_RX CAPABILITY_SUPPORTS_VT_LOCAL_TX CAPABILITY_SUPPORTS_VT_LOCAL_BIDIRECTIONAL CAPABILITY_SUPPORTS_VT_REMOTE_RX CAPABILITY_SUPPORTS_VT_REMOTE_TX CAPABILITY_SUPPORTS_VT_REMOTE_BIDIRECTIONAL CAPABILITY_CAN_PAUSE_VIDEO], props=[Properties: PROPERTY_SELF_MANAGED], conf(false), had_child(false)] / hasCall : false
05-13 19:23:21.948 I/Telecom:SamsungMultiSimCallsManagerListener(  997): onCallAdded - disconnectDialingCall : [Call id=TC@32, state=RINGING, tpac=ComponentInfo{com.munawwaracare.andriod/androidx.core.telecom.internal.JetpackConnectionService}, ***, UserHandle{0}, cmgr=ComponentInfo{com.munawwaracare.andriod/androidx.core.telecom.internal.JetpackConnectionService}, ***, UserHandle{0}, handle=munawwara:***, vidst=A, childs(0), has_parent(false), cap=[ hld sup_hld VTlrx VTltx VTlbi VTrrx VTrtx VTrbi paus_VT], prop=[ self_mng], caps=[Capabilities: CAPABILITY_HOLD CAPABILITY_SUPPORT_HOLD CAPABILITY_SUPPORTS_VT_LOCAL_RX CAPABILITY_SUPPORTS_VT_LOCAL_TX CAPABILITY_SUPPORTS_VT_LOCAL_BIDIRECTIONAL CAPABILITY_SUPPORTS_VT_REMOTE_RX CAPABILITY_SUPPORTS_VT_REMOTE_TX CAPABILITY_SUPPORTS_VT_REMOTE_BIDIRECTIONAL CAPABILITY_CAN_PAUSE_VIDEO], props=[Properties: PROPERTY_SELF_MANAGED], conf(false), had_child(false)]
05-13 19:23:21.948 I/Telecom:SamsungAutoAnswerCallsManagerListener(  997): onCallAdded : [Call id=TC@32, state=RINGING, tpac=ComponentInfo{com.munawwaracare.andriod/androidx.core.telecom.internal.JetpackConnectionService}, ***, UserHandle{0}, cmgr=ComponentInfo{com.munawwaracare.andriod/androidx.core.telecom.internal.JetpackConnectionService}, ***, UserHandle{0}, handle=munawwara:***, vidst=A, childs(0), has_parent(false), cap=[ hld sup_hld VTlrx VTltx VTlbi VTrrx VTrtx VTrbi paus_VT], prop=[ self_mng], caps=[Capabilities: CAPABILITY_HOLD CAPABILITY_SUPPORT_HOLD CAPABILITY_SUPPORTS_VT_LOCAL_RX CAPABILITY_SUPPORTS_VT_LOCAL_TX CAPABILITY_SUPPORTS_VT_LOCAL_BIDIRECTIONAL CAPABILITY_SUPPORTS_VT_REMOTE_RX CAPABILITY_SUPPORTS_VT_REMOTE_TX CAPABILITY_SUPPORTS_VT_REMOTE_BIDIRECTIONAL CAPABILITY_CAN_PAUSE_VIDEO], props=[Properties: PROPERTY_SELF_MANAGED], conf(false), had_child(false)]
05-13 19:23:21.948 I/Telecom:SamsungAutoAnswer(  997): checkAutoAnsweringMode
05-13 19:23:21.949 I/Telecom:SamsungCallSettingsRepositoryImpl(  997): isAutoAnsweringModeOn : false
05-13 19:23:21.949 I/Telecom (  997): CallDiagnosticServiceController: onCallAdded: skipping call TC@32 as non-sim or external.: (...->CS.crCo->H.CS.crCo->H.CS.crCo.pICR)->CSW.hCCC(cma/cast)@E-E-Gc4
05-13 19:23:21.949 I/Telecom:SamsungSpeakerManagerForSessionModify(  997): onCallAdded 
05-13 19:23:21.949 I/Telecom:SamsungSpeakerManagerForSessionModify(  997): isSktTPhoneMode : false
05-13 19:23:21.949 I/AudioManager(  997): getParameters keys = g_volume_situation_key;type=13
05-13 19:23:21.949 I/Telecom (  997): CallAudioRouteStateMachine: Message received: UPDATE_SYSTEM_AUDIO_ROUTE=1201, arg1=0: (...->CS.crCo->H.CS.crCo->H.CS.crCo.pICR)->CSW.hCCC->CARSM.pM_UPDATE_SYSTEM_AUDIO_ROUTE(cma/cast)@E-E-Gc4
05-13 19:23:21.949 I/Telecom (  997): QuiescentEarpieceRoute: Processing message UPDATE_SYSTEM_AUDIO_ROUTE: (...->CS.crCo->H.CS.crCo->H.CS.crCo.pICR)->CSW.hCCC->CARSM.pM_UPDATE_SYSTEM_AUDIO_ROUTE(cma/cast)@E-E-Gc4
05-13 19:23:21.949 I/Telecom (  997): BluetoothRouteManager: getBluetoothAudioConnectedDevice: no service available.: (...->CS.crCo->H.CS.crCo->H.CS.crCo.pICR)->CSW.hCCC->CARSM.pM_UPDATE_SYSTEM_AUDIO_ROUTE(cma/cast)@E-E-Gc4
05-13 19:23:21.949 I/Telecom (  997): CallAudioRouteStateMachine: updateLastKnownCallAudioStateWithCurrent [AudioState isMuted: false, route: EARPIECE, supportedRouteMask: EARPIECE, SPEAKER, activeBluetoothDevice: [null], supportedBluetoothDevices: []] -> [AudioState isMuted: false, route: EARPIECE, supportedRouteMask: EARPIECE, SPEAKER, activeBluetoothDevice: [null], supportedBluetoothDevices: []]: (...->CS.crCo->H.CS.crCo->H.CS.crCo.pICR)->CSW.hCCC->CARSM.pM_UPDATE_SYSTEM_AUDIO_ROUTE(cma/cast)@E-E-Gc4
05-13 19:23:21.949 V/APM_AudioPolicyManager(  583): getAudioPolicyConfig: g_volume_situation_key;type=13
05-13 19:23:21.949 I/VolumeCustomizer(  583): getSituationVolume_legacy: deviceType 0x0
05-13 19:23:21.949 I/Telecom:SamsungBluetoothManager(  997): setIsExistForegroundCall = true
05-13 19:23:21.949 I/Telecom (  997): Event: RecordEntry TC@32: ICS_CALL_ADDED, not bound or connected: (...->CS.crCo->H.CS.crCo->H.CS.crCo.pICR)->CSW.hCCC(cma/cast)@E-E-Gc4
05-13 19:23:21.949 I/Telecom (  997): InCallController: onCallAdded: [Call id=TC@32, state=RINGING, tpac=ComponentInfo{com.munawwaracare.andriod/androidx.core.telecom.internal.JetpackConnectionService}, ***, UserHandle{0}, cmgr=ComponentInfo{com.munawwaracare.andriod/androidx.core.telecom.internal.JetpackConnectionService}, ***, UserHandle{0}, handle=munawwara:***, vidst=A, childs(0), has_parent(false), cap=[ hld sup_hld VTlrx VTltx VTlbi VTrrx VTrtx VTrbi paus_VT], prop=[ self_mng], caps=[Capabilities: CAPABILITY_HOLD CAPABILITY_SUPPORT_HOLD CAPABILITY_SUPPORTS_VT_LOCAL_RX CAPABILITY_SUPPORTS_VT_LOCAL_TX CAPABILITY_SUPPORTS_VT_LOCAL_BIDIRECTIONAL CAPABILITY_SUPPORTS_VT_REMOTE_RX CAPABILITY_SUPPORTS_VT_REMOTE_TX CAPABILITY_SUPPORTS_VT_REMOTE_BIDIRECTIONAL CAPABILITY_CAN_PAUSE_VIDEO], props=[Properties: PROPERTY_SELF_MANAGED], conf(false), had_child(false)]; not bound or connected.: (...->CS.crCo->H.CS.crCo->H.CS.crCo.pICR)->CSW.hCCC(cma/cast)@E-E-Gc4
05-13 19:23:21.949 I/Telecom (  997): Event: RecordEntry TC@32: BTS_ICS, null, false, 997, 1508: (...->CS.crCo->H.CS.crCo->H.CS.crCo.pICR)->CSW.hCCC(cma/cast)@E-E-Gc4
05-13 19:23:21.949 I/Telecom (  997): CallAudioModeStateMachine: Message received: NEW_RINGING_CALL.: (...->CS.crCo->H.CS.crCo->H.CS.crCo.pICR)->CSW.hCCC->CAMSM.pM_2002(cma/cast)@E-E-Gc4
05-13 19:23:21.950 I/Telecom:SamsungInCallController(  997): getComponentEnabledSetting - componentName : ComponentInfo{com.samsung.android.incallui/com.android.incallui.InCallServiceImpl} / userId : 0 / componentEnabledState : 0
05-13 19:23:21.950 I/Telecom (  997): InCallController: defaultDialer: [ComponentInfo{com.samsung.android.incallui/com.android.incallui.InCallServiceImpl} supportsExternal? true supportsSelfMg?false supportsAllowedSelfMg?false], 2: (...->CS.crCo->H.CS.crCo->H.CS.crCo.pICR)->CSW.hCCC(cma/cast)@E-E-Gc4
05-13 19:23:21.950 I/Telecom (  997): InCallController: defaultDialer: null: (...->CS.crCo->H.CS.crCo->H.CS.crCo.pICR)->CSW.hCCC(cma/cast)@E-E-Gc4
05-13 19:23:21.950 I/Telecom:SamsungInCallController(  997): getComponentEnabledSetting - componentName : ComponentInfo{com.samsung.android.incallui/com.android.incallui.InCallServiceImpl} / userId : 0 / componentEnabledState : 0
05-13 19:23:21.950 V/APM_AudioPolicyManager(  583): selectOutput new bestOutput 13 criteria 0 0 0 0 0 0 0 2 
05-13 19:23:21.950 V/APM_AudioPolicyManager(  583): getOutput() stream 8 selected devices {type:0x2,@:}, output 13
05-13 19:23:21.950 D/Telecom:SamsungCallAudioModeStateMachine(  997): isMuteFirstRingFromSetting false
05-13 19:23:21.950 I/Telecom:SamsungCallAudioModeStateMachine(  997): getTargetAudioMode : mode = 3 mSamsungMessageArg: SamsungMessageArgs{foregroundCallPhoneId =0, foregroundCallIsCs =false, foregroundCallIsVideo =false, mUseIWLAN =false, foregroundCallIsCmcSdCall =false, foregroundCallIsVoip =true, foregroundCallIsInContact =false, foregroundCallIsVoiceMailNumber =false}
05-13 19:23:21.950 I/Telecom:SamsungInCallController(  997): getComponentEnabledSetting - componentName : ComponentInfo{com.android.bluetooth/com.android.bluetooth.telephony.BluetoothInCallService} / userId : 0 / componentEnabledState : 2
05-13 19:23:21.950 I/Telecom (  997): CallAudioModeStateMachine: Audio focus entering RINGING state: (...->CS.crCo->H.CS.crCo->H.CS.crCo.pICR)->CSW.hCCC->CAMSM.pM_2002(cma/cast)@E-E-Gc4
05-13 19:23:21.950 I/Telecom:SamsungInCallController(  997): getComponentEnabledSetting - componentName : ComponentInfo{com.google.android.as/com.google.android.apps.miphone.aiai.captions.tulip.audiosource.impl.CIS} / userId : 0 / componentEnabledState : 0
05-13 19:23:21.950 I/Telecom (  997): CallAudioModeStateMachine: checkDelayThenTryStartRinging false DelayedRinger: false,  delay: 0: (...->CS.crCo->H.CS.crCo->H.CS.crCo.pICR)->CSW.hCCC->CAMSM.pM_2002(cma/cast)@E-E-Gc4
05-13 19:23:21.950 I/Telecom:SamsungInCallController(  997): getComponentEnabledSetting - componentName : ComponentInfo{com.google.android.gms/com.google.android.gms.fraudprotect.service.CallDetectionService} / userId : 0 / componentEnabledState : 0
05-13 19:23:21.950 I/Telecom:SamsungInCallController(  997): getComponentEnabledSetting - componentName : ComponentInfo{com.google.android.gms/com.google.android.gms.bankscamwarning.services.BankScamCallDetectionService} / userId : 0 / componentEnabledState : 0
05-13 19:23:21.950 I/Telecom:SamsungInCallController(  997): getComponentEnabledSetting - componentName : ComponentInfo{com.google.android.googlequicksearchbox/com.google.android.libraries.search.assistant.incallservice.IncomingCallInCallService} / userId : 0 / componentEnabledState : 1
05-13 19:23:21.950 I/Telecom:SamsungInCallController(  997): getComponentEnabledSetting - componentName : ComponentInfo{com.google.android.googlequicksearchbox/com.google.android.libraries.search.assistant.performer.communication.IncomingCallInCallService} / userId : 0 / componentEnabledState : 1
05-13 19:23:21.950 I/Telecom:SamsungInCallController(  997): getComponentEnabledSetting - componentName : ComponentInfo{com.google.android.projection.gearhead/com.google.android.apps.auto.components.telecom.service.NonCarInCallServiceImpl} / userId : 0 / componentEnabledState : 2
05-13 19:23:21.950 I/Telecom:SamsungRecordingRepositoryImpl(  997): Video recording: false
05-13 19:23:21.950 I/Telecom:SamsungInCallController(  997): getComponentEnabledSetting - componentName : ComponentInfo{com.google.android.projection.gearhead/com.google.android.apps.auto.components.telecom.service.CarProjectionInCallServiceImpl} / userId : 0 / componentEnabledState : 1
05-13 19:23:21.950 I/Telecom:SamsungInCallController(  997): getComponentEnabledSetting - componentName : ComponentInfo{com.samsung.android.bixby.agent/com.samsung.android.bixby.agent.appbridge.clientaction.incallservice.BixbyInCallService} / userId : 0 / componentEnabledState : 2
05-13 19:23:21.951 I/Telecom:SamsungInCallController(  997): getComponentEnabledSetting - componentName : ComponentInfo{com.samsung.android.bixby.wakeup/com.samsung.android.phoebus.CallStateDetectService} / userId : 0 / componentEnabledState : 0
05-13 19:23:21.951 I/Telecom:SamsungInCallController(  997): getComponentEnabledSetting - componentName : ComponentInfo{com.samsung.android.incallui/com.android.incallui.InCallServiceImpl} / userId : 0 / componentEnabledState : 0
05-13 19:23:21.951 I/Telecom:SamsungInCallController(  997): getComponentEnabledSetting - componentName : ComponentInfo{com.samsung.crane/com.samsung.incallservice.InCallServiceImpl} / userId : 0 / componentEnabledState : 0
05-13 19:23:21.951 I/Telecom:SamsungInCallController(  997): getComponentEnabledSetting - componentName : ComponentInfo{com.sec.android.cover.ledcover/com.sec.android.cover.manager.call.LedCoverCallService} / userId : 0 / componentEnabledState : 0
05-13 19:23:21.951 I/Telecom (  997): Event: RecordEntry TC@32: NEW_ICSC, [ComponentInfo{com.samsung.android.incallui/com.android.incallui.InCallServiceImpl} supportsExternal? true supportsSelfMg?false supportsAllowedSelfMg?false], 2, null, [ComponentInfo{com.samsung.android.incallui/com.android.incallui.InCallServiceImpl} supportsExternal? true supportsSelfMg?false supportsAllowedSelfMg?false], 2, [ComponentInfo{com.google.android.projection.gearhead/com.google.android.apps.auto.components.telecom.service.CarProjectionInCallServiceImpl} supportsExternal? false supportsSelfMg?true supportsAllowedSelfMg?false], 3: (...->CS.crCo->H.CS.crCo->H.CS.crCo.pICR)->CSW.hCCC(cma/cast)@E-E-Gc4
05-13 19:23:21.951 I/Telecom (  997): Event: RecordEntry TC@32: NEW_ICS_INFO, [ComponentInfo{com.samsung.android.incallui/com.android.incallui.InCallServiceImpl} supportsExternal? true supportsSelfMg?false supportsAllowedSelfMg?false], 2, [ComponentInfo{com.samsung.android.incallui/com.android.incallui.InCallServiceImpl} supportsExternal? true supportsSelfMg?false supportsAllowedSelfMg?false], 2, [ComponentInfo{com.google.android.projection.gearhead/com.google.android.apps.auto.components.telecom.service.CarProjectionInCallServiceImpl} supportsExternal? false supportsSelfMg?true supportsAllowedSelfMg?false], 3, false, false: (...->CS.crCo->H.CS.crCo->H.CS.crCo.pICR)->CSW.hCCC(cma/cast)@E-E-Gc4
05-13 19:23:21.951 I/Telecom (  997): CarSwappingInCallServiceConnection: chooseInitialInCallService: false => false: (...->CS.crCo->H.CS.crCo->H.CS.crCo.pICR)->CSW.hCCC(cma/cast)@E-E-Gc4
05-13 19:23:21.951 I/Telecom (  997): EmergencyCallHelper: ShouldGrantTemporaryLocationPermission, not emergency: (...->CS.crCo->H.CS.crCo->H.CS.crCo.pICR)->CSW.hCCC(cma/cast)@E-E-Gc4
05-13 19:23:21.951 I/Telecom (  997): EmergencyInCallServiceConnection: Skipping binding to [ComponentInfo{com.samsung.android.incallui/com.android.incallui.InCallServiceImpl} supportsExternal? true supportsSelfMg?false supportsAllowedSelfMg?false], 2 - doesn't support self-mgd calls: (...->CS.crCo->H.CS.crCo->H.CS.crCo.pICR)->CSW.hCCC(cma/cast)@E-E-Gc4
05-13 19:23:21.951 I/Telecom:SamsungInCallController(  997): getComponentEnabledSetting - componentName : ComponentInfo{com.android.bluetooth/com.android.bluetooth.telephony.BluetoothInCallService} / userId : 0 / componentEnabledState : 2
05-13 19:23:21.951 I/Telecom:SamsungInCallController(  997): getComponentEnabledSetting - componentName : ComponentInfo{com.google.android.as/com.google.android.apps.miphone.aiai.captions.tulip.audiosource.impl.CIS} / userId : 0 / componentEnabledState : 0
05-13 19:23:21.951 I/Telecom:SamsungInCallController(  997): getComponentEnabledSetting - componentName : ComponentInfo{com.google.android.gms/com.google.android.gms.fraudprotect.service.CallDetectionService} / userId : 0 / componentEnabledState : 0
05-13 19:23:21.951 I/Telecom:SamsungInCallController(  997): getComponentEnabledSetting - componentName : ComponentInfo{com.google.android.gms/com.google.android.gms.bankscamwarning.services.BankScamCallDetectionService} / userId : 0 / componentEnabledState : 0
05-13 19:23:21.951 I/Telecom:SamsungInCallController(  997): getComponentEnabledSetting - componentName : ComponentInfo{com.google.android.googlequicksearchbox/com.google.android.libraries.search.assistant.incallservice.IncomingCallInCallService} / userId : 0 / componentEnabledState : 1
05-13 19:23:21.952 I/Telecom:SamsungInCallController(  997): getComponentEnabledSetting - componentName : ComponentInfo{com.google.android.googlequicksearchbox/com.google.android.libraries.search.assistant.performer.communication.IncomingCallInCallService} / userId : 0 / componentEnabledState : 1
05-13 19:23:21.952 I/Telecom:SamsungInCallController(  997): getComponentEnabledSetting - componentName : ComponentInfo{com.google.android.projection.gearhead/com.google.android.apps.auto.components.telecom.service.NonCarInCallServiceImpl} / userId : 0 / componentEnabledState : 2
05-13 19:23:21.952 I/Telecom:SamsungInCallController(  997): getComponentEnabledSetting - componentName : ComponentInfo{com.google.android.projection.gearhead/com.google.android.apps.auto.components.telecom.service.CarProjectionInCallServiceImpl} / userId : 0 / componentEnabledState : 1
05-13 19:23:21.952 I/Telecom:SamsungInCallController(  997): getComponentEnabledSetting - componentName : ComponentInfo{com.samsung.android.bixby.agent/com.samsung.android.bixby.agent.appbridge.clientaction.incallservice.BixbyInCallService} / userId : 0 / componentEnabledState : 2
05-13 19:23:21.952 I/Telecom:SamsungInCallController(  997): getComponentEnabledSetting - componentName : ComponentInfo{com.samsung.android.bixby.wakeup/com.samsung.android.phoebus.CallStateDetectService} / userId : 0 / componentEnabledState : 0
05-13 19:23:21.952 I/Telecom:SamsungInCallController(  997): getComponentEnabledSetting - componentName : ComponentInfo{com.samsung.android.incallui/com.android.incallui.InCallServiceImpl} / userId : 0 / componentEnabledState : 0
05-13 19:23:21.952 I/Telecom:SamsungInCallController(  997): getComponentEnabledSetting - componentName : ComponentInfo{com.samsung.crane/com.samsung.incallservice.InCallServiceImpl} / userId : 0 / componentEnabledState : 0
05-13 19:23:21.952 I/Telecom:SamsungInCallController(  997): getComponentEnabledSetting - componentName : ComponentInfo{com.sec.android.cover.ledcover/com.sec.android.cover.manager.call.LedCoverCallService} / userId : 0 / componentEnabledState : 0
05-13 19:23:21.952 I/Telecom (  997): InCallServiceBindingConnection: Skipping binding to [ComponentInfo{com.google.android.gms/com.google.android.gms.bankscamwarning.services.BankScamCallDetectionService} supportsExternal? false supportsSelfMg?false supportsAllowedSelfMg?false], 4 - doesn't support self-mgd calls: (...->CS.crCo->H.CS.crCo->H.CS.crCo.pICR)->CSW.hCCC(cma/cast)@E-E-Gc4
05-13 19:23:21.952 I/Telecom (  997): InCallServiceBindingConnection: Skipping binding to [ComponentInfo{com.google.android.googlequicksearchbox/com.google.android.libraries.search.assistant.incallservice.IncomingCallInCallService} supportsExternal? false supportsSelfMg?false supportsAllowedSelfMg?false], 4 - doesn't support self-mgd calls: (...->CS.crCo->H.CS.crCo->H.CS.crCo.pICR)->CSW.hCCC(cma/cast)@E-E-Gc4
05-13 19:23:21.953 I/Telecom (  997): InCallServiceBindingConnection: Skipping binding to [ComponentInfo{com.google.android.googlequicksearchbox/com.google.android.libraries.search.assistant.performer.communication.IncomingCallInCallService} supportsExternal? false supportsSelfMg?false supportsAllowedSelfMg?false], 4 - doesn't support self-mgd calls: (...->CS.crCo->H.CS.crCo->H.CS.crCo.pICR)->CSW.hCCC(cma/cast)@E-E-Gc4
05-13 19:23:21.953 I/Telecom (  997): InCallServiceBindingConnection: Skipping binding to [ComponentInfo{com.samsung.android.bixby.wakeup/com.samsung.android.phoebus.CallStateDetectService} supportsExternal? false supportsSelfMg?false supportsAllowedSelfMg?false], 4 - doesn't support self-mgd calls: (...->CS.crCo->H.CS.crCo->H.CS.crCo.pICR)->CSW.hCCC(cma/cast)@E-E-Gc4
05-13 19:23:21.953 I/Telecom (  997): InCallServiceBindingConnection: Skipping binding to [ComponentInfo{com.samsung.crane/com.samsung.incallservice.InCallServiceImpl} supportsExternal? false supportsSelfMg?false supportsAllowedSelfMg?false], 4 - doesn't support self-mgd calls: (...->CS.crCo->H.CS.crCo->H.CS.crCo.pICR)->CSW.hCCC(cma/cast)@E-E-Gc4
05-13 19:23:21.953 V/APM_AudioPolicyManager(  583): getOutputForAttrInt() attributes={ Content type: AUDIO_CONTENT_TYPE_UNKNOWN Usage: AUDIO_USAGE_VOICE_COMMUNICATION_SIGNALLING Source: AUDIO_SOURCE_DEFAULT Flags: 0x400 Tags:  } stream=AUDIO_STREAM_DTMF session 19873 selectedDeviceId 0
05-13 19:23:21.953 D/PowerManagerService(  997): [api] acquire WakeLock FULL_WAKE_LOCK                 'InCallWakeLockController' (uid=1000 pid=997 displayId=-1)
05-13 19:23:21.953 V/APM_AudioPolicyManager(  583): getOutputForAttrInt() device {type:0x2,@:}, sampling rate 0, format 0x1, channel mask 0x1, flags 0x40004 stream AUDIO_STREAM_DTMF
05-13 19:23:21.953 V/APM_AudioPolicyManager(  583): selectOutput new bestOutput 13 criteria 0 0 0 0 0 0 4 2 
05-13 19:23:21.953 V/APM_AudioPolicyManager(  583): selectOutput new bestOutput 29 criteria 0 0 0 0 0 1 4 0 
05-13 19:23:21.953 I/Telecom (  997): TelecomWakeLock: Acquiring WakeLock with id: 26: (...->CS.crCo->H.CS.crCo->H.CS.crCo.pICR)->CSW.hCCC(cma/cast)@E-E-Gc4
05-13 19:23:21.953 V/APM_AudioPolicyManager(  583): getOutputForAttrInt returns output 29 selectedDeviceId 3
05-13 19:23:21.953 I/Telecom (  997): InCallWakeLockController: Acquiring full wake lock: (...->CS.crCo->H.CS.crCo->H.CS.crCo.pICR)->CSW.hCCC(cma/cast)@E-E-Gc4
05-13 19:23:21.953 V/APM_AudioPolicyManager(  583): getOutputForAttr() returns output 29 requestedPortId 0 selectedDeviceId 3 for port ID 2276
05-13 19:23:21.953 I/AudioFlinger(  583): nonSecFlag 4, secFlag 40000, outputFlags 4
05-13 19:23:21.954 I/AudioFlinger(  583): FastTrack denied, resize fc 1920
05-13 19:23:21.954 D/AudioFlinger(  583): Client defaulted notificationFrames to 960 for frameCount 1920
05-13 19:23:21.954 D/Telephony: SamsungMmiDialogController( 1374): onCallingState: mPrevState=0 newState=1
05-13 19:23:21.954 D/Telephony: SamsungMmiDialogController( 1374): onCallingState
05-13 19:23:21.954 D/MobileStatusTracker(0/2147483647)( 1397): onCallStateChanged: state=1
05-13 19:23:21.954 I/VolteServiceModule( 1744): onCallStateChanged: state 1
05-13 19:23:21.954 I/RegiMgr ( 1744): updateTelephonyCallStatus: 1
05-13 19:23:21.954 I/ConfigModule<0>( 1744): updateTelephonyCallStatus: 1
05-13 19:23:21.954 I/EntitlementConfigService( 1744): updateTelephonyCallStatus : 1 for 0
05-13 19:23:21.954 E/EntitlementConfigService<0>( 1744): configModule is null
05-13 19:23:21.954 I/RegiMgr-Handler( 1744): handleMessage: EVENT_TELEPHONY_CALL_STATUS_CHANGED
05-13 19:23:21.955 I/RegiMgr-Handler<0>( 1744): onTelephonyCallStatusChanged: 1
05-13 19:23:21.955 E/EntitlementConfigService<1>( 1744): configModule is null
05-13 19:23:21.955 I/VolteServiceModule( 1744): onCallStateChanged: state 1
05-13 19:23:21.955 I/RegiMgr ( 1744): updateTelephonyCallStatus: 1
05-13 19:23:21.955 I/ConfigModule<1>( 1744): updateTelephonyCallStatus: 1
05-13 19:23:21.955 I/EntitlementConfigService( 1744): updateTelephonyCallStatus : 1 for 1
05-13 19:23:21.955 E/EntitlementConfigService<0>( 1744): configModule is null
05-13 19:23:21.955 I/ConfigModule<0>( 1744): handleMessage: msg: 14
05-13 19:23:21.955 D/NetworkController.MobileSignalController(0/2147483647)( 1397): Ignore ServiceState since we're gonna handle it by intent in no sim state
05-13 19:23:21.955 I/ConfigModule<0>( 1744): rcsNetworkType:  rcsAs:  isRemoteConfigNeeded: false
05-13 19:23:21.955 I/ConfigModule<0>( 1744): onTelephonyCallStatusChanged: 1
05-13 19:23:21.955 I/RegiMgr-Handler( 1744): handleMessage: EVENT_TELEPHONY_CALL_STATUS_CHANGED
05-13 19:23:21.955 I/RegiMgr-Handler<1>( 1744): onTelephonyCallStatusChanged: 1
05-13 19:23:21.955 I/ConfigModule<1>( 1744): handleMessage: msg: 14
05-13 19:23:21.955 I/ConfigModule<1>( 1744): rcsNetworkType:  rcsAs:  isRemoteConfigNeeded: false
05-13 19:23:21.955 I/ConfigModule<1>( 1744): onTelephonyCallStatusChanged: 1
05-13 19:23:21.955 E/EntitlementConfigService<1>( 1744): configModule is null
05-13 19:23:21.955 D/AF::TrackHandle(  583): OpPlayAudio: track:1957 usage:3 not muted
05-13 19:23:21.955 E/PhoneInterfaceManager( 1374): [PhoneIntfMgr] getCarrierPrivilegeStatusForUid: Invalid subId
05-13 19:23:21.956 D/NetworkController.MobileSignalController(0/2147483647)( 1397): notifyListener: enabled=true, connected=false, dataConnected=false, networkType=UNKNOWN (Unknown), emergencyOnly=false, roaming=false, isDefault=false, fiveGAvailable=false, mmWave=false, showDisabledDataIcon=false, voWifiConnected=false, dataActivity=, simState=ABSENT, cardOperator=OTHERS, simCardActivated=1
05-13 19:23:21.956 I/HBD     (18988): a HBD onCallStateChanged : 1
05-13 19:23:21.956 I/AF::Track(  583): setMixerOutConfig expectKey 202
05-13 19:23:21.956 I/AF::Track(  583): setMixerOutConfig select, mixer out f 5, s 48000, thread out f 5, s 48000
05-13 19:23:21.958 V/BluetoothEventManager(24702): onReceive :: android.intent.action.PHONE_STATE
05-13 19:23:21.958 D/AudioTrack(  997): createTrack_l(1831759215): AUDIO_OUTPUT_FLAG_FAST denied by server; frameCount 960 -> 1920
05-13 19:23:21.959 I/Telecom (  997): PhoneStateBroadcaster: Broadcasted state change: 1: (...->CS.crCo->H.CS.crCo->H.CS.crCo.pICR)->CSW.hCCC(cma/cast)@E-E-Gc4
05-13 19:23:21.959 I/Telecom:SamsungATCommandManager(  997): onCallAdded() command = null
05-13 19:23:21.959 I/Telecom (  997): IncomingCallNotifier: updateIncomingCall: foundIncomingcall = null: (...->CS.crCo->H.CS.crCo->H.CS.crCo.pICR)->CSW.hCCC(cma/cast)@E-E-Gc4
05-13 19:23:21.959 D/AudioTrack(  997): setVolume(0.316228, 0.316228) pid : 997
05-13 19:23:21.959 D/Telecom:SamsungRingingTimeCallAddedTimeMarker(  997):  callAddedElapsedTime : 1505353427
05-13 19:23:21.960 V/BluetoothEventManager( 1397): onReceive :: android.intent.action.PHONE_STATE
05-13 19:23:21.960 V/BluetoothEventManager( 1397): onReceive :: android.intent.action.PHONE_STATE
05-13 19:23:21.961 I/Telecom:SamsungDtmfLocalTonePlayer(  997): startLocalToneIfNeeded toneVolume = 0.5
05-13 19:23:21.961 D/AudioTrack(  997): setVolume(0.500000, 0.500000) pid : 997
05-13 19:23:21.961 I/Telecom:SamsungToneGeneratorAdapterImpl(  997): setSituationType stv_dtmf
05-13 19:23:21.961 V/BluetoothEventManager(24702): onReceive :: android.intent.action.PHONE_STATE
05-13 19:23:21.962 V/BluetoothEventManager( 1397): onReceive :: android.intent.action.PHONE_STATE
05-13 19:23:21.962 I/Telecom:SamsungPhoneStateIntentBroadcaster(  997): Broadcasted state change: 1 - RINGING
05-13 19:23:21.962 I/Telecom:SamsungConnectionServiceWrapper(  997): handleCreateConnectionComplete - callId : TC@32_1 / telecomCallId : TC@32_1
05-13 19:23:21.962 I/Telecom (  997): ConnectionServiceWrapper: TC -> CS[cma]: createConnectionComplete TC@32_1: (...->CS.crCo->H.CS.crCo->H.CS.crCo.pICR)->CSW.hCCC(cma/cast)@E-E-Gc4
05-13 19:23:21.963 I/Telecom (  997): CallerInfoLookupHelper: CI query for handle munawwara:*** has completed; notifying all listeners.: TSI.aNIC->CILH.sL->CILH.oQC@Gc0
05-13 19:23:21.963 I/Telecom:SamsungRingerInfo(  997): setCallerInfo : RawContactId = 0, VibrationUri : null
05-13 19:23:21.963 I/Telecom:SamsungCallerInfo(  997): startRingtoneLookup : android.telecom.CallerInfo@fda3e0a { name null, phoneNumber non-null }
05-13 19:23:21.963 I/Telecom:SamsungRingtoneLookupHelper(  997): SamsungGroupRingtoneLookupListener@242155848 - startLookup
05-13 19:23:21.963 I/Telecom:SamsungGroupRingtoneLookupListener(  997): startKnoxGroupRingtoneLookup : 0
05-13 19:23:21.963 I/Telecom:SamsungRingtoneLookupHelper(  997): SamsungCallVibrationLookupListener@24657899 - startLookup
05-13 19:23:21.963 V/BluetoothEventManager(24702): onReceive :: android.intent.action.PHONE_STATE
05-13 19:23:21.963 I/Telecom:SamsungGroupRingtoneLookupListener(  997): getUserId : 0
05-13 19:23:21.963 I/Telecom (  997): Call: CallerInfo received for munawwara:***: android.telecom.CallerInfo@fda3e0a { name null, phoneNumber non-null }: TSI.aNIC->CILH.sL->CILH.oQC@Gc0
05-13 19:23:21.963 I/Telecom (  997): CallerInfoLookupHelper: There is no photo for this contact, skipping photo query: TSI.aNIC->CILH.sL->CILH.oQC@Gc0
05-13 19:23:21.963 I/Telecom:SamsungCallVibrationLookupListener(  997): startLookupVibrationType : vibUri = null , defaultVibType = -1 , index = -1
05-13 19:23:21.963 I/Telecom (  997): CallAudioRouteStateMachine: setSystemAudioState: changing from [AudioState isMuted: false, route: EARPIECE, supportedRouteMask: EARPIECE, SPEAKER, activeBluetoothDevice: [null], supportedBluetoothDevices: []] to [AudioState isMuted: false, route: EARPIECE, supportedRouteMask: EARPIECE, SPEAKER, activeBluetoothDevice: [null], supportedBluetoothDevices: []]: (...->CS.crCo->H.CS.crCo->H.CS.crCo.pICR)->CSW.hCCC->CARSM.pM_UPDATE_SYSTEM_AUDIO_ROUTE(cma/cast)@E-E-Gc4
05-13 19:23:21.963 E/Telecom:SamsungRingerRepositoryImpl(  997): startLookupVibrationType java.lang.NullPointerException: uri
05-13 19:23:21.963 I/Telecom (  997): ConnectionServiceWrapper: TC -> CS[cma]: onCallAudioStateChanged TC@32_1 [AudioState isMuted: false, route: EARPIECE, supportedRouteMask: EARPIECE, SPEAKER, activeBluetoothDevice: [null], supportedBluetoothDevices: []]: (...->CS.crCo->H.CS.crCo->H.CS.crCo.pICR)->CSW.hCCC->CARSM.pM_UPDATE_SYSTEM_AUDIO_ROUTE(cma/cast)@E-E-Gc4
05-13 19:23:21.963 I/CAE     (  997): onCallStateChanged(CaTelephonyManager.java:345) - CALL_STATE_RINGING
05-13 19:23:21.964 I/CAE     (  997): sendCmdToSensorHub(SensorHubCommManager.java:156) - -76, 17, -39, 0,
05-13 19:23:21.964 I/Telecom:RingtoneFactory(  997): isWorkContact= false contactCallerInfo= android.telecom.CallerInfo@fda3e0a { name null, phoneNumber non-null }
05-13 19:23:21.964 I/TelecomFramework( 6541): JetpackConnectionService: notifyCreateConnectionComplete TC@32_1: (...->CSW.hCCC)->CS.crCoC->H.CS.crCoC(cma/cast)@E-E-E-Gc4
05-13 19:23:21.964 D/SensorService(  997): setSContextDataLocked ints length 2 , byte length 4
05-13 19:23:21.964 D/SensorService(  997): setSContextDataLocked d911b4
05-13 19:23:21.965 I/Telecom:SamsungRingtoneHelper(  997): getSamsungRingTone - ringtoneUri: null
05-13 19:23:21.965 I/Telecom:SamsungRingerInfo(  997): mGroupRingtoneUriForKnoxContact = 
05-13 19:23:21.965 I/Telecom:SamsungRingerInfo(  997): mGroupRingtoneUri = 
05-13 19:23:21.965 I/Telecom:SamsungRingerInfo(  997): getActualGroupRingtoneUri uri = 
05-13 19:23:21.965 I/Telecom:SamsungRingtoneHelper(  997): getSamsungRingTone - groupRingtoneUri: 
05-13 19:23:21.965 I/Telecom:SamsungModeRepositoryImpl(  997): isEmergencyMode : false
05-13 19:23:21.965 I/Telecom:SamsungModeRepositoryImpl(  997): isUltraPowerSavingMode : false
05-13 19:23:21.965 I/Telecom:SamsungModeRepositoryImpl(  997): isSafetyAssistanceMode : false
05-13 19:23:21.965 I/Telecom:SamsungRingtoneHelper(  997): getSamsungFeatureRingtoneUri Uri.EMPTY
05-13 19:23:21.965 I/Telecom:SamsungRingtoneHelper(  997): getSamsungRingTone - specialUri: 
05-13 19:23:21.965 I/Telecom:SamsungRingtoneHelper(  997): getSamsungRingTone - ringtone: null
05-13 19:23:21.965 I/Telecom:RingtoneFactory(  997): userContext UserHandle{0}
05-13 19:23:21.965 I/Telecom:SamsungRingtoneHelper(  997): syncParentSound : 0
05-13 19:23:21.965 I/Telecom:RingtoneFactory(  997): contextToUse.getUser: UserHandle{0} contextToUse: android.app.ContextImpl@b4fb929
05-13 19:23:21.965 D/Sensors (  556): b4 11 d9 00  
05-13 19:23:21.965 E/Sensors (  556): inject_scontext_data: New ssp_data_injection_fd(39)
05-13 19:23:21.966 D/Sensors (  556): SContext Data Injection return 4
05-13 19:23:21.966 I/TelecomFramework( 6541): JetpackConnectionService: onAudioStateChanged TC@32_1 [AudioState isMuted: false, route: EARPIECE, supportedRouteMask: EARPIECE, SPEAKER, activeBluetoothDevice: [null], supportedBluetoothDevices: []]: (...->CSW.hCCC->CARSM.pM_UPDATE_SYSTEM_AUDIO_ROUTE)->CS.cASC->H.CS.cASC(cma/cast/cast)@E-E-E-Gc4
05-13 19:23:21.966 D/RingtoneManager(  997): getActualDefaultRingtoneUri  type    :1
05-13 19:23:21.966 I/RingtoneManager(  997): Ringtone value : content://media/internal/audio/media/130?title=Over%20the%20Horizon&canonical=1
05-13 19:23:21.966 D/RingtoneManager(  997): getActualDefaultRingtoneUri  type    :1
05-13 19:23:21.966 I/RingtoneManager(  997): Ringtone value : content://media/internal/audio/media/130?title=Over%20the%20Horizon&canonical=1
05-13 19:23:21.966 D/Ringtone(  997): highlight offset is : null
05-13 19:23:21.967 V/MediaPlayer-JNI(  997): native_setup
05-13 19:23:21.967 V/MediaPlayerNative(  997): constructor
05-13 19:23:21.967 D/CallSessionLegacy( 6541):  n=[EARPIECE]  plat=[CallEndpoint(name=[EARPIECE],type=[EARPIECE],identifier=[e93d936b-3082-450e-9891-1d300c2198e6])] --> jet=[CallEndpoint(name=[EARPIECE],type=[EARPIECE],identifier=[e93d936b-3082-450e-9891-1d300c2198e6])]
05-13 19:23:21.967 V/MediaPlayerNative(  997): setListener
05-13 19:23:21.967 D/CallSessionLegacy( 6541):  n=[EARPIECE]  plat=[CallEndpoint(name=[EARPIECE],type=[EARPIECE],identifier=[e93d936b-3082-450e-9891-1d300c2198e6])] --> jet=[CallEndpoint(name=[EARPIECE],type=[EARPIECE],identifier=[e93d936b-3082-450e-9891-1d300c2198e6])]
05-13 19:23:21.967 D/CallSessionLegacy( 6541):  n=[SPEAKER]  plat=[CallEndpoint(name=[SPEAKER],type=[SPEAKER],identifier=[a1b8c6d4-e5f7-48a9-b0c1-d2e3f4a5b6c7])] --> jet=[CallEndpoint(name=[SPEAKER],type=[SPEAKER],identifier=[a1b8c6d4-e5f7-48a9-b0c1-d2e3f4a5b6c7])]
05-13 19:23:21.970 D/PowerUI ( 1397): mPhoneStateListener onCallStateChanged(): state= 1 mIsShutdownTaskDelayed = false
05-13 19:23:21.970 D/StatusBarOneClickJumpCallScreenManager_NotificationPanelView( 1397): onReceive(ACTION_PHONE_STATE_CHANGED) GED(false->true), SEC(false->false)
05-13 19:23:21.970 D/KeyguardUpdateMonitor( 1397): received broadcast android.intent.action.PHONE_STATE
05-13 19:23:21.971 D/MultiSIMController( 1397): onReceive() - action = android.intent.action.PHONE_STATE
05-13 19:23:21.971 D/StatusBarOneClickJumpCallScreenManager_NotificationPanelView( 1397): onReceive(ACTION_PHONE_STATE_CHANGED) GED(true->true), SEC(false->false)
05-13 19:23:21.971 D/KeyguardUpdateMonitor( 1397): received broadcast android.intent.action.PHONE_STATE
05-13 19:23:21.971 D/MultiSIMController( 1397): onReceive() - action = android.intent.action.PHONE_STATE
05-13 19:23:21.971 W/BroadcastQueue(  997): Permission Denial: receiving Intent { act=android.intent.action.PHONE_STATE flg=0x1000010 (has extras) } to com.sec.hearingadjust/.Receiver requires android.permission.READ_CALL_LOG due to sender android (uid 1000)
05-13 19:23:21.971 D/StatusBarOneClickJumpCallScreenManager_NotificationPanelView( 1397): onReceive(ACTION_PHONE_STATE_CHANGED) GED(true->true), SEC(false->false)
05-13 19:23:21.971 D/KeyguardUpdateMonitor( 1397): received broadcast android.intent.action.PHONE_STATE
05-13 19:23:21.971 D/MultiSIMController( 1397): onReceive() - action = android.intent.action.PHONE_STATE
05-13 19:23:21.971 D/StatusBarOneClickJumpCallScreenManager_NotificationPanelView( 1397): onReceive(samsung.intent.action.PHONE_STATE) GED(true->true), SEC(false->true)
05-13 19:23:21.971 D/KeyguardUpdateMonitor( 1397): handlePhoneStateChanged(RINGING)
05-13 19:23:21.972 D/KeyguardFingerPrint( 1397): updateFingerprintListeningState#mFingerprintRunningState=0 shouldListenForFingerprint=false isUdfpsEnrolled=false bioType : 0
05-13 19:23:21.972 D/KeyguardViewMediator( 1397): onPhoneStateChanged IDLE => RINGING
05-13 19:23:21.972 I/FaceWidgetWindowManager( 1397): removeAllViews
05-13 19:23:21.972 D/KeyguardUpdateMonitor( 1397): handlePhoneStateChanged(RINGING)
05-13 19:23:21.972 D/KeyguardFingerPrint( 1397): updateFingerprintListeningState#mFingerprintRunningState=0 shouldListenForFingerprint=false isUdfpsEnrolled=false bioType : 0
05-13 19:23:21.972 D/KeyguardViewMediator( 1397): onPhoneStateChanged RINGING => RINGING
05-13 19:23:21.972 I/FaceWidgetWindowManager( 1397): removeAllViews
05-13 19:23:21.972 I/Telecom:SamsungRingerRepositoryImpl(  997): getGroupId 0 0 null
05-13 19:23:21.972 D/KeyguardUpdateMonitor( 1397): handlePhoneStateChanged(RINGING)
05-13 19:23:21.972 D/KeyguardFingerPrint( 1397): updateFingerprintListeningState#mFingerprintRunningState=0 shouldListenForFingerprint=false isUdfpsEnrolled=false bioType : 0
05-13 19:23:21.973 D/KeyguardViewMediator( 1397): onPhoneStateChanged RINGING => RINGING
05-13 19:23:21.973 I/FaceWidgetWindowManager( 1397): removeAllViews
05-13 19:23:21.974 W/MediaProvider( 2634): Didn't find any volume for getVolume(/system/media/audio/ringtones/Over_the_Horizon.ogg)
05-13 19:23:21.975 I/MediaProvider( 2634): Open with lower FS for /system/media/audio/ringtones/Over_the_Horizon.ogg. Uid: 1000
05-13 19:23:21.976 W/MediaProvider( 2634): Failed to fetch original file descriptor
05-13 19:23:21.976 W/MediaProvider( 2634): java.io.FileNotFoundException: Input file descriptor is already original
05-13 19:23:21.976 W/MediaProvider( 2634): 	at com.android.providers.media.MediaProvider.getOriginalMediaFormatFileDescriptor(MediaProvider.java:5861)
05-13 19:23:21.976 W/MediaProvider( 2634): 	at com.android.providers.media.MediaProvider.openTypedAssetFileCommon(MediaProvider.java:7318)
05-13 19:23:21.976 W/MediaProvider( 2634): 	at com.android.providers.media.MediaProvider.openTypedAssetFile(MediaProvider.java:7299)
05-13 19:23:21.976 W/MediaProvider( 2634): 	at android.content.ContentProvider$Transport.openTypedAssetFile(ContentProvider.java:562)
05-13 19:23:21.976 W/MediaProvider( 2634): 	at android.content.ContentProviderNative.onTransact(ContentProviderNative.java:327)
05-13 19:23:21.976 W/MediaProvider( 2634): 	at android.os.Binder.execTransactInternal(Binder.java:1220)
05-13 19:23:21.976 W/MediaProvider( 2634): 	at android.os.Binder.execTransact(Binder.java:1179)
05-13 19:23:21.976 V/MediaPlayer-JNI(  997): setDataSourceFD: fd 771
05-13 19:23:21.976 V/MediaPlayerNative(  997): setDataSource(771, 0, 576460752303423487)
05-13 19:23:21.976 V/MediaPlayerService(  689): Create new client(620) from AttributionSourceState{pid: 997, uid: 1000, packageName: android, attributionTag: (null), token: {no toString() implemented}, renouncedPermissions: (null), next: []}, 
05-13 19:23:21.977 V/MediaPlayerService(  689): setDataSource fd=67, offset=0, length=576460752303423487
05-13 19:23:21.977 V/MediaPlayerService(  689): st_dev  = 64768
05-13 19:23:21.977 V/MediaPlayerService(  689): st_mode = 33188
05-13 19:23:21.977 V/MediaPlayerService(  689): st_uid  = 0
05-13 19:23:21.977 V/MediaPlayerService(  689): st_gid  = 0
05-13 19:23:21.977 V/MediaPlayerService(  689): st_size = 1135932
05-13 19:23:21.977 V/MediaPlayerService(  689): calculated length = 1135932
05-13 19:23:21.977 V/MediaPlayerService(  689): player type = 4
05-13 19:23:21.977 D/NuPlayerDriver(  689): NuPlayerDriver(0xeb2033d0) created, clientPid(997)
05-13 19:23:21.980 V/AudioSink(  689): AudioOutput(19881)
05-13 19:23:21.980 V/NuPlayerDriver(  689): setDataSource(0xeb2033d0) file(67)
05-13 19:23:21.980 V/NuPlayer(  689): setDataSourceAsync fd 67/0/1135932 source: 0xeac00250
05-13 19:23:21.980 V/NuPlayer(  689): kWhatSetAudioSink
05-13 19:23:21.980 V/NuPlayer(  689): kWhatSetDataSource
05-13 19:23:21.981 V/MediaPlayer-JNI(  997): setParameter: key 1400
05-13 19:23:21.982 V/MediaPlayerNative(  997): MediaPlayer::setParameter(1400)
05-13 19:23:21.982 V/MediaPlayerService(  689): [620] setParameter(1400)
05-13 19:23:21.982 V/MediaPlayerService(  689): setAudioAttributes_l() usage=6 content=4 flags=0x800 tags=AUDIO_STREAM_RING
05-13 19:23:21.983 V/MediaPlayer-JNI(  997): setVolume: left 1.000000  right 1.000000
05-13 19:23:21.983 V/MediaPlayerNative(  997): MediaPlayer::setVolume(1.000000, 1.000000)
05-13 19:23:21.983 V/MediaPlayerService(  689): [620] setVolume(1.000000, 1.000000)
05-13 19:23:21.983 V/AudioSink(  689): setVolume(1.000000, 1.000000)
05-13 19:23:21.983 V/MediaPlayer-JNI(  997): setLooping: 0
05-13 19:23:21.983 V/MediaPlayerNative(  997): MediaPlayer::setLooping
05-13 19:23:21.983 V/MediaPlayerService(  689): [620] setLooping(0)
05-13 19:23:21.983 V/MediaPlayerNative(  997): setVideoSurfaceTexture
05-13 19:23:21.983 V/MediaPlayerService(  689): [620] setVideoSurfaceTexture(0x0)
05-13 19:23:21.983 V/MediaPlayerNative(  997): prepare
05-13 19:23:21.983 V/MediaPlayerService(  689): [620] setParameter(1400)
05-13 19:23:21.983 V/MediaPlayerService(  689): setAudioAttributes_l() usage=6 content=4 flags=0x800 tags=AUDIO_STREAM_RING
05-13 19:23:21.984 V/MediaPlayerService(  689): [620] prepareAsync
05-13 19:23:21.984 V/NuPlayerDriver(  689): prepareAsync(0xeb2033d0)
05-13 19:23:21.984 V/NuPlayer(  689): prepareAsync
05-13 19:23:21.984 V/NuPlayer(  689): onMessageReceived kWhatPrepare
05-13 19:23:21.984 I/MediaMonitor(  689): MediaMonitor()
05-13 19:23:21.985 I/DrmManagerService(Native)(  657): value of perm = 2 return true from DRM FW
05-13 19:23:21.985 E/SEC_DRM_PLUGIN_Omafl(  657): OmaPlugin::onOpenDecryptSession(fd)::Drm2IsDrmFileByExtFd::file is NOT DRM by extension
05-13 19:23:21.986 D/GenericSource(  689): FileSource remote
05-13 19:23:21.995 I/MediaExtractorFactory(  687): Created an extractor 'SECOggExtractor' with confidence 0.51
05-13 19:23:21.997 I/AnotherPacketSource(  689): setFormat() : audio/vorbis
