05-13 19:23:53.865 I/flutter ( 6541): [38;5;12mΈ™ΟΕΟ°Έ™ΟΕΟ΅Έ™ΟΕΟ΅Έ™ΟΕΟ΅Έ™ΟΕΟ΅Έ™ΟΕΟ΅Έ™ΟΕΟ΅Έ™ΟΕΟ΅Έ™ΟΕΟ΅Έ™ΟΕΟ΅Έ™ΟΕΟ΅Έ™ΟΕΟ΅Έ™ΟΕΟ΅Έ™ΟΕΟ΅Έ™ΟΕΟ΅Έ™ΟΕΟ΅Έ™ΟΕΟ΅Έ™ΟΕΟ΅Έ™ΟΕΟ΅Έ™ΟΕΟ΅Έ™ΟΕΟ΅Έ™ΟΕΟ΅Έ™ΟΕΟ΅Έ™ΟΕΟ΅Έ™ΟΕΟ΅Έ™ΟΕΟ΅Έ™ΟΕΟ΅Έ™ΟΕΟ΅Έ™ΟΕΟ΅Έ™ΟΕΟ΅Έ™ΟΕΟ΅Έ™ΟΕΟ΅Έ™ΟΕΟ΅Έ™ΟΕΟ΅Έ™ΟΕΟ΅Έ™ΟΕΟ΅Έ™ΟΕΟ΅Έ™ΟΕΟ΅Έ™ΟΕΟ΅Έ™ΟΕΟ΅Έ™ΟΕΟ΅Έ™ΟΕΟ΅Έ™ΟΕΟ΅Έ™ΟΕΟ΅Έ™ΟΕΟ΅Έ™ΟΕΟ΅Έ™ΟΕΟ΅Έ™ΟΕΟ΅Έ™ΟΕΟ΅Έ™ΟΕΟ΅Έ™ΟΕΟ΅Έ™ΟΕΟ΅Έ™ΟΕΟ΅Έ™ΟΕΟ΅Έ™ΟΕΟ΅Έ™ΟΕΟ΅Έ™ΟΕΟ΅Έ™ΟΕΟ΅Έ™ΟΕΟ΅Έ™ΟΕΟ΅Έ™ΟΕΟ΅Έ™ΟΕΟ΅Έ™ΟΕΟ΅Έ™ΟΕΟ΅Έ™ΟΕΟ΅Έ™ΟΕΟ΅Έ™ΟΕΟ΅Έ™ΟΕΟ΅Έ™ΟΕΟ΅Έ™ΟΕΟ΅Έ™ΟΕΟ΅Έ™ΟΕΟ΅Έ™ΟΕΟ΅Έ™ΟΕΟ΅Έ™ΟΕΟ΅Έ™ΟΕΟ΅Έ™ΟΕΟ΅Έ™ΟΕΟ΅Έ™ΟΕΟ΅Έ™ΟΕΟ΅[0m
05-13 19:23:53.865 I/flutter ( 6541): [38;5;12mΈ™ΟΕΟ© 19:23:53.864 (+0:00:33.592624)[0m
05-13 19:23:53.865 I/flutter ( 6541): [38;5;12mΈ™ΟΕ¬ΘΈ™ΟΕΟΛΈ™ΟΕΟΛΈ™ΟΕΟΛΈ™ΟΕΟΛΈ™ΟΕΟΛΈ™ΟΕΟΛΈ™ΟΕΟΛΈ™ΟΕΟΛΈ™ΟΕΟΛΈ™ΟΕΟΛΈ™ΟΕΟΛΈ™ΟΕΟΛΈ™ΟΕΟΛΈ™ΟΕΟΛΈ™ΟΕΟΛΈ™ΟΕΟΛΈ™ΟΕΟΛΈ™ΟΕΟΛΈ™ΟΕΟΛΈ™ΟΕΟΛΈ™ΟΕΟΛΈ™ΟΕΟΛΈ™ΟΕΟΛΈ™ΟΕΟΛΈ™ΟΕΟΛΈ™ΟΕΟΛΈ™ΟΕΟΛΈ™ΟΕΟΛΈ™ΟΕΟΛΈ™ΟΕΟΛΈ™ΟΕΟΛΈ™ΟΕΟΛΈ™ΟΕΟΛΈ™ΟΕΟΛΈ™ΟΕΟΛΈ™ΟΕΟΛΈ™ΟΕΟΛΈ™ΟΕΟΛΈ™ΟΕΟΛΈ™ΟΕΟΛΈ™ΟΕΟΛΈ™ΟΕΟΛΈ™ΟΕΟΛΈ™ΟΕΟΛΈ™ΟΕΟΛΈ™ΟΕΟΛΈ™ΟΕΟΛΈ™ΟΕΟΛΈ™ΟΕΟΛΈ™ΟΕΟΛΈ™ΟΕΟΛΈ™ΟΕΟΛΈ™ΟΕΟΛΈ™ΟΕΟΛΈ™ΟΕΟΛΈ™ΟΕΟΛΈ™ΟΕΟΛΈ™ΟΕΟΛΈ™ΟΕΟΛΈ™ΟΕΟΛΈ™ΟΕΟΛΈ™ΟΕΟΛΈ™ΟΕΟΛΈ™ΟΕΟΛΈ™ΟΕΟΛΈ™ΟΕΟΛΈ™ΟΕΟΛΈ™ΟΕΟΛΈ™ΟΕΟΛΈ™ΟΕΟΛΈ™ΟΕΟΛΈ™ΟΕΟΛΈ™ΟΕΟΛΈ™ΟΕΟΛΈ™ΟΕΟΛΈ™ΟΕΟΛΈ™ΟΕΟΛΈ™ΟΕΟΛΈ™ΟΕΟΛ[0m
05-13 19:23:53.865 I/flutter ( 6541): [38;5;12mΈ™ΟΕΟ© βâΓΤ£ΟÜΟ≠ βâΓΤ£Ο¥β¨ê Background message received: 0:1778689433564271%b892958ef9fd7ecd[0m
05-13 19:23:53.865 I/flutter ( 6541): [38;5;12mΈ™ΟΕΟΕΈ™ΟΕΟ΅Έ™ΟΕΟ΅Έ™ΟΕΟ΅Έ™ΟΕΟ΅Έ™ΟΕΟ΅Έ™ΟΕΟ΅Έ™ΟΕΟ΅Έ™ΟΕΟ΅Έ™ΟΕΟ΅Έ™ΟΕΟ΅Έ™ΟΕΟ΅Έ™ΟΕΟ΅Έ™ΟΕΟ΅Έ™ΟΕΟ΅Έ™ΟΕΟ΅Έ™ΟΕΟ΅Έ™ΟΕΟ΅Έ™ΟΕΟ΅Έ™ΟΕΟ΅Έ™ΟΕΟ΅Έ™ΟΕΟ΅Έ™ΟΕΟ΅Έ™ΟΕΟ΅Έ™ΟΕΟ΅Έ™ΟΕΟ΅Έ™ΟΕΟ΅Έ™ΟΕΟ΅Έ™ΟΕΟ΅Έ™ΟΕΟ΅Έ™ΟΕΟ΅Έ™ΟΕΟ΅Έ™ΟΕΟ΅Έ™ΟΕΟ΅Έ™ΟΕΟ΅Έ™ΟΕΟ΅Έ™ΟΕΟ΅Έ™ΟΕΟ΅Έ™ΟΕΟ΅Έ™ΟΕΟ΅Έ™ΟΕΟ΅Έ™ΟΕΟ΅Έ™ΟΕΟ΅Έ™ΟΕΟ΅Έ™ΟΕΟ΅Έ™ΟΕΟ΅Έ™ΟΕΟ΅Έ™ΟΕΟ΅Έ™ΟΕΟ΅Έ™ΟΕΟ΅Έ™ΟΕΟ΅Έ™ΟΕΟ΅Έ™ΟΕΟ΅Έ™ΟΕΟ΅Έ™ΟΕΟ΅Έ™ΟΕΟ΅Έ™ΟΕΟ΅Έ™ΟΕΟ΅Έ™ΟΕΟ΅Έ™ΟΕΟ΅Έ™ΟΕΟ΅Έ™ΟΕΟ΅Έ™ΟΕΟ΅Έ™ΟΕΟ΅Έ™ΟΕΟ΅Έ™ΟΕΟ΅Έ™ΟΕΟ΅Έ™ΟΕΟ΅Έ™ΟΕΟ΅Έ™ΟΕΟ΅Έ™ΟΕΟ΅Έ™ΟΕΟ΅Έ™ΟΕΟ΅Έ™ΟΕΟ΅Έ™ΟΕΟ΅Έ™ΟΕΟ΅Έ™ΟΕΟ΅Έ™ΟΕΟ΅Έ™ΟΕΟ΅Έ™ΟΕΟ΅[0m
05-13 19:23:53.865 I/flutter ( 6541): [38;5;12mΈ™ΟΕΟ°Έ™ΟΕΟ΅Έ™ΟΕΟ΅Έ™ΟΕΟ΅Έ™ΟΕΟ΅Έ™ΟΕΟ΅Έ™ΟΕΟ΅Έ™ΟΕΟ΅Έ™ΟΕΟ΅Έ™ΟΕΟ΅Έ™ΟΕΟ΅Έ™ΟΕΟ΅Έ™ΟΕΟ΅Έ™ΟΕΟ΅Έ™ΟΕΟ΅Έ™ΟΕΟ΅Έ™ΟΕΟ΅Έ™ΟΕΟ΅Έ™ΟΕΟ΅Έ™ΟΕΟ΅Έ™ΟΕΟ΅Έ™ΟΕΟ΅Έ™ΟΕΟ΅Έ™ΟΕΟ΅Έ™ΟΕΟ΅Έ™ΟΕΟ΅Έ™ΟΕΟ΅Έ™ΟΕΟ΅Έ™ΟΕΟ΅Έ™ΟΕΟ΅Έ™ΟΕΟ΅Έ™ΟΕΟ΅Έ™ΟΕΟ΅Έ™ΟΕΟ΅Έ™ΟΕΟ΅Έ™ΟΕΟ΅Έ™ΟΕΟ΅Έ™ΟΕΟ΅Έ™ΟΕΟ΅Έ™ΟΕΟ΅Έ™ΟΕΟ΅Έ™ΟΕΟ΅Έ™ΟΕΟ΅Έ™ΟΕΟ΅Έ™ΟΕΟ΅Έ™ΟΕΟ΅Έ™ΟΕΟ΅Έ™ΟΕΟ΅Έ™ΟΕΟ΅Έ™ΟΕΟ΅Έ™ΟΕΟ΅Έ™ΟΕΟ΅Έ™ΟΕΟ΅Έ™ΟΕΟ΅Έ™ΟΕΟ΅Έ™ΟΕΟ΅Έ™ΟΕΟ΅Έ™ΟΕΟ΅Έ™ΟΕΟ΅Έ™ΟΕΟ΅Έ™ΟΕΟ΅Έ™ΟΕΟ΅Έ™ΟΕΟ΅Έ™ΟΕΟ΅Έ™ΟΕΟ΅Έ™ΟΕΟ΅Έ™ΟΕΟ΅Έ™ΟΕΟ΅Έ™ΟΕΟ΅Έ™ΟΕΟ΅Έ™ΟΕΟ΅Έ™ΟΕΟ΅Έ™ΟΕΟ΅Έ™ΟΕΟ΅Έ™ΟΕΟ΅Έ™ΟΕΟ΅Έ™ΟΕΟ΅Έ™ΟΕΟ΅Έ™ΟΕΟ΅Έ™ΟΕΟ΅[0m
05-13 19:23:53.865 I/flutter ( 6541): [38;5;12mΈ™ΟΕΟ© 19:23:53.865 (+0:00:33.593288)[0m
05-13 19:23:53.865 I/flutter ( 6541): [38;5;12mΈ™ΟΕ¬ΘΈ™ΟΕΟΛΈ™ΟΕΟΛΈ™ΟΕΟΛΈ™ΟΕΟΛΈ™ΟΕΟΛΈ™ΟΕΟΛΈ™ΟΕΟΛΈ™ΟΕΟΛΈ™ΟΕΟΛΈ™ΟΕΟΛΈ™ΟΕΟΛΈ™ΟΕΟΛΈ™ΟΕΟΛΈ™ΟΕΟΛΈ™ΟΕΟΛΈ™ΟΕΟΛΈ™ΟΕΟΛΈ™ΟΕΟΛΈ™ΟΕΟΛΈ™ΟΕΟΛΈ™ΟΕΟΛΈ™ΟΕΟΛΈ™ΟΕΟΛΈ™ΟΕΟΛΈ™ΟΕΟΛΈ™ΟΕΟΛΈ™ΟΕΟΛΈ™ΟΕΟΛΈ™ΟΕΟΛΈ™ΟΕΟΛΈ™ΟΕΟΛΈ™ΟΕΟΛΈ™ΟΕΟΛΈ™ΟΕΟΛΈ™ΟΕΟΛΈ™ΟΕΟΛΈ™ΟΕΟΛΈ™ΟΕΟΛΈ™ΟΕΟΛΈ™ΟΕΟΛΈ™ΟΕΟΛΈ™ΟΕΟΛΈ™ΟΕΟΛΈ™ΟΕΟΛΈ™ΟΕΟΛΈ™ΟΕΟΛΈ™ΟΕΟΛΈ™ΟΕΟΛΈ™ΟΕΟΛΈ™ΟΕΟΛΈ™ΟΕΟΛΈ™ΟΕΟΛΈ™ΟΕΟΛΈ™ΟΕΟΛΈ™ΟΕΟΛΈ™ΟΕΟΛΈ™ΟΕΟΛΈ™ΟΕΟΛΈ™ΟΕΟΛΈ™ΟΕΟΛΈ™ΟΕΟΛΈ™ΟΕΟΛΈ™ΟΕΟΛΈ™ΟΕΟΛΈ™ΟΕΟΛΈ™ΟΕΟΛΈ™ΟΕΟΛΈ™ΟΕΟΛΈ™ΟΕΟΛΈ™ΟΕΟΛΈ™ΟΕΟΛΈ™ΟΕΟΛΈ™ΟΕΟΛΈ™ΟΕΟΛΈ™ΟΕΟΛΈ™ΟΕΟΛΈ™ΟΕΟΛΈ™ΟΕΟΛΈ™ΟΕΟΛ[0m
05-13 19:23:53.865 I/flutter ( 6541): [38;5;12mΈ™ΟΕΟ© βâΓΤ£ΟÜΟ≠    Title: null[0m
05-13 19:23:53.865 I/flutter ( 6541): [38;5;12mΈ™ΟΕΟΕΈ™ΟΕΟ΅Έ™ΟΕΟ΅Έ™ΟΕΟ΅Έ™ΟΕΟ΅Έ™ΟΕΟ΅Έ™ΟΕΟ΅Έ™ΟΕΟ΅Έ™ΟΕΟ΅Έ™ΟΕΟ΅Έ™ΟΕΟ΅Έ™ΟΕΟ΅Έ™ΟΕΟ΅Έ™ΟΕΟ΅Έ™ΟΕΟ΅Έ™ΟΕΟ΅Έ™ΟΕΟ΅Έ™ΟΕΟ΅Έ™ΟΕΟ΅Έ™ΟΕΟ΅Έ™ΟΕΟ΅Έ™ΟΕΟ΅Έ™ΟΕΟ΅Έ™ΟΕΟ΅Έ™ΟΕΟ΅Έ™ΟΕΟ΅Έ™ΟΕΟ΅Έ™ΟΕΟ΅Έ™ΟΕΟ΅Έ™ΟΕΟ΅Έ™ΟΕΟ΅Έ™ΟΕΟ΅Έ™ΟΕΟ΅Έ™ΟΕΟ΅Έ™ΟΕΟ΅Έ™ΟΕΟ΅Έ™ΟΕΟ΅Έ™ΟΕΟ΅Έ™ΟΕΟ΅Έ™ΟΕΟ΅Έ™ΟΕΟ΅Έ™ΟΕΟ΅Έ™ΟΕΟ΅Έ™ΟΕΟ΅Έ™ΟΕΟ΅Έ™ΟΕΟ΅Έ™ΟΕΟ΅Έ™ΟΕΟ΅Έ™ΟΕΟ΅Έ™ΟΕΟ΅Έ™ΟΕΟ΅Έ™ΟΕΟ΅Έ™ΟΕΟ΅Έ™ΟΕΟ΅Έ™ΟΕΟ΅Έ™ΟΕΟ΅Έ™ΟΕΟ΅Έ™ΟΕΟ΅Έ™ΟΕΟ΅Έ™ΟΕΟ΅Έ™ΟΕΟ΅Έ™ΟΕΟ΅Έ™ΟΕΟ΅Έ™ΟΕΟ΅Έ™ΟΕΟ΅Έ™ΟΕΟ΅Έ™ΟΕΟ΅Έ™ΟΕΟ΅Έ™ΟΕΟ΅Έ™ΟΕΟ΅Έ™ΟΕΟ΅Έ™ΟΕΟ΅Έ™ΟΕΟ΅Έ™ΟΕΟ΅Έ™ΟΕΟ΅Έ™ΟΕΟ΅Έ™ΟΕΟ΅Έ™ΟΕΟ΅Έ™ΟΕΟ΅Έ™ΟΕΟ΅[0m
05-13 19:23:53.865 I/flutter ( 6541): [38;5;12mΈ™ΟΕΟ°Έ™ΟΕΟ΅Έ™ΟΕΟ΅Έ™ΟΕΟ΅Έ™ΟΕΟ΅Έ™ΟΕΟ΅Έ™ΟΕΟ΅Έ™ΟΕΟ΅Έ™ΟΕΟ΅Έ™ΟΕΟ΅Έ™ΟΕΟ΅Έ™ΟΕΟ΅Έ™ΟΕΟ΅Έ™ΟΕΟ΅Έ™ΟΕΟ΅Έ™ΟΕΟ΅Έ™ΟΕΟ΅Έ™ΟΕΟ΅Έ™ΟΕΟ΅Έ™ΟΕΟ΅Έ™ΟΕΟ΅Έ™ΟΕΟ΅Έ™ΟΕΟ΅Έ™ΟΕΟ΅Έ™ΟΕΟ΅Έ™ΟΕΟ΅Έ™ΟΕΟ΅Έ™ΟΕΟ΅Έ™ΟΕΟ΅Έ™ΟΕΟ΅Έ™ΟΕΟ΅Έ™ΟΕΟ΅Έ™ΟΕΟ΅Έ™ΟΕΟ΅Έ™ΟΕΟ΅Έ™ΟΕΟ΅Έ™ΟΕΟ΅Έ™ΟΕΟ΅Έ™ΟΕΟ΅Έ™ΟΕΟ΅Έ™ΟΕΟ΅Έ™ΟΕΟ΅Έ™ΟΕΟ΅Έ™ΟΕΟ΅Έ™ΟΕΟ΅Έ™ΟΕΟ΅Έ™ΟΕΟ΅Έ™ΟΕΟ΅Έ™ΟΕΟ΅Έ™ΟΕΟ΅Έ™ΟΕΟ΅Έ™ΟΕΟ΅Έ™ΟΕΟ΅Έ™ΟΕΟ΅Έ™ΟΕΟ΅Έ™ΟΕΟ΅Έ™ΟΕΟ΅Έ™ΟΕΟ΅Έ™ΟΕΟ΅Έ™ΟΕΟ΅Έ™ΟΕΟ΅Έ™ΟΕΟ΅Έ™ΟΕΟ΅Έ™ΟΕΟ΅Έ™ΟΕΟ΅Έ™ΟΕΟ΅Έ™ΟΕΟ΅Έ™ΟΕΟ΅Έ™ΟΕΟ΅Έ™ΟΕΟ΅Έ™ΟΕΟ΅Έ™ΟΕΟ΅Έ™ΟΕΟ΅Έ™ΟΕΟ΅Έ™ΟΕΟ΅Έ™ΟΕΟ΅Έ™ΟΕΟ΅Έ™ΟΕΟ΅Έ™ΟΕΟ΅Έ™ΟΕΟ΅[0m
05-13 19:23:53.865 I/flutter ( 6541): [38;5;12mΈ™ΟΕΟ© 19:23:53.865 (+0:00:33.593658)[0m
05-13 19:23:53.865 I/flutter ( 6541): [38;5;12mΈ™ΟΕ¬ΘΈ™ΟΕΟΛΈ™ΟΕΟΛΈ™ΟΕΟΛΈ™ΟΕΟΛΈ™ΟΕΟΛΈ™ΟΕΟΛΈ™ΟΕΟΛΈ™ΟΕΟΛΈ™ΟΕΟΛΈ™ΟΕΟΛΈ™ΟΕΟΛΈ™ΟΕΟΛΈ™ΟΕΟΛΈ™ΟΕΟΛΈ™ΟΕΟΛΈ™ΟΕΟΛΈ™ΟΕΟΛΈ™ΟΕΟΛΈ™ΟΕΟΛΈ™ΟΕΟΛΈ™ΟΕΟΛΈ™ΟΕΟΛΈ™ΟΕΟΛΈ™ΟΕΟΛΈ™ΟΕΟΛΈ™ΟΕΟΛΈ™ΟΕΟΛΈ™ΟΕΟΛΈ™ΟΕΟΛΈ™ΟΕΟΛΈ™ΟΕΟΛΈ™ΟΕΟΛΈ™ΟΕΟΛΈ™ΟΕΟΛΈ™ΟΕΟΛΈ™ΟΕΟΛΈ™ΟΕΟΛΈ™ΟΕΟΛΈ™ΟΕΟΛΈ™ΟΕΟΛΈ™ΟΕΟΛΈ™ΟΕΟΛΈ™ΟΕΟΛΈ™ΟΕΟΛΈ™ΟΕΟΛΈ™ΟΕΟΛΈ™ΟΕΟΛΈ™ΟΕΟΛΈ™ΟΕΟΛΈ™ΟΕΟΛΈ™ΟΕΟΛΈ™ΟΕΟΛΈ™ΟΕΟΛΈ™ΟΕΟΛΈ™ΟΕΟΛΈ™ΟΕΟΛΈ™ΟΕΟΛΈ™ΟΕΟΛΈ™ΟΕΟΛΈ™ΟΕΟΛΈ™ΟΕΟΛΈ™ΟΕΟΛΈ™ΟΕΟΛΈ™ΟΕΟΛΈ™ΟΕΟΛΈ™ΟΕΟΛΈ™ΟΕΟΛΈ™ΟΕΟΛΈ™ΟΕΟΛΈ™ΟΕΟΛΈ™ΟΕΟΛΈ™ΟΕΟΛΈ™ΟΕΟΛΈ™ΟΕΟΛΈ™ΟΕΟΛΈ™ΟΕΟΛΈ™ΟΕΟΛΈ™ΟΕΟΛΈ™ΟΕΟΛ[0m
05-13 19:23:53.865 I/flutter ( 6541): [38;5;12mΈ™ΟΕΟ© βâΓΤ£ΟÜΟ≠    Body: null[0m
05-13 19:23:53.865 I/flutter ( 6541): [38;5;12mΈ™ΟΕΟΕΈ™ΟΕΟ΅Έ™ΟΕΟ΅Έ™ΟΕΟ΅Έ™ΟΕΟ΅Έ™ΟΕΟ΅Έ™ΟΕΟ΅Έ™ΟΕΟ΅Έ™ΟΕΟ΅Έ™ΟΕΟ΅Έ™ΟΕΟ΅Έ™ΟΕΟ΅Έ™ΟΕΟ΅Έ™ΟΕΟ΅Έ™ΟΕΟ΅Έ™ΟΕΟ΅Έ™ΟΕΟ΅Έ™ΟΕΟ΅Έ™ΟΕΟ΅Έ™ΟΕΟ΅Έ™ΟΕΟ΅Έ™ΟΕΟ΅Έ™ΟΕΟ΅Έ™ΟΕΟ΅Έ™ΟΕΟ΅Έ™ΟΕΟ΅Έ™ΟΕΟ΅Έ™ΟΕΟ΅Έ™ΟΕΟ΅Έ™ΟΕΟ΅Έ™ΟΕΟ΅Έ™ΟΕΟ΅Έ™ΟΕΟ΅Έ™ΟΕΟ΅Έ™ΟΕΟ΅Έ™ΟΕΟ΅Έ™ΟΕΟ΅Έ™ΟΕΟ΅Έ™ΟΕΟ΅Έ™ΟΕΟ΅Έ™ΟΕΟ΅Έ™ΟΕΟ΅Έ™ΟΕΟ΅Έ™ΟΕΟ΅Έ™ΟΕΟ΅Έ™ΟΕΟ΅Έ™ΟΕΟ΅Έ™ΟΕΟ΅Έ™ΟΕΟ΅Έ™ΟΕΟ΅Έ™ΟΕΟ΅Έ™ΟΕΟ΅Έ™ΟΕΟ΅Έ™ΟΕΟ΅Έ™ΟΕΟ΅Έ™ΟΕΟ΅Έ™ΟΕΟ΅Έ™ΟΕΟ΅Έ™ΟΕΟ΅Έ™ΟΕΟ΅Έ™ΟΕΟ΅Έ™ΟΕΟ΅Έ™ΟΕΟ΅Έ™ΟΕΟ΅Έ™ΟΕΟ΅Έ™ΟΕΟ΅Έ™ΟΕΟ΅Έ™ΟΕΟ΅Έ™ΟΕΟ΅Έ™ΟΕΟ΅Έ™ΟΕΟ΅Έ™ΟΕΟ΅Έ™ΟΕΟ΅Έ™ΟΕΟ΅Έ™ΟΕΟ΅Έ™ΟΕΟ΅Έ™ΟΕΟ΅Έ™ΟΕΟ΅Έ™ΟΕΟ΅Έ™ΟΕΟ΅[0m
05-13 19:23:53.866 I/flutter ( 6541): [38;5;12mΈ™ΟΕΟ°Έ™ΟΕΟ΅Έ™ΟΕΟ΅Έ™ΟΕΟ΅Έ™ΟΕΟ΅Έ™ΟΕΟ΅Έ™ΟΕΟ΅Έ™ΟΕΟ΅Έ™ΟΕΟ΅Έ™ΟΕΟ΅Έ™ΟΕΟ΅Έ™ΟΕΟ΅Έ™ΟΕΟ΅Έ™ΟΕΟ΅Έ™ΟΕΟ΅Έ™ΟΕΟ΅Έ™ΟΕΟ΅Έ™ΟΕΟ΅Έ™ΟΕΟ΅Έ™ΟΕΟ΅Έ™ΟΕΟ΅Έ™ΟΕΟ΅Έ™ΟΕΟ΅Έ™ΟΕΟ΅Έ™ΟΕΟ΅Έ™ΟΕΟ΅Έ™ΟΕΟ΅Έ™ΟΕΟ΅Έ™ΟΕΟ΅Έ™ΟΕΟ΅Έ™ΟΕΟ΅Έ™ΟΕΟ΅Έ™ΟΕΟ΅Έ™ΟΕΟ΅Έ™ΟΕΟ΅Έ™ΟΕΟ΅Έ™ΟΕΟ΅Έ™ΟΕΟ΅Έ™ΟΕΟ΅Έ™ΟΕΟ΅Έ™ΟΕΟ΅Έ™ΟΕΟ΅Έ™ΟΕΟ΅Έ™ΟΕΟ΅Έ™ΟΕΟ΅Έ™ΟΕΟ΅Έ™ΟΕΟ΅Έ™ΟΕΟ΅Έ™ΟΕΟ΅Έ™ΟΕΟ΅Έ™ΟΕΟ΅Έ™ΟΕΟ΅Έ™ΟΕΟ΅Έ™ΟΕΟ΅Έ™ΟΕΟ΅Έ™ΟΕΟ΅Έ™ΟΕΟ΅Έ™ΟΕΟ΅Έ™ΟΕΟ΅Έ™ΟΕΟ΅Έ™ΟΕΟ΅Έ™ΟΕΟ΅Έ™ΟΕΟ΅Έ™ΟΕΟ΅Έ™ΟΕΟ΅Έ™ΟΕΟ΅Έ™ΟΕΟ΅Έ™ΟΕΟ΅Έ™ΟΕΟ΅Έ™ΟΕΟ΅Έ™ΟΕΟ΅Έ™ΟΕΟ΅Έ™ΟΕΟ΅Έ™ΟΕΟ΅Έ™ΟΕΟ΅Έ™ΟΕΟ΅Έ™ΟΕΟ΅Έ™ΟΕΟ΅Έ™ΟΕΟ΅Έ™ΟΕΟ΅[0m
05-13 19:23:53.866 I/flutter ( 6541): [38;5;12mΈ™ΟΕΟ© 19:23:53.866 (+0:00:33.594024)[0m
05-13 19:23:53.866 I/flutter ( 6541): [38;5;12mΈ™ΟΕ¬ΘΈ™ΟΕΟΛΈ™ΟΕΟΛΈ™ΟΕΟΛΈ™ΟΕΟΛΈ™ΟΕΟΛΈ™ΟΕΟΛΈ™ΟΕΟΛΈ™ΟΕΟΛΈ™ΟΕΟΛΈ™ΟΕΟΛΈ™ΟΕΟΛΈ™ΟΕΟΛΈ™ΟΕΟΛΈ™ΟΕΟΛΈ™ΟΕΟΛΈ™ΟΕΟΛΈ™ΟΕΟΛΈ™ΟΕΟΛΈ™ΟΕΟΛΈ™ΟΕΟΛΈ™ΟΕΟΛΈ™ΟΕΟΛΈ™ΟΕΟΛΈ™ΟΕΟΛΈ™ΟΕΟΛΈ™ΟΕΟΛΈ™ΟΕΟΛΈ™ΟΕΟΛΈ™ΟΕΟΛΈ™ΟΕΟΛΈ™ΟΕΟΛΈ™ΟΕΟΛΈ™ΟΕΟΛΈ™ΟΕΟΛΈ™ΟΕΟΛΈ™ΟΕΟΛΈ™ΟΕΟΛΈ™ΟΕΟΛΈ™ΟΕΟΛΈ™ΟΕΟΛΈ™ΟΕΟΛΈ™ΟΕΟΛΈ™ΟΕΟΛΈ™ΟΕΟΛΈ™ΟΕΟΛΈ™ΟΕΟΛΈ™ΟΕΟΛΈ™ΟΕΟΛΈ™ΟΕΟΛΈ™ΟΕΟΛΈ™ΟΕΟΛΈ™ΟΕΟΛΈ™ΟΕΟΛΈ™ΟΕΟΛΈ™ΟΕΟΛΈ™ΟΕΟΛΈ™ΟΕΟΛΈ™ΟΕΟΛΈ™ΟΕΟΛΈ™ΟΕΟΛΈ™ΟΕΟΛΈ™ΟΕΟΛΈ™ΟΕΟΛΈ™ΟΕΟΛΈ™ΟΕΟΛΈ™ΟΕΟΛΈ™ΟΕΟΛΈ™ΟΕΟΛΈ™ΟΕΟΛΈ™ΟΕΟΛΈ™ΟΕΟΛΈ™ΟΕΟΛΈ™ΟΕΟΛΈ™ΟΕΟΛΈ™ΟΕΟΛΈ™ΟΕΟΛΈ™ΟΕΟΛΈ™ΟΕΟΛΈ™ΟΕΟΛ[0m
05-13 19:23:53.866 I/flutter ( 6541): [38;5;12mΈ™ΟΕΟ© βâΓΤ£ΟÜΟ≠    Data: {notification_type: call_cancel, callerId: 69ebcda546ce4908368bdac5, body: Caller ended the call, type: call_cancel, title: Call Cancelled}[0m
05-13 19:23:53.866 I/flutter ( 6541): [38;5;12mΈ™ΟΕΟΕΈ™ΟΕΟ΅Έ™ΟΕΟ΅Έ™ΟΕΟ΅Έ™ΟΕΟ΅Έ™ΟΕΟ΅Έ™ΟΕΟ΅Έ™ΟΕΟ΅Έ™ΟΕΟ΅Έ™ΟΕΟ΅Έ™ΟΕΟ΅Έ™ΟΕΟ΅Έ™ΟΕΟ΅Έ™ΟΕΟ΅Έ™ΟΕΟ΅Έ™ΟΕΟ΅Έ™ΟΕΟ΅Έ™ΟΕΟ΅Έ™ΟΕΟ΅Έ™ΟΕΟ΅Έ™ΟΕΟ΅Έ™ΟΕΟ΅Έ™ΟΕΟ΅Έ™ΟΕΟ΅Έ™ΟΕΟ΅Έ™ΟΕΟ΅Έ™ΟΕΟ΅Έ™ΟΕΟ΅Έ™ΟΕΟ΅Έ™ΟΕΟ΅Έ™ΟΕΟ΅Έ™ΟΕΟ΅Έ™ΟΕΟ΅Έ™ΟΕΟ΅Έ™ΟΕΟ΅Έ™ΟΕΟ΅Έ™ΟΕΟ΅Έ™ΟΕΟ΅Έ™ΟΕΟ΅Έ™ΟΕΟ΅Έ™ΟΕΟ΅Έ™ΟΕΟ΅Έ™ΟΕΟ΅Έ™ΟΕΟ΅Έ™ΟΕΟ΅Έ™ΟΕΟ΅Έ™ΟΕΟ΅Έ™ΟΕΟ΅Έ™ΟΕΟ΅Έ™ΟΕΟ΅Έ™ΟΕΟ΅Έ™ΟΕΟ΅Έ™ΟΕΟ΅Έ™ΟΕΟ΅Έ™ΟΕΟ΅Έ™ΟΕΟ΅Έ™ΟΕΟ΅Έ™ΟΕΟ΅Έ™ΟΕΟ΅Έ™ΟΕΟ΅Έ™ΟΕΟ΅Έ™ΟΕΟ΅Έ™ΟΕΟ΅Έ™ΟΕΟ΅Έ™ΟΕΟ΅Έ™ΟΕΟ΅Έ™ΟΕΟ΅Έ™ΟΕΟ΅Έ™ΟΕΟ΅Έ™ΟΕΟ΅Έ™ΟΕΟ΅Έ™ΟΕΟ΅Έ™ΟΕΟ΅Έ™ΟΕΟ΅Έ™ΟΕΟ΅Έ™ΟΕΟ΅Έ™ΟΕΟ΅Έ™ΟΕΟ΅Έ™ΟΕΟ΅Έ™ΟΕΟ΅[0m
05-13 19:23:53.866 I/flutter ( 6541): [38;5;12mΈ™ΟΕΟ°Έ™ΟΕΟ΅Έ™ΟΕΟ΅Έ™ΟΕΟ΅Έ™ΟΕΟ΅Έ™ΟΕΟ΅Έ™ΟΕΟ΅Έ™ΟΕΟ΅Έ™ΟΕΟ΅Έ™ΟΕΟ΅Έ™ΟΕΟ΅Έ™ΟΕΟ΅Έ™ΟΕΟ΅Έ™ΟΕΟ΅Έ™ΟΕΟ΅Έ™ΟΕΟ΅Έ™ΟΕΟ΅Έ™ΟΕΟ΅Έ™ΟΕΟ΅Έ™ΟΕΟ΅Έ™ΟΕΟ΅Έ™ΟΕΟ΅Έ™ΟΕΟ΅Έ™ΟΕΟ΅Έ™ΟΕΟ΅Έ™ΟΕΟ΅Έ™ΟΕΟ΅Έ™ΟΕΟ΅Έ™ΟΕΟ΅Έ™ΟΕΟ΅Έ™ΟΕΟ΅Έ™ΟΕΟ΅Έ™ΟΕΟ΅Έ™ΟΕΟ΅Έ™ΟΕΟ΅Έ™ΟΕΟ΅Έ™ΟΕΟ΅Έ™ΟΕΟ΅Έ™ΟΕΟ΅Έ™ΟΕΟ΅Έ™ΟΕΟ΅Έ™ΟΕΟ΅Έ™ΟΕΟ΅Έ™ΟΕΟ΅Έ™ΟΕΟ΅Έ™ΟΕΟ΅Έ™ΟΕΟ΅Έ™ΟΕΟ΅Έ™ΟΕΟ΅Έ™ΟΕΟ΅Έ™ΟΕΟ΅Έ™ΟΕΟ΅Έ™ΟΕΟ΅Έ™ΟΕΟ΅Έ™ΟΕΟ΅Έ™ΟΕΟ΅Έ™ΟΕΟ΅Έ™ΟΕΟ΅Έ™ΟΕΟ΅Έ™ΟΕΟ΅Έ™ΟΕΟ΅Έ™ΟΕΟ΅Έ™ΟΕΟ΅Έ™ΟΕΟ΅Έ™ΟΕΟ΅Έ™ΟΕΟ΅Έ™ΟΕΟ΅Έ™ΟΕΟ΅Έ™ΟΕΟ΅Έ™ΟΕΟ΅Έ™ΟΕΟ΅Έ™ΟΕΟ΅Έ™ΟΕΟ΅Έ™ΟΕΟ΅Έ™ΟΕΟ΅Έ™ΟΕΟ΅Έ™ΟΕΟ΅Έ™ΟΕΟ΅Έ™ΟΕΟ΅Έ™ΟΕΟ΅[0m
05-13 19:23:53.866 I/flutter ( 6541): [38;5;12mΈ™ΟΕΟ© 19:23:53.866 (+0:00:33.594370)[0m
05-13 19:23:53.869 I/flutter ( 6541): [38;5;12mΈ™ΟΕ¬ΘΈ™ΟΕΟΛΈ™ΟΕΟΛΈ™ΟΕΟΛΈ™ΟΕΟΛΈ™ΟΕΟΛΈ™ΟΕΟΛΈ™ΟΕΟΛΈ™ΟΕΟΛΈ™ΟΕΟΛΈ™ΟΕΟΛΈ™ΟΕΟΛΈ™ΟΕΟΛΈ™ΟΕΟΛΈ™ΟΕΟΛΈ™ΟΕΟΛΈ™ΟΕΟΛΈ™ΟΕΟΛΈ™ΟΕΟΛΈ™ΟΕΟΛΈ™ΟΕΟΛΈ™ΟΕΟΛΈ™ΟΕΟΛΈ™ΟΕΟΛΈ™ΟΕΟΛΈ™ΟΕΟΛΈ™ΟΕΟΛΈ™ΟΕΟΛΈ™ΟΕΟΛΈ™ΟΕΟΛΈ™ΟΕΟΛΈ™ΟΕΟΛΈ™ΟΕΟΛΈ™ΟΕΟΛΈ™ΟΕΟΛΈ™ΟΕΟΛΈ™ΟΕΟΛΈ™ΟΕΟΛΈ™ΟΕΟΛΈ™ΟΕΟΛΈ™ΟΕΟΛΈ™ΟΕΟΛΈ™ΟΕΟΛΈ™ΟΕΟΛΈ™ΟΕΟΛΈ™ΟΕΟΛΈ™ΟΕΟΛΈ™ΟΕΟΛΈ™ΟΕΟΛΈ™ΟΕΟΛΈ™ΟΕΟΛΈ™ΟΕΟΛΈ™ΟΕΟΛΈ™ΟΕΟΛΈ™ΟΕΟΛΈ™ΟΕΟΛΈ™ΟΕΟΛΈ™ΟΕΟΛΈ™ΟΕΟΛΈ™ΟΕΟΛΈ™ΟΕΟΛΈ™ΟΕΟΛΈ™ΟΕΟΛΈ™ΟΕΟΛΈ™ΟΕΟΛΈ™ΟΕΟΛΈ™ΟΕΟΛΈ™ΟΕΟΛΈ™ΟΕΟΛΈ™ΟΕΟΛΈ™ΟΕΟΛΈ™ΟΕΟΛΈ™ΟΕΟΛΈ™ΟΕΟΛΈ™ΟΕΟΛΈ™ΟΕΟΛΈ™ΟΕΟΛΈ™ΟΕΟΛΈ™ΟΕΟΛΈ™ΟΕΟΛ[0m
05-13 19:23:53.869 I/flutter ( 6541): [38;5;12mΈ™ΟΕΟ© βâΓΤ£ΟÜΟ≠ βâΓΤ£Ο¥β²ß FCM call_cancel detected Έ™Ο΅ΟΕ dismissing native call UI[0m
05-13 19:23:53.869 I/flutter ( 6541): [38;5;12mΈ™ΟΕΟΕΈ™ΟΕΟ΅Έ™ΟΕΟ΅Έ™ΟΕΟ΅Έ™ΟΕΟ΅Έ™ΟΕΟ΅Έ™ΟΕΟ΅Έ™ΟΕΟ΅Έ™ΟΕΟ΅Έ™ΟΕΟ΅Έ™ΟΕΟ΅Έ™ΟΕΟ΅Έ™ΟΕΟ΅Έ™ΟΕΟ΅Έ™ΟΕΟ΅Έ™ΟΕΟ΅Έ™ΟΕΟ΅Έ™ΟΕΟ΅Έ™ΟΕΟ΅Έ™ΟΕΟ΅Έ™ΟΕΟ΅Έ™ΟΕΟ΅Έ™ΟΕΟ΅Έ™ΟΕΟ΅Έ™ΟΕΟ΅Έ™ΟΕΟ΅Έ™ΟΕΟ΅Έ™ΟΕΟ΅Έ™ΟΕΟ΅Έ™ΟΕΟ΅Έ™ΟΕΟ΅Έ™ΟΕΟ΅Έ™ΟΕΟ΅Έ™ΟΕΟ΅Έ™ΟΕΟ΅Έ™ΟΕΟ΅Έ™ΟΕΟ΅Έ™ΟΕΟ΅Έ™ΟΕΟ΅Έ™ΟΕΟ΅Έ™ΟΕΟ΅Έ™ΟΕΟ΅Έ™ΟΕΟ΅Έ™ΟΕΟ΅Έ™ΟΕΟ΅Έ™ΟΕΟ΅Έ™ΟΕΟ΅Έ™ΟΕΟ΅Έ™ΟΕΟ΅Έ™ΟΕΟ΅Έ™ΟΕΟ΅Έ™ΟΕΟ΅Έ™ΟΕΟ΅Έ™ΟΕΟ΅Έ™ΟΕΟ΅Έ™ΟΕΟ΅Έ™ΟΕΟ΅Έ™ΟΕΟ΅Έ™ΟΕΟ΅Έ™ΟΕΟ΅Έ™ΟΕΟ΅Έ™ΟΕΟ΅Έ™ΟΕΟ΅Έ™ΟΕΟ΅Έ™ΟΕΟ΅Έ™ΟΕΟ΅Έ™ΟΕΟ΅Έ™ΟΕΟ΅Έ™ΟΕΟ΅Έ™ΟΕΟ΅Έ™ΟΕΟ΅Έ™ΟΕΟ΅Έ™ΟΕΟ΅Έ™ΟΕΟ΅Έ™ΟΕΟ΅Έ™ΟΕΟ΅Έ™ΟΕΟ΅Έ™ΟΕΟ΅Έ™ΟΕΟ΅Έ™ΟΕΟ΅[0m
05-13 19:23:53.885 D/SamsungAlarmManager(  997): Cancel Alarm calling from uid:10073 pid :17695 / OP:PendingIntent{8482871: PendingIntentRecord{8bb9c5c com.google.android.gms/com.google.android.gms.gcm broadcastIntent}}
05-13 19:23:53.885 V/SamsungAlarmManager(  997): setLocked to kernel - W:1505405062 / NW:1505391468, now=1505385352
05-13 19:23:54.070 D/io_stats(  457): !@   8,0 r 6197905 243911596 w 5845263 354064472 d 0 0 f 0 0 iot 3988920 0 th 0 0 0 pt 0 inp 0 0 710799.488
05-13 19:23:54.645 D/ConnectivityManager(17695): StackLog: [android.net.ConnectivityManager.reportNetworkConnectivity(ConnectivityManager.java:3139)] [cbsb.a(:com.google.android.gms@261861029@26.18.61 (190400-914183794):15)] [cbuh.n(:com.google.android.gms@261861029@26.18.61 (190400-914183794):6)] [cbtv.run(:com.google.android.gms@261861029@26.18.61 (190400-914183794):501)] [cbus.run(:com.google.android.gms@261861029@26.18.61 (190400-914183794):5)] [haww.run(:com.google.android.gms@261861029@26.18.61 (190400-914183794):23)] [bjix.c(:com.google.android.gms@261861029@26.18.61 (190400-914183794):50)] [bjix.run(:com.google.android.gms@261861029@26.18.61 (190400-914183794):66)] [java.util.concurrent.ThreadPoolExecutor.runWorker(ThreadPoolExecutor.java:1167)] [java.util.concurrent.ThreadPoolExecutor$Worker.run(ThreadPoolExecutor.java:641)] [bjoo.run(:com.google.android.gms@261861029@26.18.61 (190400-914183794):8)] [java.lang.Thread.run(Thread.java:920)]
05-13 19:23:54.648 D/SamsungAlarmManager(  997): Cancel Alarm calling from uid:10073 pid :17695 / OP:PendingIntent{c4d01e2: PendingIntentRecord{d9c9a7b com.google.android.gms/com.google.android.gms.gcm broadcastIntent}}
05-13 19:23:54.648 V/SamsungAlarmManager(  997): setLocked to kernel - W:1505405062 / NW:1505391468, now=1505386116
05-13 19:23:54.649 I/AlarmManager(17695): setExactAndAllowWhileIdle [name: GCM_HB_ALARM type: 2 triggerAtMillis: 1507186116]
05-13 19:23:54.651 D/SamsungAlarmManager(  997): setExact (T:2/F:33/AC:false) 20260513T195354 now=1505386118 - CU:10073/CP:17695/OP:PendingIntent{a28d973: PendingIntentRecord{d9c9a7b com.google.android.gms/com.google.android.gms.gcm broadcastIntent}}
05-13 19:23:54.651 V/SamsungAlarmManager(  997): setLocked to kernel - W:1505405062 / NW:1505391468, now=1505386119
05-13 19:23:54.680 I/AlarmManager(17695): setExactAndAllowWhileIdle [name: FcmRetry type: 2 triggerAtMillis: 1505506144]
05-13 19:23:54.682 D/SamsungAlarmManager(  997): setExact (T:2/F:33/AC:false) 20260513T192554 now=1505386150 - CU:10073/CP:17695/OP:PendingIntent{2bd5a2e: PendingIntentRecord{8bb9c5c com.google.android.gms/com.google.android.gms.gcm broadcastIntent}}
05-13 19:23:54.683 V/SamsungAlarmManager(  997): setLocked to kernel - W:1505405062 / NW:1505391468, now=1505386150
05-13 19:23:54.684 D/SamsungAlarmManager(  997): Cancel Alarm calling from uid:10073 pid :17695 / OP:PendingIntent{9ad99cf: PendingIntentRecord{d9c9a7b com.google.android.gms/com.google.android.gms.gcm broadcastIntent}}
05-13 19:23:54.685 V/SamsungAlarmManager(  997): setLocked to kernel - W:1505405062 / NW:1505391468, now=1505386152
05-13 19:23:54.686 I/AlarmManager(17695): setExactAndAllowWhileIdle [name: GCM_HB_ALARM type: 2 triggerAtMillis: 1507186153]
05-13 19:23:54.687 D/SamsungAlarmManager(  997): setExact (T:2/F:33/AC:false) 20260513T195354 now=1505386154 - CU:10073/CP:17695/OP:PendingIntent{8e1bf5c: PendingIntentRecord{d9c9a7b com.google.android.gms/com.google.android.gms.gcm broadcastIntent}}
05-13 19:23:54.687 V/SamsungAlarmManager(  997): setLocked to kernel - W:1505405062 / NW:1505391468, now=1505386155
05-13 19:23:54.697 D/FLTFireMsgReceiver( 6541): broadcast received for message
05-13 19:23:54.773 I/flutter ( 6541): [38;5;12mΈ™ΟΕΟ°Έ™ΟΕΟ΅Έ™ΟΕΟ΅Έ™ΟΕΟ΅Έ™ΟΕΟ΅Έ™ΟΕΟ΅Έ™ΟΕΟ΅Έ™ΟΕΟ΅Έ™ΟΕΟ΅Έ™ΟΕΟ΅Έ™ΟΕΟ΅Έ™ΟΕΟ΅Έ™ΟΕΟ΅Έ™ΟΕΟ΅Έ™ΟΕΟ΅Έ™ΟΕΟ΅Έ™ΟΕΟ΅Έ™ΟΕΟ΅Έ™ΟΕΟ΅Έ™ΟΕΟ΅Έ™ΟΕΟ΅Έ™ΟΕΟ΅Έ™ΟΕΟ΅Έ™ΟΕΟ΅Έ™ΟΕΟ΅Έ™ΟΕΟ΅Έ™ΟΕΟ΅Έ™ΟΕΟ΅Έ™ΟΕΟ΅Έ™ΟΕΟ΅Έ™ΟΕΟ΅Έ™ΟΕΟ΅Έ™ΟΕΟ΅Έ™ΟΕΟ΅Έ™ΟΕΟ΅Έ™ΟΕΟ΅Έ™ΟΕΟ΅Έ™ΟΕΟ΅Έ™ΟΕΟ΅Έ™ΟΕΟ΅Έ™ΟΕΟ΅Έ™ΟΕΟ΅Έ™ΟΕΟ΅Έ™ΟΕΟ΅Έ™ΟΕΟ΅Έ™ΟΕΟ΅Έ™ΟΕΟ΅Έ™ΟΕΟ΅Έ™ΟΕΟ΅Έ™ΟΕΟ΅Έ™ΟΕΟ΅Έ™ΟΕΟ΅Έ™ΟΕΟ΅Έ™ΟΕΟ΅Έ™ΟΕΟ΅Έ™ΟΕΟ΅Έ™ΟΕΟ΅Έ™ΟΕΟ΅Έ™ΟΕΟ΅Έ™ΟΕΟ΅Έ™ΟΕΟ΅Έ™ΟΕΟ΅Έ™ΟΕΟ΅Έ™ΟΕΟ΅Έ™ΟΕΟ΅Έ™ΟΕΟ΅Έ™ΟΕΟ΅Έ™ΟΕΟ΅Έ™ΟΕΟ΅Έ™ΟΕΟ΅Έ™ΟΕΟ΅Έ™ΟΕΟ΅Έ™ΟΕΟ΅Έ™ΟΕΟ΅Έ™ΟΕΟ΅Έ™ΟΕΟ΅Έ™ΟΕΟ΅Έ™ΟΕΟ΅Έ™ΟΕΟ΅Έ™ΟΕΟ΅[0m
05-13 19:23:54.773 I/flutter ( 6541): [38;5;12mΈ™ΟΕΟ© 19:23:54.772 (+0:00:34.500731)[0m
05-13 19:23:54.773 I/flutter ( 6541): [38;5;12mΈ™ΟΕ¬ΘΈ™ΟΕΟΛΈ™ΟΕΟΛΈ™ΟΕΟΛΈ™ΟΕΟΛΈ™ΟΕΟΛΈ™ΟΕΟΛΈ™ΟΕΟΛΈ™ΟΕΟΛΈ™ΟΕΟΛΈ™ΟΕΟΛΈ™ΟΕΟΛΈ™ΟΕΟΛΈ™ΟΕΟΛΈ™ΟΕΟΛΈ™ΟΕΟΛΈ™ΟΕΟΛΈ™ΟΕΟΛΈ™ΟΕΟΛΈ™ΟΕΟΛΈ™ΟΕΟΛΈ™ΟΕΟΛΈ™ΟΕΟΛΈ™ΟΕΟΛΈ™ΟΕΟΛΈ™ΟΕΟΛΈ™ΟΕΟΛΈ™ΟΕΟΛΈ™ΟΕΟΛΈ™ΟΕΟΛΈ™ΟΕΟΛΈ™ΟΕΟΛΈ™ΟΕΟΛΈ™ΟΕΟΛΈ™ΟΕΟΛΈ™ΟΕΟΛΈ™ΟΕΟΛΈ™ΟΕΟΛΈ™ΟΕΟΛΈ™ΟΕΟΛΈ™ΟΕΟΛΈ™ΟΕΟΛΈ™ΟΕΟΛΈ™ΟΕΟΛΈ™ΟΕΟΛΈ™ΟΕΟΛΈ™ΟΕΟΛΈ™ΟΕΟΛΈ™ΟΕΟΛΈ™ΟΕΟΛΈ™ΟΕΟΛΈ™ΟΕΟΛΈ™ΟΕΟΛΈ™ΟΕΟΛΈ™ΟΕΟΛΈ™ΟΕΟΛΈ™ΟΕΟΛΈ™ΟΕΟΛΈ™ΟΕΟΛΈ™ΟΕΟΛΈ™ΟΕΟΛΈ™ΟΕΟΛΈ™ΟΕΟΛΈ™ΟΕΟΛΈ™ΟΕΟΛΈ™ΟΕΟΛΈ™ΟΕΟΛΈ™ΟΕΟΛΈ™ΟΕΟΛΈ™ΟΕΟΛΈ™ΟΕΟΛΈ™ΟΕΟΛΈ™ΟΕΟΛΈ™ΟΕΟΛΈ™ΟΕΟΛΈ™ΟΕΟΛΈ™ΟΕΟΛΈ™ΟΕΟΛΈ™ΟΕΟΛΈ™ΟΕΟΛ[0m
05-13 19:23:54.773 I/flutter ( 6541): [38;5;12mΈ™ΟΕΟ© βâΓΤ£ΟÜΟ≠ βâΓΤ£Ο¥β¨ê Background message received: 0:1778689434455575%b892958eb892958e[0m
05-13 19:23:54.773 I/flutter ( 6541): [38;5;12mΈ™ΟΕΟΕΈ™ΟΕΟ΅Έ™ΟΕΟ΅Έ™ΟΕΟ΅Έ™ΟΕΟ΅Έ™ΟΕΟ΅Έ™ΟΕΟ΅Έ™ΟΕΟ΅Έ™ΟΕΟ΅Έ™ΟΕΟ΅Έ™ΟΕΟ΅Έ™ΟΕΟ΅Έ™ΟΕΟ΅Έ™ΟΕΟ΅Έ™ΟΕΟ΅Έ™ΟΕΟ΅Έ™ΟΕΟ΅Έ™ΟΕΟ΅Έ™ΟΕΟ΅Έ™ΟΕΟ΅Έ™ΟΕΟ΅Έ™ΟΕΟ΅Έ™ΟΕΟ΅Έ™ΟΕΟ΅Έ™ΟΕΟ΅Έ™ΟΕΟ΅Έ™ΟΕΟ΅Έ™ΟΕΟ΅Έ™ΟΕΟ΅Έ™ΟΕΟ΅Έ™ΟΕΟ΅Έ™ΟΕΟ΅Έ™ΟΕΟ΅Έ™ΟΕΟ΅Έ™ΟΕΟ΅Έ™ΟΕΟ΅Έ™ΟΕΟ΅Έ™ΟΕΟ΅Έ™ΟΕΟ΅Έ™ΟΕΟ΅Έ™ΟΕΟ΅Έ™ΟΕΟ΅Έ™ΟΕΟ΅Έ™ΟΕΟ΅Έ™ΟΕΟ΅Έ™ΟΕΟ΅Έ™ΟΕΟ΅Έ™ΟΕΟ΅Έ™ΟΕΟ΅Έ™ΟΕΟ΅Έ™ΟΕΟ΅Έ™ΟΕΟ΅Έ™ΟΕΟ΅Έ™ΟΕΟ΅Έ™ΟΕΟ΅Έ™ΟΕΟ΅Έ™ΟΕΟ΅Έ™ΟΕΟ΅Έ™ΟΕΟ΅Έ™ΟΕΟ΅Έ™ΟΕΟ΅Έ™ΟΕΟ΅Έ™ΟΕΟ΅Έ™ΟΕΟ΅Έ™ΟΕΟ΅Έ™ΟΕΟ΅Έ™ΟΕΟ΅Έ™ΟΕΟ΅Έ™ΟΕΟ΅Έ™ΟΕΟ΅Έ™ΟΕΟ΅Έ™ΟΕΟ΅Έ™ΟΕΟ΅Έ™ΟΕΟ΅Έ™ΟΕΟ΅Έ™ΟΕΟ΅Έ™ΟΕΟ΅Έ™ΟΕΟ΅Έ™ΟΕΟ΅Έ™ΟΕΟ΅[0m
05-13 19:23:54.774 I/flutter ( 6541): [38;5;12mΈ™ΟΕΟ°Έ™ΟΕΟ΅Έ™ΟΕΟ΅Έ™ΟΕΟ΅Έ™ΟΕΟ΅Έ™ΟΕΟ΅Έ™ΟΕΟ΅Έ™ΟΕΟ΅Έ™ΟΕΟ΅Έ™ΟΕΟ΅Έ™ΟΕΟ΅Έ™ΟΕΟ΅Έ™ΟΕΟ΅Έ™ΟΕΟ΅Έ™ΟΕΟ΅Έ™ΟΕΟ΅Έ™ΟΕΟ΅Έ™ΟΕΟ΅Έ™ΟΕΟ΅Έ™ΟΕΟ΅Έ™ΟΕΟ΅Έ™ΟΕΟ΅Έ™ΟΕΟ΅Έ™ΟΕΟ΅Έ™ΟΕΟ΅Έ™ΟΕΟ΅Έ™ΟΕΟ΅Έ™ΟΕΟ΅Έ™ΟΕΟ΅Έ™ΟΕΟ΅Έ™ΟΕΟ΅Έ™ΟΕΟ΅Έ™ΟΕΟ΅Έ™ΟΕΟ΅Έ™ΟΕΟ΅Έ™ΟΕΟ΅Έ™ΟΕΟ΅Έ™ΟΕΟ΅Έ™ΟΕΟ΅Έ™ΟΕΟ΅Έ™ΟΕΟ΅Έ™ΟΕΟ΅Έ™ΟΕΟ΅Έ™ΟΕΟ΅Έ™ΟΕΟ΅Έ™ΟΕΟ΅Έ™ΟΕΟ΅Έ™ΟΕΟ΅Έ™ΟΕΟ΅Έ™ΟΕΟ΅Έ™ΟΕΟ΅Έ™ΟΕΟ΅Έ™ΟΕΟ΅Έ™ΟΕΟ΅Έ™ΟΕΟ΅Έ™ΟΕΟ΅Έ™ΟΕΟ΅Έ™ΟΕΟ΅Έ™ΟΕΟ΅Έ™ΟΕΟ΅Έ™ΟΕΟ΅Έ™ΟΕΟ΅Έ™ΟΕΟ΅Έ™ΟΕΟ΅Έ™ΟΕΟ΅Έ™ΟΕΟ΅Έ™ΟΕΟ΅Έ™ΟΕΟ΅Έ™ΟΕΟ΅Έ™ΟΕΟ΅Έ™ΟΕΟ΅Έ™ΟΕΟ΅Έ™ΟΕΟ΅Έ™ΟΕΟ΅Έ™ΟΕΟ΅Έ™ΟΕΟ΅Έ™ΟΕΟ΅Έ™ΟΕΟ΅Έ™ΟΕΟ΅Έ™ΟΕΟ΅[0m
05-13 19:23:54.774 I/flutter ( 6541): [38;5;12mΈ™ΟΕΟ© 19:23:54.773 (+0:00:34.501903)[0m
05-13 19:23:54.774 I/flutter ( 6541): [38;5;12mΈ™ΟΕ¬ΘΈ™ΟΕΟΛΈ™ΟΕΟΛΈ™ΟΕΟΛΈ™ΟΕΟΛΈ™ΟΕΟΛΈ™ΟΕΟΛΈ™ΟΕΟΛΈ™ΟΕΟΛΈ™ΟΕΟΛΈ™ΟΕΟΛΈ™ΟΕΟΛΈ™ΟΕΟΛΈ™ΟΕΟΛΈ™ΟΕΟΛΈ™ΟΕΟΛΈ™ΟΕΟΛΈ™ΟΕΟΛΈ™ΟΕΟΛΈ™ΟΕΟΛΈ™ΟΕΟΛΈ™ΟΕΟΛΈ™ΟΕΟΛΈ™ΟΕΟΛΈ™ΟΕΟΛΈ™ΟΕΟΛΈ™ΟΕΟΛΈ™ΟΕΟΛΈ™ΟΕΟΛΈ™ΟΕΟΛΈ™ΟΕΟΛΈ™ΟΕΟΛΈ™ΟΕΟΛΈ™ΟΕΟΛΈ™ΟΕΟΛΈ™ΟΕΟΛΈ™ΟΕΟΛΈ™ΟΕΟΛΈ™ΟΕΟΛΈ™ΟΕΟΛΈ™ΟΕΟΛΈ™ΟΕΟΛΈ™ΟΕΟΛΈ™ΟΕΟΛΈ™ΟΕΟΛΈ™ΟΕΟΛΈ™ΟΕΟΛΈ™ΟΕΟΛΈ™ΟΕΟΛΈ™ΟΕΟΛΈ™ΟΕΟΛΈ™ΟΕΟΛΈ™ΟΕΟΛΈ™ΟΕΟΛΈ™ΟΕΟΛΈ™ΟΕΟΛΈ™ΟΕΟΛΈ™ΟΕΟΛΈ™ΟΕΟΛΈ™ΟΕΟΛΈ™ΟΕΟΛΈ™ΟΕΟΛΈ™ΟΕΟΛΈ™ΟΕΟΛΈ™ΟΕΟΛΈ™ΟΕΟΛΈ™ΟΕΟΛΈ™ΟΕΟΛΈ™ΟΕΟΛΈ™ΟΕΟΛΈ™ΟΕΟΛΈ™ΟΕΟΛΈ™ΟΕΟΛΈ™ΟΕΟΛΈ™ΟΕΟΛΈ™ΟΕΟΛΈ™ΟΕΟΛΈ™ΟΕΟΛΈ™ΟΕΟΛΈ™ΟΕΟΛ[0m
05-13 19:23:54.774 I/flutter ( 6541): [38;5;12mΈ™ΟΕΟ© βâΓΤ£ΟÜΟ≠    Title: Missed Call[0m
05-13 19:23:54.774 I/flutter ( 6541): [38;5;12mΈ™ΟΕΟΕΈ™ΟΕΟ΅Έ™ΟΕΟ΅Έ™ΟΕΟ΅Έ™ΟΕΟ΅Έ™ΟΕΟ΅Έ™ΟΕΟ΅Έ™ΟΕΟ΅Έ™ΟΕΟ΅Έ™ΟΕΟ΅Έ™ΟΕΟ΅Έ™ΟΕΟ΅Έ™ΟΕΟ΅Έ™ΟΕΟ΅Έ™ΟΕΟ΅Έ™ΟΕΟ΅Έ™ΟΕΟ΅Έ™ΟΕΟ΅Έ™ΟΕΟ΅Έ™ΟΕΟ΅Έ™ΟΕΟ΅Έ™ΟΕΟ΅Έ™ΟΕΟ΅Έ™ΟΕΟ΅Έ™ΟΕΟ΅Έ™ΟΕΟ΅Έ™ΟΕΟ΅Έ™ΟΕΟ΅Έ™ΟΕΟ΅Έ™ΟΕΟ΅Έ™ΟΕΟ΅Έ™ΟΕΟ΅Έ™ΟΕΟ΅Έ™ΟΕΟ΅Έ™ΟΕΟ΅Έ™ΟΕΟ΅Έ™ΟΕΟ΅Έ™ΟΕΟ΅Έ™ΟΕΟ΅Έ™ΟΕΟ΅Έ™ΟΕΟ΅Έ™ΟΕΟ΅Έ™ΟΕΟ΅Έ™ΟΕΟ΅Έ™ΟΕΟ΅Έ™ΟΕΟ΅Έ™ΟΕΟ΅Έ™ΟΕΟ΅Έ™ΟΕΟ΅Έ™ΟΕΟ΅Έ™ΟΕΟ΅Έ™ΟΕΟ΅Έ™ΟΕΟ΅Έ™ΟΕΟ΅Έ™ΟΕΟ΅Έ™ΟΕΟ΅Έ™ΟΕΟ΅Έ™ΟΕΟ΅Έ™ΟΕΟ΅Έ™ΟΕΟ΅Έ™ΟΕΟ΅Έ™ΟΕΟ΅Έ™ΟΕΟ΅Έ™ΟΕΟ΅Έ™ΟΕΟ΅Έ™ΟΕΟ΅Έ™ΟΕΟ΅Έ™ΟΕΟ΅Έ™ΟΕΟ΅Έ™ΟΕΟ΅Έ™ΟΕΟ΅Έ™ΟΕΟ΅Έ™ΟΕΟ΅Έ™ΟΕΟ΅Έ™ΟΕΟ΅Έ™ΟΕΟ΅Έ™ΟΕΟ΅Έ™ΟΕΟ΅Έ™ΟΕΟ΅Έ™ΟΕΟ΅[0m
05-13 19:23:54.774 I/flutter ( 6541): [38;5;12mΈ™ΟΕΟ°Έ™ΟΕΟ΅Έ™ΟΕΟ΅Έ™ΟΕΟ΅Έ™ΟΕΟ΅Έ™ΟΕΟ΅Έ™ΟΕΟ΅Έ™ΟΕΟ΅Έ™ΟΕΟ΅Έ™ΟΕΟ΅Έ™ΟΕΟ΅Έ™ΟΕΟ΅Έ™ΟΕΟ΅Έ™ΟΕΟ΅Έ™ΟΕΟ΅Έ™ΟΕΟ΅Έ™ΟΕΟ΅Έ™ΟΕΟ΅Έ™ΟΕΟ΅Έ™ΟΕΟ΅Έ™ΟΕΟ΅Έ™ΟΕΟ΅Έ™ΟΕΟ΅Έ™ΟΕΟ΅Έ™ΟΕΟ΅Έ™ΟΕΟ΅Έ™ΟΕΟ΅Έ™ΟΕΟ΅Έ™ΟΕΟ΅Έ™ΟΕΟ΅Έ™ΟΕΟ΅Έ™ΟΕΟ΅Έ™ΟΕΟ΅Έ™ΟΕΟ΅Έ™ΟΕΟ΅Έ™ΟΕΟ΅Έ™ΟΕΟ΅Έ™ΟΕΟ΅Έ™ΟΕΟ΅Έ™ΟΕΟ΅Έ™ΟΕΟ΅Έ™ΟΕΟ΅Έ™ΟΕΟ΅Έ™ΟΕΟ΅Έ™ΟΕΟ΅Έ™ΟΕΟ΅Έ™ΟΕΟ΅Έ™ΟΕΟ΅Έ™ΟΕΟ΅Έ™ΟΕΟ΅Έ™ΟΕΟ΅Έ™ΟΕΟ΅Έ™ΟΕΟ΅Έ™ΟΕΟ΅Έ™ΟΕΟ΅Έ™ΟΕΟ΅Έ™ΟΕΟ΅Έ™ΟΕΟ΅Έ™ΟΕΟ΅Έ™ΟΕΟ΅Έ™ΟΕΟ΅Έ™ΟΕΟ΅Έ™ΟΕΟ΅Έ™ΟΕΟ΅Έ™ΟΕΟ΅Έ™ΟΕΟ΅Έ™ΟΕΟ΅Έ™ΟΕΟ΅Έ™ΟΕΟ΅Έ™ΟΕΟ΅Έ™ΟΕΟ΅Έ™ΟΕΟ΅Έ™ΟΕΟ΅Έ™ΟΕΟ΅Έ™ΟΕΟ΅Έ™ΟΕΟ΅Έ™ΟΕΟ΅Έ™ΟΕΟ΅Έ™ΟΕΟ΅Έ™ΟΕΟ΅[0m
05-13 19:23:54.774 I/flutter ( 6541): [38;5;12mΈ™ΟΕΟ© 19:23:54.774 (+0:00:34.502508)[0m
05-13 19:23:54.774 I/flutter ( 6541): [38;5;12mΈ™ΟΕ¬ΘΈ™ΟΕΟΛΈ™ΟΕΟΛΈ™ΟΕΟΛΈ™ΟΕΟΛΈ™ΟΕΟΛΈ™ΟΕΟΛΈ™ΟΕΟΛΈ™ΟΕΟΛΈ™ΟΕΟΛΈ™ΟΕΟΛΈ™ΟΕΟΛΈ™ΟΕΟΛΈ™ΟΕΟΛΈ™ΟΕΟΛΈ™ΟΕΟΛΈ™ΟΕΟΛΈ™ΟΕΟΛΈ™ΟΕΟΛΈ™ΟΕΟΛΈ™ΟΕΟΛΈ™ΟΕΟΛΈ™ΟΕΟΛΈ™ΟΕΟΛΈ™ΟΕΟΛΈ™ΟΕΟΛΈ™ΟΕΟΛΈ™ΟΕΟΛΈ™ΟΕΟΛΈ™ΟΕΟΛΈ™ΟΕΟΛΈ™ΟΕΟΛΈ™ΟΕΟΛΈ™ΟΕΟΛΈ™ΟΕΟΛΈ™ΟΕΟΛΈ™ΟΕΟΛΈ™ΟΕΟΛΈ™ΟΕΟΛΈ™ΟΕΟΛΈ™ΟΕΟΛΈ™ΟΕΟΛΈ™ΟΕΟΛΈ™ΟΕΟΛΈ™ΟΕΟΛΈ™ΟΕΟΛΈ™ΟΕΟΛΈ™ΟΕΟΛΈ™ΟΕΟΛΈ™ΟΕΟΛΈ™ΟΕΟΛΈ™ΟΕΟΛΈ™ΟΕΟΛΈ™ΟΕΟΛΈ™ΟΕΟΛΈ™ΟΕΟΛΈ™ΟΕΟΛΈ™ΟΕΟΛΈ™ΟΕΟΛΈ™ΟΕΟΛΈ™ΟΕΟΛΈ™ΟΕΟΛΈ™ΟΕΟΛΈ™ΟΕΟΛΈ™ΟΕΟΛΈ™ΟΕΟΛΈ™ΟΕΟΛΈ™ΟΕΟΛΈ™ΟΕΟΛΈ™ΟΕΟΛΈ™ΟΕΟΛΈ™ΟΕΟΛΈ™ΟΕΟΛΈ™ΟΕΟΛΈ™ΟΕΟΛΈ™ΟΕΟΛΈ™ΟΕΟΛΈ™ΟΕΟΛΈ™ΟΕΟΛΈ™ΟΕΟΛ[0m
05-13 19:23:54.774 I/flutter ( 6541): [38;5;12mΈ™ΟΕΟ© βâΓΤ£ΟÜΟ≠    Body: You missed a call from saif mod[0m
05-13 19:23:54.774 I/flutter ( 6541): [38;5;12mΈ™ΟΕΟΕΈ™ΟΕΟ΅Έ™ΟΕΟ΅Έ™ΟΕΟ΅Έ™ΟΕΟ΅Έ™ΟΕΟ΅Έ™ΟΕΟ΅Έ™ΟΕΟ΅Έ™ΟΕΟ΅Έ™ΟΕΟ΅Έ™ΟΕΟ΅Έ™ΟΕΟ΅Έ™ΟΕΟ΅Έ™ΟΕΟ΅Έ™ΟΕΟ΅Έ™ΟΕΟ΅Έ™ΟΕΟ΅Έ™ΟΕΟ΅Έ™ΟΕΟ΅Έ™ΟΕΟ΅Έ™ΟΕΟ΅Έ™ΟΕΟ΅Έ™ΟΕΟ΅Έ™ΟΕΟ΅Έ™ΟΕΟ΅Έ™ΟΕΟ΅Έ™ΟΕΟ΅Έ™ΟΕΟ΅Έ™ΟΕΟ΅Έ™ΟΕΟ΅Έ™ΟΕΟ΅Έ™ΟΕΟ΅Έ™ΟΕΟ΅Έ™ΟΕΟ΅Έ™ΟΕΟ΅Έ™ΟΕΟ΅Έ™ΟΕΟ΅Έ™ΟΕΟ΅Έ™ΟΕΟ΅Έ™ΟΕΟ΅Έ™ΟΕΟ΅Έ™ΟΕΟ΅Έ™ΟΕΟ΅Έ™ΟΕΟ΅Έ™ΟΕΟ΅Έ™ΟΕΟ΅Έ™ΟΕΟ΅Έ™ΟΕΟ΅Έ™ΟΕΟ΅Έ™ΟΕΟ΅Έ™ΟΕΟ΅Έ™ΟΕΟ΅Έ™ΟΕΟ΅Έ™ΟΕΟ΅Έ™ΟΕΟ΅Έ™ΟΕΟ΅Έ™ΟΕΟ΅Έ™ΟΕΟ΅Έ™ΟΕΟ΅Έ™ΟΕΟ΅Έ™ΟΕΟ΅Έ™ΟΕΟ΅Έ™ΟΕΟ΅Έ™ΟΕΟ΅Έ™ΟΕΟ΅Έ™ΟΕΟ΅Έ™ΟΕΟ΅Έ™ΟΕΟ΅Έ™ΟΕΟ΅Έ™ΟΕΟ΅Έ™ΟΕΟ΅Έ™ΟΕΟ΅Έ™ΟΕΟ΅Έ™ΟΕΟ΅Έ™ΟΕΟ΅Έ™ΟΕΟ΅Έ™ΟΕΟ΅Έ™ΟΕΟ΅Έ™ΟΕΟ΅Έ™ΟΕΟ΅[0m
05-13 19:23:54.775 I/flutter ( 6541): [38;5;12mΈ™ΟΕΟ°Έ™ΟΕΟ΅Έ™ΟΕΟ΅Έ™ΟΕΟ΅Έ™ΟΕΟ΅Έ™ΟΕΟ΅Έ™ΟΕΟ΅Έ™ΟΕΟ΅Έ™ΟΕΟ΅Έ™ΟΕΟ΅Έ™ΟΕΟ΅Έ™ΟΕΟ΅Έ™ΟΕΟ΅Έ™ΟΕΟ΅Έ™ΟΕΟ΅Έ™ΟΕΟ΅Έ™ΟΕΟ΅Έ™ΟΕΟ΅Έ™ΟΕΟ΅Έ™ΟΕΟ΅Έ™ΟΕΟ΅Έ™ΟΕΟ΅Έ™ΟΕΟ΅Έ™ΟΕΟ΅Έ™ΟΕΟ΅Έ™ΟΕΟ΅Έ™ΟΕΟ΅Έ™ΟΕΟ΅Έ™ΟΕΟ΅Έ™ΟΕΟ΅Έ™ΟΕΟ΅Έ™ΟΕΟ΅Έ™ΟΕΟ΅Έ™ΟΕΟ΅Έ™ΟΕΟ΅Έ™ΟΕΟ΅Έ™ΟΕΟ΅Έ™ΟΕΟ΅Έ™ΟΕΟ΅Έ™ΟΕΟ΅Έ™ΟΕΟ΅Έ™ΟΕΟ΅Έ™ΟΕΟ΅Έ™ΟΕΟ΅Έ™ΟΕΟ΅Έ™ΟΕΟ΅Έ™ΟΕΟ΅Έ™ΟΕΟ΅Έ™ΟΕΟ΅Έ™ΟΕΟ΅Έ™ΟΕΟ΅Έ™ΟΕΟ΅Έ™ΟΕΟ΅Έ™ΟΕΟ΅Έ™ΟΕΟ΅Έ™ΟΕΟ΅Έ™ΟΕΟ΅Έ™ΟΕΟ΅Έ™ΟΕΟ΅Έ™ΟΕΟ΅Έ™ΟΕΟ΅Έ™ΟΕΟ΅Έ™ΟΕΟ΅Έ™ΟΕΟ΅Έ™ΟΕΟ΅Έ™ΟΕΟ΅Έ™ΟΕΟ΅Έ™ΟΕΟ΅Έ™ΟΕΟ΅Έ™ΟΕΟ΅Έ™ΟΕΟ΅Έ™ΟΕΟ΅Έ™ΟΕΟ΅Έ™ΟΕΟ΅Έ™ΟΕΟ΅Έ™ΟΕΟ΅Έ™ΟΕΟ΅Έ™ΟΕΟ΅Έ™ΟΕΟ΅Έ™ΟΕΟ΅[0m
05-13 19:23:54.775 I/flutter ( 6541): [38;5;12mΈ™ΟΕΟ© 19:23:54.775 (+0:00:34.503093)[0m
05-13 19:23:54.775 I/flutter ( 6541): [38;5;12mΈ™ΟΕ¬ΘΈ™ΟΕΟΛΈ™ΟΕΟΛΈ™ΟΕΟΛΈ™ΟΕΟΛΈ™ΟΕΟΛΈ™ΟΕΟΛΈ™ΟΕΟΛΈ™ΟΕΟΛΈ™ΟΕΟΛΈ™ΟΕΟΛΈ™ΟΕΟΛΈ™ΟΕΟΛΈ™ΟΕΟΛΈ™ΟΕΟΛΈ™ΟΕΟΛΈ™ΟΕΟΛΈ™ΟΕΟΛΈ™ΟΕΟΛΈ™ΟΕΟΛΈ™ΟΕΟΛΈ™ΟΕΟΛΈ™ΟΕΟΛΈ™ΟΕΟΛΈ™ΟΕΟΛΈ™ΟΕΟΛΈ™ΟΕΟΛΈ™ΟΕΟΛΈ™ΟΕΟΛΈ™ΟΕΟΛΈ™ΟΕΟΛΈ™ΟΕΟΛΈ™ΟΕΟΛΈ™ΟΕΟΛΈ™ΟΕΟΛΈ™ΟΕΟΛΈ™ΟΕΟΛΈ™ΟΕΟΛΈ™ΟΕΟΛΈ™ΟΕΟΛΈ™ΟΕΟΛΈ™ΟΕΟΛΈ™ΟΕΟΛΈ™ΟΕΟΛΈ™ΟΕΟΛΈ™ΟΕΟΛΈ™ΟΕΟΛΈ™ΟΕΟΛΈ™ΟΕΟΛΈ™ΟΕΟΛΈ™ΟΕΟΛΈ™ΟΕΟΛΈ™ΟΕΟΛΈ™ΟΕΟΛΈ™ΟΕΟΛΈ™ΟΕΟΛΈ™ΟΕΟΛΈ™ΟΕΟΛΈ™ΟΕΟΛΈ™ΟΕΟΛΈ™ΟΕΟΛΈ™ΟΕΟΛΈ™ΟΕΟΛΈ™ΟΕΟΛΈ™ΟΕΟΛΈ™ΟΕΟΛΈ™ΟΕΟΛΈ™ΟΕΟΛΈ™ΟΕΟΛΈ™ΟΕΟΛΈ™ΟΕΟΛΈ™ΟΕΟΛΈ™ΟΕΟΛΈ™ΟΕΟΛΈ™ΟΕΟΛΈ™ΟΕΟΛΈ™ΟΕΟΛΈ™ΟΕΟΛΈ™ΟΕΟΛΈ™ΟΕΟΛ[0m
05-13 19:23:54.775 I/flutter ( 6541): [38;5;12mΈ™ΟΕΟ© βâΓΤ£ΟÜΟ≠    Data: {notification_type: missed_call, callId: 6a04a573f11e7682e7224e31, callerId: 69ebcda546ce4908368bdac5, body: You missed a call from saif mod, type: normal, title: Missed Call, callerName: saif mod}[0m
05-13 19:23:54.775 I/flutter ( 6541): [38;5;12mΈ™ΟΕΟΕΈ™ΟΕΟ΅Έ™ΟΕΟ΅Έ™ΟΕΟ΅Έ™ΟΕΟ΅Έ™ΟΕΟ΅Έ™ΟΕΟ΅Έ™ΟΕΟ΅Έ™ΟΕΟ΅Έ™ΟΕΟ΅Έ™ΟΕΟ΅Έ™ΟΕΟ΅Έ™ΟΕΟ΅Έ™ΟΕΟ΅Έ™ΟΕΟ΅Έ™ΟΕΟ΅Έ™ΟΕΟ΅Έ™ΟΕΟ΅Έ™ΟΕΟ΅Έ™ΟΕΟ΅Έ™ΟΕΟ΅Έ™ΟΕΟ΅Έ™ΟΕΟ΅Έ™ΟΕΟ΅Έ™ΟΕΟ΅Έ™ΟΕΟ΅Έ™ΟΕΟ΅Έ™ΟΕΟ΅Έ™ΟΕΟ΅Έ™ΟΕΟ΅Έ™ΟΕΟ΅Έ™ΟΕΟ΅Έ™ΟΕΟ΅Έ™ΟΕΟ΅Έ™ΟΕΟ΅Έ™ΟΕΟ΅Έ™ΟΕΟ΅Έ™ΟΕΟ΅Έ™ΟΕΟ΅Έ™ΟΕΟ΅Έ™ΟΕΟ΅Έ™ΟΕΟ΅Έ™ΟΕΟ΅Έ™ΟΕΟ΅Έ™ΟΕΟ΅Έ™ΟΕΟ΅Έ™ΟΕΟ΅Έ™ΟΕΟ΅Έ™ΟΕΟ΅Έ™ΟΕΟ΅Έ™ΟΕΟ΅Έ™ΟΕΟ΅Έ™ΟΕΟ΅Έ™ΟΕΟ΅Έ™ΟΕΟ΅Έ™ΟΕΟ΅Έ™ΟΕΟ΅Έ™ΟΕΟ΅Έ™ΟΕΟ΅Έ™ΟΕΟ΅Έ™ΟΕΟ΅Έ™ΟΕΟ΅Έ™ΟΕΟ΅Έ™ΟΕΟ΅Έ™ΟΕΟ΅Έ™ΟΕΟ΅Έ™ΟΕΟ΅Έ™ΟΕΟ΅Έ™ΟΕΟ΅Έ™ΟΕΟ΅Έ™ΟΕΟ΅Έ™ΟΕΟ΅Έ™ΟΕΟ΅Έ™ΟΕΟ΅Έ™ΟΕΟ΅Έ™ΟΕΟ΅Έ™ΟΕΟ΅Έ™ΟΕΟ΅Έ™ΟΕΟ΅Έ™ΟΕΟ΅[0m
05-13 19:23:54.776 I/flutter ( 6541): [38;5;12mΈ™ΟΕΟ°Έ™ΟΕΟ΅Έ™ΟΕΟ΅Έ™ΟΕΟ΅Έ™ΟΕΟ΅Έ™ΟΕΟ΅Έ™ΟΕΟ΅Έ™ΟΕΟ΅Έ™ΟΕΟ΅Έ™ΟΕΟ΅Έ™ΟΕΟ΅Έ™ΟΕΟ΅Έ™ΟΕΟ΅Έ™ΟΕΟ΅Έ™ΟΕΟ΅Έ™ΟΕΟ΅Έ™ΟΕΟ΅Έ™ΟΕΟ΅Έ™ΟΕΟ΅Έ™ΟΕΟ΅Έ™ΟΕΟ΅Έ™ΟΕΟ΅Έ™ΟΕΟ΅Έ™ΟΕΟ΅Έ™ΟΕΟ΅Έ™ΟΕΟ΅Έ™ΟΕΟ΅Έ™ΟΕΟ΅Έ™ΟΕΟ΅Έ™ΟΕΟ΅Έ™ΟΕΟ΅Έ™ΟΕΟ΅Έ™ΟΕΟ΅Έ™ΟΕΟ΅Έ™ΟΕΟ΅Έ™ΟΕΟ΅Έ™ΟΕΟ΅Έ™ΟΕΟ΅Έ™ΟΕΟ΅Έ™ΟΕΟ΅Έ™ΟΕΟ΅Έ™ΟΕΟ΅Έ™ΟΕΟ΅Έ™ΟΕΟ΅Έ™ΟΕΟ΅Έ™ΟΕΟ΅Έ™ΟΕΟ΅Έ™ΟΕΟ΅Έ™ΟΕΟ΅Έ™ΟΕΟ΅Έ™ΟΕΟ΅Έ™ΟΕΟ΅Έ™ΟΕΟ΅Έ™ΟΕΟ΅Έ™ΟΕΟ΅Έ™ΟΕΟ΅Έ™ΟΕΟ΅Έ™ΟΕΟ΅Έ™ΟΕΟ΅Έ™ΟΕΟ΅Έ™ΟΕΟ΅Έ™ΟΕΟ΅Έ™ΟΕΟ΅Έ™ΟΕΟ΅Έ™ΟΕΟ΅Έ™ΟΕΟ΅Έ™ΟΕΟ΅Έ™ΟΕΟ΅Έ™ΟΕΟ΅Έ™ΟΕΟ΅Έ™ΟΕΟ΅Έ™ΟΕΟ΅Έ™ΟΕΟ΅Έ™ΟΕΟ΅Έ™ΟΕΟ΅Έ™ΟΕΟ΅Έ™ΟΕΟ΅Έ™ΟΕΟ΅Έ™ΟΕΟ΅Έ™ΟΕΟ΅[0m
05-13 19:23:54.776 I/flutter ( 6541): [38;5;12mΈ™ΟΕΟ© 19:23:54.775 (+0:00:34.503732)[0m
05-13 19:23:54.776 I/flutter ( 6541): [38;5;12mΈ™ΟΕ¬ΘΈ™ΟΕΟΛΈ™ΟΕΟΛΈ™ΟΕΟΛΈ™ΟΕΟΛΈ™ΟΕΟΛΈ™ΟΕΟΛΈ™ΟΕΟΛΈ™ΟΕΟΛΈ™ΟΕΟΛΈ™ΟΕΟΛΈ™ΟΕΟΛΈ™ΟΕΟΛΈ™ΟΕΟΛΈ™ΟΕΟΛΈ™ΟΕΟΛΈ™ΟΕΟΛΈ™ΟΕΟΛΈ™ΟΕΟΛΈ™ΟΕΟΛΈ™ΟΕΟΛΈ™ΟΕΟΛΈ™ΟΕΟΛΈ™ΟΕΟΛΈ™ΟΕΟΛΈ™ΟΕΟΛΈ™ΟΕΟΛΈ™ΟΕΟΛΈ™ΟΕΟΛΈ™ΟΕΟΛΈ™ΟΕΟΛΈ™ΟΕΟΛΈ™ΟΕΟΛΈ™ΟΕΟΛΈ™ΟΕΟΛΈ™ΟΕΟΛΈ™ΟΕΟΛΈ™ΟΕΟΛΈ™ΟΕΟΛΈ™ΟΕΟΛΈ™ΟΕΟΛΈ™ΟΕΟΛΈ™ΟΕΟΛΈ™ΟΕΟΛΈ™ΟΕΟΛΈ™ΟΕΟΛΈ™ΟΕΟΛΈ™ΟΕΟΛΈ™ΟΕΟΛΈ™ΟΕΟΛΈ™ΟΕΟΛΈ™ΟΕΟΛΈ™ΟΕΟΛΈ™ΟΕΟΛΈ™ΟΕΟΛΈ™ΟΕΟΛΈ™ΟΕΟΛΈ™ΟΕΟΛΈ™ΟΕΟΛΈ™ΟΕΟΛΈ™ΟΕΟΛΈ™ΟΕΟΛΈ™ΟΕΟΛΈ™ΟΕΟΛΈ™ΟΕΟΛΈ™ΟΕΟΛΈ™ΟΕΟΛΈ™ΟΕΟΛΈ™ΟΕΟΛΈ™ΟΕΟΛΈ™ΟΕΟΛΈ™ΟΕΟΛΈ™ΟΕΟΛΈ™ΟΕΟΛΈ™ΟΕΟΛΈ™ΟΕΟΛΈ™ΟΕΟΛΈ™ΟΕΟΛΈ™ΟΕΟΛΈ™ΟΕΟΛ[0m
05-13 19:23:54.776 I/flutter ( 6541): [38;5;12mΈ™ΟΕΟ© βâΓΤ£ΟÜΟ≠ βâΓΤ£Ο¥β¨ê Notification block present Έ™Ο΅ΟΕ Android already displayed it[0m
05-13 19:23:54.776 I/flutter ( 6541): [38;5;12mΈ™ΟΕΟΕΈ™ΟΕΟ΅Έ™ΟΕΟ΅Έ™ΟΕΟ΅Έ™ΟΕΟ΅Έ™ΟΕΟ΅Έ™ΟΕΟ΅Έ™ΟΕΟ΅Έ™ΟΕΟ΅Έ™ΟΕΟ΅Έ™ΟΕΟ΅Έ™ΟΕΟ΅Έ™ΟΕΟ΅Έ™ΟΕΟ΅Έ™ΟΕΟ΅Έ™ΟΕΟ΅Έ™ΟΕΟ΅Έ™ΟΕΟ΅Έ™ΟΕΟ΅Έ™ΟΕΟ΅Έ™ΟΕΟ΅Έ™ΟΕΟ΅Έ™ΟΕΟ΅Έ™ΟΕΟ΅Έ™ΟΕΟ΅Έ™ΟΕΟ΅Έ™ΟΕΟ΅Έ™ΟΕΟ΅Έ™ΟΕΟ΅Έ™ΟΕΟ΅Έ™ΟΕΟ΅Έ™ΟΕΟ΅Έ™ΟΕΟ΅Έ™ΟΕΟ΅Έ™ΟΕΟ΅Έ™ΟΕΟ΅Έ™ΟΕΟ΅Έ™ΟΕΟ΅Έ™ΟΕΟ΅Έ™ΟΕΟ΅Έ™ΟΕΟ΅Έ™ΟΕΟ΅Έ™ΟΕΟ΅Έ™ΟΕΟ΅Έ™ΟΕΟ΅Έ™ΟΕΟ΅Έ™ΟΕΟ΅Έ™ΟΕΟ΅Έ™ΟΕΟ΅Έ™ΟΕΟ΅Έ™ΟΕΟ΅Έ™ΟΕΟ΅Έ™ΟΕΟ΅Έ™ΟΕΟ΅Έ™ΟΕΟ΅Έ™ΟΕΟ΅Έ™ΟΕΟ΅Έ™ΟΕΟ΅Έ™ΟΕΟ΅Έ™ΟΕΟ΅Έ™ΟΕΟ΅Έ™ΟΕΟ΅Έ™ΟΕΟ΅Έ™ΟΕΟ΅Έ™ΟΕΟ΅Έ™ΟΕΟ΅Έ™ΟΕΟ΅Έ™ΟΕΟ΅Έ™ΟΕΟ΅Έ™ΟΕΟ΅Έ™ΟΕΟ΅Έ™ΟΕΟ΅Έ™ΟΕΟ΅Έ™ΟΕΟ΅Έ™ΟΕΟ΅Έ™ΟΕΟ΅Έ™ΟΕΟ΅Έ™ΟΕΟ΅Έ™ΟΕΟ΅Έ™ΟΕΟ΅[0m
05-13 19:23:54.794 W/FirebaseMessaging( 6541): Unable to log event: analytics library is missing
05-13 19:23:54.795 D/SamsungAlarmManager(  997): Cancel Alarm calling from uid:10073 pid :17695 / OP:PendingIntent{17a560: PendingIntentRecord{8bb9c5c com.google.android.gms/com.google.android.gms.gcm broadcastIntent}}
05-13 19:23:54.796 V/SamsungAlarmManager(  997): setLocked to kernel - W:1505405062 / NW:1505391468, now=1505386263
05-13 19:23:54.822 D/NetworkController.WifiSignalController( 1397): notifyListener: visible=true, enabled=true, connected=true, inetCondition=1, isDefault=true, receivedCR=true, receivedIC=-1, shouldForceHide=false, emptyConnected=false
05-13 19:23:54.835 D/BoundBrokerSvc(17695): onRebind: Intent { act=com.google.android.gms.libs.gmscorelogger.service.START dat=chimera-action: cmp=com.google.android.gms/.chimera.PersistentDirectBootAwareApiService }
05-13 19:23:54.838 D/ApplicationPolicy(  997): isStatusBarNotificationAllowedAsUser: packageName = com.munawwaracare.andriod,userId = 0
05-13 19:23:54.838 D/ApplicationPolicy(  997): isStatusBarNotificationAllowedAsUser: packageName = com.munawwaracare.andriod,userId = 0
05-13 19:23:55.044 W/NotificationPrefHelper(  997): Got a isNotificationAlertsEnabled : true
05-13 19:23:55.050 D/MotionRecognitionService(  997):  open api 0
05-13 19:23:55.051 D/MotionRecognitionService(  997):   .registerCallback : 1, motion_sensors=3, client=com.android.server.notification.EasyMuteController$1@a75dec8
05-13 19:23:55.051 D/MotionRecognitionService(  997): Screen On.
05-13 19:23:55.051 D/MotionRecognitionService(  997): Acquire sensors : Settings = 11000100100000000000000101
05-13 19:23:55.051 D/MotionRecognitionService(  997): Acquired sensors for motion : 10011
05-13 19:23:55.051 V/MotionRecognitionManager(  997):   .registerListener : success. listener count = 0->1, motion_events=1, name :com.android.server.notification.EasyMuteController$1@a75dec8
05-13 19:23:55.051 I/EasyMuteController(  997): Reg. OverTurn
05-13 19:23:55.052 D/MotionRecognitionService(  997):   .isMotionEngineEnabled : true
05-13 19:23:55.052 D/MotionRecognitionService(  997):   .initializeMotionEngine
05-13 19:23:55.052 I/AccessibilityManager(  997): semStartFlashNotification notitype = null, getOpPackageName = android, sbnPackageName = com.munawwaracare.andriod
05-13 19:23:55.052 D/AccessibilityManagerService(  997): semStartFlashNotification
05-13 19:23:55.053 I/AccessibilityManagerService(  997): semStartFlashNotificationInner() type=Default, pkgName=android, token=android.os.Binder@630ec9d, sbnPkgName=com.munawwaracare.andriod, previewType=0
05-13 19:23:55.053 D/AccessibilityManagerService(  997): Can not use light notification
05-13 19:23:55.054 D/SensorService(  997): Calling batch handle==1601008243 flags=0 rate=200000000 timeout== 0
05-13 19:23:55.054 D/MotionEngine(  997): [MotionEngine]->Build Binary Type(user):0
05-13 19:23:55.054 D/MotionEngine(  997): [@@@ Motion Engine @@@] InitializeMotionManager ALL, DPS setting 2
05-13 19:23:55.055 I/Sensors (  556): batch(0) - accelerometer_sensor try to batching with 20000000
05-13 19:23:55.057 D/EdgeLightingManager(  997): isCallingUserSupported : callingUserId=0, mUserId=0, isDualAppId=false, isKnoxId=false
05-13 19:23:55.059 I/Sensors (  556): batch(2) - gyro_sensor try to batching with 20000000
05-13 19:23:55.059 D/EdgeLightingManager(  997): showForNotification : isInteractive=true, isHeadUp=true, color=0, canBypassDnd=false, sbn = StatusBarNotification(pkg=com.munawwaracare.andriod user=UserHandle{0} id=0 tag=FCM-Notification:710800252 key=0|com.munawwaracare.andriod|0|FCM-Notification:710800252|10358: Notification(channel=mc_default_v2 shortcut=null contentView=null vibrate=null sound=null defaults=0x0 flags=0x10 color=0xfff97316 vis=PUBLIC semFlags=0x0 semPriority=0 semMissedCount=0))
05-13 19:23:55.060 D/EdgeLightingClientManager(  997): isAvailableEdgeLighting: condition=1 mCondition=3 mIsConnected=false0
05-13 19:23:55.060 D/EdgeLightingManager(  997): showForNotificationScreenOn : return false by isAvailableEdgeLighting.
05-13 19:23:55.060 I/Sensors (  556): GyroSensor old sensor_state 16897, new sensor_state : 283695474819587 en : 1
05-13 19:23:55.063 W/NotificationHistory(  997): Attempted to add notif for locked/gone/disabled user 0
05-13 19:23:55.064 I/Sensors (  556): enable:: gyro_sensor(2)
05-13 19:23:55.065 V/MediaPlayer-JNI( 1397): native_setup
05-13 19:23:55.065 V/MediaPlayerNative( 1397): constructor
05-13 19:23:55.065 D/SensorManager(  997): registerListener :: 1601008243, Motion Sensor, 200000, 0, com.samsung.android.gesture.MotionRecognitionService$SensorListener@c8c686
05-13 19:23:55.066 V/MediaPlayerNative( 1397): setListener
05-13 19:23:55.066 D/MotionRecognitionService(  997): Acc/Gyro was enabled by motion sensor  = 1
05-13 19:23:55.066 D/MotionRecognitionService(  997): Acc/Gyro was enabled by motion sensor  = 2
05-13 19:23:55.066 D/MotionRecognitionService(  997): Motion,  result = 1
05-13 19:23:55.066 D/MotionRecognitionService(  997): Motion,  result = 1
05-13 19:23:55.066 D/MotionRecognitionService(  997): Settings updated : 11000100100000000000000101
05-13 19:23:55.066 E/SensorManager(  997): sensor or listener is null
05-13 19:23:55.071 I/Launcher.NotificationListener( 1885): onNotificationPosted : com.munawwaracare.andriod number : 0
05-13 19:23:55.071 I/Launcher.NotificationListener( 1885): notificationIsValidForUI : com.munawwaracare.andriod missingTitleAndText : false isGroupHeader : false
05-13 19:23:55.072 I/FolderIconView( 1885): applyDotState FolderInfo : Samsung display : 1 count : 0
05-13 19:23:55.072 I/FolderIconView( 1885): applyDotState FolderInfo : Google display : 1 count : 0
05-13 19:23:55.072 I/IconView( 1885): applyDotState itemInfo : Munawwara Care display : 1 count : 1
05-13 19:23:55.072 V/MediaPlayer-JNI( 1397): setParameter: key 1400
05-13 19:23:55.072 V/MediaPlayerNative( 1397): MediaPlayer::setParameter(1400)
05-13 19:23:55.081 V/APM_AudioPolicyManager(  583): setAudioPolicyConfig: audioParam;l_smart_view_split_sound_enable=false
05-13 19:23:55.082 I/MediaFocusControl(  997): requestAudioFocus() from uid/pid 10038/1397 AA=USAGE_NOTIFICATION/CONTENT_TYPE_UNKNOWN clientId=android.media.AudioManager@59a340e callingPack=com.android.systemui req=3 flags=0x0 sdk=31
05-13 19:23:55.082 I/AudioManager(  997): setParameters keyValuePairs = voip_app_state=-1
05-13 19:23:55.083 D/audio_hw_primary(  542): device-adev_set_parameters: enter with key(voip_app_state=-1)
05-13 19:23:55.085 D/MediaFocusControl(  997): The time required is 0.003 seconds.
05-13 19:23:55.086 D/MediaFocusControl(  997): selectFocusStack, uid = 10038, appDevice = 0, device = 2
05-13 19:23:55.087 I/AudioService.FadeOutManager(  997): unfadeOutUid() uid:10038
05-13 19:23:55.095 W/MediaProvider( 2634): Failed to fetch original file descriptor
05-13 19:23:55.095 W/MediaProvider( 2634): java.io.FileNotFoundException: Input file descriptor is already original
05-13 19:23:55.095 W/MediaProvider( 2634): 	at com.android.providers.media.MediaProvider.getOriginalMediaFormatFileDescriptor(MediaProvider.java:5861)
05-13 19:23:55.095 W/MediaProvider( 2634): 	at com.android.providers.media.MediaProvider.openTypedAssetFileCommon(MediaProvider.java:7318)
05-13 19:23:55.095 W/MediaProvider( 2634): 	at com.android.providers.media.MediaProvider.openTypedAssetFile(MediaProvider.java:7299)
05-13 19:23:55.095 W/MediaProvider( 2634): 	at android.content.ContentProvider$Transport.openTypedAssetFile(ContentProvider.java:562)
05-13 19:23:55.095 W/MediaProvider( 2634): 	at android.content.ContentProviderNative.onTransact(ContentProviderNative.java:327)
05-13 19:23:55.095 W/MediaProvider( 2634): 	at android.os.Binder.execTransactInternal(Binder.java:1220)
05-13 19:23:55.095 W/MediaProvider( 2634): 	at android.os.Binder.execTransact(Binder.java:1179)
05-13 19:23:55.096 V/MediaPlayer-JNI( 1397): setDataSourceFD: fd 258
05-13 19:23:55.096 V/MediaPlayerNative( 1397): setDataSource(258, 334110500, 493892)
05-13 19:23:55.098 V/MediaPlayerService(  689): Create new client(622) from AttributionSourceState{pid: 1397, uid: 10038, packageName: com.android.systemui, attributionTag: (null), token: {no toString() implemented}, renouncedPermissions: (null), next: []}, 
05-13 19:23:55.099 V/MediaPlayerService(  689): setDataSource fd=8, offset=334110500, length=493892
05-13 19:23:55.099 V/MediaPlayerService(  689): st_dev  = 66319
05-13 19:23:55.099 V/MediaPlayerService(  689): st_mode = 33188
05-13 19:23:55.099 V/MediaPlayerService(  689): st_uid  = 1000
05-13 19:23:55.099 V/MediaPlayerService(  689): st_gid  = 1000
05-13 19:23:55.099 V/MediaPlayerService(  689): st_size = 370661908
05-13 19:23:55.099 V/MediaPlayerService(  689): player type = 4
05-13 19:23:55.100 D/NuPlayerDriver(  689): NuPlayerDriver(0xeb2033d0) created, clientPid(1397)
05-13 19:23:55.110 V/AudioSink(  689): AudioOutput(19897)
05-13 19:23:55.110 V/NuPlayerDriver(  689): setDataSource(0xeb2033d0) file(8)
05-13 19:23:55.110 V/NuPlayer(  689): setDataSourceAsync fd 8/334110500/493892 source: 0xeac072d0
05-13 19:23:55.110 V/NuPlayer(  689): kWhatSetAudioSink
05-13 19:23:55.110 V/NuPlayer(  689): kWhatSetDataSource
05-13 19:23:55.111 V/MediaPlayer-JNI( 1397): setLooping: 0
05-13 19:23:55.112 V/MediaPlayerNative( 1397): MediaPlayer::setLooping
05-13 19:23:55.112 V/MediaPlayerService(  689): [622] setLooping(0)
05-13 19:23:55.113 V/MediaPlayerNative( 1397): setVideoSurfaceTexture
05-13 19:23:55.113 D/InterruptionStateProvider( 1397): No bubble up: not allowed to bubble: 0|com.munawwaracare.andriod|0|FCM-Notification:710800252|10358
05-13 19:23:55.115 W/NotifBindPipeline( 1397): Row is not set so pipeline will not run. notif = 0|com.munawwaracare.andriod|0|FCM-Notification:710800252|10358
05-13 19:23:55.115 D/PeopleSpaceWidgetMgr( 1397): Sbn doesn't contain valid PeopleTileKey: null/0/com.munawwaracare.andriod
05-13 19:23:55.115 V/MediaPlayerService(  689): [622] setVideoSurfaceTexture(0x0)
05-13 19:23:55.116 V/MediaPlayerNative( 1397): prepare
05-13 19:23:55.116 V/MediaPlayerService(  689): [622] setParameter(1400)
05-13 19:23:55.116 V/MediaPlayerService(  689): setAudioAttributes_l() usage=5 content=0 flags=0x800 tags=
05-13 19:23:55.119 V/MediaPlayerService(  689): [622] prepareAsync
05-13 19:23:55.119 V/NuPlayerDriver(  689): prepareAsync(0xeb2033d0)
05-13 19:23:55.119 V/NuPlayer(  689): prepareAsync
05-13 19:23:55.119 V/NuPlayer(  689): onMessageReceived kWhatPrepare
05-13 19:23:55.119 I/MediaMonitor(  689): MediaMonitor()
05-13 19:23:55.120 I/DrmManagerService(Native)(  657): value of perm = 2 return true from DRM FW
05-13 19:23:55.120 E/SEC_DRM_PLUGIN_Omafl(  657): OmaPlugin::onOpenDecryptSession(fd)::Drm2IsDrmFileByExtFd::file is NOT DRM by extension
05-13 19:23:55.123 D/GenericSource(  689): FileSource remote
05-13 19:23:55.132 I/MediaExtractorFactory(  687): Created an extractor 'SECWAVExtractor' with confidence 0.31
05-13 19:23:55.134 I/AnotherPacketSource(  689): setFormat() : audio/raw
05-13 19:23:55.135 V/NuPlayer(  689): onSourceNotify() kWhatFlagsChanged  FLAG_CAN_PAUSE: 1  FLAG_CAN_SEEK_BACKWARD: 1 
05-13 19:23:55.135 V/NuPlayer(  689): 				 FLAG_CAN_SEEK_FORWARD: 1  FLAG_CAN_SEEK: 1  FLAG_DYNAMIC_DURATION: 0 
05-13 19:23:55.135 V/NuPlayer(  689): 				 FLAG_SECURE: 0  FLAG_PROTECTED: 0
05-13 19:23:55.135 D/MediaBufferGroup(  687): creating MemoryDealer
05-13 19:23:55.136 V/NuPlayer(  689): Source::notifyPrepared 0
05-13 19:23:55.136 V/NuPlayer(  689): prepare posted successfully.
05-13 19:23:55.136 I/NuPlayer(  689): ORmode enabled : unsupportedAudio = 0, unsupportedVideo = 0, mHaveAudioTrack = 1, mHaveVideoTrack = 0
05-13 19:23:55.136 V/MediaPlayerService(  689): [622] notify (200, 10973, 0)
05-13 19:23:55.136 V/NuPlayer(  689): NuPlayer::onSourceNotify Source::kWhatPrepared source: 0xeac072d0
05-13 19:23:55.136 V/MediaPlayerNative( 1397): message received msg=200, ext1=10973, ext2=0
05-13 19:23:55.136 W/MediaPlayerNative( 1397): info/warning (10973, 0)
05-13 19:23:55.137 V/NuPlayer(  689): extractMetadata Tracks : 1
05-13 19:23:55.138 V/NuPlayer(  689): enableInbandTextFromExtr
05-13 19:23:55.139 V/NuPlayerDriver(  689): notifyPrepareCompleted 0
05-13 19:23:55.139 V/MediaPlayerService(  689): [622] notify (1, 0, 0)
05-13 19:23:55.139 V/MediaPlayerNative( 1397): message received msg=1, ext1=0, ext2=0
05-13 19:23:55.140 V/MediaPlayerNative( 1397): MediaPlayer::notify() prepared
05-13 19:23:55.140 V/MediaPlayerNative( 1397): signal application thread
05-13 19:23:55.140 V/MediaPlayerNative( 1397): prepare complete - status=0
05-13 19:23:55.143 V/MediaPlayerNative( 1397): invoke 76
05-13 19:23:55.143 V/NuPlayer(  689): getTrackInfo
05-13 19:23:55.144 W/NuPlayer(  689): no name
05-13 19:23:55.153 I/GenericSource(  689): readBuffer(Audio) mode = 0, EOS
05-13 19:23:55.175 D/PhoneStatusBarView( 1397): shouldPanelBeVisible true / headUpVisible=false, why=-1
05-13 19:23:55.176 V/PanelBar( 1397): go state: 0 -> 1
05-13 19:23:55.176 D/PanelBar( 1397): go state: 0 -> 1, tracking=false, expanded=true, fraction=0.000000
05-13 19:23:55.176 D/PanelStateNotifier( 1397): Sending action = com.samsung.systemui.statusbar.ANIMATING, force = false
05-13 19:23:55.176 V/PanelBar( 1397): onPanelPeeked
05-13 19:23:55.176 I/StatusBar( 1397): makeExpandedVisible : mExpandedVisible = false, force = false, panelsEnabled = true
05-13 19:23:55.177 D/KeyguardVisibleMonitor( 1397): isExpanded: false -> true
05-13 19:23:55.177 D/KeyguardVisibleMonitor( 1397): Window state diff only {
05-13 19:23:55.177 D/KeyguardVisibleMonitor( 1397):   mNotificationShadeFocusable: false -> true
05-13 19:23:55.177 D/KeyguardVisibleMonitor( 1397):   mPanelVisible: false -> true
05-13 19:23:55.177 D/KeyguardVisibleMonitor( 1397): }
05-13 19:23:55.179 I/AppOps  (  997): updateUidProcState uid: 10038 procState: 1 capability:15
05-13 19:23:55.180 I/CameraService(  677): onUidStateChanged: uid=10038, procState is changed. (0 -> 1)
05-13 19:23:55.180 D/InputMethodManagerService(  997): DESKTOP MODE! : 2
05-13 19:23:55.180 D/InputMethodManagerService(  997): NOT IN KNOX DESKTOP MODE!
05-13 19:23:55.181 W/NetlinkSocket(  997): maximum read
05-13 19:23:55.181 D/StatusBar( 1397): disable<e i a s b h r c s k t > disable2<q i n >
05-13 19:23:55.183 D/KeyguardVisibleMonitor( 1397): isExpanded: true -> false
05-13 19:23:55.183 D/KeyguardVisibleMonitor( 1397): Window state diff only {
05-13 19:23:55.183 D/KeyguardVisibleMonitor( 1397):   mForceCollapsed: false -> true
05-13 19:23:55.183 D/KeyguardVisibleMonitor( 1397): }
05-13 19:23:55.184 I/AppOps  (  997): updateUidProcState uid: 10038 procState: 0 capability:15
05-13 19:23:55.185 W/TouchableRegionManager( 1397): onHeadsUpPinnedModeChanged
05-13 19:23:55.185 I/CameraService(  677): onUidStateChanged: uid=10038, procState is changed. (1 -> 0)
05-13 19:23:55.186 W/NetlinkSocket(  997): maximum read
05-13 19:23:55.199 V/WindowManager(  997): Relayout Window{5c19576 u0 NotificationShade}: viewVisibility=4 req=1080x2280 d0
05-13 19:23:55.205 V/WindowManager(  997): Relayout hash=5c19576, pid=1397: mAttrs={(0,0)(fillxfill) gr=TOP CENTER_VERTICAL sim={adjust=resize} layoutInDisplayCutoutMode=always ty=2040 fmt=TRANSLUCENT
05-13 19:23:55.205 V/WindowManager(  997):   fl=81840068
05-13 19:23:55.205 V/WindowManager(  997):   pfl=1b000000
05-13 19:23:55.205 V/WindowManager(  997):   bhv=SHOW_TRANSIENT_BARS_BY_SWIPE naviIconColor=0
05-13 19:23:55.205 V/WindowManager(  997):   sfl=42000}
05-13 19:23:55.206 I/ViewRootImpl@4b9445e[NotificationShade]( 1397): Relayout returned: old=(0,0,1080,2280) new=(0,0,1080,2280) req=(1080,2280)4 dur=7 res=0x1 s={false 0} ch=false fn=-1
05-13 19:23:55.209 D/QS      ( 1397): setQSExpansion 0.0 -116.60616
05-13 19:23:55.209 V/SecQSFragmentAnimatorBase( 1397): setQsExpansionPosition 0.0
05-13 19:23:55.209 V/QsExpandAnimator( 1397): setQsExpansionPosition 0.0 0
05-13 19:23:55.209 D/QS      ( 1397): setQSExpansion 0.0 -116.60616
05-13 19:23:55.214 V/WindowManager(  997): Relayout Window{db9252d u0 StatusBar}: viewVisibility=0 req=1080x107 d0
05-13 19:23:55.215 I/WindowManager(  997): Cancelling animation restarting=true, leash=Surface(name=Surface(name=db9252d StatusBar)/@0xf362ea6 - animation-leash of insets_animation)/@0xb73e1c3
05-13 19:23:55.215 I/WindowManager(  997): Reparenting to original parent: Surface(name=WindowToken{79906d6 android.os.BinderProxy@82af298})/@0x6aca0e7, destroy=false, surface=Surface(name=db9252d StatusBar)/@0xf362ea6
05-13 19:23:55.215 I/WindowManager(  997): Reparenting to leash, surface=Surface(name=db9252d StatusBar)/@0xf362ea6, leashParent=Surface(name=WindowToken{79906d6 android.os.BinderProxy@82af298})/@0x6aca0e7
05-13 19:23:55.215 I/SurfaceFlinger(  590): id=30678 createSurf (0x0),-1 flag=24000, Surface(name=db9252d StatusBar)/@0xf362ea6 - animation-leash of insets_animation#0
05-13 19:23:55.217 D/WindowManager(  997): makeSurface duration=2 leash=Surface(name=Surface(name=db9252d StatusBar)/@0xf362ea6 - animation-leash of insets_animation)/@0x3368e9a
05-13 19:23:55.221 V/WindowManager(  997): Relayout hash=db9252d, pid=1397: mAttrs={(0,0)(fillx107) gr=TOP CENTER_VERTICAL sim={adjust=pan} layoutInDisplayCutoutMode=always ty=STATUS_BAR fmt=TRANSLUCENT
05-13 19:23:55.221 V/WindowManager(  997):   fl=81000008
05-13 19:23:55.221 V/WindowManager(  997):   pfl=13001000
05-13 19:23:55.221 V/WindowManager(  997):   bhv=DEFAULT naviIconColor=0
05-13 19:23:55.221 V/WindowManager(  997):   sfl=2000}
05-13 19:23:55.222 I/ViewRootImpl@8ec32d1[StatusBar]( 1397): Relayout returned: old=(0,0,1080,107) new=(0,0,1080,107) req=(1080,107)0 dur=9 res=0x1 s={true 516644883136} ch=false fn=179635
05-13 19:23:55.222 I/Layer   (  590): id=30677 removeFromCurrentState Surface(name=db9252d StatusBar)/@0xf362ea6 - animation-leash of insets_animation#1 (105)
05-13 19:23:55.223 I/SurfaceFlinger(  590): id=30677 Removed Surface(name=db9252d StatusBar)/@0xf362ea6 - animation-leash of insets_animation#1 (105)
05-13 19:23:55.223 D/IndicatorGardenInputProperty( 1397): updateRotation() prv:-1 >> new:0
05-13 19:23:55.224 D/DeviceState( 1397): getDeviceResolutionPixelSize - currentDensity = 420 deviceDensity = 420 initialDisplaySizeFactor = 1440 currentDisplaySizeFactor = 1080 initialDisplayDensity = 560 proportionalDensity = 420 proportionalPixel = 56
05-13 19:23:55.224 D/DeviceState( 1397): getDeviceResolutionPixelSize - currentDensity = 420 deviceDensity = 420 initialDisplaySizeFactor = 1440 currentDisplaySizeFactor = 1080 initialDisplayDensity = 560 proportionalDensity = 420 proportionalPixel = 25
05-13 19:23:55.224 D/DeviceState( 1397): getDeviceResolutionPixelSize - currentDensity = 420 deviceDensity = 420 initialDisplaySizeFactor = 1440 currentDisplaySizeFactor = 1080 initialDisplayDensity = 560 proportionalDensity = 420 proportionalPixel = 24
05-13 19:23:55.224 I/Layer   (  590): id=30677 Destroyed Surface(name=db9252d StatusBar)/@0xf362ea6 - animation-leash of insets_animation#1
05-13 19:23:55.226 D/KeyguardVisibleMonitor( 1397): isExpanded: false -> true
05-13 19:23:55.226 D/KeyguardVisibleMonitor( 1397): Window state diff only {
05-13 19:23:55.226 D/KeyguardVisibleMonitor( 1397):   mForceCollapsed: true -> false
05-13 19:23:55.226 D/KeyguardVisibleMonitor( 1397): }
05-13 19:23:55.229 I/AppOps  (  997): updateUidProcState uid: 10038 procState: 1 capability:15
05-13 19:23:55.230 D/KeyguardVisibleMonitor( 1397): visibilityChanged 4 -> 0
05-13 19:23:55.231 I/CameraService(  677): onUidStateChanged: uid=10038, procState is changed. (0 -> 1)
05-13 19:23:55.232 W/NetlinkSocket(  997): maximum read
05-13 19:23:55.235 V/WindowManager(  997): Relayout Window{5c19576 u0 NotificationShade}: viewVisibility=0 req=1080x2280 d0
05-13 19:23:55.236 I/SurfaceFlinger(  590): id=30679 createSurf (1080x2280),-3 flag=40004, NotificationShade$_1397#0
05-13 19:23:55.237 D/WindowManager(  997): makeSurface duration=1 name=NotificationShade$_1397
05-13 19:23:55.243 V/WindowManager(  997): Relayout hash=5c19576, pid=1397: mAttrs={(0,0)(fillxfill) gr=TOP CENTER_VERTICAL sim={adjust=resize} layoutInDisplayCutoutMode=always ty=2040 fmt=TRANSLUCENT
05-13 19:23:55.243 V/WindowManager(  997):   fl=81840068
05-13 19:23:55.243 V/WindowManager(  997):   pfl=1a000000
05-13 19:23:55.243 V/WindowManager(  997):   bhv=SHOW_TRANSIENT_BARS_BY_SWIPE naviIconColor=0
05-13 19:23:55.243 V/WindowManager(  997):   sfl=42000}
05-13 19:23:55.246 I/ViewRootImpl@4b9445e[NotificationShade]( 1397): Relayout returned: old=(0,0,1080,2280) new=(0,0,1080,2280) req=(1080,2280)0 dur=10 res=0x7 s={true 516647734576} ch=true fn=-1
05-13 19:23:55.247 D/OpenGLRenderer( 1397): eglCreateWindowSurface
05-13 19:23:55.247 D/QS      ( 1397): setQSExpansion 0.0 -116.60616
05-13 19:23:55.247 D/QS      ( 1397): setQSExpansion 0.0 -116.60616
05-13 19:23:55.248 I/ViewRootImpl@4b9445e[NotificationShade]( 1397): [DP] dp(1) 0 android.view.ViewRootImpl.reportNextDraw:11442 android.view.ViewRootImpl.performTraversals:4198 android.view.ViewRootImpl.doTraversal:2924 
05-13 19:23:55.249 D/ViewRootImpl@4b9445e[NotificationShade]( 1397): Creating frameDrawingCallback nextDrawUseBlastSync=false reportNextDraw=true hasBlurUpdates=false
05-13 19:23:55.249 D/ViewRootImpl@4b9445e[NotificationShade]( 1397): Creating frameCompleteCallback
05-13 19:23:55.249 D/MotionEngine(  997): [MotionEngine] -> DirectCall -> Proximitor Ready for acc direct call ready
05-13 19:23:55.258 D/ViewRootImpl@4b9445e[NotificationShade]( 1397): Received frameDrawingCallback frameNum=1. Creating transactionCompleteCallback=false
05-13 19:23:55.262 D/ViewRootImpl@4b9445e[NotificationShade]( 1397): Received frameCompleteCallback  lastAcquiredFrameNum=1 lastAttemptedDrawFrameNum=1
05-13 19:23:55.263 I/ViewRootImpl@4b9445e[NotificationShade]( 1397): [DP] pdf(0) 0 android.view.ViewRootImpl.lambda$addFrameCompleteCallbackIfNeeded$3$ViewRootImpl:5000 android.view.ViewRootImpl$$ExternalSyntheticLambda16.run:6 android.os.Handler.handleCallback:938 
05-13 19:23:55.263 I/ViewRootImpl@4b9445e[NotificationShade]( 1397): [DP] rdf()
05-13 19:23:55.263 D/ViewRootImpl@4b9445e[NotificationShade]( 1397): reportDrawFinished (fn: -1) 
05-13 19:23:55.264 D/WindowManager(  997): finishDrawingWindow: Window{5c19576 u0 NotificationShade} mDrawState=DRAW_PENDING
05-13 19:23:55.276 D/SurfaceFlinger(  590): Display 0 HWC layers:
05-13 19:23:55.276 D/SurfaceFlinger(  590):      DEVICE | 0x7237afaad0 | 0100 | RGBx_8888    |   51.0    0.0 1131.0 2280.0 |    0    0 1080 2280 | Wallpaper BBQ wrapper#0
05-13 19:23:55.276 D/SurfaceFlinger(  590):      DEVICE | 0x7237ae6910 | 0100 | RGBA_8888    |    0.0    0.0 1080.0 2280.0 |    0    0 1080 2280 | com.sec.android.app.launcher/com.sec[...].activities.LauncherActivity$_1885#0
05-13 19:23:55.276 D/SurfaceFlinger(  590):      DEVICE | 0x7237aff510 | 0100 | RGBA_8888    |    0.0    0.0 1080.0  107.0 |    0    0 1080  107 | StatusBar$_1397#0
05-13 19:23:55.276 D/SurfaceFlinger(  590):      DEVICE | 0x7237acc450 | 0100 | RGBA_8888    |    0.0    0.0 1080.0 2280.0 |    0    0 1080 2280 | NotificationShade$_1397#0
05-13 19:23:55.276 D/SurfaceFlinger(  590):      DEVICE | 0x7237ace3d0 | 0100 | RGBA_8888    |    0.0    0.0 1080.0  126.0 |    0 2154 1080 2280 | NavigationBar0$_1397#0
05-13 19:23:55.276 D/SurfaceFlinger(  590): 
05-13 19:23:55.558 D/VibratorManagerService(  997): vibrate - uid: 1000, opPkg: android, effect: Mono{mEffect=Composed{segments=[SemHaptic{mType=50034, mRepeat=-1, mMagnitude=-1, mMagnitudeType=TYPE_NOTIFICATION}], repeat=-1, mMagnitudeType=TYPE_EXTRA}}, attrs: VibrationAttributes: Usage=NOTIFICATION Audio Usage= USAGE_NOTIFICATION Flags=0, reason: Notification (com.munawwaracare.andriod 10358) (Delayed), token: android.os.Binder@dc81f01
05-13 19:23:55.558 D/VibratorManagerService(  997): This 50034 is not supported for engine.
05-13 19:23:55.558 V/VibratorManagerService(  997): semPatternVibrate - package: android, reason: Notification (com.munawwaracare.andriod 10358) (Delayed), repeat: -1, token: android.os.Binder@dc81f01, mag: 6000, TYPE_NOTIFICATION
05-13 19:23:55.560 D/VibrationThread(  997): StartVibrateStep for effect #0
05-13 19:23:55.560 I/VibratorController(  997): vibratorSetFrequencyType started
05-13 19:23:55.561 E/servicemanager(  415): Could not find android.hardware.vibrator.IVibrator/default in the VINTF manifest.
05-13 19:23:55.561 I/VibratorController(  997): sehSetFrequencyType hidl vendor
05-13 19:23:55.561 D/VibratorController(  997): SehFrequencyType command success(0).
05-13 19:23:55.562 E/SecVibrator-HAL2.2_A(  575): >> writeNode node:/timed_output/vibrator/multi_freq val:0
05-13 19:23:55.563 E/SecVibrator-HAL2.2_A(  575): << writeNode node OK 2
05-13 19:23:55.564 I/VibratorController(  997): vibratorSetIntensity started
05-13 19:23:55.564 E/servicemanager(  415): Could not find android.hardware.vibrator.IVibrator/default in the VINTF manifest.
05-13 19:23:55.564 D/VibratorController(  997): sehSetAmplitude hidl vendor
05-13 19:23:55.565 E/SecVibrator-HAL2.2_A(  575): >> writeNode node:/timed_output/vibrator/intensity val:6000
05-13 19:23:55.565 E/SecVibrator-HAL2.2_A(  575): << writeNode node OK 5
05-13 19:23:55.565 D/VibrationThread(  997): Running amplitude step with 0ms latency.
05-13 19:23:55.565 D/VibrationThread(  997): Running amplitude step with 0ms latency.
05-13 19:23:55.565 D/VibrationThread(  997): sepIndex=50034, intensity=6000, repeat=false
05-13 19:23:55.565 D/VibrationThread(  997): Turning on vibrator 0 for 250ms
05-13 19:23:55.566 E/SecVibrator-HAL2.2_A(  575): >> writeNode node:/timed_output/vibrator/enable val:250
05-13 19:23:55.566 E/SecVibrator-HAL2.2_A(  575): << writeNode node OK 4
05-13 19:23:55.646 D/AudioPlayerStateMonitor(  997): Found a new active media playback. AudioPlaybackConfiguration piid:16023 deviceId:0 type:android.media.MediaPlayer u/pid:10038/1397 state:started attr:AudioAttributes: usage=USAGE_NOTIFICATION content=CONTENT_TYPE_UNKNOWN flags=0x800 tags= bundle=null sessionId:0
05-13 19:23:55.649 D/MediaRouter( 1397): onRestoreRoute() : route=RouteInfo{ name=Phone, description=null, status=null, category=RouteCategory{ name=System types=ROUTE_TYPE_LIVE_AUDIO ROUTE_TYPE_LIVE_VIDEO  groupable=false }, supportedTypes=ROUTE_TYPE_LIVE_AUDIO ROUTE_TYPE_LIVE_VIDEO , presentationDisplay=null }
05-13 19:23:55.649 V/MediaRouter( 1397): Selecting route: RouteInfo{ name=Phone, description=null, status=null, category=RouteCategory{ name=System types=ROUTE_TYPE_LIVE_AUDIO ROUTE_TYPE_LIVE_VIDEO  groupable=false }, supportedTypes=ROUTE_TYPE_LIVE_AUDIO ROUTE_TYPE_LIVE_VIDEO , presentationDisplay=null }
05-13 19:23:55.650 V/MediaPlayerService(  689): [622] enableAudioDeviceCallback, 1
05-13 19:23:55.650 V/AudioSink(  689): enableAudioDeviceCallback, 1
05-13 19:23:55.651 V/MediaPlayer-JNI( 1397): start
05-13 19:23:55.651 V/MediaPlayerNative( 1397): start
05-13 19:23:55.651 V/MediaPlayerService(  689): [622] setLooping(0)
05-13 19:23:55.651 V/MediaPlayerService(  689): [622] setVolume(1.000000, 1.000000)
05-13 19:23:55.652 V/AudioSink(  689): setVolume(1.000000, 1.000000)
05-13 19:23:55.652 V/MediaPlayerService(  689): [622] setAuxEffectSendLevel(0.000000)
05-13 19:23:55.652 V/AudioSink(  689): setAuxEffectSendLevel(0.000000)
05-13 19:23:55.652 V/MediaPlayerService(  689): [622] start
05-13 19:23:55.652 V/MediaPlayerService(  689): getClientDuration
05-13 19:23:55.652 V/MediaPlayerService(  689): getDuration
05-13 19:23:55.652 V/MediaPlayerService(  689): [622] getDuration = 2800
05-13 19:23:55.652 V/NuPlayerDriver(  689): start(0xeb2033d0), state is 4, eos is 0
05-13 19:23:55.652 V/NuPlayer(  689): kWhatStart
05-13 19:23:55.652 V/NuPlayer(  689): onStart: mCrypto: 0x0 (0)
05-13 19:23:55.652 I/GenericSource(  689): start
05-13 19:23:55.653 V/NuPlayer(  689): checkOffloadExceptions is true, call canOffloadStream
