05-13 19:12:12.160 I/AutoPasteSuggestionHelper( 6314): AutoPasteSuggestionHelper.createProactiveSuggestions():471 Failed to create item chips.
05-13 19:12:12.162 I/VoiceInputManagerWrapper( 6314): VoiceInputManagerWrapper.shutdown():122 shutdown()
05-13 19:12:12.163 I/GlobeKeyExtension( 6314): GlobeKeyExtension.onActivate():70 
05-13 19:12:12.164 I/CrowdsourceExtension( 6314): CrowdsourceExtension.checkIfDefaultBrowserIsAllowed():109 Failed to get default browser. The default browser may be deactivated.
05-13 19:12:12.166 I/NewLanguagePromptExtension( 6314): NewLanguagePromptExtension.onActivate():186 Not activated NewLanguagePromptExtension: not a normal text input box.
05-13 19:12:12.167 I/VoiceInputManagerWrapper( 6314): VoiceInputManagerWrapper.cancelShutdown():100 cancelShutdown()
05-13 19:12:12.167 I/VoiceInputManagerWrapper( 6314): VoiceInputManagerWrapper.syncLanguagePacks():112 syncLanguagePacks()
05-13 19:12:12.167 I/VoiceInputManager( 6314): VoiceInputManager.onKeyboardActivated():1023 onKeyboardActivated() [UD]
05-13 19:12:12.168 I/SpeechFactory( 6314): SpeechRecognitionFactory.maybeScheduleAutoPackDownloadForFallback():161 maybeScheduleAutoPackDownloadForFallback()
05-13 19:12:12.168 I/FallbackOnDeviceRecognitionProvider( 6314): FallbackOnDeviceRecognitionProvider.maybeScheduleAutoPackDownload():198 maybeScheduleAutoPackDownload() for language tag en-US
05-13 19:12:12.168 I/AccessoryInputModeManager( 6314): AccessoryInputModeManager.onModeStarted():322 Accessory input mode started: null
05-13 19:12:12.168 I/ProactiveUndoTriggerExtension( 6314): ProactiveUndoTriggerExtension.eventConsumer$lambda$0():125 kyp{intention=null, keyCode=-10160, DEACTIVATE_SUPPLEMENTARY_KEYBOARD, data=accessory_candidates_consumer}
05-13 19:12:12.170 I/KeyboardModeUtils( 6314): KeyboardModeUtils.getKeyboardBottomOffset():437 inch: 0.000000 ydpi: 420.000000 adjustKeyboardBottomByDisplaySize: false currentDensityDpi: 420 defaultDensityDpi: 420 keyboardBottomToScreenPx: 0 keyboardBottomToNavBarPx: -126 navBarHeight: 126
05-13 19:12:12.170 I/KeyboardHeightUtil( 6314): KeyboardHeightUtil.calculateMaxKeyboardBodyHeight():46 leave 281 height for app when ime window height:1731, header height:116 and isFullscreenMode:false, so the max keyboard body height is:1334
05-13 19:12:12.170 I/KeyboardHeightUtil( 6314): KeyboardHeightUtil.calculateMaxKeyboardBodyHeight():46 leave 281 height for app when ime window height:1731, header height:116 and isFullscreenMode:false, so the max keyboard body height is:1334
05-13 19:12:12.170 I/KeyboardHeightUtil( 6314): KeyboardHeightUtil.calculateMaxKeyboardBodyHeight():46 leave 281 height for app when ime window height:1731, header height:116 and isFullscreenMode:false, so the max keyboard body height is:1334
05-13 19:12:12.170 I/KeyboardHeightUtil( 6314): KeyboardHeightUtil.calculateMaxKeyboardBodyHeight():46 leave 281 height for app when ime window height:1731, header height:116 and isFullscreenMode:false, so the max keyboard body height is:1334
05-13 19:12:12.171 W/ExtensionWrapper( 6314): ExtensionWrapper.setExtensionViewVisibility():801 interface koa is not activate
05-13 19:12:12.172 I/Module  ( 6314): DeviceLockedStatusModuleProvider$Module.updateDeviceLockedStatus():100 repeatCheckTimes = 1, locked = false
05-13 19:12:12.174 I/HardKeyTracker( 6314): HardKeyTracker.unregisterKeySequence():182 Unregister key sequence lsr{labelResId=2132020169, callback=cbb@7cd0e4, lastModifier=2, keyCodes=[48], actions=[0]}
05-13 19:12:12.174 I/HardKeyTracker( 6314): HardKeyTracker.registerKeySequence():138 Register key sequence lsr{labelResId=2132020169, callback=cbb@8b82976, lastModifier=2, keyCodes=[48], actions=[0]}
05-13 19:12:12.177 I/HardKeyTracker( 6314): HardKeyTracker.unregisterKeySequence():182 Unregister key sequence lsr{labelResId=2132020170, callback=cbb@293dbce, lastModifier=2, keyCodes=[32], actions=[0]}
05-13 19:12:12.177 I/HardKeyTracker( 6314): HardKeyTracker.registerKeySequence():138 Register key sequence lsr{labelResId=2132020170, callback=cbb@d89fb7c, lastModifier=2, keyCodes=[32], actions=[0]}
05-13 19:12:12.178 I/VoiceImeExtension( 6314): VoiceImeExtension.shouldStartVoiceInputAutomaticallyInCurrentInputBox():469 No private IME option set to start voice input.
05-13 19:12:12.179 I/GoogleInputMethodService( 6314): GoogleInputMethodService.onFinishInputView():1524 
05-13 19:12:12.181 I/GlobeKeyExtension( 6314): GlobeKeyExtension.onDeactivate():104 
05-13 19:12:12.181 I/VoiceInputManagerWrapper( 6314): VoiceInputManagerWrapper.shutdown():122 shutdown()
05-13 19:12:12.182 W/TooltipLifecycleManager( 6314): TooltipLifecycleManager.dismissTooltips():154 Tooltip with id spell_check_add_to_dictionary not found in tooltipManager.
05-13 19:12:12.182 I/AndroidIME( 6314): AbstractIme.onDeactivate():203 PasswordIme.onDeactivate()
05-13 19:12:12.185 I/ImeTracker( 6314): system_server:bad32f05: onHidden
05-13 19:12:12.189 I/KeyboardModeUtils( 6314): KeyboardModeUtils.getKeyboardBottomOffset():437 inch: 0.000000 ydpi: 420.000000 adjustKeyboardBottomByDisplaySize: false currentDensityDpi: 420 defaultDensityDpi: 420 keyboardBottomToScreenPx: 0 keyboardBottomToNavBarPx: -126 navBarHeight: 126
05-13 19:12:12.189 I/KeyboardHeightUtil( 6314): KeyboardHeightUtil.calculateMaxKeyboardBodyHeight():46 leave 281 height for app when ime window height:1731, header height:116 and isFullscreenMode:false, so the max keyboard body height is:1334
05-13 19:12:12.189 I/KeyboardHeightUtil( 6314): KeyboardHeightUtil.calculateMaxKeyboardBodyHeight():46 leave 281 height for app when ime window height:1731, header height:116 and isFullscreenMode:false, so the max keyboard body height is:1334
05-13 19:12:12.189 I/WindowMetricsNotification( 6314): WindowMetricsNotification.notifyWithWindow():166 
05-13 19:12:12.189 I/WindowMetricsNotification( 6314): WindowMetricsNotification.notify():159 mub[bounds=Rect(0, 63 - 1080, 1920), insets=Rect(0, 0 - 0, 126), densityDpi=420, smallestScreenWidthDp=411, displayWidth=1080, displayHeight=1920, xdpi=420.0, ydpi=420.0, isTrustable=true, displayId=0]; DisplayMetrics{density=2.625, width=1080, height=1920, scaledDensity=2.625, xdpi=420.0, ydpi=420.0}
05-13 19:12:12.194 I/GoogleInputMethodService( 6314): GoogleInputMethodService$1.onKeyboardViewShown():312 onKeyboardViewShown: keyboardType=prime, keyboardViewType=HEADER keyboardView=com.google.android.libraries.inputmethod.widgets.SoftKeyboardView{85a9144 V.E...... ........ 0,0-1080,116 aid=2790}
05-13 19:12:12.195 I/KeyboardHeightUtil( 6314): KeyboardHeightUtil.calculateMaxKeyboardBodyHeight():46 leave 281 height for app when ime window height:1731, header height:116 and isFullscreenMode:false, so the max keyboard body height is:1334
05-13 19:12:12.195 I/GoogleInputMethodService( 6314): GoogleInputMethodService$1.onKeyboardViewShown():312 onKeyboardViewShown: keyboardType=prime, keyboardViewType=BODY keyboardView=com.google.android.libraries.inputmethod.widgets.SoftKeyboardView{b82203f V.E...... ........ 0,0-1080,630 aid=2872}
05-13 19:12:12.195 I/KeyboardHeightUtil( 6314): KeyboardHeightUtil.calculateMaxKeyboardBodyHeight():46 leave 281 height for app when ime window height:1731, header height:116 and isFullscreenMode:false, so the max keyboard body height is:1334
05-13 19:12:12.195 I/NewLanguagePromptExtension( 6314): NewLanguagePromptExtension$1.onKeyboardViewShown():86 Not show new language banner: not prime keyboard, or the extension not activated.
05-13 19:12:12.685 W/AS.PlaybackActivityMon(  701): No piid assigned for invalid/internal port id 15
05-13 19:12:12.687 W/TooltipLifecycleManager( 6314): TooltipLifecycleManager.dismissTooltips():154 Tooltip with id undo_access_point_promotion_banner not found in tooltipManager.
05-13 19:12:12.697 I/ImeTracker(  701): system_server:238a9d2d: onRequestHide at ORIGIN_SERVER reason IME_REQUESTED_CHANGED_LISTENER fromUser false
05-13 19:12:12.697 I/ImeTracker(  701): system_server:238a9d2d: onCancelled at PHASE_SERVER_SHOULD_HIDE
05-13 19:12:12.714 D/AudioFlinger(  562): mixer(0x7727e3b5d770) throttle end: throttle time(36)
05-13 19:12:12.824 D/KernelCpuUidUserSysTimeReader(  701): Removing uids 90001-90001
05-13 19:12:12.825 D/KernelCpuUidUserSysTimeReader(  701): Removing uids 90002-90002
05-13 19:12:12.825 D/KernelCpuUidUserSysTimeReader(  701): Removing uids 90003-90003
05-13 19:12:13.313 I/flutter (19015): ΓöîΓöÇΓöÇΓöÇΓöÇΓöÇΓöÇΓöÇΓöÇΓöÇΓöÇΓöÇΓöÇΓöÇΓöÇΓöÇΓöÇΓöÇΓöÇΓöÇΓöÇΓöÇΓöÇΓöÇΓöÇΓöÇΓöÇΓöÇΓöÇΓöÇΓöÇΓöÇΓöÇΓöÇΓöÇΓöÇΓöÇΓöÇΓöÇΓöÇΓöÇΓöÇΓöÇΓöÇΓöÇΓöÇΓöÇΓöÇΓöÇΓöÇΓöÇΓöÇΓöÇΓöÇΓöÇΓöÇΓöÇΓöÇΓöÇΓöÇΓöÇΓöÇΓöÇΓöÇΓöÇΓöÇΓöÇΓöÇΓöÇΓöÇΓöÇΓöÇΓöÇΓöÇΓöÇΓöÇΓöÇΓöÇΓöÇΓöÇ
05-13 19:12:13.313 I/flutter (19015): Γöé 19:12:13.313 (+0:01:14.608549)
05-13 19:12:13.313 I/flutter (19015): Γö£ΓöäΓöäΓöäΓöäΓöäΓöäΓöäΓöäΓöäΓöäΓöäΓöäΓöäΓöäΓöäΓöäΓöäΓöäΓöäΓöäΓöäΓöäΓöäΓöäΓöäΓöäΓöäΓöäΓöäΓöäΓöäΓöäΓöäΓöäΓöäΓöäΓöäΓöäΓöäΓöäΓöäΓöäΓöäΓöäΓöäΓöäΓöäΓöäΓöäΓöäΓöäΓöäΓöäΓöäΓöäΓöäΓöäΓöäΓöäΓöäΓöäΓöäΓöäΓöäΓöäΓöäΓöäΓöäΓöäΓöäΓöäΓöäΓöäΓöäΓöäΓöäΓöäΓöäΓöä
05-13 19:12:13.313 I/flutter (19015): Γöé ≡ƒÉ¢ Attempting to register FCM token with backend: eYCjBSI6SdKIM-wqpu7f...
05-13 19:12:13.313 I/flutter (19015): ΓööΓöÇΓöÇΓöÇΓöÇΓöÇΓöÇΓöÇΓöÇΓöÇΓöÇΓöÇΓöÇΓöÇΓöÇΓöÇΓöÇΓöÇΓöÇΓöÇΓöÇΓöÇΓöÇΓöÇΓöÇΓöÇΓöÇΓöÇΓöÇΓöÇΓöÇΓöÇΓöÇΓöÇΓöÇΓöÇΓöÇΓöÇΓöÇΓöÇΓöÇΓöÇΓöÇΓöÇΓöÇΓöÇΓöÇΓöÇΓöÇΓöÇΓöÇΓöÇΓöÇΓöÇΓöÇΓöÇΓöÇΓöÇΓöÇΓöÇΓöÇΓöÇΓöÇΓöÇΓöÇΓöÇΓöÇΓöÇΓöÇΓöÇΓöÇΓöÇΓöÇΓöÇΓöÇΓöÇΓöÇΓöÇΓöÇΓöÇ
05-13 19:12:13.315 I/flutter (19015): ΓöîΓöÇΓöÇΓöÇΓöÇΓöÇΓöÇΓöÇΓöÇΓöÇΓöÇΓöÇΓöÇΓöÇΓöÇΓöÇΓöÇΓöÇΓöÇΓöÇΓöÇΓöÇΓöÇΓöÇΓöÇΓöÇΓöÇΓöÇΓöÇΓöÇΓöÇΓöÇΓöÇΓöÇΓöÇΓöÇΓöÇΓöÇΓöÇΓöÇΓöÇΓöÇΓöÇΓöÇΓöÇΓöÇΓöÇΓöÇΓöÇΓöÇΓöÇΓöÇΓöÇΓöÇΓöÇΓöÇΓöÇΓöÇΓöÇΓöÇΓöÇΓöÇΓöÇΓöÇΓöÇΓöÇΓöÇΓöÇΓöÇΓöÇΓöÇΓöÇΓöÇΓöÇΓöÇΓöÇΓöÇΓöÇΓöÇΓöÇ
05-13 19:12:13.316 I/flutter (19015): Γöé 19:12:13.315 (+0:01:14.611024)
05-13 19:12:13.316 I/flutter (19015): Γö£ΓöäΓöäΓöäΓöäΓöäΓöäΓöäΓöäΓöäΓöäΓöäΓöäΓöäΓöäΓöäΓöäΓöäΓöäΓöäΓöäΓöäΓöäΓöäΓöäΓöäΓöäΓöäΓöäΓöäΓöäΓöäΓöäΓöäΓöäΓöäΓöäΓöäΓöäΓöäΓöäΓöäΓöäΓöäΓöäΓöäΓöäΓöäΓöäΓöäΓöäΓöäΓöäΓöäΓöäΓöäΓöäΓöäΓöäΓöäΓöäΓöäΓöäΓöäΓöäΓöäΓöäΓöäΓöäΓöäΓöäΓöäΓöäΓöäΓöäΓöäΓöäΓöäΓöäΓöä
05-13 19:12:13.316 I/flutter (19015): Γöé ≡ƒÉ¢ AuthNotifier: requesting notification permissions
05-13 19:12:13.316 I/flutter (19015): ΓööΓöÇΓöÇΓöÇΓöÇΓöÇΓöÇΓöÇΓöÇΓöÇΓöÇΓöÇΓöÇΓöÇΓöÇΓöÇΓöÇΓöÇΓöÇΓöÇΓöÇΓöÇΓöÇΓöÇΓöÇΓöÇΓöÇΓöÇΓöÇΓöÇΓöÇΓöÇΓöÇΓöÇΓöÇΓöÇΓöÇΓöÇΓöÇΓöÇΓöÇΓöÇΓöÇΓöÇΓöÇΓöÇΓöÇΓöÇΓöÇΓöÇΓöÇΓöÇΓöÇΓöÇΓöÇΓöÇΓöÇΓöÇΓöÇΓöÇΓöÇΓöÇΓöÇΓöÇΓöÇΓöÇΓöÇΓöÇΓöÇΓöÇΓöÇΓöÇΓöÇΓöÇΓöÇΓöÇΓöÇΓöÇΓöÇΓöÇ
05-13 19:12:13.357 D/CompatChangeReporter(  701): Compat change id reported: 358129114; UID 10218; state: ENABLED
05-13 19:12:13.364 W/OptProp (  701): Cannot read opt property android.window.PROPERTY_COMPAT_ALLOW_USER_ASPECT_RATIO_OVERRIDE
05-13 19:12:13.365 W/OptProp (  701): Cannot read opt property android.window.PROPERTY_COMPAT_ALLOW_USER_ASPECT_RATIO_FULLSCREEN_OVERRIDE
05-13 19:12:13.365 W/OptProp (  701): Cannot read opt property android.window.PROPERTY_COMPAT_ALLOW_MIN_ASPECT_RATIO_OVERRIDE
05-13 19:12:13.368 W/OptProp (  701): Cannot read opt property android.window.PROPERTY_COMPAT_ALLOW_ORIENTATION_OVERRIDE
05-13 19:12:13.370 W/OptProp (  701): Cannot read opt property android.window.PROPERTY_COMPAT_ALLOW_RESIZEABLE_ACTIVITY_OVERRIDES
05-13 19:12:13.376 I/BpBinder(  567): onLastStrongRef automatically unlinking death recipients: 
05-13 19:12:13.381 I/ActivityTaskManager(  701): START u0 {act=android.content.pm.action.REQUEST_PERMISSIONS xflg=0x4 pkg=com.google.android.permissioncontroller cmp=com.google.android.permissioncontroller/com.android.permissioncontroller.permission.ui.GrantPermissionsActivity (has extras)} with LAUNCH_MULTIPLE from uid 10218 (rr=17387895) (BAL_ALLOW_VISIBLE_WINDOW) result code=0
05-13 19:12:13.387 V/WindowManagerShell( 1114): Transition requested (#64): android.os.BinderProxy@bde9358 TransitionRequestInfo { type = OPEN, triggerTask = TaskInfo{userId=0 taskId=19 effectiveUid=10218 displayId=0 isRunning=true baseIntent=Intent { act=android.intent.action.MAIN cat=[android.intent.category.LAUNCHER] flg=0x30000000 cmp=com.munawwaracare.andriod/.MainActivity } baseActivity=ComponentInfo{com.munawwaracare.andriod/com.munawwaracare.andriod.MainActivity} topActivity=ComponentInfo{com.google.android.permissioncontroller/com.android.permissioncontroller.permission.ui.GrantPermissionsActivity} origActivity=null realActivity=ComponentInfo{com.munawwaracare.andriod/com.munawwaracare.andriod.MainActivity} numActivities=2 lastActiveTime=19951758 supportsMultiWindow=true resizeMode=1 isResizeable=true minWidth=-1 minHeight=-1 defaultMinSize=220 token=WCT{android.window.IWindowContainerToken$Stub$Proxy@cb9bcb1} topActivityType=1 pictureInPictureParams=null shouldDockBigOverlays=false launchIntoPipHostTaskId=-1 lastParentTaskIdBeforePip=-1 displayCutoutSafeInsets=Rect(0, 0 - 0, 0) topActivityInfo=ActivityInfo{4797596 com.android.permissioncontroller.permission.ui.GrantPermissionsActivity} launchCookies=[] positionInParent=Point(0, 0) parentTaskId=-1 isFocused=true isVisible=true isVisibleRequested=true isTopActivityNoDisplay=false isSleeping=false locusId=null displayAreaFeatureId=1 isTopActivityTransparent=true isActivityStackTransparent=false lastNonFullscreenBounds=Rect(215, 420 - 865, 1500) capturedLink=null capturedLinkTimestamp=0 requestedVisibleTypes=-9 topActivityRequestOpenInBrowserEducationTimestamp=0 appCompatTaskInfo=AppCompatTaskInfo { topActivityInSizeCompat=false eligibleForLetterboxEducation= false isLetterboxEducationEnabled= true isLetterboxDoubleTapEnabled= false eligibleForUserAspectRatioButton= false topActivityBoundsLetterboxed= false isFromLetterboxDoubleTap= false topActivityLetterboxVerticalPosition= -1 topActivityLetterboxHorizontalPosition= -1 topActivityLetterboxWidth=-1 topActivityLetterboxHeight=-1 topActivityAppBounds=Rect(0, 0 - 1080, 1920) isUserFullscreenOverrideEnabled=false isSystemFullscreenOverrideEnabled=false hasMinAspectRatioOverride=false topActivityLetterboxBounds=null cameraCompatTaskInfo=CameraCompatTaskInfo { freeformCameraCompatMode=inactive}} topActivityMainWindowFrame=null}, pipChange = null, remoteTransition = null, displayChange = null, flags = 0, debugId = 64 }
05-13 19:12:13.392 D/ShellSplitScreen( 1114): logExit: no-op, mLoggerSessionId is null
05-13 19:12:13.403 I/BpBinder(  567): onLastStrongRef automatically unlinking death recipients: 
05-13 19:12:13.414 D/BackgroundInstallControlService(  701): Package event received: 0
05-13 19:12:13.416 W/OptProp (  701): Cannot read opt property android.window.PROPERTY_COMPAT_ENABLE_FAKE_FOCUS
05-13 19:12:13.416 W/IPCThreadState(  701): Sending oneway calls to frozen process.
05-13 19:12:13.420 D/ActivityManager(  701): quick sync unfreeze 1115 for 1
05-13 19:12:13.430 D/ActivityManager(  701): sync unfroze 1115 com.google.android.permissioncontroller for 1
05-13 19:12:13.430 I/EGL_emulation( 1115): Opening libGLESv1_CM_emulation.so
05-13 19:12:13.434 D/BackgroundInstallControlService(  701): Package event received: 0
05-13 19:12:13.445 I/ssioncontroller( 1115): AssetManager2(0x7c14608aef18) locale list changing from [] to [en-US]
05-13 19:12:13.449 D/BackgroundInstallControlService(  701): Package event received: 0
05-13 19:12:13.450 D/BackgroundInstallControlService(  701): Package event received: 0
05-13 19:12:13.459 I/EGL_emulation( 1115): Opening libGLESv2_emulation.so
05-13 19:12:13.475 W/HWUI    ( 1115): Failed to choose config with EGL_SWAP_BEHAVIOR_PRESERVED, retrying without...
05-13 19:12:13.476 W/HWUI    ( 1115): Failed to initialize 101010-2 format, error = EGL_SUCCESS
05-13 19:12:13.641 D/CoreBackPreview(  701): Window{e26aa4 u0 com.google.android.permissioncontroller/com.android.permissioncontroller.permission.ui.GrantPermissionsActivity}: Setting back callback OnBackInvokedCallbackInfo{mCallback=android.window.IOnBackInvokedCallback$Stub$Proxy@186920e, mPriority=-1, mIsAnimationCallback=false, mOverrideBehavior=0}
05-13 19:12:13.668 V/WindowManagerShell( 1114): onTransitionReady(transaction=3010772078991)
05-13 19:12:13.669 V/WindowManagerShell( 1114): onTransitionReady (#64) android.os.BinderProxy@bde9358: {id=64 t=OPEN f=0x0 trk=0 r=[0@Point(0, 0)] c=[
05-13 19:12:13.669 V/WindowManagerShell( 1114):         {m=OPEN f=TRANSLUCENT|FILLS_TASK leash=Surface(name=ActivityRecord{167515486 u0 com.google.android.permissioncontroller/com.android.permissioncontroller.permission.ui.GrantPermissionsActivity)/@0x18ef517 sb=Rect(0, 0 - 0, 0) eb=Rect(0, 0 - 1080, 1920) epz=Point(1080, 1920) d=-1->0 r=-1->0:-1 bc=ffeeedf4 component=com.google.android.permissioncontroller/com.android.permissioncontroller.permission.ui.GrantPermissionsActivity opt={t=FROM_STYLE mUserId=0}}
05-13 19:12:13.669 V/WindowManagerShell( 1114):     ]}
05-13 19:12:13.686 V/WindowManagerShell( 1114): Playing animation for (#64) android.os.BinderProxy@bde9358@0
05-13 19:12:13.691 W/IPCThreadState(  701): Sending oneway calls to frozen process.
05-13 19:12:13.691 W/IPCThreadState(  701): Sending oneway calls to frozen process.
05-13 19:12:13.691 W/IPCThreadState(  701): Sending oneway calls to frozen process.
05-13 19:12:13.692 V/ShellRecents( 1114): RecentsTransitionHandler.startAnimation: no controller found
05-13 19:12:13.692 V/WindowManagerShell( 1114): Transition doesn't have explicit remote, search filters for match for {id=64 t=OPEN f=0x0 trk=0 r=[0@Point(0, 0)] c=[{m=OPEN f=TRANSLUCENT|FILLS_TASK leash=Surface(name=ActivityRecord{167515486 u0 com.google.android.permissioncontroller/com.android.permissioncontroller.permission.ui.GrantPermissionsActivity)/@0x18ef517 sb=Rect(0, 0 - 0, 0) eb=Rect(0, 0 - 1080, 1920) epz=Point(1080, 1920) d=-1->0 r=-1->0:-1 bc=ffeeedf4 component=com.google.android.permissioncontroller/com.android.permissioncontroller.permission.ui.GrantPermissionsActivity opt={t=FROM_STYLE mUserId=0}}]}
05-13 19:12:13.693 W/IPCThreadState(  701): Sending oneway calls to frozen process.
05-13 19:12:13.693 W/IPCThreadState(  701): Sending oneway calls to frozen process.
05-13 19:12:13.695 W/IPCThreadState(  701): Sending oneway calls to frozen process.
05-13 19:12:13.695 W/IPCThreadState(  701): Sending oneway calls to frozen process.
05-13 19:12:13.696 V/WindowManagerShell( 1114):  Checking filter Pair{{types=[] flags=0x0] notFlags=0x0 checks=[{atype=undefined independent=true modes=[CLOSE,TO_BACK] flags=IN_TASK_WITH_EMBEDDED_ACTIVITY mustBeTask=false order=ANY topActivity=null launchCookie=null taskFragmentToken=android.os.BinderProxy@44aaa68 windowingMode=undefined}]} RemoteTransition { remoteTransition = android.window.IRemoteTransition$Stub$Proxy@8266e81, appThread = android.app.IApplicationThread$Stub$Proxy@6ce8b26, debugName = overlayBackTransition }}
05-13 19:12:13.696 W/IPCThreadState(  701): Sending oneway calls to frozen process.
05-13 19:12:13.696 W/IPCThreadState(  701): Sending oneway calls to frozen process.
05-13 19:12:13.696 V/WindowManagerShell( 1114):  Checking filter Pair{{types=[] flags=0x0] notFlags=0x0 checks=[{atype=dream independent=true modes=[OPEN,TO_FRONT] flags=NONE mustBeTask=false order=ANY topActivity=null launchCookie=null windowingMode=undefined},{atype=home independent=true modes=[CLOSE,TO_BACK] flags=NONE mustBeTask=false order=ANY topActivity=null launchCookie=null windowingMode=undefined}]} RemoteTransition { remoteTransition = android.window.IRemoteTransition$Stub$Proxy@9bb0367, appThread = android.app.IApplicationThread$Stub$Proxy@8540514, debugName = LauncherToDream }}
05-13 19:12:13.696 W/IPCThreadState(  701): Sending oneway calls to frozen process.
05-13 19:12:13.697 V/WindowManagerShell( 1114):  Checking filter Pair{{types=[] flags=0x0] notFlags=0x100 checks=[{atype=home independent=true modes=[OPEN,TO_FRONT] flags=NONE mustBeTask=false order=TOP topActivity=ComponentInfo{com.google.android.apps.nexuslauncher/com.google.android.apps.nexuslauncher.NexusLauncherActivity} launchCookie=null windowingMode=undefined},{atype=standard independent=true modes=[CLOSE,TO_BACK] flags=NONE mustBeTask=false order=ANY topActivity=null launchCookie=null windowingMode=undefined},{NOT atype=undefined independent=true modes=[] flags=NONE mustBeTask=true order=ANY topActivity=null launchCookie=null customAnim=true windowingMode=undefined}]} RemoteTransition { remoteTransition = android.window.IRemoteTransition$Stub$Proxy@6ca71bd, appThread = android.app.IApplicationThread$Stub$Proxy@80833b2, debugName = QuickstepLaunchHome }}
05-13 19:12:13.697 V/WindowManagerShell( 1114):  Delegate animation for (#64) to null
05-13 19:12:13.697 W/IPCThreadState(  701): Sending oneway calls to frozen process.
05-13 19:12:13.697 V/WindowManagerShell( 1114): start default transition animation, info = {id=64 t=OPEN f=0x0 trk=0 r=[0@Point(0, 0)] c=[{m=OPEN f=TRANSLUCENT|FILLS_TASK leash=Surface(name=ActivityRecord{167515486 u0 com.google.android.permissioncontroller/com.android.permissioncontroller.permission.ui.GrantPermissionsActivity)/@0x18ef517 sb=Rect(0, 0 - 0, 0) eb=Rect(0, 0 - 1080, 1920) epz=Point(1080, 1920) d=-1->0 r=-1->0:-1 bc=ffeeedf4 component=com.google.android.permissioncontroller/com.android.permissioncontroller.permission.ui.GrantPermissionsActivity opt={t=FROM_STYLE mUserId=0}}]}
05-13 19:12:13.697 W/IPCThreadState(  701): Sending oneway calls to frozen process.
05-13 19:12:13.697 V/WindowManagerShell( 1114): loadAnimation: anim=null animAttr=0x4 type=OPEN isEntrance=true
05-13 19:12:13.698 W/IPCThreadState(  701): Sending oneway calls to frozen process.
05-13 19:12:13.699 W/IPCThreadState(  701): Sending oneway calls to frozen process.
05-13 19:12:13.699 V/WindowManagerShell( 1114): Transition animation finished (aborted=false), notifying core (#64) android.os.BinderProxy@bde9358@0
05-13 19:12:13.699 W/IPCThreadState(  701): Sending oneway calls to frozen process.
05-13 19:12:13.700 W/IPCThreadState(  701): Sending oneway calls to frozen process.
05-13 19:12:13.704 W/IPCThreadState(  701): Sending oneway calls to frozen process.
05-13 19:12:13.705 W/IPCThreadState(  701): Sending oneway calls to frozen process.
05-13 19:12:13.706 W/IPCThreadState(  701): Sending oneway calls to frozen process.
05-13 19:12:13.707 W/IPCThreadState(  701): Sending oneway calls to frozen process.
05-13 19:12:13.707 W/IPCThreadState(  701): Sending oneway calls to frozen process.
05-13 19:12:13.707 W/IPCThreadState(  701): Sending oneway calls to frozen process.
05-13 19:12:13.707 W/IPCThreadState(  701): Sending oneway calls to frozen process.
05-13 19:12:13.708 W/IPCThreadState(  701): Sending oneway calls to frozen process.
05-13 19:12:13.709 W/IPCThreadState(  701): Sending oneway calls to frozen process.
05-13 19:12:13.709 W/IPCThreadState(  701): Sending oneway calls to frozen process.
05-13 19:12:13.709 V/WindowManagerShell( 1114): Track 0 became idle
05-13 19:12:13.710 W/IPCThreadState(  701): Sending oneway calls to frozen process.
05-13 19:12:13.710 V/WindowManagerShell( 1114): All active transition animations finished
05-13 19:12:13.710 V/WindowManagerShell( 1114):  animated by com.android.wm.shell.transition.DefaultTransitionHandler@9df4feb
05-13 19:12:13.710 V/WindowManagerShell( 1114): Track 0 became idle
05-13 19:12:13.711 V/WindowManagerShell( 1114): All active transition animations finished
05-13 19:12:13.713 W/IPCThreadState(  701): Sending oneway calls to frozen process.
05-13 19:12:13.713 W/IPCThreadState(  701): Sending oneway calls to frozen process.
05-13 19:12:13.713 W/IPCThreadState(  701): Sending oneway calls to frozen process.
05-13 19:12:13.714 W/IPCThreadState(  701): Sending oneway calls to frozen process.
05-13 19:12:13.714 W/IPCThreadState(  701): Sending oneway calls to frozen process.
05-13 19:12:13.714 W/IPCThreadState(  701): Sending oneway calls to frozen process.
05-13 19:12:13.715 W/IPCThreadState(  701): Sending oneway calls to frozen process.
05-13 19:12:13.715 W/IPCThreadState(  701): Sending oneway calls to frozen process.
05-13 19:12:13.716 W/IPCThreadState(  701): Sending oneway calls to frozen process.
05-13 19:12:13.716 W/IPCThreadState(  701): Sending oneway calls to frozen process.
05-13 19:12:13.717 W/IPCThreadState(  701): Sending oneway calls to frozen process.
05-13 19:12:13.717 W/IPCThreadState(  701): Sending oneway calls to frozen process.
05-13 19:12:13.717 W/IPCThreadState(  701): Sending oneway calls to frozen process.
05-13 19:12:13.717 W/IPCThreadState(  701): Sending oneway calls to frozen process.
05-13 19:12:13.717 W/IPCThreadState(  701): Sending oneway calls to frozen process.
05-13 19:12:13.718 W/IPCThreadState(  701): Sending oneway calls to frozen process.
05-13 19:12:13.718 W/IPCThreadState(  701): Sending oneway calls to frozen process.
05-13 19:12:13.718 W/IPCThreadState(  701): Sending oneway calls to frozen process.
05-13 19:12:13.718 W/IPCThreadState(  701): Sending oneway calls to frozen process.
05-13 19:12:13.718 W/IPCThreadState(  701): Sending oneway calls to frozen process.
05-13 19:12:13.718 W/IPCThreadState(  701): Sending oneway calls to frozen process.
05-13 19:12:13.718 W/IPCThreadState(  701): Sending oneway calls to frozen process.
05-13 19:12:13.720 W/IPCThreadState(  701): Sending oneway calls to frozen process.
05-13 19:12:13.720 W/IPCThreadState(  701): Sending oneway calls to frozen process.
05-13 19:12:13.720 I/flutter (19015): [38;5;12mΓöîΓöÇΓöÇΓöÇΓöÇΓöÇΓöÇΓöÇΓöÇΓöÇΓöÇΓöÇΓöÇΓöÇΓöÇΓöÇΓöÇΓöÇΓöÇΓöÇΓöÇΓöÇΓöÇΓöÇΓöÇΓöÇΓöÇΓöÇΓöÇΓöÇΓöÇΓöÇΓöÇΓöÇΓöÇΓöÇΓöÇΓöÇΓöÇΓöÇΓöÇΓöÇΓöÇΓöÇΓöÇΓöÇΓöÇΓöÇΓöÇΓöÇΓöÇΓöÇΓöÇΓöÇΓöÇΓöÇΓöÇΓöÇΓöÇΓöÇΓöÇΓöÇΓöÇΓöÇΓöÇΓöÇΓöÇΓöÇΓöÇΓöÇΓöÇΓöÇΓöÇΓöÇΓöÇΓöÇΓöÇΓöÇΓöÇΓöÇ[0m
05-13 19:12:13.720 I/flutter (19015): [38;5;12mΓöé 19:12:13.718 (+0:01:15.014126)[0m
05-13 19:12:13.720 I/flutter (19015): [38;5;12mΓö£ΓöäΓöäΓöäΓöäΓöäΓöäΓöäΓöäΓöäΓöäΓöäΓöäΓöäΓöäΓöäΓöäΓöäΓöäΓöäΓöäΓöäΓöäΓöäΓöäΓöäΓöäΓöäΓöäΓöäΓöäΓöäΓöäΓöäΓöäΓöäΓöäΓöäΓöäΓöäΓöäΓöäΓöäΓöäΓöäΓöäΓöäΓöäΓöäΓöäΓöäΓöäΓöäΓöäΓöäΓöäΓöäΓöäΓöäΓöäΓöäΓöäΓöäΓöäΓöäΓöäΓöäΓöäΓöäΓöäΓöäΓöäΓöäΓöäΓöäΓöäΓöäΓöäΓöäΓöä[0m
05-13 19:12:13.720 I/flutter (19015): [38;5;12mΓöé ≡ƒÆí Γ£à FCM token registered with backend successfully. Status: 200[0m
05-13 19:12:13.720 I/flutter (19015): [38;5;12mΓööΓöÇΓöÇΓöÇΓöÇΓöÇΓöÇΓöÇΓöÇΓöÇΓöÇΓöÇΓöÇΓöÇΓöÇΓöÇΓöÇΓöÇΓöÇΓöÇΓöÇΓöÇΓöÇΓöÇΓöÇΓöÇΓöÇΓöÇΓöÇΓöÇΓöÇΓöÇΓöÇΓöÇΓöÇΓöÇΓöÇΓöÇΓöÇΓöÇΓöÇΓöÇΓöÇΓöÇΓöÇΓöÇΓöÇΓöÇΓöÇΓöÇΓöÇΓöÇΓöÇΓöÇΓöÇΓöÇΓöÇΓöÇΓöÇΓöÇΓöÇΓöÇΓöÇΓöÇΓöÇΓöÇΓöÇΓöÇΓöÇΓöÇΓöÇΓöÇΓöÇΓöÇΓöÇΓöÇΓöÇΓöÇΓöÇΓöÇ[0m
05-13 19:12:13.758 I/ActivityTaskManager(  701): Displayed com.google.android.permissioncontroller/com.android.permissioncontroller.permission.ui.GrantPermissionsActivity for user 0: +314ms
05-13 19:12:13.766 V/WindowManager(  701): Sent Transition (#64) createdAt=05-13 19:12:13.359 via request=TransitionRequestInfo { type = OPEN, triggerTask = TaskInfo{userId=0 taskId=19 effectiveUid=10218 displayId=0 isRunning=true baseIntent=Intent { act=android.intent.action.MAIN cat=[android.intent.category.LAUNCHER] flg=0x30000000 cmp=com.munawwaracare.andriod/.MainActivity } baseActivity=ComponentInfo{com.munawwaracare.andriod/com.munawwaracare.andriod.MainActivity} topActivity=ComponentInfo{com.google.android.permissioncontroller/com.android.permissioncontroller.permission.ui.GrantPermissionsActivity} origActivity=null realActivity=ComponentInfo{com.munawwaracare.andriod/com.munawwaracare.andriod.MainActivity} numActivities=2 lastActiveTime=19951758 supportsMultiWindow=true resizeMode=1 isResizeable=true minWidth=-1 minHeight=-1 defaultMinSize=220 token=WCT{RemoteToken{feacafb Task{4a37850 #19 type=standard A=10218:com.munawwaracare.andriod}}} topActivityType=1 pictureInPictureParams=null shouldDockBigOverlays=false launchIntoPipHostTaskId=-1 lastParentTaskIdBeforePip=-1 displayCutoutSafeInsets=Rect(0, 0 - 0, 0) topActivityInfo=ActivityInfo{7adee28 com.android.permissioncontroller.permission.ui.GrantPermissionsActivity} launchCookies=[] positionInParent=Point(0, 0) parentTaskId=-1 isFocused=true isVisible=true isVisibleRequested=true isTopActivityNoDisplay=false isSleeping=false locusId=null displayAreaFeatureId=1 isTopActivityTransparent=true isActivityStackTransparent=false lastNonFullscreenBounds=Rect(215, 420 - 865, 1500) capturedLink=null capturedLinkTimestamp=0 requestedVisibleTypes=-9 topActivityRequestOpenInBrowserEducationTimestamp=0 appCompatTaskInfo=AppCompatTaskInfo { topActivityInSizeCompat=false eligibleForLetterboxEducation= false isLetterboxEducationEnabled= true isLetterboxDoubleTapEnabled= false eligibleForUserAspectRatioButton= false topActivityBoundsLetterboxed= false isFromLetterboxDoubleTap= false topActivityLetterboxVerticalPosition= -1 topActivityLetterboxHorizontalPosition= -1 topActivityLetterboxWidth=-1 topActivityLetterboxHeight=-1 topActivityAppBounds=Rect(0, 0 - 1080, 1920) isUserFullscreenOverrideEnabled=false isSystemFullscreenOverrideEnabled=false hasMinAspectRatioOverride=false topActivityLetterboxBounds=null cameraCompatTaskInfo=CameraCompatTaskInfo { freeformCameraCompatMode=inactive}} topActivityMainWindowFrame=null}, pipChange = null, remoteTransition = null, displayChange = null, flags = 0, debugId = 64 }
05-13 19:12:13.766 V/WindowManager(  701):     startWCT=WindowContainerTransaction { changes= {} hops= [] errorCallbackToken=null taskFragmentOrganizer=null }
05-13 19:12:13.766 V/WindowManager(  701):     info={id=64 t=OPEN f=0x0 trk=0 r=[0@Point(0, 0)] c=[
05-13 19:12:13.766 V/WindowManager(  701):         {m=OPEN f=TRANSLUCENT|FILLS_TASK leash=Surface(name=ActivityRecord{167515486 u0 com.google.android.permissioncontroller/com.android.permissioncontroller.permission.ui.GrantPermissionsActivity)/@0xba0a42f sb=Rect(0, 0 - 0, 0) eb=Rect(0, 0 - 1080, 1920) epz=Point(1080, 1920) d=-1->0 r=-1->0:-1 bc=ffeeedf4 component=com.google.android.permissioncontroller/com.android.permissioncontroller.permission.ui.GrantPermissionsActivity opt={t=FROM_STYLE mUserId=0}}
05-13 19:12:13.766 V/WindowManager(  701):     ]}
05-13 19:12:13.769 V/WindowManager(  701): Finish Transition (#64): created at 05-13 19:12:13.359 collect-started=0.119ms request-sent=21.684ms started=34.902ms ready=67.548ms sent=306.609ms commit=37.944ms finished=344.297ms
05-13 19:12:13.770 W/ndroid.systemui( 1114): Missing inline cache for void com.android.wm.shell.transition.Transitions.processReadyQueue(com.android.wm.shell.transition.Transitions$Track)
05-13 19:12:13.770 W/ndroid.systemui( 1114): Missing inline cache for void com.android.wm.shell.transition.Transitions.processReadyQueue(com.android.wm.shell.transition.Transitions$Track)
05-13 19:12:13.771 I/GoogleInputMethodService( 6314): GoogleInputMethodService.onFinishInput():2043 
05-13 19:12:13.772 I/ImeTracker(  701): system_server:1fd8aa26: onRequestHide at ORIGIN_SERVER reason IME_REQUESTED_CHANGED_LISTENER fromUser false
05-13 19:12:13.773 I/ImeTracker(  701): system_server:1fd8aa26: onCancelled at PHASE_SERVER_SHOULD_HIDE
05-13 19:12:13.778 I/Module  ( 6314): DeviceLockedStatusModuleProvider$Module.updateDeviceLockedStatus():100 repeatCheckTimes = 0, locked = false
05-13 19:12:13.781 I/GoogleInputMethodService( 6314): GoogleInputMethodService.onStartInput():1293 onStartInput(EditorInfo{EditorInfo{packageName=com.google.android.permissioncontroller, inputType=0, inputTypeString=NULL, enableLearning=false, autoCorrection=false, autoComplete=false, imeOptions=0, privateImeOptions=null, actionName=UNSPECIFIED, actionLabel=null, initialSelStart=-1, initialSelEnd=-1, initialCapsMode=0, label=null, fieldId=0, fieldName=null, extras=null, hintText=null, hintLocales=[]}}, false)
05-13 19:12:13.782 I/Module  ( 6314): DeviceLockedStatusModuleProvider$Module.updateDeviceLockedStatus():100 repeatCheckTimes = 1, locked = false
05-13 19:12:13.783 W/PackageConfigPersister(  701): App-specific configuration not found for packageName: com.google.android.permissioncontroller and userId: 0
05-13 19:12:14.827 I/GrantPermissionsViewModel( 1115): Logged buttons presented and clicked permissionGroupName=android.permission-group.NOTIFICATIONS uid=10218 selectedPrecision=0 package=com.munawwaracare.andriod presentedButtons=9 clickedButton=1 isPermissionRationaleShown=false sessionId=-2607748742776302998 targetSdk=36
05-13 19:12:14.830 W/AS.PlaybackActivityMon(  701): No piid assigned for invalid/internal port id 15
05-13 19:12:14.840 W/EnhancedConfirmationService(  701): The packageName should not be null.
05-13 19:12:14.842 I/GrantPermissionsViewModel( 1115): Permission grant result requestId=-2607748742776302998 callingUid=10218 callingPackage=com.munawwaracare.andriod permission=android.permission.POST_NOTIFICATIONS isImplicit=false result=4 isPermissionRationaleShown=falseisPackageRestrictedByEnhancedConfirmation=false
05-13 19:12:14.847 V/WindowManagerShell( 1114): Transition requested (#65): android.os.BinderProxy@d03cbb3 TransitionRequestInfo { type = CLOSE, triggerTask = null, pipChange = null, remoteTransition = null, displayChange = null, flags = 0, debugId = 65 }
05-13 19:12:14.850 I/BpBinder(  567): onLastStrongRef automatically unlinking death recipients: 
05-13 19:12:14.853 I/BpBinder(  567): onLastStrongRef automatically unlinking death recipients: 
05-13 19:12:14.856 D/BackgroundInstallControlService(  701): Package event received: 0
05-13 19:12:14.861 D/BackgroundInstallControlService(  701): Package event received: 0
05-13 19:12:14.862 D/BackgroundInstallControlService(  701): Package event received: 0
05-13 19:12:14.864 V/WindowManagerShell( 1114): onTransitionReady(transaction=3010772079034)
05-13 19:12:14.865 V/WindowManager(  701): Sent Transition (#65) createdAt=05-13 19:12:14.846 via request=TransitionRequestInfo { type = CLOSE, triggerTask = null, pipChange = null, remoteTransition = null, displayChange = null, flags = 0, debugId = 65 }
05-13 19:12:14.865 V/WindowManagerShell( 1114): onTransitionReady (#65) android.os.BinderProxy@d03cbb3: {id=65 t=CLOSE f=0x0 trk=0 r=[0@Point(0, 0)] c=[
05-13 19:12:14.865 V/WindowManagerShell( 1114):         {m=CLOSE f=TRANSLUCENT|FILLS_TASK leash=Surface(name=ActivityRecord{167515486 u0 com.google.android.permissioncontroller/com.android.permissioncontroller.permission.ui.GrantPermissionsActivity)/@0x2207570 sb=Rect(0, 0 - 1080, 1920) eb=Rect(0, 0 - 1080, 1920) epz=Point(1080, 1920) d=0 bc=ffeeedf4 component=com.google.android.permissioncontroller/com.android.permissioncontroller.permission.ui.GrantPermissionsActivity opt={t=FROM_STYLE mUserId=0}}
05-13 19:12:14.865 V/WindowManagerShell( 1114):     ]}
05-13 19:12:14.866 V/WindowManager(  701):     startWCT=WindowContainerTransaction { changes= {} hops= [] errorCallbackToken=null taskFragmentOrganizer=null }
05-13 19:12:14.866 V/WindowManager(  701):     info={id=65 t=CLOSE f=0x0 trk=0 r=[0@Point(0, 0)] c=[
05-13 19:12:14.866 V/WindowManager(  701):         {m=CLOSE f=TRANSLUCENT|FILLS_TASK leash=Surface(name=ActivityRecord{167515486 u0 com.google.android.permissioncontroller/com.android.permissioncontroller.permission.ui.GrantPermissionsActivity)/@0xba0a42f sb=Rect(0, 0 - 1080, 1920) eb=Rect(0, 0 - 1080, 1920) epz=Point(1080, 1920) d=0 bc=ffeeedf4 component=com.google.android.permissioncontroller/com.android.permissioncontroller.permission.ui.GrantPermissionsActivity opt={t=FROM_STYLE mUserId=0}}
05-13 19:12:14.866 V/WindowManager(  701):     ]}
05-13 19:12:14.868 V/WindowManagerShell( 1114): Playing animation for (#65) android.os.BinderProxy@d03cbb3@0
05-13 19:12:14.868 V/ShellRecents( 1114): RecentsTransitionHandler.startAnimation: no controller found
05-13 19:12:14.868 V/WindowManagerShell( 1114): Transition doesn't have explicit remote, search filters for match for {id=65 t=CLOSE f=0x0 trk=0 r=[0@Point(0, 0)] c=[{m=CLOSE f=TRANSLUCENT|FILLS_TASK leash=Surface(name=ActivityRecord{167515486 u0 com.google.android.permissioncontroller/com.android.permissioncontroller.permission.ui.GrantPermissionsActivity)/@0x2207570 sb=Rect(0, 0 - 1080, 1920) eb=Rect(0, 0 - 1080, 1920) epz=Point(1080, 1920) d=0 bc=ffeeedf4 component=com.google.android.permissioncontroller/com.android.permissioncontroller.permission.ui.GrantPermissionsActivity opt={t=FROM_STYLE mUserId=0}}]}
05-13 19:12:14.868 V/WindowManagerShell( 1114):  Checking filter Pair{{types=[] flags=0x0] notFlags=0x0 checks=[{atype=undefined independent=true modes=[CLOSE,TO_BACK] flags=IN_TASK_WITH_EMBEDDED_ACTIVITY mustBeTask=false order=ANY topActivity=null launchCookie=null taskFragmentToken=android.os.BinderProxy@44aaa68 windowingMode=undefined}]} RemoteTransition { remoteTransition = android.window.IRemoteTransition$Stub$Proxy@8266e81, appThread = android.app.IApplicationThread$Stub$Proxy@6ce8b26, debugName = overlayBackTransition }}
05-13 19:12:14.868 V/WindowManagerShell( 1114):  Checking filter Pair{{types=[] flags=0x0] notFlags=0x0 checks=[{atype=dream independent=true modes=[OPEN,TO_FRONT] flags=NONE mustBeTask=false order=ANY topActivity=null launchCookie=null windowingMode=undefined},{atype=home independent=true modes=[CLOSE,TO_BACK] flags=NONE mustBeTask=false order=ANY topActivity=null launchCookie=null windowingMode=undefined}]} RemoteTransition { remoteTransition = android.window.IRemoteTransition$Stub$Proxy@9bb0367, appThread = android.app.IApplicationThread$Stub$Proxy@8540514, debugName = LauncherToDream }}
05-13 19:12:14.868 V/WindowManagerShell( 1114):  Checking filter Pair{{types=[] flags=0x0] notFlags=0x100 checks=[{atype=home independent=true modes=[OPEN,TO_FRONT] flags=NONE mustBeTask=false order=TOP topActivity=ComponentInfo{com.google.android.apps.nexuslauncher/com.google.android.apps.nexuslauncher.NexusLauncherActivity} launchCookie=null windowingMode=undefined},{atype=standard independent=true modes=[CLOSE,TO_BACK] flags=NONE mustBeTask=false order=ANY topActivity=null launchCookie=null windowingMode=undefined},{NOT atype=undefined independent=true modes=[] flags=NONE mustBeTask=true order=ANY topActivity=null launchCookie=null customAnim=true windowingMode=undefined}]} RemoteTransition { remoteTransition = android.window.IRemoteTransition$Stub$Proxy@6ca71bd, appThread = android.app.IApplicationThread$Stub$Proxy@80833b2, debugName = QuickstepLaunchHome }}
05-13 19:12:14.868 V/WindowManagerShell( 1114):  Delegate animation for (#65) to null
05-13 19:12:14.868 V/WindowManagerShell( 1114): start default transition animation, info = {id=65 t=CLOSE f=0x0 trk=0 r=[0@Point(0, 0)] c=[{m=CLOSE f=TRANSLUCENT|FILLS_TASK leash=Surface(name=ActivityRecord{167515486 u0 com.google.android.permissioncontroller/com.android.permissioncontroller.permission.ui.GrantPermissionsActivity)/@0x2207570 sb=Rect(0, 0 - 1080, 1920) eb=Rect(0, 0 - 1080, 1920) epz=Point(1080, 1920) d=0 bc=ffeeedf4 component=com.google.android.permissioncontroller/com.android.permissioncontroller.permission.ui.GrantPermissionsActivity opt={t=FROM_STYLE mUserId=0}}]}
05-13 19:12:14.868 V/WindowManagerShell( 1114): loadAnimation: anim=null animAttr=0x7 type=CLOSE isEntrance=false
05-13 19:12:14.871 V/WindowManagerShell( 1114): Transition animation finished (aborted=false), notifying core (#65) android.os.BinderProxy@d03cbb3@0
05-13 19:12:14.875 V/WindowManager(  701): Finish Transition (#65): created at 05-13 19:12:14.846 collect-started=0.045ms request-sent=0.096ms started=3.109ms ready=12.984ms sent=16.984ms finished=26.352ms
05-13 19:12:14.876 V/WindowManagerShell( 1114): Track 0 became idle
05-13 19:12:14.876 V/WindowManagerShell( 1114): All active transition animations finished
05-13 19:12:14.876 V/WindowManagerShell( 1114):  animated by com.android.wm.shell.transition.DefaultTransitionHandler@9df4feb
05-13 19:12:14.876 V/WindowManagerShell( 1114): Track 0 became idle
05-13 19:12:14.876 V/WindowManagerShell( 1114): All active transition animations finished
05-13 19:12:14.896 I/flutter (19015): [38;5;12mΓöîΓöÇΓöÇΓöÇΓöÇΓöÇΓöÇΓöÇΓöÇΓöÇΓöÇΓöÇΓöÇΓöÇΓöÇΓöÇΓöÇΓöÇΓöÇΓöÇΓöÇΓöÇΓöÇΓöÇΓöÇΓöÇΓöÇΓöÇΓöÇΓöÇΓöÇΓöÇΓöÇΓöÇΓöÇΓöÇΓöÇΓöÇΓöÇΓöÇΓöÇΓöÇΓöÇΓöÇΓöÇΓöÇΓöÇΓöÇΓöÇΓöÇΓöÇΓöÇΓöÇΓöÇΓöÇΓöÇΓöÇΓöÇΓöÇΓöÇΓöÇΓöÇΓöÇΓöÇΓöÇΓöÇΓöÇΓöÇΓöÇΓöÇΓöÇΓöÇΓöÇΓöÇΓöÇΓöÇΓöÇΓöÇΓöÇΓöÇ[0m
05-13 19:12:14.897 I/flutter (19015): [38;5;12mΓöé 19:12:14.896 (+0:01:16.192121)[0m
05-13 19:12:14.897 I/flutter (19015): [38;5;12mΓö£ΓöäΓöäΓöäΓöäΓöäΓöäΓöäΓöäΓöäΓöäΓöäΓöäΓöäΓöäΓöäΓöäΓöäΓöäΓöäΓöäΓöäΓöäΓöäΓöäΓöäΓöäΓöäΓöäΓöäΓöäΓöäΓöäΓöäΓöäΓöäΓöäΓöäΓöäΓöäΓöäΓöäΓöäΓöäΓöäΓöäΓöäΓöäΓöäΓöäΓöäΓöäΓöäΓöäΓöäΓöäΓöäΓöäΓöäΓöäΓöäΓöäΓöäΓöäΓöäΓöäΓöäΓöäΓöäΓöäΓöäΓöäΓöäΓöäΓöäΓöäΓöäΓöäΓöäΓöä[0m
05-13 19:12:14.897 I/flutter (19015): [38;5;12mΓöé ≡ƒÆí ≡ƒô▒ Notification permission: true[0m
05-13 19:12:14.897 I/flutter (19015): [38;5;12mΓööΓöÇΓöÇΓöÇΓöÇΓöÇΓöÇΓöÇΓöÇΓöÇΓöÇΓöÇΓöÇΓöÇΓöÇΓöÇΓöÇΓöÇΓöÇΓöÇΓöÇΓöÇΓöÇΓöÇΓöÇΓöÇΓöÇΓöÇΓöÇΓöÇΓöÇΓöÇΓöÇΓöÇΓöÇΓöÇΓöÇΓöÇΓöÇΓöÇΓöÇΓöÇΓöÇΓöÇΓöÇΓöÇΓöÇΓöÇΓöÇΓöÇΓöÇΓöÇΓöÇΓöÇΓöÇΓöÇΓöÇΓöÇΓöÇΓöÇΓöÇΓöÇΓöÇΓöÇΓöÇΓöÇΓöÇΓöÇΓöÇΓöÇΓöÇΓöÇΓöÇΓöÇΓöÇΓöÇΓöÇΓöÇΓöÇΓöÇ[0m
05-13 19:12:14.907 I/ImeTracker(  701): com.munawwaracare.andriod:463374f2: onRequestHide at ORIGIN_SERVER reason HIDE_UNSPECIFIED_WINDOW fromUser false
05-13 19:12:14.922 I/GoogleInputMethodService( 6314): GoogleInputMethodService.onFinishInput():2043 
05-13 19:12:14.923 I/ImeTracker(  701): system_server:f1b10bc5: onRequestHide at ORIGIN_SERVER reason IME_REQUESTED_CHANGED_LISTENER fromUser false
05-13 19:12:14.924 I/ImeTracker(  701): system_server:f1b10bc5: onCancelled at PHASE_SERVER_SHOULD_HIDE
05-13 19:12:14.926 I/Module  ( 6314): DeviceLockedStatusModuleProvider$Module.updateDeviceLockedStatus():100 repeatCheckTimes = 0, locked = false
05-13 19:12:14.929 I/GoogleInputMethodService( 6314): GoogleInputMethodService.onStartInput():1293 onStartInput(EditorInfo{EditorInfo{packageName=com.munawwaracare.andriod, inputType=0, inputTypeString=NULL, enableLearning=false, autoCorrection=false, autoComplete=false, imeOptions=0, privateImeOptions=null, actionName=UNSPECIFIED, actionLabel=null, initialSelStart=-1, initialSelEnd=-1, initialCapsMode=0, label=null, fieldId=0, fieldName=null, extras=null, hintText=null, hintLocales=[]}}, false)
05-13 19:12:14.930 I/Module  ( 6314): DeviceLockedStatusModuleProvider$Module.updateDeviceLockedStatus():100 repeatCheckTimes = 1, locked = false
05-13 19:12:14.931 W/PackageConfigPersister(  701): App-specific configuration not found for packageName: com.munawwaracare.andriod and userId: 0
05-13 19:12:14.934 D/VRI[GrantPermissionsActivity]( 1115): visibilityChanged oldVisibility=true newVisibility=false
05-13 19:12:14.937 D/InsetsController(19015): hide(ime(), fromIme=false)
05-13 19:12:14.938 I/ImeTracker(19015): com.munawwaracare.andriod:463374f2: onCancelled at PHASE_CLIENT_ALREADY_HIDDEN
05-13 19:12:14.939 I/flutter (19015): [38;5;12mΓöîΓöÇΓöÇΓöÇΓöÇΓöÇΓöÇΓöÇΓöÇΓöÇΓöÇΓöÇΓöÇΓöÇΓöÇΓöÇΓöÇΓöÇΓöÇΓöÇΓöÇΓöÇΓöÇΓöÇΓöÇΓöÇΓöÇΓöÇΓöÇΓöÇΓöÇΓöÇΓöÇΓöÇΓöÇΓöÇΓöÇΓöÇΓöÇΓöÇΓöÇΓöÇΓöÇΓöÇΓöÇΓöÇΓöÇΓöÇΓöÇΓöÇΓöÇΓöÇΓöÇΓöÇΓöÇΓöÇΓöÇΓöÇΓöÇΓöÇΓöÇΓöÇΓöÇΓöÇΓöÇΓöÇΓöÇΓöÇΓöÇΓöÇΓöÇΓöÇΓöÇΓöÇΓöÇΓöÇΓöÇΓöÇΓöÇΓöÇ[0m
05-13 19:12:14.939 I/flutter (19015): [38;5;12mΓöé 19:12:14.939 (+0:01:16.234614)[0m
05-13 19:12:14.939 I/flutter (19015): [38;5;12mΓö£ΓöäΓöäΓöäΓöäΓöäΓöäΓöäΓöäΓöäΓöäΓöäΓöäΓöäΓöäΓöäΓöäΓöäΓöäΓöäΓöäΓöäΓöäΓöäΓöäΓöäΓöäΓöäΓöäΓöäΓöäΓöäΓöäΓöäΓöäΓöäΓöäΓöäΓöäΓöäΓöäΓöäΓöäΓöäΓöäΓöäΓöäΓöäΓöäΓöäΓöäΓöäΓöäΓöäΓöäΓöäΓöäΓöäΓöäΓöäΓöäΓöäΓöäΓöäΓöäΓöäΓöäΓöäΓöäΓöäΓöäΓöäΓöäΓöäΓöäΓöäΓöäΓöäΓöäΓöä[0m
05-13 19:12:14.939 I/flutter (19015): [38;5;12mΓöé ≡ƒÆí ≡ƒô▒ Full-screen intent permission: true[0m
05-13 19:12:14.939 I/flutter (19015): [38;5;12mΓööΓöÇΓöÇΓöÇΓöÇΓöÇΓöÇΓöÇΓöÇΓöÇΓöÇΓöÇΓöÇΓöÇΓöÇΓöÇΓöÇΓöÇΓöÇΓöÇΓöÇΓöÇΓöÇΓöÇΓöÇΓöÇΓöÇΓöÇΓöÇΓöÇΓöÇΓöÇΓöÇΓöÇΓöÇΓöÇΓöÇΓöÇΓöÇΓöÇΓöÇΓöÇΓöÇΓöÇΓöÇΓöÇΓöÇΓöÇΓöÇΓöÇΓöÇΓöÇΓöÇΓöÇΓöÇΓöÇΓöÇΓöÇΓöÇΓöÇΓöÇΓöÇΓöÇΓöÇΓöÇΓöÇΓöÇΓöÇΓöÇΓöÇΓöÇΓöÇΓöÇΓöÇΓöÇΓöÇΓöÇΓöÇΓöÇΓöÇ[0m
05-13 19:12:14.949 W/WindowOnBackDispatcher( 1115): sendCancelIfRunning: isInProgress=false callback=android.app.Activity$$ExternalSyntheticLambda0@363fd2f
05-13 19:12:14.950 D/CoreBackPreview(  701): Window{e26aa4 u0 com.google.android.permissioncontroller/com.android.permissioncontroller.permission.ui.GrantPermissionsActivity}: Setting back callback null
05-13 19:12:14.952 I/ImeTracker( 1115): com.google.android.permissioncontroller:3bee0e30: onRequestHide at ORIGIN_CLIENT reason HIDE_WINDOW_LOST_FOCUS fromUser false
05-13 19:12:14.952 D/InsetsController( 1115): hide(ime(), fromIme=false)
05-13 19:12:14.952 I/flutter (19015): ΓöîΓöÇΓöÇΓöÇΓöÇΓöÇΓöÇΓöÇΓöÇΓöÇΓöÇΓöÇΓöÇΓöÇΓöÇΓöÇΓöÇΓöÇΓöÇΓöÇΓöÇΓöÇΓöÇΓöÇΓöÇΓöÇΓöÇΓöÇΓöÇΓöÇΓöÇΓöÇΓöÇΓöÇΓöÇΓöÇΓöÇΓöÇΓöÇΓöÇΓöÇΓöÇΓöÇΓöÇΓöÇΓöÇΓöÇΓöÇΓöÇΓöÇΓöÇΓöÇΓöÇΓöÇΓöÇΓöÇΓöÇΓöÇΓöÇΓöÇΓöÇΓöÇΓöÇΓöÇΓöÇΓöÇΓöÇΓöÇΓöÇΓöÇΓöÇΓöÇΓöÇΓöÇΓöÇΓöÇΓöÇΓöÇΓöÇΓöÇ
05-13 19:12:14.952 I/ImeTracker( 1115): com.google.android.permissioncontroller:3bee0e30: onCancelled at PHASE_CLIENT_ALREADY_HIDDEN
05-13 19:12:14.952 I/flutter (19015): Γöé 19:12:14.952 (+0:01:16.247773)
05-13 19:12:14.952 I/flutter (19015): Γö£ΓöäΓöäΓöäΓöäΓöäΓöäΓöäΓöäΓöäΓöäΓöäΓöäΓöäΓöäΓöäΓöäΓöäΓöäΓöäΓöäΓöäΓöäΓöäΓöäΓöäΓöäΓöäΓöäΓöäΓöäΓöäΓöäΓöäΓöäΓöäΓöäΓöäΓöäΓöäΓöäΓöäΓöäΓöäΓöäΓöäΓöäΓöäΓöäΓöäΓöäΓöäΓöäΓöäΓöäΓöäΓöäΓöäΓöäΓöäΓöäΓöäΓöäΓöäΓöäΓöäΓöäΓöäΓöäΓöäΓöäΓöäΓöäΓöäΓöäΓöäΓöäΓöäΓöäΓöä
05-13 19:12:14.952 I/flutter (19015): Γöé ≡ƒÉ¢ Attempting to register FCM token with backend: eYCjBSI6SdKIM-wqpu7f...
05-13 19:12:14.952 I/flutter (19015): ΓööΓöÇΓöÇΓöÇΓöÇΓöÇΓöÇΓöÇΓöÇΓöÇΓöÇΓöÇΓöÇΓöÇΓöÇΓöÇΓöÇΓöÇΓöÇΓöÇΓöÇΓöÇΓöÇΓöÇΓöÇΓöÇΓöÇΓöÇΓöÇΓöÇΓöÇΓöÇΓöÇΓöÇΓöÇΓöÇΓöÇΓöÇΓöÇΓöÇΓöÇΓöÇΓöÇΓöÇΓöÇΓöÇΓöÇΓöÇΓöÇΓöÇΓöÇΓöÇΓöÇΓöÇΓöÇΓöÇΓöÇΓöÇΓöÇΓöÇΓöÇΓöÇΓöÇΓöÇΓöÇΓöÇΓöÇΓöÇΓöÇΓöÇΓöÇΓöÇΓöÇΓöÇΓöÇΓöÇΓöÇΓöÇΓöÇΓöÇ
05-13 19:12:14.959 D/ViewRootImpl( 1115): Skipping stats log for color mode
05-13 19:12:15.001 D/BackgroundInstallControlService(  701): Package event received: 0
05-13 19:12:15.035 W/NotificationService(  701): Toast already killed. pkg=android token=android.os.Binder@9ebd47a
05-13 19:12:15.202 I/flutter (19015): [38;5;12mΓöîΓöÇΓöÇΓöÇΓöÇΓöÇΓöÇΓöÇΓöÇΓöÇΓöÇΓöÇΓöÇΓöÇΓöÇΓöÇΓöÇΓöÇΓöÇΓöÇΓöÇΓöÇΓöÇΓöÇΓöÇΓöÇΓöÇΓöÇΓöÇΓöÇΓöÇΓöÇΓöÇΓöÇΓöÇΓöÇΓöÇΓöÇΓöÇΓöÇΓöÇΓöÇΓöÇΓöÇΓöÇΓöÇΓöÇΓöÇΓöÇΓöÇΓöÇΓöÇΓöÇΓöÇΓöÇΓöÇΓöÇΓöÇΓöÇΓöÇΓöÇΓöÇΓöÇΓöÇΓöÇΓöÇΓöÇΓöÇΓöÇΓöÇΓöÇΓöÇΓöÇΓöÇΓöÇΓöÇΓöÇΓöÇΓöÇΓöÇ[0m
05-13 19:12:15.202 I/flutter (19015): [38;5;12mΓöé 19:12:15.202 (+0:01:16.497525)[0m
05-13 19:12:15.202 I/flutter (19015): [38;5;12mΓö£ΓöäΓöäΓöäΓöäΓöäΓöäΓöäΓöäΓöäΓöäΓöäΓöäΓöäΓöäΓöäΓöäΓöäΓöäΓöäΓöäΓöäΓöäΓöäΓöäΓöäΓöäΓöäΓöäΓöäΓöäΓöäΓöäΓöäΓöäΓöäΓöäΓöäΓöäΓöäΓöäΓöäΓöäΓöäΓöäΓöäΓöäΓöäΓöäΓöäΓöäΓöäΓöäΓöäΓöäΓöäΓöäΓöäΓöäΓöäΓöäΓöäΓöäΓöäΓöäΓöäΓöäΓöäΓöäΓöäΓöäΓöäΓöäΓöäΓöäΓöäΓöäΓöäΓöäΓöä[0m
05-13 19:12:15.202 I/flutter (19015): [38;5;12mΓöé ≡ƒÆí Γ£à FCM token registered with backend successfully. Status: 200[0m
05-13 19:12:15.202 I/flutter (19015): [38;5;12mΓööΓöÇΓöÇΓöÇΓöÇΓöÇΓöÇΓöÇΓöÇΓöÇΓöÇΓöÇΓöÇΓöÇΓöÇΓöÇΓöÇΓöÇΓöÇΓöÇΓöÇΓöÇΓöÇΓöÇΓöÇΓöÇΓöÇΓöÇΓöÇΓöÇΓöÇΓöÇΓöÇΓöÇΓöÇΓöÇΓöÇΓöÇΓöÇΓöÇΓöÇΓöÇΓöÇΓöÇΓöÇΓöÇΓöÇΓöÇΓöÇΓöÇΓöÇΓöÇΓöÇΓöÇΓöÇΓöÇΓöÇΓöÇΓöÇΓöÇΓöÇΓöÇΓöÇΓöÇΓöÇΓöÇΓöÇΓöÇΓöÇΓöÇΓöÇΓöÇΓöÇΓöÇΓöÇΓöÇΓöÇΓöÇΓöÇΓöÇ[0m
05-13 19:12:15.281 D/CoreBackPreview(  701): Window{6f311f7 u0 com.munawwaracare.andriod/com.munawwaracare.andriod.MainActivity}: Setting back callback OnBackInvokedCallbackInfo{mCallback=android.window.IOnBackInvokedCallback$Stub$Proxy@c9ba088, mPriority=0, mIsAnimationCallback=true, mOverrideBehavior=0}
05-13 19:12:16.798 W/AS.PlaybackActivityMon(  701): No piid assigned for invalid/internal port id 15
05-13 19:12:16.801 W/OptProp (  701): Cannot read opt property android.window.PROPERTY_COMPAT_ALLOW_USER_ASPECT_RATIO_OVERRIDE
05-13 19:12:16.801 W/OptProp (  701): Cannot read opt property android.window.PROPERTY_COMPAT_ALLOW_USER_ASPECT_RATIO_FULLSCREEN_OVERRIDE
05-13 19:12:16.801 W/OptProp (  701): Cannot read opt property android.window.PROPERTY_COMPAT_ALLOW_MIN_ASPECT_RATIO_OVERRIDE
05-13 19:12:16.801 W/OptProp (  701): Cannot read opt property android.window.PROPERTY_COMPAT_ALLOW_ORIENTATION_OVERRIDE
05-13 19:12:16.801 W/OptProp (  701): Cannot read opt property android.window.PROPERTY_COMPAT_ALLOW_RESIZEABLE_ACTIVITY_OVERRIDES
05-13 19:12:16.805 I/BpBinder(  567): onLastStrongRef automatically unlinking death recipients: 
05-13 19:12:16.805 I/ActivityTaskManager(  701): START u0 {act=android.content.pm.action.REQUEST_PERMISSIONS xflg=0x4 pkg=com.google.android.permissioncontroller cmp=com.google.android.permissioncontroller/com.android.permissioncontroller.permission.ui.GrantPermissionsActivity (has extras)} with LAUNCH_MULTIPLE from uid 10218 (rr=17387895) (BAL_ALLOW_VISIBLE_WINDOW) result code=0
