05-13 19:12:38.819 W/AS.PlaybackActivityMon(  701): No piid assigned for invalid/internal port id 15
05-13 19:12:40.824 D/SatelliteController( 1289): iisInCarrierRoamingNbIotNtn: satellite is disabled
05-13 19:12:41.921 D/android.hardware.audio@7.1-impl.ranchu(  503): threadLoop: entering standby, frames: 54788416
05-13 19:12:41.921 D/android.hardware.audio@7.1-impl.ranchu(  503): ~TinyalsaSink: joining consumeThread
05-13 19:12:41.933 D/android.hardware.audio@7.1-impl.ranchu(  503): consumeThread: exiting
05-13 19:12:41.934 D/android.hardware.audio@7.1-impl.ranchu(  503): ~TinyalsaSink: stopping PCM stream
05-13 19:12:50.825 D/SatelliteController( 1289): iisInCarrierRoamingNbIotNtn: satellite is disabled
05-13 19:12:53.690 I/bbax    ( 1727): (REDACTED) getHotwordActive::active query: %s, watch: %s, devices connected: %s
05-13 19:12:57.723 W/AS.PlaybackActivityMon(  701): No piid assigned for invalid/internal port id 15
05-13 19:13:00.759 D/android.hardware.audio@7.1-impl.ranchu(  503): threadLoop: entering standby, frames: 54937472
05-13 19:13:00.759 D/android.hardware.audio@7.1-impl.ranchu(  503): ~TinyalsaSink: joining consumeThread
05-13 19:13:00.764 D/android.hardware.audio@7.1-impl.ranchu(  503): consumeThread: exiting
05-13 19:13:00.765 D/android.hardware.audio@7.1-impl.ranchu(  503): ~TinyalsaSink: stopping PCM stream
05-13 19:13:00.824 D/SatelliteController( 1289): iisInCarrierRoamingNbIotNtn: satellite is disabled
05-13 19:13:01.220 W/WindowOnBackDispatcher(19015): sendCancelIfRunning: isInProgress=false callback=io.flutter.embedding.android.FlutterActivity$1@5a448c9
05-13 19:13:01.220 D/CoreBackPreview(  701): Window{6f311f7 u0 com.munawwaracare.andriod/com.munawwaracare.andriod.MainActivity}: Setting back callback OnBackInvokedCallbackInfo{mCallback=android.window.IOnBackInvokedCallback$Stub$Proxy@b5b3d44, mPriority=-1, mIsAnimationCallback=false, mOverrideBehavior=0}
05-13 19:13:02.768 I/flutter (19015): ΓöîΓöÇΓöÇΓöÇΓöÇΓöÇΓöÇΓöÇΓöÇΓöÇΓöÇΓöÇΓöÇΓöÇΓöÇΓöÇΓöÇΓöÇΓöÇΓöÇΓöÇΓöÇΓöÇΓöÇΓöÇΓöÇΓöÇΓöÇΓöÇΓöÇΓöÇΓöÇΓöÇΓöÇΓöÇΓöÇΓöÇΓöÇΓöÇΓöÇΓöÇΓöÇΓöÇΓöÇΓöÇΓöÇΓöÇΓöÇΓöÇΓöÇΓöÇΓöÇΓöÇΓöÇΓöÇΓöÇΓöÇΓöÇΓöÇΓöÇΓöÇΓöÇΓöÇΓöÇΓöÇΓöÇΓöÇΓöÇΓöÇΓöÇΓöÇΓöÇΓöÇΓöÇΓöÇΓöÇΓöÇΓöÇΓöÇΓöÇ
05-13 19:13:02.768 I/flutter (19015): Γöé 19:13:02.767 (+0:02:04.063135)
05-13 19:13:02.768 I/flutter (19015): Γö£ΓöäΓöäΓöäΓöäΓöäΓöäΓöäΓöäΓöäΓöäΓöäΓöäΓöäΓöäΓöäΓöäΓöäΓöäΓöäΓöäΓöäΓöäΓöäΓöäΓöäΓöäΓöäΓöäΓöäΓöäΓöäΓöäΓöäΓöäΓöäΓöäΓöäΓöäΓöäΓöäΓöäΓöäΓöäΓöäΓöäΓöäΓöäΓöäΓöäΓöäΓöäΓöäΓöäΓöäΓöäΓöäΓöäΓöäΓöäΓöäΓöäΓöäΓöäΓöäΓöäΓöäΓöäΓöäΓöäΓöäΓöäΓöäΓöäΓöäΓöäΓöäΓöäΓöäΓöä
05-13 19:13:02.768 I/flutter (19015): Γöé ≡ƒÉ¢ [SocketService] Listener registered: area_added
05-13 19:13:02.768 I/flutter (19015): ΓööΓöÇΓöÇΓöÇΓöÇΓöÇΓöÇΓöÇΓöÇΓöÇΓöÇΓöÇΓöÇΓöÇΓöÇΓöÇΓöÇΓöÇΓöÇΓöÇΓöÇΓöÇΓöÇΓöÇΓöÇΓöÇΓöÇΓöÇΓöÇΓöÇΓöÇΓöÇΓöÇΓöÇΓöÇΓöÇΓöÇΓöÇΓöÇΓöÇΓöÇΓöÇΓöÇΓöÇΓöÇΓöÇΓöÇΓöÇΓöÇΓöÇΓöÇΓöÇΓöÇΓöÇΓöÇΓöÇΓöÇΓöÇΓöÇΓöÇΓöÇΓöÇΓöÇΓöÇΓöÇΓöÇΓöÇΓöÇΓöÇΓöÇΓöÇΓöÇΓöÇΓöÇΓöÇΓöÇΓöÇΓöÇΓöÇΓöÇ
05-13 19:13:02.768 I/flutter (19015): ΓöîΓöÇΓöÇΓöÇΓöÇΓöÇΓöÇΓöÇΓöÇΓöÇΓöÇΓöÇΓöÇΓöÇΓöÇΓöÇΓöÇΓöÇΓöÇΓöÇΓöÇΓöÇΓöÇΓöÇΓöÇΓöÇΓöÇΓöÇΓöÇΓöÇΓöÇΓöÇΓöÇΓöÇΓöÇΓöÇΓöÇΓöÇΓöÇΓöÇΓöÇΓöÇΓöÇΓöÇΓöÇΓöÇΓöÇΓöÇΓöÇΓöÇΓöÇΓöÇΓöÇΓöÇΓöÇΓöÇΓöÇΓöÇΓöÇΓöÇΓöÇΓöÇΓöÇΓöÇΓöÇΓöÇΓöÇΓöÇΓöÇΓöÇΓöÇΓöÇΓöÇΓöÇΓöÇΓöÇΓöÇΓöÇΓöÇΓöÇ
05-13 19:13:02.769 I/flutter (19015): Γöé 19:13:02.768 (+0:02:04.064275)
05-13 19:13:02.769 I/flutter (19015): Γö£ΓöäΓöäΓöäΓöäΓöäΓöäΓöäΓöäΓöäΓöäΓöäΓöäΓöäΓöäΓöäΓöäΓöäΓöäΓöäΓöäΓöäΓöäΓöäΓöäΓöäΓöäΓöäΓöäΓöäΓöäΓöäΓöäΓöäΓöäΓöäΓöäΓöäΓöäΓöäΓöäΓöäΓöäΓöäΓöäΓöäΓöäΓöäΓöäΓöäΓöäΓöäΓöäΓöäΓöäΓöäΓöäΓöäΓöäΓöäΓöäΓöäΓöäΓöäΓöäΓöäΓöäΓöäΓöäΓöäΓöäΓöäΓöäΓöäΓöäΓöäΓöäΓöäΓöäΓöä
05-13 19:13:02.769 I/flutter (19015): Γöé ≡ƒÉ¢ [SocketService] Listener registered: area_deleted
05-13 19:13:02.770 I/flutter (19015): ΓööΓöÇΓöÇΓöÇΓöÇΓöÇΓöÇΓöÇΓöÇΓöÇΓöÇΓöÇΓöÇΓöÇΓöÇΓöÇΓöÇΓöÇΓöÇΓöÇΓöÇΓöÇΓöÇΓöÇΓöÇΓöÇΓöÇΓöÇΓöÇΓöÇΓöÇΓöÇΓöÇΓöÇΓöÇΓöÇΓöÇΓöÇΓöÇΓöÇΓöÇΓöÇΓöÇΓöÇΓöÇΓöÇΓöÇΓöÇΓöÇΓöÇΓöÇΓöÇΓöÇΓöÇΓöÇΓöÇΓöÇΓöÇΓöÇΓöÇΓöÇΓöÇΓöÇΓöÇΓöÇΓöÇΓöÇΓöÇΓöÇΓöÇΓöÇΓöÇΓöÇΓöÇΓöÇΓöÇΓöÇΓöÇΓöÇΓöÇ
05-13 19:13:02.770 I/flutter (19015): ΓöîΓöÇΓöÇΓöÇΓöÇΓöÇΓöÇΓöÇΓöÇΓöÇΓöÇΓöÇΓöÇΓöÇΓöÇΓöÇΓöÇΓöÇΓöÇΓöÇΓöÇΓöÇΓöÇΓöÇΓöÇΓöÇΓöÇΓöÇΓöÇΓöÇΓöÇΓöÇΓöÇΓöÇΓöÇΓöÇΓöÇΓöÇΓöÇΓöÇΓöÇΓöÇΓöÇΓöÇΓöÇΓöÇΓöÇΓöÇΓöÇΓöÇΓöÇΓöÇΓöÇΓöÇΓöÇΓöÇΓöÇΓöÇΓöÇΓöÇΓöÇΓöÇΓöÇΓöÇΓöÇΓöÇΓöÇΓöÇΓöÇΓöÇΓöÇΓöÇΓöÇΓöÇΓöÇΓöÇΓöÇΓöÇΓöÇΓöÇ
05-13 19:13:02.770 I/flutter (19015): Γöé 19:13:02.770 (+0:02:04.065539)
05-13 19:13:02.770 I/flutter (19015): Γö£ΓöäΓöäΓöäΓöäΓöäΓöäΓöäΓöäΓöäΓöäΓöäΓöäΓöäΓöäΓöäΓöäΓöäΓöäΓöäΓöäΓöäΓöäΓöäΓöäΓöäΓöäΓöäΓöäΓöäΓöäΓöäΓöäΓöäΓöäΓöäΓöäΓöäΓöäΓöäΓöäΓöäΓöäΓöäΓöäΓöäΓöäΓöäΓöäΓöäΓöäΓöäΓöäΓöäΓöäΓöäΓöäΓöäΓöäΓöäΓöäΓöäΓöäΓöäΓöäΓöäΓöäΓöäΓöäΓöäΓöäΓöäΓöäΓöäΓöäΓöäΓöäΓöäΓöäΓöä
05-13 19:13:02.770 I/flutter (19015): Γöé ≡ƒÉ¢ [SocketService] Listener registered: location_update
05-13 19:13:02.771 I/flutter (19015): ΓööΓöÇΓöÇΓöÇΓöÇΓöÇΓöÇΓöÇΓöÇΓöÇΓöÇΓöÇΓöÇΓöÇΓöÇΓöÇΓöÇΓöÇΓöÇΓöÇΓöÇΓöÇΓöÇΓöÇΓöÇΓöÇΓöÇΓöÇΓöÇΓöÇΓöÇΓöÇΓöÇΓöÇΓöÇΓöÇΓöÇΓöÇΓöÇΓöÇΓöÇΓöÇΓöÇΓöÇΓöÇΓöÇΓöÇΓöÇΓöÇΓöÇΓöÇΓöÇΓöÇΓöÇΓöÇΓöÇΓöÇΓöÇΓöÇΓöÇΓöÇΓöÇΓöÇΓöÇΓöÇΓöÇΓöÇΓöÇΓöÇΓöÇΓöÇΓöÇΓöÇΓöÇΓöÇΓöÇΓöÇΓöÇΓöÇΓöÇ
05-13 19:13:02.771 I/flutter (19015): ΓöîΓöÇΓöÇΓöÇΓöÇΓöÇΓöÇΓöÇΓöÇΓöÇΓöÇΓöÇΓöÇΓöÇΓöÇΓöÇΓöÇΓöÇΓöÇΓöÇΓöÇΓöÇΓöÇΓöÇΓöÇΓöÇΓöÇΓöÇΓöÇΓöÇΓöÇΓöÇΓöÇΓöÇΓöÇΓöÇΓöÇΓöÇΓöÇΓöÇΓöÇΓöÇΓöÇΓöÇΓöÇΓöÇΓöÇΓöÇΓöÇΓöÇΓöÇΓöÇΓöÇΓöÇΓöÇΓöÇΓöÇΓöÇΓöÇΓöÇΓöÇΓöÇΓöÇΓöÇΓöÇΓöÇΓöÇΓöÇΓöÇΓöÇΓöÇΓöÇΓöÇΓöÇΓöÇΓöÇΓöÇΓöÇΓöÇΓöÇ
05-13 19:13:02.771 I/flutter (19015): Γöé 19:13:02.771 (+0:02:04.066956)
05-13 19:13:02.772 I/flutter (19015): Γö£ΓöäΓöäΓöäΓöäΓöäΓöäΓöäΓöäΓöäΓöäΓöäΓöäΓöäΓöäΓöäΓöäΓöäΓöäΓöäΓöäΓöäΓöäΓöäΓöäΓöäΓöäΓöäΓöäΓöäΓöäΓöäΓöäΓöäΓöäΓöäΓöäΓöäΓöäΓöäΓöäΓöäΓöäΓöäΓöäΓöäΓöäΓöäΓöäΓöäΓöäΓöäΓöäΓöäΓöäΓöäΓöäΓöäΓöäΓöäΓöäΓöäΓöäΓöäΓöäΓöäΓöäΓöäΓöäΓöäΓöäΓöäΓöäΓöäΓöäΓöäΓöäΓöäΓöäΓöä
05-13 19:13:02.772 I/flutter (19015): Γöé ≡ƒÉ¢ [SocketService] Listener registered: status_update
05-13 19:13:02.772 I/flutter (19015): ΓööΓöÇΓöÇΓöÇΓöÇΓöÇΓöÇΓöÇΓöÇΓöÇΓöÇΓöÇΓöÇΓöÇΓöÇΓöÇΓöÇΓöÇΓöÇΓöÇΓöÇΓöÇΓöÇΓöÇΓöÇΓöÇΓöÇΓöÇΓöÇΓöÇΓöÇΓöÇΓöÇΓöÇΓöÇΓöÇΓöÇΓöÇΓöÇΓöÇΓöÇΓöÇΓöÇΓöÇΓöÇΓöÇΓöÇΓöÇΓöÇΓöÇΓöÇΓöÇΓöÇΓöÇΓöÇΓöÇΓöÇΓöÇΓöÇΓöÇΓöÇΓöÇΓöÇΓöÇΓöÇΓöÇΓöÇΓöÇΓöÇΓöÇΓöÇΓöÇΓöÇΓöÇΓöÇΓöÇΓöÇΓöÇΓöÇΓöÇ
05-13 19:13:03.202 D/CoreBackPreview(  701): Window{6f311f7 u0 com.munawwaracare.andriod/com.munawwaracare.andriod.MainActivity}: Setting back callback OnBackInvokedCallbackInfo{mCallback=android.window.IOnBackInvokedCallback$Stub$Proxy@91bfe2d, mPriority=0, mIsAnimationCallback=true, mOverrideBehavior=0}
05-13 19:13:03.825 I/ActivityScheduler( 5949): nextTriggerTime: 20150033, in 147827ms, detectorType: 39, FULL_TYPE alarmWindowMillis: 80000
05-13 19:13:03.835 W/Settings( 5949): Setting airplane_mode_on has moved from android.provider.Settings.System to android.provider.Settings.Global, returning read-only value.
05-13 19:13:03.848 W/SystemServiceRegistry( 5949): No service published for: wifirtt
05-13 19:13:04.708 D/WifiNl80211Manager(  701): Scan result ready event
05-13 19:13:04.708 D/WifiNative(  701): Scan result ready event
05-13 19:13:04.716 I/WifiScanner( 5949): onFullResults
05-13 19:13:04.716 I/WifiScanner( 5949): onFullResults
05-13 19:13:04.717 I/WifiScanner( 5949): onFullResults
05-13 19:13:04.739 I/HalDevMgr(  701): bestIfaceCreationProposal is null, requestIface=STA, existingIface=[name=wlan0 type=STA]
05-13 19:13:04.755 I/FrewleTileCacheManagerV( 5949): (REDACTED) Fetched %d AP models from cache
05-13 19:13:04.798 W/GLSUser ( 5949): [DeviceKeyStore] Cannot load key: Device key file not found.
05-13 19:13:04.829 D/ActivityManager(  701): sync unfroze 6211 com.google.android.gms.unstable for 6
05-13 19:13:04.835 D/BackgroundInstallControlService(  701): Package event received: 0
05-13 19:13:04.943 W/ProcessStats(  701): Tracking association SourceState{ff6de63 com.google.android.gms.persistent/10148 BTop #15965} whose proc state 2 is better than process ProcessState{6b71954 com.google.android.gms.unstable/10148 pkg=com.google.android.gms} proc state 15 (52 skipped)
05-13 19:13:05.243 D/FileUtils(  701): Rounded bytes from 2067267584 to 4000000000
05-13 19:13:05.264 W/libc    ( 6211): Access denied finding property "persist.adb.tls_server.enable"
05-13 19:13:05.264 W/libc    ( 6211): Access denied finding property "service.adb.tls.port"
05-13 19:13:05.261 W/binder:6211_B( 6211): type=1400 audit(0.0:331): avc:  denied  { read } for  name="u:object_r:system_adbd_prop:s0" dev="tmpfs" ino=334 scontext=u:r:gmscore_app:s0:c512,c768 tcontext=u:object_r:system_adbd_prop:s0 tclass=file permissive=0 app=com.google.android.gms
05-13 19:13:05.261 W/binder:6211_B( 6211): type=1400 audit(0.0:332): avc:  denied  { read } for  name="u:object_r:adbd_prop:s0" dev="tmpfs" ino=59 scontext=u:r:gmscore_app:s0:c512,c768 tcontext=u:object_r:adbd_prop:s0 tclass=file permissive=0 app=com.google.android.gms
05-13 19:13:05.304 W/GmsUrlRequestImpl( 5949): [https://android.googleapis.com/auth/devicekey] Content-Type header is overwritten.
05-13 19:13:05.383 I/id.gms.unstable( 6211): Explicit concurrent mark compact GC freed 692KB AllocSpace bytes, 2(144KB) LOS objects, 24% free, 3280KB/4374KB, paused 1.196ms,5.999ms total 490.458ms
05-13 19:13:05.540 W/GLSUser ( 5949): [AppCertManager] Exception while requesting key: 
05-13 19:13:05.540 W/GLSUser ( 5949): java.util.concurrent.ExecutionException: czle: Parsing Exception
05-13 19:13:05.540 W/GLSUser ( 5949): 	at hkyn.j(:com.google.android.gms@261631038@26.16.31 (260800-900800821):21)
05-13 19:13:05.540 W/GLSUser ( 5949): 	at hkyw.t(:com.google.android.gms@261631038@26.16.31 (260800-900800821):73)
05-13 19:13:05.540 W/GLSUser ( 5949): 	at amlt.b(:com.google.android.gms@261631038@26.16.31 (260800-900800821):435)
05-13 19:13:05.540 W/GLSUser ( 5949): 	at amlr.a(:com.google.android.gms@261631038@26.16.31 (260800-900800821):67)
05-13 19:13:05.540 W/GLSUser ( 5949): 	at amln.a(:com.google.android.gms@261631038@26.16.31 (260800-900800821):3)
05-13 19:13:05.540 W/GLSUser ( 5949): 	at amlp.a(:com.google.android.gms@261631038@26.16.31 (260800-900800821):58)
05-13 19:13:05.540 W/GLSUser ( 5949): 	at amlp.b(:com.google.android.gms@261631038@26.16.31 (260800-900800821):21)
05-13 19:13:05.540 W/GLSUser ( 5949): 	at bjpo.m(:com.google.android.gms@261631038@26.16.31 (260800-900800821):13)
05-13 19:13:05.540 W/GLSUser ( 5949): 	at bjqd.f(:com.google.android.gms@261631038@26.16.31 (260800-900800821):10)
05-13 19:13:05.540 W/GLSUser ( 5949): 	at gsah.a(:com.google.android.gms@261631038@26.16.31 (260800-900800821):45)
05-13 19:13:05.540 W/GLSUser ( 5949): 	at gsab.b(:com.google.android.gms@261631038@26.16.31 (260800-900800821):293)
05-13 19:13:05.540 W/GLSUser ( 5949): 	at gtsu.call(:com.google.android.gms@261631038@26.16.31 (260800-900800821):1001)
05-13 19:13:05.540 W/GLSUser ( 5949): 	at java.util.concurrent.FutureTask.run(FutureTask.java:317)
05-13 19:13:05.540 W/GLSUser ( 5949): 	at bjwq.c(:com.google.android.gms@261631038@26.16.31 (260800-900800821):50)
05-13 19:13:05.540 W/GLSUser ( 5949): 	at bjwq.run(:com.google.android.gms@261631038@26.16.31 (260800-900800821):66)
05-13 19:13:05.540 W/GLSUser ( 5949): 	at java.util.concurrent.ThreadPoolExecutor.runWorker(ThreadPoolExecutor.java:1156)
05-13 19:13:05.540 W/GLSUser ( 5949): 	at java.util.concurrent.ThreadPoolExecutor$Worker.run(ThreadPoolExecutor.java:651)
05-13 19:13:05.540 W/GLSUser ( 5949): 	at bkch.run(:com.google.android.gms@261631038@26.16.31 (260800-900800821):8)
05-13 19:13:05.540 W/GLSUser ( 5949): 	at java.lang.Thread.run(Thread.java:1119)
05-13 19:13:05.540 W/GLSUser ( 5949): Caused by: czle: Parsing Exception
05-13 19:13:05.540 W/GLSUser ( 5949): 	at czmi.a(:com.google.android.gms@261631038@26.16.31 (260800-900800821):15)
05-13 19:13:05.540 W/GLSUser ( 5949): 	at hlbg.run(:com.google.android.gms@261631038@26.16.31 (260800-900800821):56)
05-13 19:13:05.540 W/GLSUser ( 5949): 	... 6 more
05-13 19:13:05.540 W/GLSUser ( 5949): Caused by: ivrd: Protocol message end-group tag did not match expected tag.
05-13 19:13:05.540 W/GLSUser ( 5949): 	at ivta.a(:com.google.android.gms@261631038@26.16.31 (260800-900800821):57)
05-13 19:13:05.540 W/GLSUser ( 5949): 	at ivrx.l(:com.google.android.gms@261631038@26.16.31 (260800-900800821):424)
05-13 19:13:05.540 W/GLSUser ( 5949): 	at ivpz.s(:com.google.android.gms@261631038@26.16.31 (260800-900800821):26)
05-13 19:13:05.540 W/GLSUser ( 5949): 	at ivnu.f(:com.google.android.gms@261631038@26.16.31 (260800-900800821):7)
05-13 19:13:05.540 W/GLSUser ( 5949): 	at ivnu.c(:com.google.android.gms@261631038@26.16.31 (260800-900800821):1)
05-13 19:13:05.540 W/GLSUser ( 5949): 	at ivnu.o(:com.google.android.gms@261631038@26.16.31 (260800-900800821):1)
05-13 19:13:05.540 W/GLSUser ( 5949): 	at czmh.a(:com.google.android.gms@261631038@26.16.31 (260800-900800821):15)
05-13 19:13:05.540 W/GLSUser ( 5949): 	at czmm.call(:com.google.android.gms@261631038@26.16.31 (260800-900800821):8)
05-13 19:13:05.540 W/GLSUser ( 5949): 	at java.util.concurrent.FutureTask.run(FutureTask.java:317)
05-13 19:13:05.540 W/GLSUser ( 5949): 	... 6 more
05-13 19:13:05.542 W/GLSUser ( 5949): [DeviceKeyStore] Cannot load key: Device key file not found.
05-13 19:13:05.618 W/Conscrypt( 5949): Could not set socket write timeout: java.net.SocketException: Socket closed
05-13 19:13:05.623 W/Conscrypt( 5949): 	at com.google.android.gms.org.conscrypt.Platform.setSocketWriteTimeout(:com.google.android.gms@261631038@26.16.31 (260800-900800821):204)
05-13 19:13:05.623 W/Conscrypt( 5949): 	at com.google.android.gms.org.conscrypt.ConscryptFileDescriptorSocket.setSoWriteTimeout(:com.google.android.gms@261631038@26.16.31 (260800-900800821):4)
05-13 19:13:05.689 W/Conscrypt( 5949): Could not set socket write timeout: java.net.SocketException: Socket closed
05-13 19:13:05.689 W/Conscrypt( 5949): 	at com.google.android.gms.org.conscrypt.Platform.setSocketWriteTimeout(:com.google.android.gms@261631038@26.16.31 (260800-900800821):204)
05-13 19:13:05.689 W/Conscrypt( 5949): 	at com.google.android.gms.org.conscrypt.ConscryptFileDescriptorSocket.setSoWriteTimeout(:com.google.android.gms@261631038@26.16.31 (260800-900800821):4)
05-13 19:13:05.816 W/GlsClientGrpc( 5949): Voilatile gRPC failure INVALID_ARGUMENT: Application credential header not valid. Please fix the client to pass a valid application credential header. [CONTEXT service_id=6 ]
05-13 19:13:05.816 W/GlsClientGrpc( 5949): jsoa: INVALID_ARGUMENT: Application credential header not valid. Please fix the client to pass a valid application credential header.
05-13 19:13:05.816 W/GlsClientGrpc( 5949): 	at bjqd.r(:com.google.android.gms@261631038@26.16.31 (260800-900800821):31)
05-13 19:13:05.816 W/GlsClientGrpc( 5949): 	at bjqd.f(:com.google.android.gms@261631038@26.16.31 (260800-900800821):90)
05-13 19:13:05.816 W/GlsClientGrpc( 5949): 	at gsah.a(:com.google.android.gms@261631038@26.16.31 (260800-900800821):45)
05-13 19:13:05.816 W/GlsClientGrpc( 5949): 	at gsab.b(:com.google.android.gms@261631038@26.16.31 (260800-900800821):293)
05-13 19:13:05.816 W/GlsClientGrpc( 5949): 	at gtsu.call(:com.google.android.gms@261631038@26.16.31 (260800-900800821):1001)
05-13 19:13:05.816 W/GlsClientGrpc( 5949): 	at java.util.concurrent.FutureTask.run(FutureTask.java:317)
05-13 19:13:05.816 W/GlsClientGrpc( 5949): 	at bjwq.c(:com.google.android.gms@261631038@26.16.31 (260800-900800821):50)
05-13 19:13:05.816 W/GlsClientGrpc( 5949): 	at bjwq.run(:com.google.android.gms@261631038@26.16.31 (260800-900800821):66)
05-13 19:13:05.816 W/GlsClientGrpc( 5949): 	at java.util.concurrent.ThreadPoolExecutor.runWorker(ThreadPoolExecutor.java:1156)
05-13 19:13:05.816 W/GlsClientGrpc( 5949): 	at java.util.concurrent.ThreadPoolExecutor$Worker.run(ThreadPoolExecutor.java:651)
05-13 19:13:05.816 W/GlsClientGrpc( 5949): 	at bkch.run(:com.google.android.gms@261631038@26.16.31 (260800-900800821):8)
05-13 19:13:05.816 W/GlsClientGrpc( 5949): 	at java.lang.Thread.run(Thread.java:1119)
05-13 19:13:05.820 I/FrewleTileCacheManagerV( 5949): (REDACTED) Fetched %d AP models from cache
05-13 19:13:05.827 I/ActivityScheduler( 5949): nextTriggerTime: 20150033, in 145825ms, detectorType: 39, FULL_TYPE alarmWindowMillis: 80000
05-13 19:13:05.996 W/WindowOnBackDispatcher(19015): sendCancelIfRunning: isInProgress=false callback=io.flutter.embedding.android.FlutterActivity$1@5a448c9
05-13 19:13:05.997 D/CoreBackPreview(  701): Window{6f311f7 u0 com.munawwaracare.andriod/com.munawwaracare.andriod.MainActivity}: Setting back callback OnBackInvokedCallbackInfo{mCallback=android.window.IOnBackInvokedCallback$Stub$Proxy@638170d, mPriority=-1, mIsAnimationCallback=false, mOverrideBehavior=0}
05-13 19:13:06.826 D/BoundBrokerSvc( 5949): onRebind: Intent { act=com.google.android.gms.libs.gmscorelogger.service.START dat=chimera-action:/... xflg=0x4 cmp=com.google.android.gms/.chimera.PersistentDirectBootAwareApiService }
05-13 19:13:09.275 W/Settings( 5949): Setting airplane_mode_on has moved from android.provider.Settings.System to android.provider.Settings.Global, returning read-only value.
05-13 19:13:09.279 W/SystemServiceRegistry( 5949): No service published for: wifirtt
05-13 19:13:10.825 D/SatelliteController( 1289): iisInCarrierRoamingNbIotNtn: satellite is disabled
05-13 19:13:13.044 D/WifiNl80211Manager(  701): Scan result ready event
05-13 19:13:13.044 D/WifiNative(  701): Scan result ready event
05-13 19:13:13.045 I/WifiScanner( 5949): onFullResults
05-13 19:13:13.046 I/WifiScanner( 5949): onFullResults
05-13 19:13:13.046 I/WifiScanner( 5949): onFullResults
05-13 19:13:13.052 I/HalDevMgr(  701): bestIfaceCreationProposal is null, requestIface=STA, existingIface=[name=wlan0 type=STA]
05-13 19:13:13.054 I/FrewleTileCacheManagerV( 5949): (REDACTED) Fetched %d AP models from cache
05-13 19:13:13.058 I/ActivityScheduler( 5949): nextTriggerTime: 20150033, in 138594ms, detectorType: 39, FULL_TYPE alarmWindowMillis: 80000
05-13 19:13:13.204 I/.gms.persistent( 5949): Explicit concurrent mark compact GC freed 3969KB AllocSpace bytes, 4(1244KB) LOS objects, 24% free, 14MB/19MB, paused 1.195ms,2.037ms total 84.906ms
05-13 19:13:15.679 E/FlutterGeolocator(19015): Geolocator position updates started
05-13 19:13:15.693 I/ActivityScheduler( 5949): nextTriggerTime: 20150033, in 135958ms, detectorType: 39, FULL_TYPE alarmWindowMillis: 80000
05-13 19:13:15.705 I/ActivityScheduler( 5949): nextTriggerTime: 20150033, in 135946ms, detectorType: 39, FULL_TYPE alarmWindowMillis: 80000
05-13 19:13:17.896 W/Settings( 5949): Setting airplane_mode_on has moved from android.provider.Settings.System to android.provider.Settings.Global, returning read-only value.
05-13 19:13:17.900 W/SystemServiceRegistry( 5949): No service published for: wifirtt
05-13 19:13:20.336 D/ActivityManager(  701): freezing 6211 com.google.android.gms.unstable
05-13 19:13:20.825 D/SatelliteController( 1289): iisInCarrierRoamingNbIotNtn: satellite is disabled
05-13 19:13:21.679 D/WifiNl80211Manager(  701): Scan result ready event
05-13 19:13:21.679 D/WifiNative(  701): Scan result ready event
05-13 19:13:21.681 I/WifiScanner( 5949): onFullResults
05-13 19:13:21.682 I/WifiScanner( 5949): onFullResults
05-13 19:13:21.682 I/WifiScanner( 5949): onFullResults
05-13 19:13:21.685 I/HalDevMgr(  701): bestIfaceCreationProposal is null, requestIface=STA, existingIface=[name=wlan0 type=STA]
05-13 19:13:21.689 I/FrewleTileCacheManagerV( 5949): (REDACTED) Fetched %d AP models from cache
05-13 19:13:21.693 I/ActivityScheduler( 5949): nextTriggerTime: 20150033, in 129959ms, detectorType: 39, FULL_TYPE alarmWindowMillis: 80000
05-13 19:13:21.857 D/BoundBrokerSvc( 5949): onUnbind: Intent { act=com.google.android.gms.libs.gmscorelogger.service.START dat=chimera-action:/... xflg=0x4 cmp=com.google.android.gms/.chimera.PersistentDirectBootAwareApiService }
05-13 19:13:26.093 W/Settings( 5949): Setting airplane_mode_on has moved from android.provider.Settings.System to android.provider.Settings.Global, returning read-only value.
05-13 19:13:26.097 W/SystemServiceRegistry( 5949): No service published for: wifirtt
05-13 19:13:29.865 D/WifiNl80211Manager(  701): Scan result ready event
05-13 19:13:29.865 D/WifiNative(  701): Scan result ready event
05-13 19:13:29.866 I/WifiScanner( 5949): onFullResults
05-13 19:13:29.867 I/WifiScanner( 5949): onFullResults
05-13 19:13:29.867 I/WifiScanner( 5949): onFullResults
05-13 19:13:29.871 I/HalDevMgr(  701): bestIfaceCreationProposal is null, requestIface=STA, existingIface=[name=wlan0 type=STA]
05-13 19:13:29.874 I/FrewleTileCacheManagerV( 5949): (REDACTED) Fetched %d AP models from cache
05-13 19:13:29.878 I/ActivityScheduler( 5949): nextTriggerTime: 20150033, in 121773ms, detectorType: 39, FULL_TYPE alarmWindowMillis: 80000
05-13 19:13:30.825 D/SatelliteController( 1289): iisInCarrierRoamingNbIotNtn: satellite is disabled
05-13 19:13:34.285 W/Settings( 5949): Setting airplane_mode_on has moved from android.provider.Settings.System to android.provider.Settings.Global, returning read-only value.
05-13 19:13:34.289 W/SystemServiceRegistry( 5949): No service published for: wifirtt
05-13 19:13:38.063 D/WifiNl80211Manager(  701): Scan result ready event
05-13 19:13:38.064 D/WifiNative(  701): Scan result ready event
05-13 19:13:38.066 I/WifiScanner( 5949): onFullResults
05-13 19:13:38.066 I/WifiScanner( 5949): onFullResults
05-13 19:13:38.066 I/WifiScanner( 5949): onFullResults
05-13 19:13:38.068 I/HalDevMgr(  701): bestIfaceCreationProposal is null, requestIface=STA, existingIface=[name=wlan0 type=STA]
05-13 19:13:38.070 I/FrewleTileCacheManagerV( 5949): (REDACTED) Fetched %d AP models from cache
05-13 19:13:38.074 I/ActivityScheduler( 5949): nextTriggerTime: 20150033, in 113578ms, detectorType: 39, FULL_TYPE alarmWindowMillis: 80000
05-13 19:13:40.003 D/WifiNl80211Manager(  701): Scan result ready event
05-13 19:13:40.003 D/WifiNative(  701): Scan result ready event
05-13 19:13:40.005 I/WifiScanner( 5949): onFullResults
05-13 19:13:40.006 I/WifiScanner( 5949): onFullResults
05-13 19:13:40.008 I/HalDevMgr(  701): bestIfaceCreationProposal is null, requestIface=STA, existingIface=[name=wlan0 type=STA]
05-13 19:13:40.825 D/SatelliteController( 1289): iisInCarrierRoamingNbIotNtn: satellite is disabled
05-13 19:13:42.480 W/Settings( 5949): Setting airplane_mode_on has moved from android.provider.Settings.System to android.provider.Settings.Global, returning read-only value.
05-13 19:13:42.485 I/FrewleTileCacheManagerV( 5949): (REDACTED) Fetched %d AP models from cache
05-13 19:13:42.489 I/ActivityScheduler( 5949): nextTriggerTime: 20150033, in 109162ms, detectorType: 39, FULL_TYPE alarmWindowMillis: 80000
05-13 19:13:47.484 W/Settings( 5949): Setting airplane_mode_on has moved from android.provider.Settings.System to android.provider.Settings.Global, returning read-only value.
05-13 19:13:47.487 W/SystemServiceRegistry( 5949): No service published for: wifirtt
05-13 19:13:50.826 D/SatelliteController( 1289): iisInCarrierRoamingNbIotNtn: satellite is disabled
05-13 19:13:51.251 D/WifiNl80211Manager(  701): Scan result ready event
05-13 19:13:51.251 D/WifiNative(  701): Scan result ready event
05-13 19:13:51.253 I/WifiScanner( 5949): onFullResults
05-13 19:13:51.254 I/WifiScanner( 5949): onFullResults
05-13 19:13:51.254 I/WifiScanner( 5949): onFullResults
05-13 19:13:51.256 I/HalDevMgr(  701): bestIfaceCreationProposal is null, requestIface=STA, existingIface=[name=wlan0 type=STA]
05-13 19:13:51.260 I/FrewleTileCacheManagerV( 5949): (REDACTED) Fetched %d AP models from cache
05-13 19:13:51.264 I/ActivityScheduler( 5949): nextTriggerTime: 20150033, in 100387ms, detectorType: 39, FULL_TYPE alarmWindowMillis: 80000
05-13 19:13:53.670 I/bbax    ( 1727): (REDACTED) getHotwordActive::active query: %s, watch: %s, devices connected: %s
05-13 19:13:55.797 W/Settings( 5949): Setting airplane_mode_on has moved from android.provider.Settings.System to android.provider.Settings.Global, returning read-only value.
05-13 19:13:55.800 W/SystemServiceRegistry( 5949): No service published for: wifirtt
05-13 19:13:59.077 I/flutter (19015): ΓöîΓöÇΓöÇΓöÇΓöÇΓöÇΓöÇΓöÇΓöÇΓöÇΓöÇΓöÇΓöÇΓöÇΓöÇΓöÇΓöÇΓöÇΓöÇΓöÇΓöÇΓöÇΓöÇΓöÇΓöÇΓöÇΓöÇΓöÇΓöÇΓöÇΓöÇΓöÇΓöÇΓöÇΓöÇΓöÇΓöÇΓöÇΓöÇΓöÇΓöÇΓöÇΓöÇΓöÇΓöÇΓöÇΓöÇΓöÇΓöÇΓöÇΓöÇΓöÇΓöÇΓöÇΓöÇΓöÇΓöÇΓöÇΓöÇΓöÇΓöÇΓöÇΓöÇΓöÇΓöÇΓöÇΓöÇΓöÇΓöÇΓöÇΓöÇΓöÇΓöÇΓöÇΓöÇΓöÇΓöÇΓöÇΓöÇΓöÇ
05-13 19:13:59.079 I/flutter (19015): Γöé 19:13:59.077 (+0:03:00.372913)
05-13 19:13:59.079 I/flutter (19015): Γö£ΓöäΓöäΓöäΓöäΓöäΓöäΓöäΓöäΓöäΓöäΓöäΓöäΓöäΓöäΓöäΓöäΓöäΓöäΓöäΓöäΓöäΓöäΓöäΓöäΓöäΓöäΓöäΓöäΓöäΓöäΓöäΓöäΓöäΓöäΓöäΓöäΓöäΓöäΓöäΓöäΓöäΓöäΓöäΓöäΓöäΓöäΓöäΓöäΓöäΓöäΓöäΓöäΓöäΓöäΓöäΓöäΓöäΓöäΓöäΓöäΓöäΓöäΓöäΓöäΓöäΓöäΓöäΓöäΓöäΓöäΓöäΓöäΓöäΓöäΓöäΓöäΓöäΓöäΓöä
05-13 19:13:59.079 I/flutter (19015): Γöé ≡ƒÉ¢ [SocketService] Listener registered: area_added
05-13 19:13:59.079 I/flutter (19015): ΓööΓöÇΓöÇΓöÇΓöÇΓöÇΓöÇΓöÇΓöÇΓöÇΓöÇΓöÇΓöÇΓöÇΓöÇΓöÇΓöÇΓöÇΓöÇΓöÇΓöÇΓöÇΓöÇΓöÇΓöÇΓöÇΓöÇΓöÇΓöÇΓöÇΓöÇΓöÇΓöÇΓöÇΓöÇΓöÇΓöÇΓöÇΓöÇΓöÇΓöÇΓöÇΓöÇΓöÇΓöÇΓöÇΓöÇΓöÇΓöÇΓöÇΓöÇΓöÇΓöÇΓöÇΓöÇΓöÇΓöÇΓöÇΓöÇΓöÇΓöÇΓöÇΓöÇΓöÇΓöÇΓöÇΓöÇΓöÇΓöÇΓöÇΓöÇΓöÇΓöÇΓöÇΓöÇΓöÇΓöÇΓöÇΓöÇΓöÇ
05-13 19:13:59.080 I/flutter (19015): ΓöîΓöÇΓöÇΓöÇΓöÇΓöÇΓöÇΓöÇΓöÇΓöÇΓöÇΓöÇΓöÇΓöÇΓöÇΓöÇΓöÇΓöÇΓöÇΓöÇΓöÇΓöÇΓöÇΓöÇΓöÇΓöÇΓöÇΓöÇΓöÇΓöÇΓöÇΓöÇΓöÇΓöÇΓöÇΓöÇΓöÇΓöÇΓöÇΓöÇΓöÇΓöÇΓöÇΓöÇΓöÇΓöÇΓöÇΓöÇΓöÇΓöÇΓöÇΓöÇΓöÇΓöÇΓöÇΓöÇΓöÇΓöÇΓöÇΓöÇΓöÇΓöÇΓöÇΓöÇΓöÇΓöÇΓöÇΓöÇΓöÇΓöÇΓöÇΓöÇΓöÇΓöÇΓöÇΓöÇΓöÇΓöÇΓöÇΓöÇ
05-13 19:13:59.081 I/flutter (19015): Γöé 19:13:59.080 (+0:03:00.375591)
05-13 19:13:59.081 I/flutter (19015): Γö£ΓöäΓöäΓöäΓöäΓöäΓöäΓöäΓöäΓöäΓöäΓöäΓöäΓöäΓöäΓöäΓöäΓöäΓöäΓöäΓöäΓöäΓöäΓöäΓöäΓöäΓöäΓöäΓöäΓöäΓöäΓöäΓöäΓöäΓöäΓöäΓöäΓöäΓöäΓöäΓöäΓöäΓöäΓöäΓöäΓöäΓöäΓöäΓöäΓöäΓöäΓöäΓöäΓöäΓöäΓöäΓöäΓöäΓöäΓöäΓöäΓöäΓöäΓöäΓöäΓöäΓöäΓöäΓöäΓöäΓöäΓöäΓöäΓöäΓöäΓöäΓöäΓöäΓöäΓöä
05-13 19:13:59.081 I/flutter (19015): Γöé ≡ƒÉ¢ [SocketService] Listener registered: area_deleted
05-13 19:13:59.081 I/flutter (19015): ΓööΓöÇΓöÇΓöÇΓöÇΓöÇΓöÇΓöÇΓöÇΓöÇΓöÇΓöÇΓöÇΓöÇΓöÇΓöÇΓöÇΓöÇΓöÇΓöÇΓöÇΓöÇΓöÇΓöÇΓöÇΓöÇΓöÇΓöÇΓöÇΓöÇΓöÇΓöÇΓöÇΓöÇΓöÇΓöÇΓöÇΓöÇΓöÇΓöÇΓöÇΓöÇΓöÇΓöÇΓöÇΓöÇΓöÇΓöÇΓöÇΓöÇΓöÇΓöÇΓöÇΓöÇΓöÇΓöÇΓöÇΓöÇΓöÇΓöÇΓöÇΓöÇΓöÇΓöÇΓöÇΓöÇΓöÇΓöÇΓöÇΓöÇΓöÇΓöÇΓöÇΓöÇΓöÇΓöÇΓöÇΓöÇΓöÇΓöÇ
05-13 19:13:59.081 I/flutter (19015): ΓöîΓöÇΓöÇΓöÇΓöÇΓöÇΓöÇΓöÇΓöÇΓöÇΓöÇΓöÇΓöÇΓöÇΓöÇΓöÇΓöÇΓöÇΓöÇΓöÇΓöÇΓöÇΓöÇΓöÇΓöÇΓöÇΓöÇΓöÇΓöÇΓöÇΓöÇΓöÇΓöÇΓöÇΓöÇΓöÇΓöÇΓöÇΓöÇΓöÇΓöÇΓöÇΓöÇΓöÇΓöÇΓöÇΓöÇΓöÇΓöÇΓöÇΓöÇΓöÇΓöÇΓöÇΓöÇΓöÇΓöÇΓöÇΓöÇΓöÇΓöÇΓöÇΓöÇΓöÇΓöÇΓöÇΓöÇΓöÇΓöÇΓöÇΓöÇΓöÇΓöÇΓöÇΓöÇΓöÇΓöÇΓöÇΓöÇΓöÇ
05-13 19:13:59.082 I/flutter (19015): Γöé 19:13:59.081 (+0:03:00.377203)
05-13 19:13:59.082 I/flutter (19015): Γö£ΓöäΓöäΓöäΓöäΓöäΓöäΓöäΓöäΓöäΓöäΓöäΓöäΓöäΓöäΓöäΓöäΓöäΓöäΓöäΓöäΓöäΓöäΓöäΓöäΓöäΓöäΓöäΓöäΓöäΓöäΓöäΓöäΓöäΓöäΓöäΓöäΓöäΓöäΓöäΓöäΓöäΓöäΓöäΓöäΓöäΓöäΓöäΓöäΓöäΓöäΓöäΓöäΓöäΓöäΓöäΓöäΓöäΓöäΓöäΓöäΓöäΓöäΓöäΓöäΓöäΓöäΓöäΓöäΓöäΓöäΓöäΓöäΓöäΓöäΓöäΓöäΓöäΓöäΓöä
05-13 19:13:59.082 I/flutter (19015): Γöé ≡ƒÉ¢ [SocketService] Listener registered: location_update
05-13 19:13:59.082 I/flutter (19015): ΓööΓöÇΓöÇΓöÇΓöÇΓöÇΓöÇΓöÇΓöÇΓöÇΓöÇΓöÇΓöÇΓöÇΓöÇΓöÇΓöÇΓöÇΓöÇΓöÇΓöÇΓöÇΓöÇΓöÇΓöÇΓöÇΓöÇΓöÇΓöÇΓöÇΓöÇΓöÇΓöÇΓöÇΓöÇΓöÇΓöÇΓöÇΓöÇΓöÇΓöÇΓöÇΓöÇΓöÇΓöÇΓöÇΓöÇΓöÇΓöÇΓöÇΓöÇΓöÇΓöÇΓöÇΓöÇΓöÇΓöÇΓöÇΓöÇΓöÇΓöÇΓöÇΓöÇΓöÇΓöÇΓöÇΓöÇΓöÇΓöÇΓöÇΓöÇΓöÇΓöÇΓöÇΓöÇΓöÇΓöÇΓöÇΓöÇΓöÇ
05-13 19:13:59.083 I/flutter (19015): ΓöîΓöÇΓöÇΓöÇΓöÇΓöÇΓöÇΓöÇΓöÇΓöÇΓöÇΓöÇΓöÇΓöÇΓöÇΓöÇΓöÇΓöÇΓöÇΓöÇΓöÇΓöÇΓöÇΓöÇΓöÇΓöÇΓöÇΓöÇΓöÇΓöÇΓöÇΓöÇΓöÇΓöÇΓöÇΓöÇΓöÇΓöÇΓöÇΓöÇΓöÇΓöÇΓöÇΓöÇΓöÇΓöÇΓöÇΓöÇΓöÇΓöÇΓöÇΓöÇΓöÇΓöÇΓöÇΓöÇΓöÇΓöÇΓöÇΓöÇΓöÇΓöÇΓöÇΓöÇΓöÇΓöÇΓöÇΓöÇΓöÇΓöÇΓöÇΓöÇΓöÇΓöÇΓöÇΓöÇΓöÇΓöÇΓöÇΓöÇ
05-13 19:13:59.083 I/flutter (19015): Γöé 19:13:59.083 (+0:03:00.378542)
05-13 19:13:59.083 I/flutter (19015): Γö£ΓöäΓöäΓöäΓöäΓöäΓöäΓöäΓöäΓöäΓöäΓöäΓöäΓöäΓöäΓöäΓöäΓöäΓöäΓöäΓöäΓöäΓöäΓöäΓöäΓöäΓöäΓöäΓöäΓöäΓöäΓöäΓöäΓöäΓöäΓöäΓöäΓöäΓöäΓöäΓöäΓöäΓöäΓöäΓöäΓöäΓöäΓöäΓöäΓöäΓöäΓöäΓöäΓöäΓöäΓöäΓöäΓöäΓöäΓöäΓöäΓöäΓöäΓöäΓöäΓöäΓöäΓöäΓöäΓöäΓöäΓöäΓöäΓöäΓöäΓöäΓöäΓöäΓöäΓöä
05-13 19:13:59.083 I/flutter (19015): Γöé ≡ƒÉ¢ [SocketService] Listener registered: status_update
05-13 19:13:59.083 I/flutter (19015): ΓööΓöÇΓöÇΓöÇΓöÇΓöÇΓöÇΓöÇΓöÇΓöÇΓöÇΓöÇΓöÇΓöÇΓöÇΓöÇΓöÇΓöÇΓöÇΓöÇΓöÇΓöÇΓöÇΓöÇΓöÇΓöÇΓöÇΓöÇΓöÇΓöÇΓöÇΓöÇΓöÇΓöÇΓöÇΓöÇΓöÇΓöÇΓöÇΓöÇΓöÇΓöÇΓöÇΓöÇΓöÇΓöÇΓöÇΓöÇΓöÇΓöÇΓöÇΓöÇΓöÇΓöÇΓöÇΓöÇΓöÇΓöÇΓöÇΓöÇΓöÇΓöÇΓöÇΓöÇΓöÇΓöÇΓöÇΓöÇΓöÇΓöÇΓöÇΓöÇΓöÇΓöÇΓöÇΓöÇΓöÇΓöÇΓöÇΓöÇ
05-13 19:13:59.178 D/CoreBackPreview(  701): Window{6f311f7 u0 com.munawwaracare.andriod/com.munawwaracare.andriod.MainActivity}: Setting back callback OnBackInvokedCallbackInfo{mCallback=android.window.IOnBackInvokedCallback$Stub$Proxy@f49061f, mPriority=0, mIsAnimationCallback=true, mOverrideBehavior=0}
05-13 19:13:59.575 D/WifiNl80211Manager(  701): Scan result ready event
05-13 19:13:59.575 D/WifiNative(  701): Scan result ready event
05-13 19:13:59.577 I/WifiScanner( 5949): onFullResults
05-13 19:13:59.577 I/WifiScanner( 5949): onFullResults
05-13 19:13:59.577 I/WifiScanner( 5949): onFullResults
05-13 19:13:59.581 I/HalDevMgr(  701): bestIfaceCreationProposal is null, requestIface=STA, existingIface=[name=wlan0 type=STA]
05-13 19:13:59.584 I/FrewleTileCacheManagerV( 5949): (REDACTED) Fetched %d AP models from cache
05-13 19:13:59.591 I/ActivityScheduler( 5949): nextTriggerTime: 20150033, in 92061ms, detectorType: 39, FULL_TYPE alarmWindowMillis: 80000
05-13 19:14:00.826 D/SatelliteController( 1289): iisInCarrierRoamingNbIotNtn: satellite is disabled
05-13 19:14:01.210 W/AS.PlaybackActivityMon(  701): No piid assigned for invalid/internal port id 15
05-13 19:14:01.213 D/AudioFlinger(  562): mixer(0x7727e3b5d770) throttle end: throttle time(31)
05-13 19:14:02.122 W/AS.PlaybackActivityMon(  701): No piid assigned for invalid/internal port id 15
05-13 19:14:02.143 D/AudioFlinger(  562): mixer(0x7727e3b5d770) throttle end: throttle time(38)
05-13 19:14:02.843 W/OptProp (  701): Cannot read opt property android.window.PROPERTY_COMPAT_ALLOW_USER_ASPECT_RATIO_OVERRIDE
05-13 19:14:02.843 W/OptProp (  701): Cannot read opt property android.window.PROPERTY_COMPAT_ALLOW_USER_ASPECT_RATIO_FULLSCREEN_OVERRIDE
05-13 19:14:02.843 W/OptProp (  701): Cannot read opt property android.window.PROPERTY_COMPAT_ALLOW_MIN_ASPECT_RATIO_OVERRIDE
05-13 19:14:02.846 W/OptProp (  701): Cannot read opt property android.window.PROPERTY_COMPAT_ALLOW_ORIENTATION_OVERRIDE
05-13 19:14:02.847 W/OptProp (  701): Cannot read opt property android.window.PROPERTY_COMPAT_ALLOW_RESIZEABLE_ACTIVITY_OVERRIDES
05-13 19:14:02.850 I/BpBinder(  567): onLastStrongRef automatically unlinking death recipients: 
05-13 19:14:02.858 I/ActivityTaskManager(  701): START u0 {act=android.content.pm.action.REQUEST_PERMISSIONS xflg=0x4 pkg=com.google.android.permissioncontroller cmp=com.google.android.permissioncontroller/com.android.permissioncontroller.permission.ui.GrantPermissionsActivity (has extras)} with LAUNCH_MULTIPLE from uid 10218 (rr=17387895) (BAL_ALLOW_VISIBLE_WINDOW) result code=0
05-13 19:14:02.862 V/WindowManagerShell( 1114): Transition requested (#71): android.os.BinderProxy@52c6ef0 TransitionRequestInfo { type = OPEN, triggerTask = TaskInfo{userId=0 taskId=19 effectiveUid=10218 displayId=0 isRunning=true baseIntent=Intent { act=android.intent.action.MAIN cat=[android.intent.category.LAUNCHER] flg=0x30000000 cmp=com.munawwaracare.andriod/.MainActivity } baseActivity=ComponentInfo{com.munawwaracare.andriod/com.munawwaracare.andriod.MainActivity} topActivity=ComponentInfo{com.google.android.permissioncontroller/com.android.permissioncontroller.permission.ui.GrantPermissionsActivity} origActivity=null realActivity=ComponentInfo{com.munawwaracare.andriod/com.munawwaracare.andriod.MainActivity} numActivities=2 lastActiveTime=20061233 supportsMultiWindow=true resizeMode=1 isResizeable=true minWidth=-1 minHeight=-1 defaultMinSize=220 token=WCT{android.window.IWindowContainerToken$Stub$Proxy@b588c69} topActivityType=1 pictureInPictureParams=null shouldDockBigOverlays=false launchIntoPipHostTaskId=-1 lastParentTaskIdBeforePip=-1 displayCutoutSafeInsets=Rect(0, 0 - 0, 0) topActivityInfo=ActivityInfo{1b1f6ee com.android.permissioncontroller.permission.ui.GrantPermissionsActivity} launchCookies=[] positionInParent=Point(0, 0) parentTaskId=-1 isFocused=true isVisible=true isVisibleRequested=true isTopActivityNoDisplay=false isSleeping=false locusId=null displayAreaFeatureId=1 isTopActivityTransparent=true isActivityStackTransparent=false lastNonFullscreenBounds=Rect(215, 420 - 865, 1500) capturedLink=null capturedLinkTimestamp=0 requestedVisibleTypes=-9 topActivityRequestOpenInBrowserEducationTimestamp=0 appCompatTaskInfo=AppCompatTaskInfo { topActivityInSizeCompat=false eligibleForLetterboxEducation= false isLetterboxEducationEnabled= true isLetterboxDoubleTapEnabled= false eligibleForUserAspectRatioButton= false topActivityBoundsLetterboxed= false isFromLetterboxDoubleTap= false topActivityLetterboxVerticalPosition= -1 topActivityLetterboxHorizontalPosition= -1 topActivityLetterboxWidth=-1 topActivityLetterboxHeight=-1 topActivityAppBounds=Rect(0, 0 - 1080, 1920) isUserFullscreenOverrideEnabled=false isSystemFullscreenOverrideEnabled=false hasMinAspectRatioOverride=false topActivityLetterboxBounds=null cameraCompatTaskInfo=CameraCompatTaskInfo { freeformCameraCompatMode=inactive}} topActivityMainWindowFrame=null}, pipChange = null, remoteTransition = null, displayChange = null, flags = 0, debugId = 71 }
05-13 19:14:02.863 D/ShellSplitScreen( 1114): logExit: no-op, mLoggerSessionId is null
05-13 19:14:02.869 I/BpBinder(  567): onLastStrongRef automatically unlinking death recipients: 
05-13 19:14:02.908 D/BackgroundInstallControlService(  701): Package event received: 0
05-13 19:14:02.911 W/OptProp (  701): Cannot read opt property android.window.PROPERTY_COMPAT_ENABLE_FAKE_FOCUS
05-13 19:14:02.911 W/IPCThreadState(  701): Sending oneway calls to frozen process.
05-13 19:14:02.917 D/ActivityManager(  701): quick sync unfreeze 1115 for 1
05-13 19:14:02.923 D/ActivityManager(  701): sync unfroze 1115 com.google.android.permissioncontroller for 1
05-13 19:14:02.923 I/EGL_emulation( 1115): Opening libGLESv1_CM_emulation.so
05-13 19:14:02.924 I/EGL_emulation( 1115): Opening libGLESv2_emulation.so
05-13 19:14:02.958 D/BackgroundInstallControlService(  701): Package event received: 0
05-13 19:14:02.958 D/BackgroundInstallControlService(  701): Package event received: 0
05-13 19:14:02.959 D/BackgroundInstallControlService(  701): Package event received: 0
05-13 19:14:02.969 W/HWUI    ( 1115): Failed to choose config with EGL_SWAP_BEHAVIOR_PRESERVED, retrying without...
05-13 19:14:02.969 W/HWUI    ( 1115): Failed to initialize 101010-2 format, error = EGL_SUCCESS
05-13 19:14:03.062 D/CoreBackPreview(  701): Window{e7dcde9 u0 com.google.android.permissioncontroller/com.android.permissioncontroller.permission.ui.GrantPermissionsActivity}: Setting back callback OnBackInvokedCallbackInfo{mCallback=android.window.IOnBackInvokedCallback$Stub$Proxy@2c5b50f, mPriority=-1, mIsAnimationCallback=false, mOverrideBehavior=0}
05-13 19:14:03.085 V/WindowManagerShell( 1114): onTransitionReady(transaction=3010772079206)
05-13 19:14:03.088 V/WindowManagerShell( 1114): onTransitionReady (#71) android.os.BinderProxy@52c6ef0: {id=71 t=OPEN f=0x0 trk=0 r=[0@Point(0, 0)] c=[
05-13 19:14:03.088 V/WindowManagerShell( 1114):         {m=OPEN f=TRANSLUCENT|FILLS_TASK leash=Surface(name=ActivityRecord{172541016 u0 com.google.android.permissioncontroller/com.android.permissioncontroller.permission.ui.GrantPermissionsActivity)/@0xc16d78f sb=Rect(0, 0 - 0, 0) eb=Rect(0, 0 - 1080, 1920) epz=Point(1080, 1920) d=-1->0 r=-1->0:-1 bc=ffeeedf4 component=com.google.android.permissioncontroller/com.android.permissioncontroller.permission.ui.GrantPermissionsActivity opt={t=FROM_STYLE mUserId=0}}
05-13 19:14:03.088 V/WindowManagerShell( 1114):     ]}
05-13 19:14:03.089 V/WindowManagerShell( 1114): Playing animation for (#71) android.os.BinderProxy@52c6ef0@0
05-13 19:14:03.089 V/ShellRecents( 1114): RecentsTransitionHandler.startAnimation: no controller found
05-13 19:14:03.089 V/WindowManagerShell( 1114): Transition doesn't have explicit remote, search filters for match for {id=71 t=OPEN f=0x0 trk=0 r=[0@Point(0, 0)] c=[{m=OPEN f=TRANSLUCENT|FILLS_TASK leash=Surface(name=ActivityRecord{172541016 u0 com.google.android.permissioncontroller/com.android.permissioncontroller.permission.ui.GrantPermissionsActivity)/@0xc16d78f sb=Rect(0, 0 - 0, 0) eb=Rect(0, 0 - 1080, 1920) epz=Point(1080, 1920) d=-1->0 r=-1->0:-1 bc=ffeeedf4 component=com.google.android.permissioncontroller/com.android.permissioncontroller.permission.ui.GrantPermissionsActivity opt={t=FROM_STYLE mUserId=0}}]}
05-13 19:14:03.090 V/WindowManagerShell( 1114):  Checking filter Pair{{types=[] flags=0x0] notFlags=0x0 checks=[{atype=undefined independent=true modes=[CLOSE,TO_BACK] flags=IN_TASK_WITH_EMBEDDED_ACTIVITY mustBeTask=false order=ANY topActivity=null launchCookie=null taskFragmentToken=android.os.BinderProxy@44aaa68 windowingMode=undefined}]} RemoteTransition { remoteTransition = android.window.IRemoteTransition$Stub$Proxy@8266e81, appThread = android.app.IApplicationThread$Stub$Proxy@6ce8b26, debugName = overlayBackTransition }}
05-13 19:14:03.090 V/WindowManagerShell( 1114):  Checking filter Pair{{types=[] flags=0x0] notFlags=0x0 checks=[{atype=dream independent=true modes=[OPEN,TO_FRONT] flags=NONE mustBeTask=false order=ANY topActivity=null launchCookie=null windowingMode=undefined},{atype=home independent=true modes=[CLOSE,TO_BACK] flags=NONE mustBeTask=false order=ANY topActivity=null launchCookie=null windowingMode=undefined}]} RemoteTransition { remoteTransition = android.window.IRemoteTransition$Stub$Proxy@9bb0367, appThread = android.app.IApplicationThread$Stub$Proxy@8540514, debugName = LauncherToDream }}
05-13 19:14:03.090 V/WindowManagerShell( 1114):  Checking filter Pair{{types=[] flags=0x0] notFlags=0x100 checks=[{atype=home independent=true modes=[OPEN,TO_FRONT] flags=NONE mustBeTask=false order=TOP topActivity=ComponentInfo{com.google.android.apps.nexuslauncher/com.google.android.apps.nexuslauncher.NexusLauncherActivity} launchCookie=null windowingMode=undefined},{atype=standard independent=true modes=[CLOSE,TO_BACK] flags=NONE mustBeTask=false order=ANY topActivity=null launchCookie=null windowingMode=undefined},{NOT atype=undefined independent=true modes=[] flags=NONE mustBeTask=true order=ANY topActivity=null launchCookie=null customAnim=true windowingMode=undefined}]} RemoteTransition { remoteTransition = android.window.IRemoteTransition$Stub$Proxy@6ca71bd, appThread = android.app.IApplicationThread$Stub$Proxy@80833b2, debugName = QuickstepLaunchHome }}
05-13 19:14:03.090 V/WindowManagerShell( 1114):  Delegate animation for (#71) to null
05-13 19:14:03.090 V/WindowManagerShell( 1114): start default transition animation, info = {id=71 t=OPEN f=0x0 trk=0 r=[0@Point(0, 0)] c=[{m=OPEN f=TRANSLUCENT|FILLS_TASK leash=Surface(name=ActivityRecord{172541016 u0 com.google.android.permissioncontroller/com.android.permissioncontroller.permission.ui.GrantPermissionsActivity)/@0xc16d78f sb=Rect(0, 0 - 0, 0) eb=Rect(0, 0 - 1080, 1920) epz=Point(1080, 1920) d=-1->0 r=-1->0:-1 bc=ffeeedf4 component=com.google.android.permissioncontroller/com.android.permissioncontroller.permission.ui.GrantPermissionsActivity opt={t=FROM_STYLE mUserId=0}}]}
05-13 19:14:03.092 V/WindowManagerShell( 1114): loadAnimation: anim=null animAttr=0x4 type=OPEN isEntrance=true
05-13 19:14:03.094 V/WindowManagerShell( 1114): Transition animation finished (aborted=false), notifying core (#71) android.os.BinderProxy@52c6ef0@0
05-13 19:14:03.118 V/WindowManagerShell( 1114): Track 0 became idle
05-13 19:14:03.119 I/ActivityTaskManager(  701): Displayed com.google.android.permissioncontroller/com.android.permissioncontroller.permission.ui.GrantPermissionsActivity for user 0: +262ms
05-13 19:14:03.122 V/WindowManager(  701): Sent Transition (#71) createdAt=05-13 19:14:02.841 via request=TransitionRequestInfo { type = OPEN, triggerTask = TaskInfo{userId=0 taskId=19 effectiveUid=10218 displayId=0 isRunning=true baseIntent=Intent { act=android.intent.action.MAIN cat=[android.intent.category.LAUNCHER] flg=0x30000000 cmp=com.munawwaracare.andriod/.MainActivity } baseActivity=ComponentInfo{com.munawwaracare.andriod/com.munawwaracare.andriod.MainActivity} topActivity=ComponentInfo{com.google.android.permissioncontroller/com.android.permissioncontroller.permission.ui.GrantPermissionsActivity} origActivity=null realActivity=ComponentInfo{com.munawwaracare.andriod/com.munawwaracare.andriod.MainActivity} numActivities=2 lastActiveTime=20061233 supportsMultiWindow=true resizeMode=1 isResizeable=true minWidth=-1 minHeight=-1 defaultMinSize=220 token=WCT{RemoteToken{feacafb Task{4a37850 #19 type=standard A=10218:com.munawwaracare.andriod}}} topActivityType=1 pictureInPictureParams=null shouldDockBigOverlays=false launchIntoPipHostTaskId=-1 lastParentTaskIdBeforePip=-1 displayCutoutSafeInsets=Rect(0, 0 - 0, 0) topActivityInfo=ActivityInfo{aa6c034 com.android.permissioncontroller.permission.ui.GrantPermissionsActivity} launchCookies=[] positionInParent=Point(0, 0) parentTaskId=-1 isFocused=true isVisible=true isVisibleRequested=true isTopActivityNoDisplay=false isSleeping=false locusId=null displayAreaFeatureId=1 isTopActivityTransparent=true isActivityStackTransparent=false lastNonFullscreenBounds=Rect(215, 420 - 865, 1500) capturedLink=null capturedLinkTimestamp=0 requestedVisibleTypes=-9 topActivityRequestOpenInBrowserEducationTimestamp=0 appCompatTaskInfo=AppCompatTaskInfo { topActivityInSizeCompat=false eligibleForLetterboxEducation= false isLetterboxEducationEnabled= true isLetterboxDoubleTapEnabled= false eligibleForUserAspectRatioButton= false topActivityBoundsLetterboxed= false isFromLetterboxDoubleTap= false topActivityLetterboxVerticalPosition= -1 topActivityLetterboxHorizontalPosition= -1 topActivityLetterboxWidth=-1 topActivityLetterboxHeight=-1 topActivityAppBounds=Rect(0, 0 - 1080, 1920) isUserFullscreenOverrideEnabled=false isSystemFullscreenOverrideEnabled=false hasMinAspectRatioOverride=false topActivityLetterboxBounds=null cameraCompatTaskInfo=CameraCompatTaskInfo { freeformCameraCompatMode=inactive}} topActivityMainWindowFrame=null}, pipChange = null, remoteTransition = null, displayChange = null, flags = 0, debugId = 71 }
05-13 19:14:03.122 V/WindowManager(  701):     startWCT=WindowContainerTransaction { changes= {} hops= [] errorCallbackToken=null taskFragmentOrganizer=null }
05-13 19:14:03.123 V/WindowManager(  701):     info={id=71 t=OPEN f=0x0 trk=0 r=[0@Point(0, 0)] c=[
05-13 19:14:03.123 V/WindowManager(  701):         {m=OPEN f=TRANSLUCENT|FILLS_TASK leash=Surface(name=ActivityRecord{172541016 u0 com.google.android.permissioncontroller/com.android.permissioncontroller.permission.ui.GrantPermissionsActivity)/@0x521f388 sb=Rect(0, 0 - 0, 0) eb=Rect(0, 0 - 1080, 1920) epz=Point(1080, 1920) d=-1->0 r=-1->0:-1 bc=ffeeedf4 component=com.google.android.permissioncontroller/com.android.permissioncontroller.permission.ui.GrantPermissionsActivity opt={t=FROM_STYLE mUserId=0}}
05-13 19:14:03.123 V/WindowManager(  701):     ]}
05-13 19:14:03.123 V/WindowManager(  701): Finish Transition (#71): created at 05-13 19:14:02.841 collect-started=0.097ms request-sent=16.602ms started=25.86ms ready=79.604ms sent=244.175ms commit=21.817ms finished=274.669ms
05-13 19:14:03.127 V/WindowManagerShell( 1114): All active transition animations finished
05-13 19:14:03.128 V/WindowManagerShell( 1114):  animated by com.android.wm.shell.transition.DefaultTransitionHandler@9df4feb
05-13 19:14:03.128 V/WindowManagerShell( 1114): Track 0 became idle
05-13 19:14:03.128 V/WindowManagerShell( 1114): All active transition animations finished
05-13 19:14:03.181 I/GoogleInputMethodService( 6314): GoogleInputMethodService.onFinishInput():2043 
05-13 19:14:03.185 I/ImeTracker(  701): system_server:21d59b25: onRequestHide at ORIGIN_SERVER reason IME_REQUESTED_CHANGED_LISTENER fromUser false
05-13 19:14:03.187 I/ImeTracker(  701): system_server:21d59b25: onCancelled at PHASE_SERVER_SHOULD_HIDE
05-13 19:14:03.187 I/Module  ( 6314): DeviceLockedStatusModuleProvider$Module.updateDeviceLockedStatus():100 repeatCheckTimes = 0, locked = false
05-13 19:14:03.190 I/GoogleInputMethodService( 6314): GoogleInputMethodService.onStartInput():1293 onStartInput(EditorInfo{EditorInfo{packageName=com.google.android.permissioncontroller, inputType=0, inputTypeString=NULL, enableLearning=false, autoCorrection=false, autoComplete=false, imeOptions=0, privateImeOptions=null, actionName=UNSPECIFIED, actionLabel=null, initialSelStart=-1, initialSelEnd=-1, initialCapsMode=0, label=null, fieldId=0, fieldName=null, extras=null, hintText=null, hintLocales=[]}}, false)
05-13 19:14:03.205 I/Module  ( 6314): DeviceLockedStatusModuleProvider$Module.updateDeviceLockedStatus():100 repeatCheckTimes = 1, locked = false
05-13 19:14:03.207 W/PackageConfigPersister(  701): App-specific configuration not found for packageName: com.google.android.permissioncontroller and userId: 0
05-13 19:14:03.235 W/IPCThreadState(  701): Sending oneway calls to frozen process.
05-13 19:14:03.235 W/IPCThreadState(  701): Sending oneway calls to frozen process.
05-13 19:14:03.237 W/IPCThreadState(  701): Sending oneway calls to frozen process.
05-13 19:14:03.238 W/IPCThreadState(  701): Sending oneway calls to frozen process.
05-13 19:14:03.239 W/IPCThreadState(  701): Sending oneway calls to frozen process.
05-13 19:14:03.240 W/IPCThreadState(  701): Sending oneway calls to frozen process.
05-13 19:14:03.240 W/IPCThreadState(  701): Sending oneway calls to frozen process.
05-13 19:14:03.241 W/IPCThreadState(  701): Sending oneway calls to frozen process.
05-13 19:14:03.241 W/IPCThreadState(  701): Sending oneway calls to frozen process.
05-13 19:14:03.242 W/IPCThreadState(  701): Sending oneway calls to frozen process.
05-13 19:14:03.243 W/IPCThreadState(  701): Sending oneway calls to frozen process.
05-13 19:14:03.244 W/IPCThreadState(  701): Sending oneway calls to frozen process.
05-13 19:14:03.244 W/IPCThreadState(  701): Sending oneway calls to frozen process.
05-13 19:14:03.244 W/IPCThreadState(  701): Sending oneway calls to frozen process.
05-13 19:14:03.245 W/IPCThreadState(  701): Sending oneway calls to frozen process.
05-13 19:14:03.245 W/IPCThreadState(  701): Sending oneway calls to frozen process.
05-13 19:14:03.249 W/IPCThreadState(  701): Sending oneway calls to frozen process.
05-13 19:14:03.249 W/IPCThreadState(  701): Sending oneway calls to frozen process.
05-13 19:14:03.250 W/IPCThreadState(  701): Sending oneway calls to frozen process.
05-13 19:14:03.250 W/IPCThreadState(  701): Sending oneway calls to frozen process.
05-13 19:14:03.251 W/IPCThreadState(  701): Sending oneway calls to frozen process.
05-13 19:14:03.253 W/IPCThreadState(  701): Sending oneway calls to frozen process.
05-13 19:14:03.253 W/IPCThreadState(  701): Sending oneway calls to frozen process.
05-13 19:14:03.253 W/IPCThreadState(  701): Sending oneway calls to frozen process.
05-13 19:14:03.256 W/IPCThreadState(  701): Sending oneway calls to frozen process.
05-13 19:14:03.256 W/IPCThreadState(  701): Sending oneway calls to frozen process.
05-13 19:14:03.256 W/IPCThreadState(  701): Sending oneway calls to frozen process.
05-13 19:14:03.257 W/IPCThreadState(  701): Sending oneway calls to frozen process.
05-13 19:14:03.257 W/IPCThreadState(  701): Sending oneway calls to frozen process.
05-13 19:14:03.257 W/IPCThreadState(  701): Sending oneway calls to frozen process.
05-13 19:14:03.257 W/IPCThreadState(  701): Sending oneway calls to frozen process.
05-13 19:14:03.258 W/IPCThreadState(  701): Sending oneway calls to frozen process.
05-13 19:14:03.259 W/IPCThreadState(  701): Sending oneway calls to frozen process.
05-13 19:14:03.260 W/IPCThreadState(  701): Sending oneway calls to frozen process.
05-13 19:14:03.261 W/IPCThreadState(  701): Sending oneway calls to frozen process.
05-13 19:14:03.261 W/IPCThreadState(  701): Sending oneway calls to frozen process.
05-13 19:14:03.261 W/IPCThreadState(  701): Sending oneway calls to frozen process.
05-13 19:14:03.261 W/IPCThreadState(  701): Sending oneway calls to frozen process.
05-13 19:14:03.262 W/IPCThreadState(  701): Sending oneway calls to frozen process.
05-13 19:14:03.262 W/IPCThreadState(  701): Sending oneway calls to frozen process.
05-13 19:14:03.263 W/IPCThreadState(  701): Sending oneway calls to frozen process.
05-13 19:14:03.263 W/IPCThreadState(  701): Sending oneway calls to frozen process.
05-13 19:14:03.263 W/IPCThreadState(  701): Sending oneway calls to frozen process.
05-13 19:14:03.264 W/IPCThreadState(  701): Sending oneway calls to frozen process.
05-13 19:14:03.264 W/IPCThreadState(  701): Sending oneway calls to frozen process.
05-13 19:14:03.264 W/IPCThreadState(  701): Sending oneway calls to frozen process.
05-13 19:14:03.264 W/IPCThreadState(  701): Sending oneway calls to frozen process.
05-13 19:14:03.266 W/IPCThreadState(  701): Sending oneway calls to frozen process.
05-13 19:14:03.268 W/IPCThreadState(  701): Sending oneway calls to frozen process.
05-13 19:14:03.268 W/IPCThreadState(  701): Sending oneway calls to frozen process.
05-13 19:14:03.268 W/IPCThreadState(  701): Sending oneway calls to frozen process.
05-13 19:14:03.269 W/IPCThreadState(  701): Sending oneway calls to frozen process.
05-13 19:14:03.274 W/ProcessStats(  701): Tracking association SourceState{ee185ea system/1000 BFgs #15979} whose proc state 4 is better than process ProcessState{a88be22 com.google.android.tts/10152 pkg=com.google.android.tts} proc state 15 (0 skipped)
05-13 19:14:03.571 I/system_server(  701): Background concurrent mark compact GC freed 23MB AllocSpace bytes, 38(1092KB) LOS objects, 42% free, 31MB/55MB, paused 2.331ms,4.067ms total 468.704ms
05-13 19:14:03.580 I/BpBinder(  701): onLastStrongRef automatically unlinking death recipients: 
05-13 19:14:03.601 I/AiAiTextClassifier( 1695): onDestroyTextClassificationSession = TextClassificationSessionId {2c09ed8c-23a9-4e9f-8a1a-7553db01c4c9}
05-13 19:14:03.606 I/AiAiTextClassifier( 1695): onDestroyTextClassificationSession = TextClassificationSessionId {829002de-ea27-40b5-b30b-a5c8a8b03ed6}
05-13 19:14:03.992 W/Settings( 5949): Setting airplane_mode_on has moved from android.provider.Settings.System to android.provider.Settings.Global, returning read-only value.
